Command successfully executed.
root@s32g274ardb2:~# echo "-> Ingress QoS Policer (200Mbps) 설정 완료."
-> Ingress QoS Policer (200Mbps) 설정 완료.
root@s32g274ardb2:~# sleep 1
root@s32g274ardb2:~#
root@s32g274ardb2:~# echo "### [4단계] 리눅스 인터페이스 활성화 및 IP 설정 ###"
### [4단계] 리눅스 인터페이스 활성화 및 IP 설정 ###
root@s32g274ardb2:~# ip link set pfe0 up
root@s32g274ardb2:~# ip addr add 192.168.1.1/24 dev pfe0
root@s32g274ardb2:~# echo "-> 인터페이스 활성화 및 IP 설정 완료."
-> 인터페이스 활성화 및 IP 설정 완료.
root@s32g274ardb2:~#
root@s32g274ardb2:~# echo ""

root@s32g274ardb2:~# echo "##############################################################"
##############################################################
root@s32g274ardb2:~# echo "### 모든 설정이 완료되었습니다."
### 모든 설정이 완료되었습니다.
오."@s32g274ardb2:~# echo "### 이제 PC를 P2A 또는 P2B 포트에 연결하고 iperf3 테스트를 실행하십시�
### 이제 PC를 P2A 또는 P2B 포트에 연결하고 iperf3 테스트를 실행하십시오.
root@s32g274ardb2:~# echo "##############################################################"
##############################################################
root@s32g274ardb2:~# ping 192.168.1.10
PING 192.168.1.10 (192.168.1.10) 56(84) bytes of data.
From 192.168.1.1 icmp_seq=1 Destination Host Unreachable
From 192.168.1.1 icmp_seq=2 Destination Host Unreachable
From 192.168.1.1 icmp_seq=3 Destination Host Unreachable
From 192.168.1.1 icmp_seq=4 Destination Host Unreachable
From 192.168.1.1 icmp_seq=5 Destination Host Unreachable
From 192.168.1.1 icmp_seq=6 Destination Host Unreachable
From 192.168.1.1 icmp_seq=7 Destination Host Unreachable
From 192.168.1.1 icmp_seq=8 Destination Host Unreachable
From 192.168.1.1 icmp_seq=9 Destination Host Unreachable
From 192.168.1.1 icmp_seq=10 Destination Host Unreachable
From 192.168.1.1 icmp_seq=11 Destination Host Unreachable
From 192.168.1.1 icmp_seq=12 Destination Host Unreachable
From 192.168.1.1 icmp_seq=13 Destination Host Unreachable
From 192.168.1.1 icmp_seq=14 Destination Host Unreachable
From 192.168.1.1 icmp_seq=15 Destination Host Unreachable
From 192.168.1.1 icmp_seq=16 Destination Host Unreachable
From 192.168.1.1 icmp_seq=17 Destination Host Unreachable
From 192.168.1.1 icmp_seq=18 Destination Host Unreachable
^C
--- 192.168.1.10 ping statistics ---
20 packets transmitted, 0 received, +18 errors, 100% packet loss, time 19460ms
pipe 3
root@s32g274ardb2:~# ping 192.168.1.20
PING 192.168.1.20 (192.168.1.20) 56(84) bytes of data.
From 192.168.1.1 icmp_seq=1 Destination Host Unreachable
From 192.168.1.1 icmp_seq=2 Destination Host Unreachable
From 192.168.1.1 icmp_seq=3 Destination Host Unreachable
From 192.168.1.1 icmp_seq=4 Destination Host Unreachable
From 192.168.1.1 icmp_seq=5 Destination Host Unreachable
From 192.168.1.1 icmp_seq=6 Destination Host Unreachable
From 192.168.1.1 icmp_seq=7 Destination Host Unreachable
From 192.168.1.1 icmp_seq=8 Destination Host Unreachable
From 192.168.1.1 icmp_seq=9 Destination Host Unreachable
From 192.168.1.1 icmp_seq=10 Destination Host Unreachable
From 192.168.1.1 icmp_seq=11 Destination Host Unreachable
From 192.168.1.1 icmp_seq=12 Destination Host Unreachable
^C
--- 192.168.1.20 ping statistics ---
14 packets transmitted, 0 received, +12 errors, 100% packet loss, time 13296ms
pipe 3
root@s32g274ardb2:~# ^C
root@s32g274ardb2:~# iperf3 -c 192.168.1.1 -p 5201
iperf3: error - unable to connect to server - server may have stopped running or use a different port, firewall issue, etc.: Connection refused
root@s32g274ardb2:~# ./iperf3 -c 192.168.1.1 -u -b 500M -t 60
-sh: ./iperf3: No such file or directory
root@s32g274ardb2:~# # arp -s [IP주소] [MAC주소]
root@s32g274ardb2:~# arp -s 192.168.1.10 00:E0:4C:68:13:36
root@s32g274ardb2:~# ping 192.168.1.10
PING 192.168.1.10 (192.168.1.10) 56(84) bytes of data.
^C
--- 192.168.1.10 ping statistics ---
7 packets transmitted, 0 received, 100% packet loss, time 6136ms

root@s32g274ardb2:~# iperf3 -s
-----------------------------------------------------------
Server listening on 5201 (test #1)
-----------------------------------------------------------
^Ciperf3: interrupt - the server has terminated
root@s32g274ardb2:~# ^C
root@s32g274ardb2:~# #!/bin/bash
root@s32g274ardb2:~#
root@s32g274ardb2:~# echo "### [1단계] 모든 네트워크 설정을 깨끗하게 초기화합니다. ###"
### [1단계] 모든 네트워크 설정을 깨끗하게 초기화합니다. ###
root@s32g274ardb2:~# ip addr flush dev pfe0
root@s32g274ardb2:~# ip addr flush dev pfe1
root@s32g274ardb2:~# ip addr flush dev pfe2
root@s32g274ardb2:~# sleep 1
ace=emac0 --mode=VLAN_BRIDGE
libfci_cli phyif-update --interface=emac2 --mode=VLAN_BRIDGE

# 두 포트를 VLAN 1번이라는 하나의 '방'에 넣어줍니다.
libfci_cli bd-insif --vlan=1 -i emac0 --tag=OFF
libfci_cli bd-insif --vlan=1 -i emac2 --tag=OFF

# 이 방(VLAN 1)의 정책을 'FLOOD'로 설정하여, 들어온 패킷을 다른 모든 포트로 전달하게 합니다.
libfci_cli bd-update --vlan=1 --ucast-miss=FLOOD --mcast-miss=FLOOD
echo "-> pfe0, pfe2 하드웨어 브릿지 설정 완료."
sleep 1

echo "### [3단계] pfe2(emac2) Egress 포트에 하드웨어 대역폭 제한(CBS)을 설정합니다. ###"
# pfe2 포트의 0번 셰이퍼(shaper)를 스케줄러 0의 0번 입력(sch0_in0)에 연결
libfci_cli qos-shp-update -i emac2 --shp=0 --shp-pos=sch0_in0

# 해당 셰이퍼의 대역폭(idleslope)을 200,000,000 bps (200Mbps)로 설정
libfci_cli qos-shp-update -i emac2 --shp=0 --isl=200000000
echo "-> pfe2(emac2) Egress Port에 200Mbps CBS 설정 완료."
sleep 1

echo "### [4단계] 리눅스 인터페이스를 활성화합니다. ###"
# IP 설정 없이 물리적인 포트만 켭니다.
ip link set pfe0 up
ip link set pfe2 up
echo "-> 인터페이스 활성화 완료."

echo ""
echo "##############################################################"
echo "### 모든 설정이 완료되었습니다."
echo "### 이제 PC에서 iperf3 테스트를 실행하십시오."
echo "##############################################################"root@s32g274ardb2:~#
root@s32g274ardb2:~# echo "### [2단계] PFE 하드웨어를 'VLAN 브릿지 모드'로 설정합니다. ###"
### [2단계] PFE 하드웨어를 'VLAN 브릿지 모드'로 설정합니다. ###
root@s32g274ardb2:~# # pfe0(emac0)과 pfe2(emac2)를 브릿지 모드로 설정
root@s32g274ardb2:~# libfci_cli phyif-update --interface=emac0 --mode=VLAN_BRIDGE
DISCLAIMER: This is a DEMO application. It is not part of the production code deliverables.
Command successfully executed.
root@s32g274ardb2:~# libfci_cli phyif-update --interface=emac2 --mode=VLAN_BRIDGE
DISCLAIMER: This is a DEMO application. It is not part of the production code deliverables.
Command successfully executed.
root@s32g274ardb2:~#
root@s32g274ardb2:~# # 두 포트를 VLAN 1번이라는 하나의 '방'에 넣어줍니다.
root@s32g274ardb2:~# libfci_cli bd-insif --vlan=1 -i emac0 --tag=OFF
DISCLAIMER: This is a DEMO application. It is not part of the production code deliverables.
Command successfully executed.
root@s32g274ardb2:~# libfci_cli bd-insif --vlan=1 -i emac2 --tag=OFF
DISCLAIMER: This is a DEMO application. It is not part of the production code deliverables.
Command successfully executed.
root@s32g274ardb2:~#
로 전달하게 합니다.# # 이 방(VLAN 1)의 정책을 'FLOOD'로 설정하여, 들어온 패킷을 다른 모든 포트�
root@s32g274ardb2:~# libfci_cli bd-update --vlan=1 --ucast-miss=FLOOD --mcast-miss=FLOOD
DISCLAIMER: This is a DEMO application. It is not part of the production code deliverables.
Command successfully executed.
root@s32g274ardb2:~# echo "-> pfe0, pfe2 하드웨어 브릿지 설정 완료."
-> pfe0, pfe2 하드웨어 브릿지 설정 완료.
root@s32g274ardb2:~# sleep 1
root@s32g274ardb2:~#
니다. ###"74ardb2:~# echo "### [3단계] pfe2(emac2) Egress 포트에 하드웨어 대역폭 제한(CBS)을 설정합�
### [3단계] pfe2(emac2) Egress 포트에 하드웨어 대역폭 제한(CBS)을 설정합니다. ###
root@s32g274ardb2:~# # pfe2 포트의 0번 셰이퍼(shaper)를 스케줄러 0의 0번 입력(sch0_in0)에 연결
root@s32g274ardb2:~# libfci_cli qos-shp-update -i emac2 --shp=0 --shp-pos=sch0_in0
DISCLAIMER: This is a DEMO application. It is not part of the production code deliverables.
Command successfully executed.
root@s32g274ardb2:~#
root@s32g274ardb2:~# # 해당 셰이퍼의 대역폭(idleslope)을 200,000,000 bps (200Mbps)로 설정
root@s32g274ardb2:~# libfci_cli qos-shp-update -i emac2 --shp=0 --isl=200000000
DISCLAIMER: This is a DEMO application. It is not part of the production code deliverables.
Command successfully executed.
root@s32g274ardb2:~# echo "-> pfe2(emac2) Egress Port에 200Mbps CBS 설정 완료."
-> pfe2(emac2) Egress Port에 200Mbps CBS 설정 완료.
root@s32g274ardb2:~# sleep 1
root@s32g274ardb2:~#
root@s32g274ardb2:~# echo "### [4단계] 리눅스 인터페이스를 활성화합니다. ###"
### [4단계] 리눅스 인터페이스를 활성화합니다. ###
root@s32g274ardb2:~# # IP 설정 없이 물리적인 포트만 켭니다.
root@s32g274ardb2:~# ip link set pfe0 up
root@s32g274ardb2:~# ip link set pfe2 up
root@s32g274ardb2:~# echo "-> 인터페이스 활성화 완료."
-> 인터페이스 활성화 완료.
root@s32g274ardb2:~#
root@s32g274ardb2:~# echo ""

root@s32g274ardb2:~# echo "##############################################################"
##############################################################
root@s32g274ardb2:~# echo "### 모든 설정이 완료되었습니다."
### 모든 설정이 완료되었습니다.
root@s32g274ardb2:~# echo "### 이제 PC에서 iperf3 테스트를 실행하십시오."
### 이제 PC에서 iperf3 테스트를 실행하십시오.
root@s32g274ardb2:~# echo "##############################################################"
##############################################################
root@s32g274ardb2:~#
root@s32g274ardb2:~#
root@s32g274ardb2:~# brctl addbr br0
root@s32g274ardb2:~# brctl addif br0 p2
root@s32g274ardb2:~# brctl addif br0 p3
root@s32g274ardb2:~# ip link set pfe0 up
root@s32g274ardb2:~# ip link set p2 up
root@s32g274ardb2:~# ip link set p3 up
root@s32g274ardb2:~# ip link set br0 up
root@s32g274ardb2:~#
root@s32g274ardb2:~#
root@s32g274ardb2:~#
root@s32g274ardb2:~#
root@s32g274ardb2:~# # 1. p3 포트의 기존 qdisc를 초기화합니다.
root@s32g274ardb2:~# tc qdisc del dev p3 root 2>/dev/null || true
root@s32g274ardb2:~#
root@s32g274ardb2:~# # 2. 'cbs' qdisc를 하드웨어 오프로딩 모드로 p3 포트에 직접 설정합니다.
root@s32g274ardb2:~# #    - idleslope: 보장할 대역폭 (200Mbps)
root@s32g274ardb2:~# #    - sendslope: 전체 링크 속도(1Gbps)에서 보장 대역폭을 뺀 값 (-800Mbps)
root@s32g274ardb2:~# #    - hicredit: 하이 크레딧
root@s32g274ardb2:~# #    - locredit: 로우 크레딧
root@s32g274ardb2:~# #    - offload: 하드웨어에서 처리하라는 플래그
root@s32g274ardb2:~# tc qdisc replace dev p3 cbs idleslope 200000000 sendslope -800000000 hicredit 1514 locredit -1514 offload
Command line is not complete. Try option "help"
root@s32g274ardb2:~# ^C
root@s32g274ardb2:~# #!/bin/bash
root@s32g274ardb2:~#
root@s32g274ardb2:~# echo "### [1단계] 모든 네트워크 설정을 깨끗하게 초기화합니다. ###"
### [1단계] 모든 네트워크 설정을 깨끗하게 초기화합니다. ###
root@s32g274ardb2:~# ip addr flush dev pfe0
root@s32g274ardb2:~# ip addr flush dev pfe1
root@s32g274ardb2:~# ip addr flush dev pfe2
root@s32g274ardb2:~# sleep 1
N 브릿지 모드'로 설정합니다. ###"
# pfe0(emac0)과 pfe2(emac2)를 브릿지 모드로 설정
libfci_cli phyif-update --interface=emac0 --mode=VLAN_BRIDGE
libfci_cli phyif-update --interface=emac2 --mode=VLAN_BRIDGE

# 두 포트를 VLAN 1번이라는 하나의 '방'에 넣어줍니다.
libfci_cli bd-insif --vlan=1 -i emac0 --tag=OFF
libfci_cli bd-insif --vlan=1 -i emac2 --tag=OFF

# 이 방(VLAN 1)의 정책을 'FLOOD'로 설정하여, 들어온 패킷을 다른 모든 포트로 전달하게 합니다.
libfci_cli bd-update --vlan=1 --ucast-miss=FLOOD --mcast-miss=FLOOD
echo "-> pfe0, pfe2 하드웨어 브릿지 설정 완료."
sleep 1

echo "### [3단계] 리눅스 인터페이스를 활성화합니다. ###"
# IP 설정 없이 물리적인 포트만 켭니다.
ip link set pfe0 up
ip link set pfe2 up
echo "-> 인터페이스 활성화 완료."

echo ""
echo "##############################################################"
echo "### 모든 설정이 완료되었습니다."
echo "### PC 양쪽에 IP를 설정하고 iperf3 테스트를 실행하십시오."
echo "##############################################################"root@s32g274ardb2:~#
root@s32g274ardb2:~# echo "### [2단계] PFE 하드웨어를 'VLAN 브릿지 모드'로 설정합니다. ###"
### [2단계] PFE 하드웨어를 'VLAN 브릿지 모드'로 설정합니다. ###
root@s32g274ardb2:~# # pfe0(emac0)과 pfe2(emac2)를 브릿지 모드로 설정
root@s32g274ardb2:~# libfci_cli phyif-update --interface=emac0 --mode=VLAN_BRIDGE
DISCLAIMER: This is a DEMO application. It is not part of the production code deliverables.
Command successfully executed.
root@s32g274ardb2:~# libfci_cli phyif-update --interface=emac2 --mode=VLAN_BRIDGE
DISCLAIMER: This is a DEMO application. It is not part of the production code deliverables.
Command successfully executed.
root@s32g274ardb2:~#
root@s32g274ardb2:~# # 두 포트를 VLAN 1번이라는 하나의 '방'에 넣어줍니다.
root@s32g274ardb2:~# libfci_cli bd-insif --vlan=1 -i emac0 --tag=OFF
DISCLAIMER: This is a DEMO application. It is not part of the production code deliverables.
Command successfully executed.
root@s32g274ardb2:~# libfci_cli bd-insif --vlan=1 -i emac2 --tag=OFF
DISCLAIMER: This is a DEMO application. It is not part of the production code deliverables.
Command successfully executed.
root@s32g274ardb2:~#
로 전달하게 합니다.# # 이 방(VLAN 1)의 정책을 'FLOOD'로 설정하여, 들어온 패킷을 다른 모든 포트�
root@s32g274ardb2:~# libfci_cli bd-update --vlan=1 --ucast-miss=FLOOD --mcast-miss=FLOOD
DISCLAIMER: This is a DEMO application. It is not part of the production code deliverables.
Command successfully executed.
root@s32g274ardb2:~# echo "-> pfe0, pfe2 하드웨어 브릿지 설정 완료."
-> pfe0, pfe2 하드웨어 브릿지 설정 완료.
root@s32g274ardb2:~# sleep 1
root@s32g274ardb2:~#
root@s32g274ardb2:~# echo "### [3단계] 리눅스 인터페이스를 활성화합니다. ###"
### [3단계] 리눅스 인터페이스를 활성화합니다. ###
root@s32g274ardb2:~# # IP 설정 없이 물리적인 포트만 켭니다.
root@s32g274ardb2:~# ip link set pfe0 up
root@s32g274ardb2:~# ip link set pfe2 up
root@s32g274ardb2:~# echo "-> 인터페이스 활성화 완료."
-> 인터페이스 활성화 완료.
root@s32g274ardb2:~#
root@s32g274ardb2:~# echo ""

root@s32g274ardb2:~# echo "##############################################################"
##############################################################
root@s32g274ardb2:~# echo "### 모든 설정이 완료되었습니다."
### 모든 설정이 완료되었습니다.
root@s32g274ardb2:~# echo "### PC 양쪽에 IP를 설정하고 iperf3 테스트를 실행하십시오."
### PC 양쪽에 IP를 설정하고 iperf3 테스트를 실행하십시오.
root@s32g274ardb2:~# echo "##############################################################"
##############################################################
root@s32g274ardb2:~# #!/bin/bash
root@s32g274ardb2:~#
root@s32g274ardb2:~# echo "### [1단계] 모든 �
root@s32g274ardb2:~# echo "### [1단계] 모든 � 설정을 깨끗하게 초기화합니다. ###"
### [1단계] 모든 � 설정을 깨끗하게 초기화합니다. ###
root@s32g274ardb2:~# ip addr flush dev pfe0
root@s32g274ardb2:~# ip addr flush dev pfe1
root@s32g274ardb2:~# ip addr flush dev pfe2
root@s32g274ardb2:~# sleep 1
libfci_cli bd-insif --vlan=1 -i emac0 --tag=OFF
libfci_cli bd-insif --vlan=1 -i emac2 --tag=OFF

# 이 방(VLAN 1)의 정책을 'FLOOD'로 설정하여, 들어온 패킷을 다른 모든 포트로 전달하게 합니다.
libfci_cli bd-update --vlan=1 --ucast-miss=FLOOD --mcast-miss=FLOOD
echo "-> pfe0, pfe2 하드웨어 브릿지 설정 완료."
sleep 1

echo "### [3단계] 리눅스 인터페이스를 활성화합니다. ###"
# IP 설정 없이 물리적인 포트만 켭니다.
ip link set pfe0 up
ip link set pfe2 up
echo "-> 인터페이스 활성화 완료."

echo ""
echo "##############################################################"
echo "### 모든 설정이 완료되었습니다."
echo "### PC 양쪽에 IP를 설정하고 iperf3 테스트를 실행하십시오."
echo "##############################################################"
root@s32g274ardb2:~#
root@s32g274ardb2:~# echo "### [2단계] PFE 하드웨어를 'VLAN 브릿지 모드'로 설정합니다. ###"
### [2단계] PFE 하드웨어를 'VLAN 브릿지 모드'로 설정합니다. ###
root@s32g274ardb2:~# # pfe0(emac0)과 pfe2(emac2)를 브릿지 모드로 설정
root@s32g274ardb2:~# libfci_cli phyif-update --interface=emac0 --mode=VLAN_BRIDGE
DISCLAIMER: This is a DEMO application. It is not part of the production code deliverables.
Command successfully executed.
root@s32g274ardb2:~# libfci_cli phyif-update --interface=emac2 --mode=VLAN_BRIDGE
DISCLAIMER: This is a DEMO application. It is not part of the production code deliverables.
Command successfully executed.
root@s32g274ardb2:~#
root@s32g274ardb2:~# # 두 포트를 VLAN 1번이라는 하나의 '방'에 넣어줍니다.
root@s32g274ardb2:~# libfci_cli bd-insif --vlan=1 -i emac0 --tag=OFF
DISCLAIMER: This is a DEMO application. It is not part of the production code deliverables.
Command successfully executed.
root@s32g274ardb2:~# libfci_cli bd-insif --vlan=1 -i emac2 --tag=OFF
DISCLAIMER: This is a DEMO application. It is not part of the production code deliverables.
Command successfully executed.
root@s32g274ardb2:~#
로 전달하게 합니다.# # 이 방(VLAN 1)의 정책을 'FLOOD'로 설정하여, 들어온 패킷을 다른 모든 포트�
root@s32g274ardb2:~# libfci_cli bd-update --vlan=1 --ucast-miss=FLOOD --mcast-miss=FLOOD
DISCLAIMER: This is a DEMO application. It is not part of the production code deliverables.
Command successfully executed.
root@s32g274ardb2:~# echo "-> pfe0, pfe2 하드웨어 브릿지 설정 완료."
-> pfe0, pfe2 하드웨어 브릿지 설정 완료.
root@s32g274ardb2:~# sleep 1



root@s32g274ardb2:~#
root@s32g274ardb2:~# echo "### [3단계] 리눅스 인터페이스를 활성화합니다. ###"
### [3단계] 리눅스 인터페이스를 활성화합니다. ###
root@s32g274ardb2:~# # IP 설정 없이 물리적인 포트만 켭니다.
root@s32g274ardb2:~# ip link set pfe0 up
root@s32g274ardb2:~# ip link set pfe2 up
root@s32g274ardb2:~# echo "-> 인터페이스 활성화 완료."
-> 인터페이스 활성화 완료.
root@s32g274ardb2:~#
root@s32g274ardb2:~# echo ""

root@s32g274ardb2:~# echo "##############################################################"
##############################################################
root@s32g274ardb2:~# echo "### 모든 설정이 완료되었습니다."
### 모든 설정이 완료되었습니다.
root@s32g274ardb2:~# echo "### PC 양쪽에 IP를 설정하고 iperf3 테스트를 실행하십시오."
### PC 양쪽에 IP를 설정하고 iperf3 테스트를 실행하십시오.
root@s32g274ardb2:~# echo "##############################################################"
##############################################################
root@s32g274ardb2:~#
root@s32g274ardb2:~#
root@s32g274ardb2:~#
root@s32g274ardb2:~#
root@s32g274ardb2:~#
root@s32g274ardb2:~#
root@s32g274ardb2:~#
root@s32g274ardb2:~# 192.168.1.20
-sh: 192.168.1.20: command not found
root@s32g274ardb2:~# ping 192.168.1.20
ping: connect: Network is unreachable
root@s32g274ardb2:~# ^C
root@s32g274ardb2:~# iperf3 -s
-----------------------------------------------------------
Server listening on 5201 (test #1)
-----------------------------------------------------------
^Ciperf3: interrupt - the server has terminated
root@s32g274ardb2:~# #!/bin/bash
root@s32g274ardb2:~#
root@s32g274ardb2:~# echo "### [1단계] 모든 네트워크 설정을 깨끗하게 초기화합니다. ###"
### [1단계] 모든 네트워크 설정을 깨끗하게 초기화합니다. ###
root@s32g274ardb2:~# ip addr flush dev pfe0
root@s32g274ardb2:~# ip addr flush dev pfe1
root@s32g274ardb2:~# ip addr flush dev pfe2
root@s32g274ardb2:~# sleep 1
libfci_cli phyif-update --interface=emac2 --mode=ROUTER
echo "-> 라우터 모드 설정 완료."
sleep 1

echo "### [3단계] 하드웨어 라우팅 경로를 생성합니다 (pfe0 -> pfe2). ###"
# Route ID 2번: pfe2(emac2)로 나가는 경로, 목적지 MAC은 PC 2번 랜카드(00-E0-4C-68-1A-04)
libfci_cli route-add --rt=2 -4 --dmac=00:E0:4C:68:1A:04 -i emac2
# Conntrack(연결 추적) 추가: 192.168.1.10에서 192.168.2.10으로 가는 트래픽은 Route ID 2번을 따르도록 설정
libfci_cli cntk-add -p 0 -s 192.168.1.10 -d 192.168.2.10 --sport=0 --dport=0 --rt=2
echo "-> 하드웨어 라우팅 경로 설정 완료."
sleep 1

echo "### [4단계] pfe2(emac2) Egress 포트에 하드웨어 대역폭 제한(CBS)을 설정합니다. ###"
# pfe2 포트의 0번 셰이퍼(shaper)를 스케줄러 0의 0번 입력(sch0_in0)에 연결
libfci_cli qos-shp-update -i emac2 --shp=0 --shp-pos=sch0_in0
# 해당 셰이퍼의 대역폭(idleslope)을 200,000,000 bps (200Mbps)로 설정
libfci_cli qos-shp-update -i emac2 --shp=0 --isl=200000000
echo "-> pfe2(emac2) Egress Port에 200Mbps CBS 설정 완료."
sleep 1

echo "### [5단계] 리눅스 인터페이스를 활성화하고 IP를 할당합니다. ###"
# 각 포트에 게이트웨이 역할을 할 IP를 할당
ip link set pfe0 up
ip addr add 192.168.1.1/24 dev pfe0
ip link set pfe2 up
ip addr add 192.168.2.1/24 dev pfe2
echo "-> 인터페이스 활성화 및 IP 설정 완료."

echo ""
echo "##############################################################"
echo "### 모든 설정이 완료되었습니다."
echo "### 이제 PC의 IP를 설정하고 iperf3 테스트를 실행하십시오."
echo "##############################################################"root@s32g274ardb2:~#
root@s32g274ardb2:~# echo "### [2단계] PFE 하드웨어를 '라우터 모드'로 설정합니다. ###"
### [2단계] PFE 하드웨어를 '라우터 모드'로 설정합니다. ###
root@s32g274ardb2:~# # pfe0(emac0)과 pfe2(emac2)를 라우터 모드로 설정
root@s32g274ardb2:~# libfci_cli phyif-update --interface=emac0 --mode=ROUTER
DISCLAIMER: This is a DEMO application. It is not part of the production code deliverables.
Command successfully executed.
root@s32g274ardb2:~# libfci_cli phyif-update --interface=emac2 --mode=ROUTER
DISCLAIMER: This is a DEMO application. It is not part of the production code deliverables.
Command successfully executed.
root@s32g274ardb2:~# echo "-> 라우터 모드 설정 완료."
-> 라우터 모드 설정 완료.
root@s32g274ardb2:~# sleep 1
root@s32g274ardb2:~#
root@s32g274ardb2:~# echo "### [3단계] 하드웨어 라우팅 경로를 생성합니다 (pfe0 -> pfe2). ###"
### [3단계] 하드웨어 라우팅 경로를 생성합니다 (pfe0 -> pfe2). ###
-1A-04)2g274ardb2:~# # Route ID 2번: pfe2(emac2)로 나가는 경로, 목적지 MAC은 PC 2번 랜카드(00-E0-4C-68-
root@s32g274ardb2:~# libfci_cli route-add --rt=2 -4 --dmac=00:E0:4C:68:1A:04 -i emac2
DISCLAIMER: This is a DEMO application. It is not part of the production code deliverables.
Command successfully executed.
te ID 2번을 따르도록 설정nntrack(연결 추적) 추가: 192.168.1.10에서 192.168.2.10으로 가는 트래픽은 Rout
root@s32g274ardb2:~# libfci_cli cntk-add -p 0 -s 192.168.1.10 -d 192.168.2.10 --sport=0 --dport=0 --rt=2
DISCLAIMER: This is a DEMO application. It is not part of the production code deliverables.
Command successfully executed.
root@s32g274ardb2:~# echo "-> 하드웨어 라우팅 경로 설정 완료."
-> 하드웨어 라우팅 경로 설정 완료.
root@s32g274ardb2:~# sleep 1
root@s32g274ardb2:~#
니다. ###"74ardb2:~# echo "### [4단계] pfe2(emac2) Egress 포트에 하드웨어 대역폭 제한(CBS)을 설정합�
### [4단계] pfe2(emac2) Egress 포트에 하드웨어 대역폭 제한(CBS)을 설정합니다. ###
root@s32g274ardb2:~# # pfe2 포트의 0번 셰이퍼(shaper)를 스케줄러 0의 0번 입력(sch0_in0)에 연결
root@s32g274ardb2:~# libfci_cli qos-shp-update -i emac2 --shp=0 --shp-pos=sch0_in0
DISCLAIMER: This is a DEMO application. It is not part of the production code deliverables.
Command successfully executed.
root@s32g274ardb2:~# # 해당 셰이퍼의 대역폭(idleslope)을 200,000,000 bps (200Mbps)로 설정
root@s32g274ardb2:~# libfci_cli qos-shp-update -i emac2 --shp=0 --isl=200000000
DISCLAIMER: This is a DEMO application. It is not part of the production code deliverables.
Command successfully executed.
root@s32g274ardb2:~# echo "-> pfe2(emac2) Egress Port에 200Mbps CBS 설정 완료."
-> pfe2(emac2) Egress Port에 200Mbps CBS 설정 완료.
root@s32g274ardb2:~# sleep 1
root@s32g274ardb2:~#
root@s32g274ardb2:~# echo "### [5단계] 리눅스 인터페이스를 활성화하고 IP를 할당합니다. ###"
### [5단계] 리눅스 인터페이스를 활성화하고 IP를 할당합니다. ###
root@s32g274ardb2:~# # 각 포트에 게이트웨이 역할을 할 IP를 할당
root@s32g274ardb2:~# ip link set pfe0 up
root@s32g274ardb2:~# ip addr add 192.168.1.1/24 dev pfe0
root@s32g274ardb2:~# ip link set pfe2 up
root@s32g274ardb2:~# ip addr add 192.168.2.1/24 dev pfe2
root@s32g274ardb2:~# echo "-> 인터페이스 활성화 및 IP 설정 완료."
-> 인터페이스 활성화 및 IP 설정 완료.
root@s32g274ardb2:~#
root@s32g274ardb2:~# echo ""

root@s32g274ardb2:~# echo "##############################################################"
##############################################################
root@s32g274ardb2:~# echo "### 모든 설정이 완료되었습니다."
### 모든 설정이 완료되었습니다.
root@s32g274ardb2:~# echo "### 이제 PC의 IP를 설정하고 iperf3 테스트를 실행하십시오."
### 이제 PC의 IP를 설정하고 iperf3 테스트를 실행하십시오.
root@s32g274ardb2:~# echo "##############################################################"
##############################################################
root@s32g274ardb2:~#
root@s32g274ardb2:~#
root@s32g274ardb2:~#
root@s32g274ardb2:~# #!/bin/bash
root@s32g274ardb2:~#
root@s32g274ardb2:~# echo "### [1단계] 모든 네트워크 설정을 깨끗하게 초기화합니다. ###"
### [1단계] 모든 네트워크 설정을 깨끗하게 초기화합니다. ###
root@s32g274ardb2:~# ip addr flush dev pfe0
root@s32g274ardb2:~# ip addr flush dev pfe1
root@s32g274ardb2:~# ip addr flush dev pfe2
root@s32g274ardb2:~# sleep 1
libfci_cli bd-insif --vlan=1 -i emac0 --tag=OFF
libfci_cli bd-insif --vlan=1 -i emac2 --tag=OFF

libfci_cli bd-update --vlan=1 --ucast-miss=FLOOD --mcast-miss=FLOOD
echo "-> pfe0, pfe2 하드웨어 브릿지 설정 완료."
sleep 1

echo "### [3단계] 리눅스 인터페이스를 활성화합니다. ###"
ip link set pfe0 up
ip link set pfe2 up
echo "-> 인터페이스 활성화 완료."

echo ""
echo "##############################################################"
echo "### 모든 설정이 완료되었습니다. 이제 PC에서 ARP를 발생시키세요 ###"
echo "##############################################################"root@s32g274ardb2:~#
root@s32g274ardb2:~# echo "### [2단계] PFE 하드웨어를 'VLAN 브릿지 모드'로 설정합니다. ###"
### [2단계] PFE 하드웨어를 'VLAN 브릿지 모드'로 설정합니다. ###
root@s32g274ardb2:~# libfci_cli phyif-update --interface=emac0 --mode=VLAN_BRIDGE
DISCLAIMER: This is a DEMO application. It is not part of the production code deliverables.
Command successfully executed.
root@s32g274ardb2:~# libfci_cli phyif-update --interface=emac2 --mode=VLAN_BRIDGE
DISCLAIMER: This is a DEMO application. It is not part of the production code deliverables.
Command successfully executed.
root@s32g274ardb2:~#
root@s32g274ardb2:~# libfci_cli bd-insif --vlan=1 -i emac0 --tag=OFF
DISCLAIMER: This is a DEMO application. It is not part of the production code deliverables.
Command successfully executed.
root@s32g274ardb2:~# libfci_cli bd-insif --vlan=1 -i emac2 --tag=OFF
DISCLAIMER: This is a DEMO application. It is not part of the production code deliverables.
Command successfully executed.
root@s32g274ardb2:~#
root@s32g274ardb2:~# libfci_cli bd-update --vlan=1 --ucast-miss=FLOOD --mcast-miss=FLOOD
DISCLAIMER: This is a DEMO application. It is not part of the production code deliverables.
Command successfully executed.
root@s32g274ardb2:~# echo "-> pfe0, pfe2 하드웨어 브릿지 설정 완료."
-> pfe0, pfe2 하드웨어 브릿지 설정 완료.
root@s32g274ardb2:~# sleep 1
root@s32g274ardb2:~#
root@s32g274ardb2:~# echo "### [3단계] 리눅스 인터페이스를 활성화합니다. ###"
### [3단계] 리눅스 인터페이스를 활성화합니다. ###
root@s32g274ardb2:~# ip link set pfe0 up
root@s32g274ardb2:~# ip link set pfe2 up
root@s32g274ardb2:~# echo "-> 인터페이스 활성화 완료."
-> 인터페이스 활성화 완료.
root@s32g274ardb2:~#
root@s32g274ardb2:~# echo ""

root@s32g274ardb2:~# echo "##############################################################"
root@s32g274ardb2:~# echo "### 모든 설정이 완료되었습니다. 이제 PC에서 ARP를 발생시키세요 ###"
### 모든 설정이 완료되었습니다. 이제 PC에서 ARP를 발생시키세요 ###에서 ARP를 발생시키세요 ###"
root@s32g274ardb2:~# echo "##############################################################"
##############################################################
root@s32g274ardb2:~#
root@s32g274ardb2:~# #!/bin/bash
root@s32g274ardb2:~#
root@s32g274ardb2:~# echo "### [1단계] 모든 네트워크 설정을 깨끗하게 초기화합니다. ###"
### [1단계] 모든 네트워크 설정을 깨끗하게 초기화합니다. ###
root@s32g274ardb2:~# ip addr flush dev pfe0
root@s32g274ardb2:~# ip addr flush dev pfe1
root@s32g274ardb2:~# ip addr flush dev pfe2
root@s32g274ardb2:~# sleep 1
ac2 --mode=VLAN_BRIDGE

# 두 포트를 VLAN 1번이라는 하나의 '방'에 넣어줍니다.
libfci_cli bd-insif --vlan=1 -i emac0 --tag=OFF
libfci_cli bd-insif --vlan=1 -i emac2 --tag=OFF

# 이 방(VLAN 1)의 정책을 'FLOOD'로 설정하여, 들어온 패킷을 다른 모든 포트로 전달하게 합니다.
libfci_cli bd-update --vlan=1 --ucast-miss=FLOOD --mcast-miss=FLOOD
echo "-> pfe0, pfe2 하드웨어 브릿지 설정 완료."
sleep 1

echo "### [3단계] 리눅스 인터페이스를 활성화합니다. ###"
ip link set pfe0 up
ip link set pfe2 up
echo "-> 인터페이스 활성화 완료."

echo ""
echo "##############################################################"
echo "### 모든 설정이 완료되었습니다. 이제 PC 2대로 테스트 하십시오. ###"
echo "##############################################################"root@s32g274ardb2:~#
root@s32g274ardb2:~# echo "### [2단계] PFE 하드웨어를 'VLAN 브릿지 모드'로 설정합니다. ###"
### [2단계] PFE 하드웨어를 'VLAN 브릿지 모드'로 설정합니다. ###
root@s32g274ardb2:~# # pfe0(emac0)과 pfe2(emac2)를 브릿지 모드로 설정
root@s32g274ardb2:~# libfci_cli phyif-update --interface=emac0 --mode=VLAN_BRIDGE
DISCLAIMER: This is a DEMO application. It is not part of the production code deliverables.
Command successfully executed.
root@s32g274ardb2:~# libfci_cli phyif-update --interface=emac2 --mode=VLAN_BRIDGE
DISCLAIMER: This is a DEMO application. It is not part of the production code deliverables.
Command successfully executed.
root@s32g274ardb2:~#
root@s32g274ardb2:~# # 두 포트를 VLAN 1번이라는 하나의 '방'에 넣어줍니다.
root@s32g274ardb2:~# libfci_cli bd-insif --vlan=1 -i emac0 --tag=OFF
DISCLAIMER: This is a DEMO application. It is not part of the production code deliverables.
Command successfully executed.
root@s32g274ardb2:~# libfci_cli bd-insif --vlan=1 -i emac2 --tag=OFF
DISCLAIMER: This is a DEMO application. It is not part of the production code deliverables.
Command successfully executed.
root@s32g274ardb2:~#
로 전달하게 합니다.# # 이 방(VLAN 1)의 정책을 'FLOOD'로 설정하여, 들어온 패킷을 다른 모든 포트�
root@s32g274ardb2:~# libfci_cli bd-update --vlan=1 --ucast-miss=FLOOD --mcast-miss=FLOOD
DISCLAIMER: This is a DEMO application. It is not part of the production code deliverables.
Command successfully executed.
root@s32g274ardb2:~# echo "-> pfe0, pfe2 하드웨어 브릿지 설정 완료."
-> pfe0, pfe2 하드웨어 브릿지 설정 완료.
root@s32g274ardb2:~# sleep 1
root@s32g274ardb2:~#
root@s32g274ardb2:~# echo "### [3단계] 리눅스 인터페이스를 활성화합니다. ###"
### [3단계] 리눅스 인터페이스를 활성화합니다. ###
root@s32g274ardb2:~# ip link set pfe0 up
root@s32g274ardb2:~# ip link set pfe2 up
root@s32g274ardb2:~# echo "-> 인터페이스 활성화 완료."
-> 인터페이스 활성화 완료.
root@s32g274ardb2:~#
root@s32g274ardb2:~# echo ""

root@s32g274ardb2:~# echo "##############################################################"
root@s32g274ardb2:~# echo "### 모든 설정이 완료되었습니다. 이제 PC 2대로 테스트 하십시오. ###"
### 모든 설정이 완료되었습니다. 이제 PC 2대로 테스트 하십시오. ### 2대로 테스트 하십시오. ###"
root@s32g274ardb2:~# echo "##############################################################"
##############################################################
root@s32g274ardb2:~#
root@s32g274ardb2:~#
root@s32g274ardb2:~#
root@s32g274ardb2:~# ip link set pfe0 up
root@s32g274ardb2:~# ip link set p2 up
root@s32g274ardb2:~# ip link set p3 up
root@s32g274ardb2:~#
root@s32g274ardb2:~#
root@s32g274ardb2:~# #!/bin/bash
root@s32g274ardb2:~#
root@s32g274ardb2:~# echo "### [1단계] DSA 인터페이스를 활성화합니다 (p2, p3, pfe2). ###"
### [1단계] DSA 인터페이스를 활성화합니다 (p2, p3, pfe2). ###
root@s32g274ardb2:~# ip link set pfe0 up
root@s32g274ardb2:~# ip link set p2 up
root@s32g274ardb2:~# ip link set p3 up
ip link set pfe2 up
sleep 1

echo "### [2단계] 기존 미러링 규칙을 삭제합니다 (오류 무시). ###"
# 이전에 적용된 미러링 설정을 모두 초기화
libfci_cli phyif-update --interface=emac0 --rxmirr0=disable 2>/dev/null || true
# 미러링 규칙 삭제
root@s32g274ardb2:~# ip link set pfe2 up
root@s32g274ardb2:~# sleep 1
libfci_cli mirror-del --mirr=cb_mirror_rule 2>/dev/null || true
echo "-> 초기화 완료."
sleep 1

echo "### [3단계] 하드웨어 프레임 복제(미러링) 규칙을 설정합니다. ###"
# 'cb_mirror_rule' 이라는 이름의 미러링 규칙을 생성합니다.
# 복제된 패킷이 나갈 목적지(Sniffer)는 pfe2(emac2) 입니다.
libfci_cli mirror-add --mirr=cb_mirror_rule --interface=emac2
echo "-> 복제된 패킷의 목적지: emac2 (pfe2)"

# p2(emac0의 일부로 간주)로 들어오는 모든 트래픽에 cb_mirror_rule을 적용합니다.
# libfci_cli는 p2를 직접 지정할 수 없으므로, 상위 인터페이스인 emac0에 규칙을 적용합니다.
libfci_cli phyif-update --interface=emac0 --rxmirr0=cb_mirror_rule
echo "-> 복제할 트래픽의 출발지: emac0 (p2 포트 수신 트래픽)"

echo ""
echo "##############################################################"
echo "### 모든 설정이 완료되었습니다."
echo "### 이제 Sniffer PC에서 Wireshark를 실행하고, Talker PC에서 ping을 보내세요."
echo "##############################################################"root@s32g274ardb2:~#
root@s32g274ardb2:~# echo "### [2단계] 기존 미러링 규칙을 삭제합니다 (오류 무시). ###"
### [2단계] 기존 미러링 규칙을 삭제합니다 (오류 무시). ###
root@s32g274ardb2:~# # 이전에 적용된 미러링 설정을 모두 초기화
root@s32g274ardb2:~# libfci_cli phyif-update --interface=emac0 --rxmirr0=disable 2>/dev/null || true
DISCLAIMER: This is a DEMO application. It is not part of the production code deliverables.
ERROR (61746): demo_phy_if_update() failed!
ERROR (61746): FPP_ERR_MIRROR_NOT_FOUND
Requested mirroring rule not found.
Is the rule name correct?
root@s32g274ardb2:~# # 미러링 규칙 삭제
root@s32g274ardb2:~# libfci_cli mirror-del --mirr=cb_mirror_rule 2>/dev/null || true
DISCLAIMER: This is a DEMO application. It is not part of the production code deliverables.
ERROR (61747): demo_mirror_del() failed!
ERROR (61747): FPP_ERR_MIRROR_CURRENTLY_UTILIZED
Requested mirroring rule cannot be deleted right now, because it is currently utilized by some other PFE feature.
Check physical interfaces. Some interface is probably using this rule.
root@s32g274ardb2:~# echo "-> 초기화 완료."
-> 초기화 완료.
root@s32g274ardb2:~# sleep 1
root@s32g274ardb2:~#
root@s32g274ardb2:~# echo "### [3단계] 하드웨어 프레임 복제(미러링) 규칙을 설정합니다. ###"
### [3단계] 하드웨어 프레임 복제(미러링) 규칙을 설정합니다. ###
root@s32g274ardb2:~# # 'cb_mirror_rule' 이라는 이름의 미러링 규칙을 생성합니다.
root@s32g274ardb2:~# # 복제된 패킷이 나갈 목적지(Sniffer)는 pfe2(emac2) 입니다.
root@s32g274ardb2:~# libfci_cli mirror-add --mirr=cb_mirror_rule --interface=emac2
DISCLAIMER: This is a DEMO application. It is not part of the production code deliverables.
ERROR (61745): demo_mirror_add() failed!
ERROR (61745): FPP_ERR_MIRROR_ALREADY_REGISTERED
Requested mirroring rule is already registered.
root@s32g274ardb2:~# echo "-> 복제된 패킷의 목적지: emac2 (pfe2)"
-> 복제된 패킷의 목적지: emac2 (pfe2)
root@s32g274ardb2:~#
��다.2g274ardb2:~# # p2(emac0의 일부로 간주)로 들어오는 모든 트래픽에 cb_mirror_rule을 적용합��
��을 적용합니다.~# # libfci_cli는 p2를 직접 지정할 수 없으므로, 상위 인터페이스인 emac0에 규��
root@s32g274ardb2:~# libfci_cli phyif-update --interface=emac0 --rxmirr0=cb_mirror_rule
DISCLAIMER: This is a DEMO application. It is not part of the production code deliverables.
Command successfully executed.
root@s32g274ardb2:~# echo "-> 복제할 트래픽의 출발지: emac0 (p2 포트 수신 트래픽)"
-> 복제할 트래픽의 출발지: emac0 (p2 포트 수신 트래픽)
root@s32g274ardb2:~#
root@s32g274ardb2:~# echo ""

root@s32g274ardb2:~# echo "##############################################################"
##############################################################
root@s32g274ardb2:~# echo "### 모든 설정이 완료되었습니다."
### 모든 설정이 완료되었습니다.
�."@s32g274ardb2:~# echo "### 이제 Sniffer PC에서 Wireshark를 실행하고, Talker PC에서 ping을 보내세요
### 이제 Sniffer PC에서 Wireshark를 실행하고, Talker PC에서 ping을 보내세요.
root@s32g274ardb2:~# echo "##############################################################"
##############################################################
root@s32g274ardb2:~#
root@s32g274ardb2:~#
root@s32g274ardb2:~#
root@s32g274ardb2:~# ^C
root@s32g274ardb2:~# NOTICE:  Reset status: External Reset: RESET_B (RUN)
NOTICE:  BL2: v2.10.14(release):bsp44.0-2.10.14
NOTICE:  BL2: Built : 08:13:32, May 13 2025
NOTICE:  BL2: Booting BL31


U-Boot 2022.04+g9a00323278+p0 (May 13 2025 - 06:57:56 +0000)

SoC:   NXP S32G274A rev. 2.1
CPU:   ARM Cortex-A53 r0p4 @ max 1000 MHz
Model: NXP S32G274A-RDB2
DRAM:  4 GiB
Core:  314 devices, 25 uclasses, devicetree: board
MMC:   FSL_SDHC: 0
Loading Environment from MMC... OK
s32cc_serdes_phy serdes@40480000: Using mode 0 for SerDes subsystem
pci_s32cc pcie@40400000: Could not set DEVICE ID
pci_s32cc pcie@40400000: Configuring as RootComplex
pci_s32cc pcie@40400000: Failed to get link up
In:    serial@401c8000
Out:   serial@401c8000
Err:   serial@401c8000
Board revision: RDB2/GLDBOX Revision E
PCIe:   BusDevFun       VendorId   DeviceId   Device Class       Sub-Class
__________________________________________________________________________
pcie@40400000 RootComplex
|   `-- 01:00.00        0x1957     0x4002     Bridge device           0x04
Net:
Warning: ethernet@4033c000 (eth0) using random MAC address - 8e:c0:72:e0:a1:6b
eth0: ethernet@4033c000
Found PFE version 0x50300 (S32G2)
pfeng pfeng-base: Uploading CLASS firmware
pfeng pfeng-base: EMAC0 block was initialized
pfeng pfeng-base: EMAC1 block was initialized
pfeng pfeng-base: EMAC2 block was initialized
pfeng pfeng-base: Enabling the CLASS block
pfeng pfeng-base: PFE Platform started successfully (mask: 7)
s32cc_serdes_phy serdes@44180000: Using mode 4 for SerDes subsystem
s32cc_serdes_phy serdes@44180000: Unstable RX detected on XPCS0
, eth1: pfe0s32cc_serdes_phy serdes@44180000: Unstable RX detected on XPCS1
, eth2: pfe1, eth3: pfe2
Hit any key to stop autoboot:  0
switch to partitions #0, OK
mmc0 is current device
17139720 bytes read in 719 ms (22.7 MiB/s)
Booting from mmc ...
59234 bytes read in 6 ms (9.4 MiB/s)
## Flattened Device Tree blob at 83000000
   Booting using the fdt blob at 0x83000000
   Using Device Tree in place at 0000000083000000, end 0000000083011761
   fixup: pfe1: update phy addr to 0x8
Failed to configure XPCS1_1
Failed to update XPCS1 for SerDes1

Starting kernel ...

[    0.000000] Booting Linux on physical CPU 0x0000000000 [0x410fd034]
[    0.000000] Linux version 6.6.85-rt53-g6208e1d0d7b5 (oe-user@oe-host) (aarch64-fsl-linux-gcc (GCC) 13.3.0, GNU ld (GNU Binutils) 2.42.0.20240723) #1 SMP PREEMPT Wed May 14 13:40:03 UTC 2025
[    0.000000] Machine model: NXP S32G2 Reference Design Board 2 (S32G-VNP-RDB2)
[    0.000000] earlycon: linflex0 at MMIO 0x00000000401c8000 (options '')
[    0.000000] printk: legacy bootconsole [linflex0] enabled
[    0.000000] OF: reserved mem: 0x0000000034000000..0x000000003407ffff (512 KiB) nomap non-reusable pfebufs@34000000
[    0.000000] OF: reserved mem: 0x0000000034080000..0x000000003409ffff (128 KiB) nomap non-reusable pfebufs@34080000
[    0.000000] Reserved memory: created DMA memory pool at 0x0000000083200000, size 3 MiB
[    0.000000] OF: reserved mem: initialized node pfebufs@83200000, compatible id shared-dma-pool
[    0.000000] OF: reserved mem: 0x0000000083200000..0x00000000835dffff (3968 KiB) nomap non-reusable pfebufs@83200000
[    0.000000] OF: reserved mem: 0x00000000835e0000..0x00000000835fffff (128 KiB) map non-reusable pfebufs@835e0000
[    0.000000] OF: reserved mem: 0x0000000084000000..0x0000000084ffffff (16384 KiB) nomap non-reusable shm@84000000
[    0.000000] OF: reserved mem: 0x00000000c0000000..0x00000000c03fffff (4096 KiB) nomap non-reusable shm@c0000000
[    0.000000] OF: reserved mem: 0x00000000c0400000..0x00000000c07fffff (4096 KiB) nomap non-reusable shm@c0400000
[    0.000000] OF: reserved mem: 0x00000000d0000000..0x00000000d000007f (0 KiB) nomap non-reusable shm@d0000000
[    0.000000] OF: reserved mem: 0x00000000d0000080..0x00000000d00000ff (0 KiB) nomap non-reusable shm@d0000080
[    0.000000] OF: reserved mem: 0x00000000ff600000..0x00000000ff7fffff (2048 KiB) nomap non-reusable atf@ff600000
[    0.000000] Zone ranges:
[    0.000000]   DMA      [mem 0x0000000080000000-0x00000000ffffffff]
[    0.000000]   DMA32    empty
[    0.000000]   Normal   [mem 0x0000000100000000-0x00000008ffffffff]
[    0.000000] Movable zone start for each node
[    0.000000] Early memory node ranges
[    0.000000]   node   0: [mem 0x0000000080000000-0x00000000831fffff]
[    0.000000]   node   0: [mem 0x0000000083200000-0x00000000835dffff]
[    0.000000]   node   0: [mem 0x00000000835e0000-0x0000000083ffffff]
[    0.000000]   node   0: [mem 0x0000000084000000-0x0000000084ffffff]
[    0.000000]   node   0: [mem 0x0000000085000000-0x00000000bfffffff]
[    0.000000]   node   0: [mem 0x00000000c0000000-0x00000000c07fffff]
[    0.000000]   node   0: [mem 0x00000000c0800000-0x00000000cfffffff]
[    0.000000]   node   0: [mem 0x00000000d0001000-0x00000000ff5fffff]
[    0.000000]   node   0: [mem 0x00000000ff600000-0x00000000ff7fffff]
[    0.000000]   node   0: [mem 0x00000000ff800000-0x00000000ffffffff]
[    0.000000]   node   0: [mem 0x0000000880000000-0x00000008ffffffff]
[    0.000000] Initmem setup node 0 [mem 0x0000000080000000-0x00000008ffffffff]
[    0.000000] On node 0, zone DMA: 1 pages in unavailable ranges
[    0.000000] cma: Reserved 256 MiB at 0x00000000ef600000 on node -1
[    0.000000] psci: probing for conduit method from DT.
[    0.000000] psci: PSCIv1.1 detected in firmware.
[    0.000000] psci: Using standard PSCI v0.2 function IDs
[    0.000000] psci: MIGRATE_INFO_TYPE not supported.
[    0.000000] psci: SMC Calling Convention v1.4
[    0.000000] percpu: Embedded 19 pages/cpu s40104 r8192 d29528 u77824
[    0.000000] Detected VIPT I-cache on CPU0
[    0.000000] CPU features: detected: GIC system register CPU interface
[    0.000000] CPU features: detected: ARM erratum 845719
[    0.000000] CPU features: detected: NXP erratum ERR050481 (TLBI by VA handled incorrectly)
[    0.000000] CPU features: detected: ARM errata 1165522, 1319367, 1530923, or 1530924
[    0.000000] alternatives: applying boot alternatives
[    0.000000] Kernel command line: console=ttyLF0,115200 root=/dev/mmcblk0p3 rootwait rw earlycon
[    0.000000] Dentry cache hash table entries: 524288 (order: 10, 4194304 bytes, linear)
[    0.000000] Inode-cache hash table entries: 262144 (order: 9, 2097152 bytes, linear)
[    0.000000] Built 1 zonelists, mobility grouping on.  Total pages: 1032191
[    0.000000] mem auto-init: stack:all(zero), heap alloc:off, heap free:off
[    0.000000] software IO TLB: area num 4.
[    0.000000] software IO TLB: mapped [mem 0x00000000eb600000-0x00000000ef600000] (64MB)
[    0.000000] Memory: 3737544K/4194300K available (10688K kernel code, 738K rwdata, 3220K rodata, 1984K init, 233K bss, 194612K reserved, 262144K cma-reserved)
[    0.000000] SLUB: HWalign=64, Order=0-3, MinObjects=0, CPUs=4, Nodes=1
[    0.000000] rcu: Preemptible hierarchical RCU implementation.
[    0.000000] rcu:     RCU event tracing is enabled.
[    0.000000] rcu:     RCU restricting CPUs from NR_CPUS=8 to nr_cpu_ids=4.
[    0.000000]  Trampoline variant of Tasks RCU enabled.
[    0.000000]  Tracing variant of Tasks RCU enabled.
[    0.000000] rcu: RCU calculated value of scheduler-enlistment delay is 25 jiffies.
[    0.000000] rcu: Adjusting geometry for rcu_fanout_leaf=16, nr_cpu_ids=4
[    0.000000] NR_IRQS: 64, nr_irqs: 64, preallocated irqs: 0
[    0.000000] GICv3: GIC: Using split EOI/Deactivate mode
[    0.000000] GICv3: 544 SPIs implemented
[    0.000000] GICv3: 0 Extended SPIs implemented
[    0.000000] GICv3: MBI range [167:182]
[    0.000000] GICv3: Using MBI frame 0x0000000050800000
[    0.000000] Root IRQ handler: gic_handle_irq
[    0.000000] GICv3: GICv3 features: 16 PPIs
[    0.000000] GICv3: CPU0: found redistributor 0 region 0:0x0000000050880000
[    0.000000] ITS: No ITS available, not enabling LPIs
[    0.000000] rcu: srcu_init: Setting srcu_struct sizes based on contention.
[    0.000000] arch_timer: cp15 timer(s) running at 5.00MHz (phys).
[    0.000000] clocksource: arch_sys_counter: mask: 0xffffffffffffff max_cycles: 0x127350b88, max_idle_ns: 440795202120 ns
[    0.000001] sched_clock: 56 bits at 5MHz, resolution 200ns, wraps every 4398046511100ns
[    0.008461] Console: colour dummy device 80x25
[    0.012520] Calibrating delay loop (skipped), value calculated using timer frequency.. 10.00 BogoMIPS (lpj=20000)
[    0.022723] pid_max: default: 32768 minimum: 301
[    0.027447] Mount-cache hash table entries: 8192 (order: 4, 65536 bytes, linear)
[    0.034717] Mountpoint-cache hash table entries: 8192 (order: 4, 65536 bytes, linear)
[    0.044319] RCU Tasks: Setting shift to 2 and lim to 1 rcu_task_cb_adjust=1 rcu_task_cpu_ids=4.
[    0.052703] RCU Tasks Trace: Setting shift to 2 and lim to 1 rcu_task_cb_adjust=1 rcu_task_cpu_ids=4.
[    0.062037] rcu: Hierarchical SRCU implementation.
[    0.066579] rcu:     Max phase no-delay instances is 1000.
[    0.072870] smp: Bringing up secondary CPUs ...
[    0.077697] Detected VIPT I-cache on CPU1
[    0.077780] GICv3: CPU1: found redistributor 1 region 0:0x00000000508a0000
[    0.077835] CPU1: Booted secondary processor 0x0000000001 [0x410fd034]
[    0.078623] Detected VIPT I-cache on CPU2
[    0.078702] GICv3: CPU2: found redistributor 100 region 0:0x00000000508c0000
[    0.078740] CPU2: Booted secondary processor 0x0000000100 [0x410fd034]
[    0.079442] Detected VIPT I-cache on CPU3
[    0.079490] GICv3: CPU3: found redistributor 101 region 0:0x00000000508e0000
[    0.079514] CPU3: Booted secondary processor 0x0000000101 [0x410fd034]
[    0.079605] smp: Brought up 1 node, 4 CPUs
[    0.135727] SMP: Total of 4 processors activated.
[    0.140394] CPU features: detected: 32-bit EL0 Support
[    0.145536] CPU features: detected: CRC32 instructions
[    0.150720] CPU: All CPU(s) started at EL2
[    0.154730] alternatives: applying system-wide alternatives
[    0.162486] devtmpfs: initialized
[    0.176278] clocksource: jiffies: mask: 0xffffffff max_cycles: 0xffffffff, max_idle_ns: 7645041785100000 ns
[    0.185636] futex hash table entries: 1024 (order: 4, 65536 bytes, linear)
[    0.201859] pinctrl core: initialized pinctrl subsystem
[    0.207687] NET: Registered PF_NETLINK/PF_ROUTE protocol family
[    0.214351] DMA: preallocated 512 KiB GFP_KERNEL pool for atomic allocations
[    0.221251] DMA: preallocated 512 KiB GFP_KERNEL|GFP_DMA pool for atomic allocations
[    0.229030] DMA: preallocated 512 KiB GFP_KERNEL|GFP_DMA32 pool for atomic allocations
[    0.237078] thermal_sys: Registered thermal governor 'step_wise'
[    0.237233] hw-breakpoint: found 6 breakpoint and 4 watchpoint registers.
[    0.249675] ASID allocator initialised with 65536 entries
[    0.255100] Serial: AMBA PL011 UART driver
[    0.259102] scmi_core: SCMI protocol bus registered
[    0.265232] scmi_protocol scmi_dev.1: Enabled polling mode TX channel - prot_id:16
[    0.272801] arm-scmi firmware:scmi: SCMI Notifications - Core Enabled.
[    0.278970] arm-scmi firmware:scmi: SCMI Protocol v2.0 'NXP:S32G274A' Firmware version 0x0
[    0.296532] /soc/interrupt-controller@50800000: Fixed dependency cycle(s) with /soc/interrupt-controller@50800000
[    0.308738] /soc/siul2@4009c000/siul2-pinctrl@4009c240: Fixed dependency cycle(s) with /soc/siul2@4009c000/siul2-pinctrl@4009c240/jtag_pins
[    0.331406] Modules: 28512 pages in range for non-PLT usage
[    0.331431] Modules: 520032 pages in range for PLT usage
[    0.337192] HugeTLB: registered 1.00 GiB page size, pre-allocated 0 pages
[    0.348849] HugeTLB: 0 KiB vmemmap can be freed for a 1.00 GiB page
[    0.355098] HugeTLB: registered 32.0 MiB page size, pre-allocated 0 pages
[    0.361866] HugeTLB: 0 KiB vmemmap can be freed for a 32.0 MiB page
[    0.368117] HugeTLB: registered 2.00 MiB page size, pre-allocated 0 pages
[    0.374886] HugeTLB: 0 KiB vmemmap can be freed for a 2.00 MiB page
[    0.381140] HugeTLB: registered 64.0 KiB page size, pre-allocated 0 pages
[    0.387906] HugeTLB: 0 KiB vmemmap can be freed for a 64.0 KiB page
[    0.403857] SCSI subsystem initialized
[    0.407418] usbcore: registered new interface driver usbfs
[    0.412692] usbcore: registered new interface driver hub
[    0.417996] usbcore: registered new device driver usb
[    0.423757] pps_core: LinuxPPS API ver. 1 registered
[    0.428291] pps_core: Software ver. 5.3.6 - Copyright 2005-2007 Rodolfo Giometti <giometti@linux.it>
[    0.437418] PTP clock support registered
[    0.442577] vgaarb: loaded
[    0.445220] clocksource: Switched to clocksource arch_sys_counter
[    0.459188] NET: Registered PF_INET protocol family
[    0.463935] IP idents hash table entries: 65536 (order: 7, 524288 bytes, linear)
[    0.474382] tcp_listen_portaddr_hash hash table entries: 2048 (order: 3, 32768 bytes, linear)
[    0.482575] Table-perturb hash table entries: 65536 (order: 6, 262144 bytes, linear)
[    0.490221] TCP established hash table entries: 32768 (order: 6, 262144 bytes, linear)
[    0.498362] TCP bind hash table entries: 32768 (order: 8, 1048576 bytes, linear)
[    0.506635] TCP: Hash tables configured (established 32768 bind 32768)
[    0.512970] UDP hash table entries: 2048 (order: 4, 65536 bytes, linear)
[    0.519541] UDP-Lite hash table entries: 2048 (order: 4, 65536 bytes, linear)
[    0.526827] NET: Registered PF_UNIX/PF_LOCAL protocol family
[    0.532732] RPC: Registered named UNIX socket transport module.
[    0.538231] RPC: Registered udp transport module.
[    0.542912] RPC: Registered tcp transport module.
[    0.547596] RPC: Registered tcp-with-tls transport module.
[    0.553065] RPC: Registered tcp NFSv4.1 backchannel transport module.
[    0.559521] PCI: CLS 0 bytes, default 64
[    0.564827] workingset: timestamp_bits=62 max_order=20 bucket_order=0
[    0.571511] fuse: init (API version 7.39)
[    0.575293] NET: Registered PF_ALG protocol family
[    0.579920] Block layer SCSI generic (bsg) driver version 0.4 loaded (major 248)
[    0.587251] io scheduler mq-deadline registered
[    0.591761] io scheduler kyber registered
[    0.595762] io scheduler bfq registered
[    0.604063] s32cc-siul2-pinctrl 4009c240.siul2-pinctrl: initialized s32 pinctrl driver
[    0.613516] s32cc-siul2-gpio 4009d700.siul2-gpio: No cache defaults, reading back from HW
[    0.621428] s32cc-siul2-gpio 4009d700.siul2-gpio: No cache defaults, reading back from HW
[    0.629906] gpio gpiochip0: Static allocation of GPIO base is deprecated, use dynamic allocation.
[    0.639408] s32cc-siul2-gpio 4009d700.siul2-gpio: No cache defaults, reading back from HW
[    0.647244] s32cc-siul2-gpio 4009d700.siul2-gpio: No cache defaults, reading back from HW
[    0.667363] printk: legacy console [ttyLF0] enabled000 (irq = 23, base_baud = 7812500) is a FSL_LINFLEX
[    0.667363] printk: legacy console [ttyLF0] enabled
[    0.677280] printk: legacy bootconsole [linflex0] disabled
[    0.677280] printk: legacy bootconsole [linflex0] disabled
[    0.690146] 401cc000.serial: ttyLF1 at MMIO 0x401cc000 (irq = 24, base_baud = 7812500) is a FSL_LINFLEX
[    0.701512] s32cc_fccu 4030c000.fccu: FCCU status is 0 (normal)
[    0.710699] ethernet-switch@1 enforce active low on GPIO handle
[    0.719565] spi-nor spi6.0: mx25uw51245g (65536 Kbytes)
[    0.725459] 8 fixed-partitions partitions found on MTD device 0.spi
[    0.731841] Creating 8 MTD partitions on "0.spi":
[    0.736624] 0x000000000000-0x000004000000 : "Flash-Image"
[    0.742486] 0x000000000000-0x0000000d0000 : "BL2"
[    0.747600] 0x0000000d0000-0x0000002a0000 : "FIP"
[    0.752705] 0x0000002a0000-0x0000002b0000 : "U-Boot-Env"
[    0.758437] 0x0000002b0000-0x000001380000 : "Kernel"
[    0.763820] 0x000001380000-0x0000013b0000 : "DTB"
[    0.768922] 0x0000013b0000-0x0000032c0000 : "Rootfs"
[    0.774288] 0x0000032c0000-0x000004000000 : "PFE-Firmware"
[    0.782486] vcan: Virtual CAN interface driver
[    0.787019] slcan: serial line CAN interface driver
[    0.791972] CAN device driver interface
[    0.797244] flexcan 401b4000.can: device registered (reg_base=(____ptrval____), irq(s):
[    0.805389] flexcan 401b4000.can:  30
[    0.809101] flexcan 401b4000.can:  31
[    0.812821] flexcan 401b4000.can:  32
[    0.816539] flexcan 401b4000.can:  33
[    0.820262] flexcan 401b4000.can: )
[    0.824832] flexcan 401be000.can: device registered (reg_base=(____ptrval____), irq(s):
[    0.832975] flexcan 401be000.can:  34
[    0.836703] flexcan 401be000.can:  35
[    0.840424] flexcan 401be000.can:  36
[    0.844142] flexcan 401be000.can:  37
[    0.847864] flexcan 401be000.can: )
[    0.851998] sja1105 spi5.1: Probed switch chip: SJA1110A
[    0.857431] sja1105 spi5.1: Port 2 interpreting RGMII delay settings based on "phy-mode" property, please update device tree to specify "rx-internal-delay-ps" and "tx-internal-delay-ps"
[    0.874198] sja1105 spi5.1: Port 3 interpreting RGMII delay settings based on "phy-mode" property, please update device tree to specify "rx-internal-delay-ps" and "tx-internal-delay-ps"
[    0.891061] e100: Intel(R) PRO/100 Network Driver
[    0.895839] e100: Copyright(c) 1999-2006 Intel Corporation
[    0.901440] e1000: Intel(R) PRO/1000 Network Driver
[    0.906394] e1000: Copyright (c) 1999-2006 Intel Corporation.
[    0.912259] e1000e: Intel(R) PRO/1000 Network Driver
[    0.917298] e1000e: Copyright(c) 1999 - 2015 Intel Corporation.
[    0.923332] igb: Intel(R) Gigabit Ethernet Network Driver
[    0.928812] igb: Copyright (c) 2007-2014 Intel Corporation.
[    0.935801] hse-uio 40210000.mu0b: firmware not found
[    0.941588] usbcore: registered new interface driver uas
[    0.947023] usbcore: registered new interface driver usb-storage
[    0.954280] imx_usb 44064000.usb: No over current polarity defined
[    0.973221] ci_hdrc ci_hdrc.0: EHCI Host Controller
[    0.978357] ci_hdrc ci_hdrc.0: new USB bus registered, assigned bus number 1
[    1.001295] ci_hdrc ci_hdrc.0: USB 2.0 started, EHCI 1.00
[    1.006953] usb usb1: New USB device found, idVendor=1d6b, idProduct=0002, bcdDevice= 6.06
[    1.015350] usb usb1: New USB device strings: Mfr=3, Product=2, SerialNumber=1
[    1.022683] usb usb1: Product: EHCI Host Controller
[    1.027636] usb usb1: Manufacturer: Linux 6.6.85-rt53-g6208e1d0d7b5 ehci_hcd
[    1.034791] usb usb1: SerialNumber: ci_hdrc.0
[    1.039712] hub 1-0:1.0: USB hub found
[    1.043555] hub 1-0:1.0: 1 port detected
[    1.049435] s32cc-rtc 40060000.rtc: registered as rtc0
[    1.054687] s32cc-rtc 40060000.rtc: setting system clock to 1970-01-01T00:00:00 UTC (0)
[    1.063020] i2c_dev: i2c /dev entries driver
[    1.067939] s32cc-wdt 4010c000.watchdog: S32CC Watchdog Timer Registered. timeout=30s (nowayout=0)
[    1.077731] s32cc-wdt 40200000.watchdog: S32CC Watchdog Timer Registered. timeout=30s (nowayout=0)
[    1.087024] s32cc-wdt 40204000.watchdog: S32CC Watchdog Timer Registered. timeout=30s (nowayout=0)
[    1.096302] s32cc-wdt 40208000.watchdog: S32CC Watchdog Timer Registered. timeout=30s (nowayout=0)
[    1.107378] sdhci: Secure Digital Host Controller Interface driver
[    1.113685] sdhci: Copyright(c) Pierre Ossman
[    1.118115] sdhci-pltfm: SDHCI platform and OF driver helper
[    1.124150] SMCCC: SOC_ID: ARCH_SOC_ID not implemented, skipping ....
[    1.131377] hse 40211000.mu1b: interface mu1b not active
[    1.1374�NOTICE:  Reset status: External Reset: RESET_B (RUN)
NOTICE:  BL2: v2.10.14(release):bsp44.0-2.10.14
NOTICE:  BL2: Built : 08:13:32, May 13 2025
NOTICE:  BL2: Booting BL31


U-Boot 2022.04+g9a00323278+p0 (May 13 2025 - 06:57:56 +0000)

SoC:   NXP S32G274A rev. 2.1
CPU:   ARM Cortex-A53 r0p4 @ max 1000 MHz
Model: NXP S32G274A-RDB2
DRAM:  4 GiB
Core:  314 devices, 25 uclasses, devicetree: board
MMC:   FSL_SDHC: 0
Loading Environment from MMC... OK
s32cc_serdes_phy serdes@40480000: Using mode 0 for SerDes subsystem
pci_s32cc pcie@40400000: Could not set DEVICE ID
pci_s32cc pcie@40400000: Configuring as RootComplex
pci_s32cc pcie@40400000: Failed to get link up
In:    serial@401c8000
Out:   serial@401c8000
Err:   serial@401c8000
Board revision: RDB2/GLDBOX Revision E
PCIe:   BusDevFun       VendorId   DeviceId   Device Class       Sub-Class
__________________________________________________________________________
pcie@40400000 RootComplex
|   `-- 01:00.00        0x1957     0x4002     Bridge device           0x04
Net:
Warning: ethernet@4033c000 (eth0) using random MAC address - 76:3f:29:65:46:31
eth0: ethernet@4033c000
Found PFE version 0x50300 (S32G2)
pfeng pfeng-base: Uploading CLASS firmware
pfeng pfeng-base: EMAC0 block was initialized
pfeng pfeng-base: EMAC1 block was initialized
pfeng pfeng-base: EMAC2 block was initialized
pfeng pfeng-base: Enabling the CLASS block
pfeng pfeng-base: PFE Platform started successfully (mask: 7)
s32cc_serdes_phy serdes@44180000: Using mode 4 for SerDes subsystem
s32cc_serdes_phy serdes@44180000: Unstable RX detected on XPCS0
, eth1: pfe0s32cc_serdes_phy serdes@44180000: Unstable RX detected on XPCS1
, eth2: pfe1, eth3: pfe2
Hit any key to stop autoboot:  0
switch to partitions #0, OK
mmc0 is current device
17139720 bytes read in 719 ms (22.7 MiB/s)
Booting from mmc ...
59234 bytes read in 6 ms (9.4 MiB/s)
## Flattened Device Tree blob at 83000000
   Booting using the fdt blob at 0x83000000
   Using Device Tree in place at 0000000083000000, end 0000000083011761
   fixup: pfe1: update phy addr to 0x8
Failed to configure XPCS1_1
Failed to update XPCS1 for SerDes1

Starting kernel ...

[    0.000000] Booting Linux on physical CPU 0x0000000000 [0x410fd034]
[    0.000000] Linux version 6.6.85-rt53-g6208e1d0d7b5 (oe-user@oe-host) (aarch64-fsl-linux-gcc (GCC) 13.3.0, GNU ld (GNU Binutils) 2.42.0.20240723) #1 SMP PREEMPT Wed May 14 13:40:03 UTC 2025
[    0.000000] Machine model: NXP S32G2 Reference Design Board 2 (S32G-VNP-RDB2)
[    0.000000] earlycon: linflex0 at MMIO 0x00000000401c8000 (options '')
[    0.000000] printk: legacy bootconsole [linflex0] enabled
[    0.000000] OF: reserved mem: 0x0000000034000000..0x000000003407ffff (512 KiB) nomap non-reusable pfebufs@34000000
[    0.000000] OF: reserved mem: 0x0000000034080000..0x000000003409ffff (128 KiB) nomap non-reusable pfebufs@34080000
[    0.000000] Reserved memory: created DMA memory pool at 0x0000000083200000, size 3 MiB
[    0.000000] OF: reserved mem: initialized node pfebufs@83200000, compatible id shared-dma-pool
[    0.000000] OF: reserved mem: 0x0000000083200000..0x00000000835dffff (3968 KiB) nomap non-reusable pfebufs@83200000
[    0.000000] OF: reserved mem: 0x00000000835e0000..0x00000000835fffff (128 KiB) map non-reusable pfebufs@835e0000
[    0.000000] OF: reserved mem: 0x0000000084000000..0x0000000084ffffff (16384 KiB) nomap non-reusable shm@84000000
[    0.000000] OF: reserved mem: 0x00000000c0000000..0x00000000c03fffff (4096 KiB) nomap non-reusable shm@c0000000
[    0.000000] OF: reserved mem: 0x00000000c0400000..0x00000000c07fffff (4096 KiB) nomap non-reusable shm@c0400000
[    0.000000] OF: reserved mem: 0x00000000d0000000..0x00000000d000007f (0 KiB) nomap non-reusable shm@d0000000
[    0.000000] OF: reserved mem: 0x00000000d0000080..0x00000000d00000ff (0 KiB) nomap non-reusable shm@d0000080
[    0.000000] OF: reserved mem: 0x00000000ff600000..0x00000000ff7fffff (2048 KiB) nomap non-reusable atf@ff600000
[    0.000000] Zone ranges:
[    0.000000]   DMA      [mem 0x0000000080000000-0x00000000ffffffff]
[    0.000000]   DMA32    empty
[    0.000000]   Normal   [mem 0x0000000100000000-0x00000008ffffffff]
[    0.000000] Movable zone start for each node
[    0.000000] Early memory node ranges
[    0.000000]   node   0: [mem 0x0000000080000000-0x00000000831fffff]
[    0.000000]   node   0: [mem 0x0000000083200000-0x00000000835dffff]
[    0.000000]   node   0: [mem 0x00000000835e0000-0x0000000083ffffff]
[    0.000000]   node   0: [mem 0x0000000084000000-0x0000000084ffffff]
[    0.000000]   node   0: [mem 0x0000000085000000-0x00000000bfffffff]
[    0.000000]   node   0: [mem 0x00000000c0000000-0x00000000c07fffff]
[    0.000000]   node   0: [mem 0x00000000c0800000-0x00000000cfffffff]
[    0.000000]   node   0: [mem 0x00000000d0001000-0x00000000ff5fffff]
[    0.000000]   node   0: [mem 0x00000000ff600000-0x00000000ff7fffff]
[    0.000000]   node   0: [mem 0x00000000ff800000-0x00000000ffffffff]
[    0.000000]   node   0: [mem 0x0000000880000000-0x00000008ffffffff]
[    0.000000] Initmem setup node 0 [mem 0x0000000080000000-0x00000008ffffffff]
[    0.000000] On node 0, zone DMA: 1 pages in unavailable ranges
[    0.000000] cma: Reserved 256 MiB at 0x00000000ef600000 on node -1
[    0.000000] psci: probing for conduit method from DT.
[    0.000000] psci: PSCIv1.1 detected in firmware.
[    0.000000] psci: Using standard PSCI v0.2 function IDs
[    0.000000] psci: MIGRATE_INFO_TYPE not supported.
[    0.000000] psci: SMC Calling Convention v1.4
[    0.000000] percpu: Embedded 19 pages/cpu s40104 r8192 d29528 u77824
[    0.000000] Detected VIPT I-cache on CPU0
[    0.000000] CPU features: detected: GIC system register CPU interface
[    0.000000] CPU features: detected: ARM erratum 845719
[    0.000000] CPU features: detected: NXP erratum ERR050481 (TLBI by VA handled incorrectly)
[    0.000000] CPU features: detected: ARM errata 1165522, 1319367, 1530923, or 1530924
[    0.000000] alternatives: applying boot alternatives
[    0.000000] Kernel command line: console=ttyLF0,115200 root=/dev/mmcblk0p3 rootwait rw earlycon
[    0.000000] Dentry cache hash table entries: 524288 (order: 10, 4194304 bytes, linear)
[    0.000000] Inode-cache hash table entries: 262144 (order: 9, 2097152 bytes, linear)
[    0.000000] Built 1 zonelists, mobility grouping on.  Total pages: 1032191
[    0.000000] mem auto-init: stack:all(zero), heap alloc:off, heap free:off
[    0.000000] software IO TLB: area num 4.
[    0.000000] software IO TLB: mapped [mem 0x00000000eb600000-0x00000000ef600000] (64MB)
[    0.000000] Memory: 3737544K/4194300K available (10688K kernel code, 738K rwdata, 3220K rodata, 1984K init, 233K bss, 194612K reserved, 262144K cma-reserved)
[    0.000000] SLUB: HWalign=64, Order=0-3, MinObjects=0, CPUs=4, Nodes=1
[    0.000000] rcu: Preemptible hierarchical RCU implementation.
[    0.000000] rcu:     RCU event tracing is enabled.
[    0.000000] rcu:     RCU restricting CPUs from NR_CPUS=8 to nr_cpu_ids=4.
[    0.000000]  Trampoline variant of Tasks RCU enabled.
[    0.000000]  Tracing variant of Tasks RCU enabled.
[    0.000000] rcu: RCU calculated value of scheduler-enlistment delay is 25 jiffies.
[    0.000000] rcu: Adjusting geometry for rcu_fanout_leaf=16, nr_cpu_ids=4
[    0.000000] NR_IRQS: 64, nr_irqs: 64, preallocated irqs: 0
[    0.000000] GICv3: GIC: Using split EOI/Deactivate mode
[    0.000000] GICv3: 544 SPIs implemented
[    0.000000] GICv3: 0 Extended SPIs implemented
[    0.000000] GICv3: MBI range [167:182]
[    0.000000] GICv3: Using MBI frame 0x0000000050800000
[    0.000000] Root IRQ handler: gic_handle_irq
[    0.000000] GICv3: GICv3 features: 16 PPIs
[    0.000000] GICv3: CPU0: found redistributor 0 region 0:0x0000000050880000
[    0.000000] ITS: No ITS available, not enabling LPIs
[    0.000000] rcu: srcu_init: Setting srcu_struct sizes based on contention.
[    0.000000] arch_timer: cp15 timer(s) running at 5.00MHz (phys).
[    0.000000] clocksource: arch_sys_counter: mask: 0xffffffffffffff max_cycles: 0x127350b88, max_idle_ns: 440795202120 ns
[    0.000001] sched_clock: 56 bits at 5MHz, resolution 200ns, wraps every 4398046511100ns
[    0.008463] Console: colour dummy device 80x25
[    0.012521] Calibrating delay loop (skipped), value calculated using timer frequency.. 10.00 BogoMIPS (lpj=20000)
[    0.022726] pid_max: default: 32768 minimum: 301
[    0.027449] Mount-cache hash table entries: 8192 (order: 4, 65536 bytes, linear)
[    0.034716] Mountpoint-cache hash table entries: 8192 (order: 4, 65536 bytes, linear)
[    0.044337] RCU Tasks: Setting shift to 2 and lim to 1 rcu_task_cb_adjust=1 rcu_task_cpu_ids=4.
[    0.052719] RCU Tasks Trace: Setting shift to 2 and lim to 1 rcu_task_cb_adjust=1 rcu_task_cpu_ids=4.
[    0.062056] rcu: Hierarchical SRCU implementation.
[    0.066596] rcu:     Max phase no-delay instances is 1000.
[    0.072916] smp: Bringing up secondary CPUs ...
[    0.077740] Detected VIPT I-cache on CPU1
[    0.077827] GICv3: CPU1: found redistributor 1 region 0:0x00000000508a0000
[    0.077881] CPU1: Booted secondary processor 0x0000000001 [0x410fd034]
[    0.078677] Detected VIPT I-cache on CPU2
[    0.078755] GICv3: CPU2: found redistributor 100 region 0:0x00000000508c0000
[    0.078796] CPU2: Booted secondary processor 0x0000000100 [0x410fd034]
[    0.079500] Detected VIPT I-cache on CPU3
[    0.079549] GICv3: CPU3: found redistributor 101 region 0:0x00000000508e0000
[    0.079574] CPU3: Booted secondary processor 0x0000000101 [0x410fd034]
[    0.079666] smp: Brought up 1 node, 4 CPUs
[    0.135782] SMP: Total of 4 processors activated.
[    0.140458] CPU features: detected: 32-bit EL0 Support
[    0.145597] CPU features: detected: CRC32 instructions
[    0.150778] CPU: All CPU(s) started at EL2
[    0.154796] alternatives: applying system-wide alternatives
[    0.162597] devtmpfs: initialized
[    0.176417] clocksource: jiffies: mask: 0xffffffff max_cycles: 0xffffffff, max_idle_ns: 7645041785100000 ns
[    0.185778] futex hash table entries: 1024 (order: 4, 65536 bytes, linear)
[    0.202002] pinctrl core: initialized pinctrl subsystem
[    0.207833] NET: Registered PF_NETLINK/PF_ROUTE protocol family
[    0.214474] DMA: preallocated 512 KiB GFP_KERNEL pool for atomic allocations
[    0.221368] DMA: preallocated 512 KiB GFP_KERNEL|GFP_DMA pool for atomic allocations
[    0.229161] DMA: preallocated 512 KiB GFP_KERNEL|GFP_DMA32 pool for atomic allocations
[    0.237199] thermal_sys: Registered thermal governor 'step_wise'
[    0.237345] hw-breakpoint: found 6 breakpoint and 4 watchpoint registers.
[    0.249790] ASID allocator initialised with 65536 entries
[    0.255218] Serial: AMBA PL011 UART driver
[    0.259214] scmi_core: SCMI protocol bus registered
[    0.265348] scmi_protocol scmi_dev.1: Enabled polling mode TX channel - prot_id:16
[    0.272924] arm-scmi firmware:scmi: SCMI Notifications - Core Enabled.
[    0.279096] arm-scmi firmware:scmi: SCMI Protocol v2.0 'NXP:S32G274A' Firmware version 0x0
[    0.296613] /soc/interrupt-controller@50800000: Fixed dependency cycle(s) with /soc/interrupt-controller@50800000
[    0.308826] /soc/siul2@4009c000/siul2-pinctrl@4009c240: Fixed dependency cycle(s) with /soc/siul2@4009c000/siul2-pinctrl@4009c240/jtag_pins
[    0.331486] Modules: 28512 pages in range for non-PLT usage
[    0.331508] Modules: 520032 pages in range for PLT usage
[    0.337271] HugeTLB: registered 1.00 GiB page size, pre-allocated 0 pages
[    0.348927] HugeTLB: 0 KiB vmemmap can be freed for a 1.00 GiB page
[    0.355177] HugeTLB: registered 32.0 MiB page size, pre-allocated 0 pages
[    0.361944] HugeTLB: 0 KiB vmemmap can be freed for a 32.0 MiB page
[    0.368197] HugeTLB: registered 2.00 MiB page size, pre-allocated 0 pages
[    0.374965] HugeTLB: 0 KiB vmemmap can be freed for a 2.00 MiB page
[    0.381217] HugeTLB: registered 64.0 KiB page size, pre-allocated 0 pages
[    0.387984] HugeTLB: 0 KiB vmemmap can be freed for a 64.0 KiB page
[    0.403925] SCSI subsystem initialized
[    0.407487] usbcore: registered new interface driver usbfs
[    0.412761] usbcore: registered new interface driver hub
[    0.418064] usbcore: registered new device driver usb
[    0.423825] pps_core: LinuxPPS API ver. 1 registered
[    0.428359] pps_core: Software ver. 5.3.6 - Copyright 2005-2007 Rodolfo Giometti <giometti@linux.it>
[    0.437484] PTP clock support registered
[    0.442645] vgaarb: loaded
[    0.445289] clocksource: Switched to clocksource arch_sys_counter
[    0.459210] NET: Registered PF_INET protocol family
[    0.463960] IP idents hash table entries: 65536 (order: 7, 524288 bytes, linear)
[    0.474402] tcp_listen_portaddr_hash hash table entries: 2048 (order: 3, 32768 bytes, linear)
[    0.482594] Table-perturb hash table entries: 65536 (order: 6, 262144 bytes, linear)
[    0.490240] TCP established hash table entries: 32768 (order: 6, 262144 bytes, linear)
[    0.498382] TCP bind hash table entries: 32768 (order: 8, 1048576 bytes, linear)
[    0.506675] TCP: Hash tables configured (established 32768 bind 32768)
[    0.512973] UDP hash table entries: 2048 (order: 4, 65536 bytes, linear)
[    0.519601] UDP-Lite hash table entries: 2048 (order: 4, 65536 bytes, linear)
[    0.526870] NET: Registered PF_UNIX/PF_LOCAL protocol family
[    0.532777] RPC: Registered named UNIX socket transport module.
[    0.538274] RPC: Registered udp transport module.
[    0.542955] RPC: Registered tcp transport module.
[    0.547641] RPC: Registered tcp-with-tls transport module.
[    0.553109] RPC: Registered tcp NFSv4.1 backchannel transport module.
[    0.559568] PCI: CLS 0 bytes, default 64
[    0.564950] workingset: timestamp_bits=62 max_order=20 bucket_order=0
[    0.571603] fuse: init (API version 7.39)
[    0.575395] NET: Registered PF_ALG protocol family
[    0.580016] Block layer SCSI generic (bsg) driver version 0.4 loaded (major 248)
[    0.587343] io scheduler mq-deadline registered
[    0.591851] io scheduler kyber registered
[    0.595852] io scheduler bfq registered
[    0.604350] s32cc-siul2-pinctrl 4009c240.siul2-pinctrl: initialized s32 pinctrl driver
[    0.613692] s32cc-siul2-gpio 4009d700.siul2-gpio: No cache defaults, reading back from HW
[    0.621565] s32cc-siul2-gpio 4009d700.siul2-gpio: No cache defaults, reading back from HW
[    0.630124] gpio gpiochip0: Static allocation of GPIO base is deprecated, use dynamic allocation.
[    0.639605] s32cc-siul2-gpio 4009d700.siul2-gpio: No cache defaults, reading back from HW
[    0.647444] s32cc-siul2-gpio 4009d700.siul2-gpio: No cache defaults, reading back from HW
[    0.667549] printk: legacy console [ttyLF0] enabled000 (irq = 23, base_baud = 7812500) is a FSL_LINFLEX
[    0.667549] printk: legacy console [ttyLF0] enabled
[    0.677463] printk: legacy bootconsole [linflex0] disabled
[    0.677463] printk: legacy bootconsole [linflex0] disabled
[    0.690175] 401cc000.serial: ttyLF1 at MMIO 0x401cc000 (irq = 24, base_baud = 7812500) is a FSL_LINFLEX
[    0.701550] s32cc_fccu 4030c000.fccu: FCCU status is 0 (normal)
[    0.710853] ethernet-switch@1 enforce active low on GPIO handle
[    0.719798] spi-nor spi6.0: mx25uw51245g (65536 Kbytes)
[    0.725704] 8 fixed-partitions partitions found on MTD device 0.spi
[    0.732087] Creating 8 MTD partitions on "0.spi":
[    0.736869] 0x000000000000-0x000004000000 : "Flash-Image"
[    0.742736] 0x000000000000-0x0000000d0000 : "BL2"
[    0.747841] 0x0000000d0000-0x0000002a0000 : "FIP"
[    0.752942] 0x0000002a0000-0x0000002b0000 : "U-Boot-Env"
[    0.758665] 0x0000002b0000-0x000001380000 : "Kernel"
[    0.764052] 0x000001380000-0x0000013b0000 : "DTB"
[    0.769166] 0x0000013b0000-0x0000032c0000 : "Rootfs"
[    0.774539] 0x0000032c0000-0x000004000000 : "PFE-Firmware"
[    0.782750] vcan: Virtual CAN interface driver
[    0.787281] slcan: serial line CAN interface driver
[    0.792235] CAN device driver interface
[    0.797522] flexcan 401b4000.can: device registered (reg_base=(____ptrval____), irq(s):
[    0.805666] flexcan 401b4000.can:  30
[    0.809396] flexcan 401b4000.can:  31
[    0.813109] flexcan 401b4000.can:  32
[    0.816828] flexcan 401b4000.can:  33
[    0.820549] flexcan 401b4000.can: )
[    0.825137] flexcan 401be000.can: device registered (reg_base=(____ptrval____), irq(s):
[    0.833287] flexcan 401be000.can:  34
[    0.837002] flexcan 401be000.can:  35
[    0.840729] flexcan 401be000.can:  36
[    0.844449] flexcan 401be000.can:  37
[    0.848175] flexcan 401be000.can: )
[    0.852324] sja1105 spi5.1: Probed switch chip: SJA1110A
[    0.857753] sja1105 spi5.1: Port 2 interpreting RGMII delay settings based on "phy-mode" property, please update device tree to specify "rx-internal-delay-ps" and "tx-internal-delay-ps"
[    0.874519] sja1105 spi5.1: Port 3 interpreting RGMII delay settings based on "phy-mode" property, please update device tree to specify "rx-internal-delay-ps" and "tx-internal-delay-ps"
[    0.891382] e100: Intel(R) PRO/100 Network Driver
[    0.896160] e100: Copyright(c) 1999-2006 Intel Corporation
[    0.901761] e1000: Intel(R) PRO/1000 Network Driver
[    0.906715] e1000: Copyright (c) 1999-2006 Intel Corporation.
[    0.912575] e1000e: Intel(R) PRO/1000 Network Driver
[    0.917615] e1000e: Copyright(c) 1999 - 2015 Intel Corporation.
[    0.923645] igb: Intel(R) Gigabit Ethernet Network Driver
[    0.929127] igb: Copyright (c) 2007-2014 Intel Corporation.
[    0.936100] hse-uio 40210000.mu0b: firmware not found
[    0.941830] usbcore: registered new interface driver uas
[    0.947264] usbcore: registered new interface driver usb-storage
[    0.954541] imx_usb 44064000.usb: No over current polarity defined
[    0.973482] ci_hdrc ci_hdrc.0: EHCI Host Controller
[    0.978605] ci_hdrc ci_hdrc.0: new USB bus registered, assigned bus number 1
[    1.001293] ci_hdrc ci_hdrc.0: USB 2.0 started, EHCI 1.00
[    1.007048] usb usb1: New USB device found, idVendor=1d6b, idProduct=0002, bcdDevice= 6.06
[    1.015468] usb usb1: New USB device strings: Mfr=3, Product=2, SerialNumber=1
[    1.022859] usb usb1: Product: EHCI Host Controller
[    1.027816] usb usb1: Manufacturer: Linux 6.6.85-rt53-g6208e1d0d7b5 ehci_hcd
[    1.034972] usb usb1: SerialNumber: ci_hdrc.0
[    1.039919] hub 1-0:1.0: USB hub found
[    1.043774] hub 1-0:1.0: 1 port detected
[    1.049797] s32cc-rtc 40060000.rtc: registered as rtc0
[    1.055051] s32cc-rtc 40060000.rtc: setting system clock to 1970-01-01T00:00:00 UTC (0)
[    1.063390] i2c_dev: i2c /dev entries driver
[    1.068317] s32cc-wdt 4010c000.watchdog: S32CC Watchdog Timer Registered. timeout=30s (nowayout=0)
[    1.077654] s32cc-wdt 40200000.watchdog: S32CC Watchdog Timer Registered. timeout=30s (nowayout=0)
[    1.086966] s32cc-wdt 40204000.watchdog: S32CC Watchdog Timer Registered. timeout=30s (nowayout=0)
[    1.096253] s32cc-wdt 40208000.watchdog: S32CC Watchdog Timer Registered. timeout=30s (nowayout=0)
[    1.107341] sdhci: Secure Digital Host Controller Interface driver
[    1.113641] sdhci: Copyright(c) Pierre Ossman
[    1.118071] sdhci-pltfm: SDHCI platform and OF driver helper
[    1.124108] SMCCC: SOC_ID: ARCH_SOC_ID not implemented, skipping ....
[    1.131356] hse 40211000.mu1b: interface mu1b not active
[    1.137559] usbcore: registered new interface driver usbhid
[    1.143226] usbhid: USB HID core driver
[    1.156499] mmc0: SDHCI controller on 402f0000.mmc [402f0000.mmc] using ADMA
[    1.163835] s32-adc 401f8000.adc: using dma0chan4 for ADC DMA transfers
[    1.171165] s32-adc 401f8000.adc: Device initialized successfully.
[    1.189550] s32-adc 402e8000.adc: using dma1chan16 for ADC DMA transfers
[    1.196912] s32-adc 402e8000.adc: Device initialized successfully.
[    1.198133] mmc0: new high speed SDHC card at address 0001
[    1.209043] hw perfevents: enabled with armv8_cortex_a53 PMU driver, 7 counters available
[    1.209501] mmcblk0: mmc0:0001 SD32G 28.8 GiB
[    1.219090] s32-siul2-nvmem 4009c000.nvram: Initialized s32cc siul2 nvmem driver
[    1.223824]  mmcblk0: p1 p2 p3
[    1.229518] s32-siul2-nvmem 44010000.nvram: Initialized s32cc siul2 nvmem driver
[    1.240556] GACT probability on
[    1.243777] Mirror/redirect action on
[    1.247582] Simple TC action Loaded
[    1.251712] netem: version 1.3
[    1.254877] u32 classifier
[    1.257627]     Performance counters on
[    1.261524]     input device check on
[    1.265235]     Actions configured
[    1.270055] xt_time: kernel timezone is -0000
[    1.274728] NET: Registered PF_INET6 protocol family
[    1.280847] Segment Routing with IPv6
[    1.284617] In-situ OAM (IOAM) with IPv6
[    1.288691] sit: IPv6, IPv4 and MPLS over IPv4 tunneling driver
[    1.295248] NET: Registered PF_PACKET protocol family
[    1.300529] can: controller area network core
[    1.305011] NET: Registered PF_CAN protocol family
[    1.309882] can: raw protocol
[    1.312893] can: broadcast manager protocol
[    1.317149] can: netlink gateway - max_hops=1
[    1.321653] 8021q: 802.1Q VLAN Support v1.8
[    1.346209] i2c i2c-0: using pinctrl states for GPIO recovery
[    1.352163] i2c i2c-0: using generic GPIOs for recovery
[    1.358233] pca953x 0-0022: using AI
[    1.368884] rtc-pcf85063 0-0051: registered as rtc1
[    1.373904] i2c i2c-0: IMX I2C adapter registered
[    1.378742] i2c i2c-0: using dma0chan5 (tx) and dma0chan6 (rx) for DMA transfers
[    1.387087] i2c i2c-2: using pinctrl states for GPIO recovery
[    1.393013] i2c i2c-2: using generic GPIOs for recovery
[    1.398409] i2c i2c-2: IMX I2C adapter registered
[    1.403243] i2c i2c-2: using dma1chan17 (tx) and dma1chan18 (rx) for DMA transfers
[    1.411715] i2c i2c-4: using pinctrl states for GPIO recovery
[    1.417640] i2c i2c-4: using generic GPIOs for recovery
[    1.424552] ina2xx 4-0040: power monitor ina231 (Rshunt = 1000 uOhm)
[    1.431069] i2c i2c-4: IMX I2C adapter registered
[    1.435912] i2c i2c-4: using dma1chan19 (tx) and dma1chan20 (rx) for DMA transfers
[    1.465030] phy-s32cc-serdes 40480000.serdes: Using mode 0 for SerDes subsystem
[    1.472927] phy-s32cc-serdes 44180000.serdes: Using mode 4 for SerDes subsystem
[    1.804153] s32cc-pcie 40400000.pcie: Failed to stabilize PHY link
[    1.810443] s32cc-pcie 40400000.pcie: Configuring as RootComplex
[    1.816584] s32cc-pcie 40400000.pcie: host bridge /soc/pcie@40400000 ranges:
[    1.823777] s32cc-pcie 40400000.pcie:       IO 0x5ffffe0000..0x5ffffeffff -> 0x0000000000
[    1.832098] s32cc-pcie 40400000.pcie:      MEM 0x5800000000..0x5ffffdffff -> 0x0000000000
[    1.840431] s32cc-pcie 40400000.pcie: Memory resource size exceeds max for 32 bits
[    2.848279] s32cc-pcie 40400000.pcie: Phy link never came up
[    2.854042] s32cc-pcie 40400000.pcie: Link Up failed, EndPoint may not be connected
[    2.861845] s32cc-pcie 40400000.pcie: iATU: unroll T, 6 ob, 4 ib, align 4K, limit 1024G
NOTICE:  Reset status: External Reset: RESET_B (RUN)
NOTICE:  BL2: v2.10.14(release):bsp44.0-2.10.14
NOTICE:  BL2: Built : 08:13:32, May 13 2025
NOTICE:  BL2: Booting BL31


U-Boot 2022.04+g9a00323278+p0 (May 13 2025 - 06:57:56 +0000)

SoC:   NXP S32G274A rev. 2.1
CPU:   ARM Cortex-A53 r0p4 @ max 1000 MHz
Model: NXP S32G274A-RDB2
DRAM:  4 GiB
Core:  314 devices, 25 uclasses, devicetree: board
MMC:   FSL_SDHC: 0
Loading Environment from MMC... OK
s32cc_serdes_phy serdes@40480000: Using mode 0 for SerDes subsystem
pci_s32cc pcie@40400000: Could not set DEVICE ID
pci_s32cc pcie@40400000: Configuring as RootComplex
pci_s32cc pcie@40400000: Failed to get link up
In:    serial@401c8000
Out:   serial@401c8000
Err:   serial@401c8000
Board revision: RDB2/GLDBOX Revision E
PCIe:   BusDevFun       VendorId   DeviceId   Device Class       Sub-Class
__________________________________________________________________________
pcie@40400000 RootComplex
|   `-- 01:00.00        0x1957     0x4002     Bridge device           0x04
Net:
Warning: ethernet@4033c000 (eth0) using random MAC address - 4e:64:38:66:cc:60
eth0: ethernet@4033c000
Found PFE version 0x50300 (S32G2)
pfeng pfeng-base: Uploading CLASS firmware
pfeng pfeng-base: EMAC0 block was initialized
pfeng pfeng-base: EMAC1 block was initialized
pfeng pfeng-base: EMAC2 block was initialized
pfeng pfeng-base: Enabling the CLASS block
pfeng pfeng-base: PFE Platform started successfully (mask: 7)
s32cc_serdes_phy serdes@44180000: Using mode 4 for SerDes subsystem
s32cc_serdes_phy serdes@44180000: Unstable RX detected on XPCS0
, eth1: pfe0s32cc_serdes_phy serdes@44180000: Unstable RX detected on XPCS1
, eth2: pfe1, eth3: pfe2
Hit any key to stop autoboot:  0
=>
=>
=>
=>
=>
=> <INTERRUPT>
=>
=>
=> printenv sja1110_dsa
sja1110_dsa=yes
=>
sja1110_dsa=yes
=>
sja1110_dsa=yes
=>
sja1110_dsa=yes
=>
sja1110_dsa=yes
=> setenv sja1110_dsa yes
=> saveenv
Saving Environment to MMC... Writing to MMC(0)... OK
=> reset
resetting ...
NOTICE:  Reset status: Destructive Reset (RUN)
NOTICE:  BL2: v2.10.14(release):bsp44.0-2.10.14
NOTICE:  BL2: Built : 08:13:32, May 13 2025
NOTICE:  BL2: Booting BL31


U-Boot 2022.04+g9a00323278+p0 (May 13 2025 - 06:57:56 +0000)

SoC:   NXP S32G274A rev. 2.1
CPU:   ARM Cortex-A53 r0p4 @ max 1000 MHz
Model: NXP S32G274A-RDB2
DRAM:  4 GiB
Core:  314 devices, 25 uclasses, devicetree: board
MMC:   FSL_SDHC: 0
Loading Environment from MMC... OK
s32cc_serdes_phy serdes@40480000: Using mode 0 for SerDes subsystem
pci_s32cc pcie@40400000: Could not set DEVICE ID
pci_s32cc pcie@40400000: Configuring as RootComplex
pci_s32cc pcie@40400000: Failed to get link up
In:    serial@401c8000
Out:   serial@401c8000
Err:   serial@401c8000
Board revision: RDB2/GLDBOX Revision E
PCIe:   BusDevFun       VendorId   DeviceId   Device Class       Sub-Class
__________________________________________________________________________
pcie@40400000 RootComplex
|   `-- 01:00.00        0x1957     0x4002     Bridge device           0x04
Net:   eth0: ethernet@4033c000
Found PFE version 0x50300 (S32G2)
pfeng pfeng-base: Uploading CLASS firmware
pfeng pfeng-base: EMAC0 block was initialized
pfeng pfeng-base: EMAC1 block was initialized
pfeng pfeng-base: EMAC2 block was initialized
pfeng pfeng-base: Enabling the CLASS block
pfeng pfeng-base: PFE Platform started successfully (mask: 7)
s32cc_serdes_phy serdes@44180000: Using mode 4 for SerDes subsystem
s32cc_serdes_phy serdes@44180000: Unstable RX detected on XPCS0
, eth1: pfe0s32cc_serdes_phy serdes@44180000: Unstable RX detected on XPCS1
, eth2: pfe1, eth3: pfe2
Hit any key to stop autoboot:  0
switch to partitions #0, OK
mmc0 is current device
17139720 bytes read in 720 ms (22.7 MiB/s)
Booting from mmc ...
59234 bytes read in 6 ms (9.4 MiB/s)
## Flattened Device Tree blob at 83000000
   Booting using the fdt blob at 0x83000000
   Using Device Tree in place at 0000000083000000, end 0000000083011761
   fixup: pfe1: update phy addr to 0x8
Failed to configure XPCS1_1
Failed to update XPCS1 for SerDes1

Starting kernel ...

[    0.000000] Booting Linux on physical CPU 0x0000000000 [0x410fd034]
[    0.000000] Linux version 6.6.85-rt53-g6208e1d0d7b5 (oe-user@oe-host) (aarch64-fsl-linux-gcc (GCC) 13.3.0, GNU ld (GNU Binutils) 2.42.0.20240723) #1 SMP PREEMPT Wed May 14 13:40:03 UTC 2025
[    0.000000] Machine model: NXP S32G2 Reference Design Board 2 (S32G-VNP-RDB2)
[    0.000000] earlycon: linflex0 at MMIO 0x00000000401c8000 (options '')
[    0.000000] printk: legacy bootconsole [linflex0] enabled
[    0.000000] OF: reserved mem: 0x0000000034000000..0x000000003407ffff (512 KiB) nomap non-reusable pfebufs@34000000
[    0.000000] OF: reserved mem: 0x0000000034080000..0x000000003409ffff (128 KiB) nomap non-reusable pfebufs@34080000
[    0.000000] Reserved memory: created DMA memory pool at 0x0000000083200000, size 3 MiB
[    0.000000] OF: reserved mem: initialized node pfebufs@83200000, compatible id shared-dma-pool
[    0.000000] OF: reserved mem: 0x0000000083200000..0x00000000835dffff (3968 KiB) nomap non-reusable pfebufs@83200000
[    0.000000] OF: reserved mem: 0x00000000835e0000..0x00000000835fffff (128 KiB) map non-reusable pfebufs@835e0000
[    0.000000] OF: reserved mem: 0x0000000084000000..0x0000000084ffffff (16384 KiB) nomap non-reusable shm@84000000
[    0.000000] OF: reserved mem: 0x00000000c0000000..0x00000000c03fffff (4096 KiB) nomap non-reusable shm@c0000000
[    0.000000] OF: reserved mem: 0x00000000c0400000..0x00000000c07fffff (4096 KiB) nomap non-reusable shm@c0400000
[    0.000000] OF: reserved mem: 0x00000000d0000000..0x00000000d000007f (0 KiB) nomap non-reusable shm@d0000000
[    0.000000] OF: reserved mem: 0x00000000d0000080..0x00000000d00000ff (0 KiB) nomap non-reusable shm@d0000080
[    0.000000] OF: reserved mem: 0x00000000ff600000..0x00000000ff7fffff (2048 KiB) nomap non-reusable atf@ff600000
[    0.000000] Zone ranges:
[    0.000000]   DMA      [mem 0x0000000080000000-0x00000000ffffffff]
[    0.000000]   DMA32    empty
[    0.000000]   Normal   [mem 0x0000000100000000-0x00000008ffffffff]
[    0.000000] Movable zone start for each node
[    0.000000] Early memory node ranges
[    0.000000]   node   0: [mem 0x0000000080000000-0x00000000831fffff]
[    0.000000]   node   0: [mem 0x0000000083200000-0x00000000835dffff]
[    0.000000]   node   0: [mem 0x00000000835e0000-0x0000000083ffffff]
[    0.000000]   node   0: [mem 0x0000000084000000-0x0000000084ffffff]
[    0.000000]   node   0: [mem 0x0000000085000000-0x00000000bfffffff]
[    0.000000]   node   0: [mem 0x00000000c0000000-0x00000000c07fffff]
[    0.000000]   node   0: [mem 0x00000000c0800000-0x00000000cfffffff]
[    0.000000]   node   0: [mem 0x00000000d0001000-0x00000000ff5fffff]
[    0.000000]   node   0: [mem 0x00000000ff600000-0x00000000ff7fffff]
[    0.000000]   node   0: [mem 0x00000000ff800000-0x00000000ffffffff]
[    0.000000]   node   0: [mem 0x0000000880000000-0x00000008ffffffff]
[    0.000000] Initmem setup node 0 [mem 0x0000000080000000-0x00000008ffffffff]
[    0.000000] On node 0, zone DMA: 1 pages in unavailable ranges
[    0.000000] cma: Reserved 256 MiB at 0x00000000ef600000 on node -1
[    0.000000] psci: probing for conduit method from DT.
[    0.000000] psci: PSCIv1.1 detected in firmware.
[    0.000000] psci: Using standard PSCI v0.2 function IDs
[    0.000000] psci: MIGRATE_INFO_TYPE not supported.
[    0.000000] psci: SMC Calling Convention v1.4
[    0.000000] percpu: Embedded 19 pages/cpu s40104 r8192 d29528 u77824
[    0.000000] Detected VIPT I-cache on CPU0
[    0.000000] CPU features: detected: GIC system register CPU interface
[    0.000000] CPU features: detected: ARM erratum 845719
[    0.000000] CPU features: detected: NXP erratum ERR050481 (TLBI by VA handled incorrectly)
[    0.000000] CPU features: detected: ARM errata 1165522, 1319367, 1530923, or 1530924
[    0.000000] alternatives: applying boot alternatives
[    0.000000] Kernel command line: console=ttyLF0,115200 root=/dev/mmcblk0p3 rootwait rw earlycon
[    0.000000] Dentry cache hash table entries: 524288 (order: 10, 4194304 bytes, linear)
[    0.000000] Inode-cache hash table entries: 262144 (order: 9, 2097152 bytes, linear)
[    0.000000] Built 1 zonelists, mobility grouping on.  Total pages: 1032191
[    0.000000] mem auto-init: stack:all(zero), heap alloc:off, heap free:off
[    0.000000] software IO TLB: area num 4.
[    0.000000] software IO TLB: mapped [mem 0x00000000eb600000-0x00000000ef600000] (64MB)
[    0.000000] Memory: 3737544K/4194300K available (10688K kernel code, 738K rwdata, 3220K rodata, 1984K init, 233K bss, 194612K reserved, 262144K cma-reserved)
[    0.000000] SLUB: HWalign=64, Order=0-3, MinObjects=0, CPUs=4, Nodes=1
[    0.000000] rcu: Preemptible hierarchical RCU implementation.
[    0.000000] rcu:     RCU event tracing is enabled.
[    0.000000] rcu:     RCU restricting CPUs from NR_CPUS=8 to nr_cpu_ids=4.
[    0.000000]  Trampoline variant of Tasks RCU enabled.
[    0.000000]  Tracing variant of Tasks RCU enabled.
[    0.000000] rcu: RCU calculated value of scheduler-enlistment delay is 25 jiffies.
[    0.000000] rcu: Adjusting geometry for rcu_fanout_leaf=16, nr_cpu_ids=4
[    0.000000] NR_IRQS: 64, nr_irqs: 64, preallocated irqs: 0
[    0.000000] GICv3: GIC: Using split EOI/Deactivate mode
[    0.000000] GICv3: 544 SPIs implemented
[    0.000000] GICv3: 0 Extended SPIs implemented
[    0.000000] GICv3: MBI range [167:182]
[    0.000000] GICv3: Using MBI frame 0x0000000050800000
[    0.000000] Root IRQ handler: gic_handle_irq
[    0.000000] GICv3: GICv3 features: 16 PPIs
[    0.000000] GICv3: CPU0: found redistributor 0 region 0:0x0000000050880000
[    0.000000] ITS: No ITS available, not enabling LPIs
[    0.000000] rcu: srcu_init: Setting srcu_struct sizes based on contention.
[    0.000000] arch_timer: cp15 timer(s) running at 5.00MHz (phys).
[    0.000000] clocksource: arch_sys_counter: mask: 0xffffffffffffff max_cycles: 0x127350b88, max_idle_ns: 440795202120 ns
[    0.000001] sched_clock: 56 bits at 5MHz, resolution 200ns, wraps every 4398046511100ns
[    0.008457] Console: colour dummy device 80x25
[    0.012515] Calibrating delay loop (skipped), value calculated using timer frequency.. 10.00 BogoMIPS (lpj=20000)
[    0.022718] pid_max: default: 32768 minimum: 301
[    0.027441] Mount-cache hash table entries: 8192 (order: 4, 65536 bytes, linear)
[    0.034709] Mountpoint-cache hash table entries: 8192 (order: 4, 65536 bytes, linear)
[    0.044335] RCU Tasks: Setting shift to 2 and lim to 1 rcu_task_cb_adjust=1 rcu_task_cpu_ids=4.
[    0.052708] RCU Tasks Trace: Setting shift to 2 and lim to 1 rcu_task_cb_adjust=1 rcu_task_cpu_ids=4.
[    0.062057] rcu: Hierarchical SRCU implementation.
[    0.066593] rcu:     Max phase no-delay instances is 1000.
[    0.072875] smp: Bringing up secondary CPUs ...
[    0.077696] Detected VIPT I-cache on CPU1
[    0.077782] GICv3: CPU1: found redistributor 1 region 0:0x00000000508a0000
[    0.077838] CPU1: Booted secondary processor 0x0000000001 [0x410fd034]
[    0.078626] Detected VIPT I-cache on CPU2
[    0.078702] GICv3: CPU2: found redistributor 100 region 0:0x00000000508c0000
[    0.078742] CPU2: Booted secondary processor 0x0000000100 [0x410fd034]
[    0.079441] Detected VIPT I-cache on CPU3
[    0.079488] GICv3: CPU3: found redistributor 101 region 0:0x00000000508e0000
[    0.079513] CPU3: Booted secondary processor 0x0000000101 [0x410fd034]
[    0.079604] smp: Brought up 1 node, 4 CPUs
[    0.135728] SMP: Total of 4 processors activated.
[    0.140396] CPU features: detected: 32-bit EL0 Support
[    0.145539] CPU features: detected: CRC32 instructions
[    0.150721] CPU: All CPU(s) started at EL2
[    0.154732] alternatives: applying system-wide alternatives
[    0.162454] devtmpfs: initialized
[    0.176285] clocksource: jiffies: mask: 0xffffffff max_cycles: 0xffffffff, max_idle_ns: 7645041785100000 ns
[    0.185644] futex hash table entries: 1024 (order: 4, 65536 bytes, linear)
[    0.201904] pinctrl core: initialized pinctrl subsystem
[    0.207733] NET: Registered PF_NETLINK/PF_ROUTE protocol family
[    0.214377] DMA: preallocated 512 KiB GFP_KERNEL pool for atomic allocations
[    0.221273] DMA: preallocated 512 KiB GFP_KERNEL|GFP_DMA pool for atomic allocations
[    0.229064] DMA: preallocated 512 KiB GFP_KERNEL|GFP_DMA32 pool for atomic allocations
[    0.237102] thermal_sys: Registered thermal governor 'step_wise'
[    0.237254] hw-breakpoint: found 6 breakpoint and 4 watchpoint registers.
[    0.249698] ASID allocator initialised with 65536 entries
[    0.255122] Serial: AMBA PL011 UART driver
[    0.259120] scmi_core: SCMI protocol bus registered
[    0.265230] scmi_protocol scmi_dev.1: Enabled polling mode TX channel - prot_id:16
[    0.272808] arm-scmi firmware:scmi: SCMI Notifications - Core Enabled.
[    0.278979] arm-scmi firmware:scmi: SCMI Protocol v2.0 'NXP:S32G274A' Firmware version 0x0
[    0.296473] /soc/interrupt-controller@50800000: Fixed dependency cycle(s) with /soc/interrupt-controller@50800000
[    0.308658] /soc/siul2@4009c000/siul2-pinctrl@4009c240: Fixed dependency cycle(s) with /soc/siul2@4009c000/siul2-pinctrl@4009c240/jtag_pins
[    0.331291] Modules: 28512 pages in range for non-PLT usage
[    0.331315] Modules: 520032 pages in range for PLT usage
[    0.337085] HugeTLB: registered 1.00 GiB page size, pre-allocated 0 pages
[    0.348740] HugeTLB: 0 KiB vmemmap can be freed for a 1.00 GiB page
[    0.354990] HugeTLB: registered 32.0 MiB page size, pre-allocated 0 pages
[    0.361758] HugeTLB: 0 KiB vmemmap can be freed for a 32.0 MiB page
[    0.368011] HugeTLB: registered 2.00 MiB page size, pre-allocated 0 pages
[    0.374778] HugeTLB: 0 KiB vmemmap can be freed for a 2.00 MiB page
[    0.381031] HugeTLB: registered 64.0 KiB page size, pre-allocated 0 pages
[    0.387798] HugeTLB: 0 KiB vmemmap can be freed for a 64.0 KiB page
[    0.403774] SCSI subsystem initialized
[    0.407339] usbcore: registered new interface driver usbfs
[    0.412609] usbcore: registered new interface driver hub
[    0.417914] usbcore: registered new device driver usb
[    0.423680] pps_core: LinuxPPS API ver. 1 registered
[    0.428215] pps_core: Software ver. 5.3.6 - Copyright 2005-2007 Rodolfo Giometti <giometti@linux.it>
[    0.437340] PTP clock support registered
[    0.442496] vgaarb: loaded
[    0.445136] clocksource: Switched to clocksource arch_sys_counter
[    0.459076] NET: Registered PF_INET protocol family
[    0.463829] IP idents hash table entries: 65536 (order: 7, 524288 bytes, linear)
[    0.474277] tcp_listen_portaddr_hash hash table entries: 2048 (order: 3, 32768 bytes, linear)
[    0.482467] Table-perturb hash table entries: 65536 (order: 6, 262144 bytes, linear)
[    0.490112] TCP established hash table entries: 32768 (order: 6, 262144 bytes, linear)
[    0.498256] TCP bind hash table entries: 32768 (order: 8, 1048576 bytes, linear)
[    0.506539] TCP: Hash tables configured (established 32768 bind 32768)
[    0.512873] UDP hash table entries: 2048 (order: 4, 65536 bytes, linear)
[    0.519442] UDP-Lite hash table entries: 2048 (order: 4, 65536 bytes, linear)
[    0.526732] NET: Registered PF_UNIX/PF_LOCAL protocol family
[    0.532634] RPC: Registered named UNIX socket transport module.
[    0.538131] RPC: Registered udp transport module.
[    0.542810] RPC: Registered tcp transport module.
[    0.547496] RPC: Registered tcp-with-tls transport module.
[    0.552965] RPC: Registered tcp NFSv4.1 backchannel transport module.
[    0.559423] PCI: CLS 0 bytes, default 64
[    0.564733] workingset: timestamp_bits=62 max_order=20 bucket_order=0
[    0.571419] fuse: init (API version 7.39)
[    0.575203] NET: Registered PF_ALG protocol family
[    0.579828] Block layer SCSI generic (bsg) driver version 0.4 loaded (major 248)
[    0.587159] io scheduler mq-deadline registered
[    0.591668] io scheduler kyber registered
[    0.595670] io scheduler bfq registered
[    0.603976] s32cc-siul2-pinctrl 4009c240.siul2-pinctrl: initialized s32 pinctrl driver
[    0.613366] s32cc-siul2-gpio 4009d700.siul2-gpio: No cache defaults, reading back from HW
[    0.621261] s32cc-siul2-gpio 4009d700.siul2-gpio: No cache defaults, reading back from HW
[    0.629764] gpio gpiochip0: Static allocation of GPIO base is deprecated, use dynamic allocation.
[    0.639322] s32cc-siul2-gpio 4009d700.siul2-gpio: No cache defaults, reading back from HW
[    0.647159] s32cc-siul2-gpio 4009d700.siul2-gpio: No cache defaults, reading back from HW
[    0.667284] printk: legacy console [ttyLF0] enabled000 (irq = 23, base_baud = 7812500) is a FSL_LINFLEX
[    0.667284] printk: legacy console [ttyLF0] enabled
[    0.677200] printk: legacy bootconsole [linflex0] disabled
[    0.677200] printk: legacy bootconsole [linflex0] disabled
[    0.690052] 401cc000.serial: ttyLF1 at MMIO 0x401cc000 (irq = 24, base_baud = 7812500) is a FSL_LINFLEX
[    0.701436] s32cc_fccu 4030c000.fccu: FCCU status is 0 (normal)
[    0.710622] ethernet-switch@1 enforce active low on GPIO handle
[    0.719503] spi-nor spi6.0: mx25uw51245g (65536 Kbytes)
[    0.725439] 8 fixed-partitions partitions found on MTD device 0.spi
[    0.731820] Creating 8 MTD partitions on "0.spi":
[    0.736602] 0x000000000000-0x000004000000 : "Flash-Image"
[    0.742466] 0x000000000000-0x0000000d0000 : "BL2"
[    0.747581] 0x0000000d0000-0x0000002a0000 : "FIP"
[    0.752684] 0x0000002a0000-0x0000002b0000 : "U-Boot-Env"
[    0.758410] 0x0000002b0000-0x000001380000 : "Kernel"
[    0.763793] 0x000001380000-0x0000013b0000 : "DTB"
[    0.768895] 0x0000013b0000-0x0000032c0000 : "Rootfs"
[    0.774261] 0x0000032c0000-0x000004000000 : "PFE-Firmware"
[    0.782489] vcan: Virtual CAN interface driver
[    0.787020] slcan: serial line CAN interface driver
[    0.791975] CAN device driver interface
[    0.797239] flexcan 401b4000.can: device registered (reg_base=(____ptrval____), irq(s):
[    0.805384] flexcan 401b4000.can:  30
[    0.809097] flexcan 401b4000.can:  31
[    0.812819] flexcan 401b4000.can:  32
[    0.816539] flexcan 401b4000.can:  33
[    0.820258] flexcan 401b4000.can: )
[    0.824831] flexcan 401be000.can: device registered (reg_base=(____ptrval____), irq(s):
[    0.832976] flexcan 401be000.can:  34
[    0.836707] flexcan 401be000.can:  35
[    0.840427] flexcan 401be000.can:  36
[    0.844147] flexcan 401be000.can:  37
[    0.847873] flexcan 401be000.can: )
[    0.852008] sja1105 spi5.1: Probed switch chip: SJA1110A
[    0.857440] sja1105 spi5.1: Port 2 interpreting RGMII delay settings based on "phy-mode" property, please update device tree to specify "rx-internal-delay-ps" and "tx-internal-delay-ps"
[    0.874206] sja1105 spi5.1: Port 3 interpreting RGMII delay settings based on "phy-mode" property, please update device tree to specify "rx-internal-delay-ps" and "tx-internal-delay-ps"
[    0.891070] e100: Intel(R) PRO/100 Network Driver
[    0.895850] e100: Copyright(c) 1999-2006 Intel Corporation
[    0.901451] e1000: Intel(R) PRO/1000 Network Driver
[    0.906405] e1000: Copyright (c) 1999-2006 Intel Corporation.
[    0.912270] e1000e: Intel(R) PRO/1000 Network Driver
[    0.917310] e1000e: Copyright(c) 1999 - 2015 Intel Corporation.
[    0.923341] igb: Intel(R) Gigabit Ethernet Network Driver
[    0.928821] igb: Copyright (c) 2007-2014 Intel Corporation.
[    0.935813] hse-uio 40210000.mu0b: firmware not found
[    0.941587] usbcore: registered new interface driver uas
[    0.947019] usbcore: registered new interface driver usb-storage
[    0.954281] imx_usb 44064000.usb: No over current polarity defined
[    0.973228] ci_hdrc ci_hdrc.0: EHCI Host Controller
[    0.978360] ci_hdrc ci_hdrc.0: new USB bus registered, assigned bus number 1
[    1.001143] ci_hdrc ci_hdrc.0: USB 2.0 started, EHCI 1.00
[    1.006801] usb usb1: New USB device found, idVendor=1d6b, idProduct=0002, bcdDevice= 6.06
[    1.015199] usb usb1: New USB device strings: Mfr=3, Product=2, SerialNumber=1
[    1.022533] usb usb1: Product: EHCI Host Controller
[    1.027488] usb usb1: Manufacturer: Linux 6.6.85-rt53-g6208e1d0d7b5 ehci_hcd
[    1.034647] usb usb1: SerialNumber: ci_hdrc.0
[    1.039546] hub 1-0:1.0: USB hub found
[    1.043384] hub 1-0:1.0: 1 port detected
[    1.049285] s32cc-rtc 40060000.rtc: registered as rtc0
[    1.054535] s32cc-rtc 40060000.rtc: setting system clock to 1970-01-01T00:00:00 UTC (0)
[    1.062867] i2c_dev: i2c /dev entries driver
[    1.067773] s32cc-wdt 4010c000.watchdog: S32CC Watchdog Timer Registered. timeout=30s (nowayout=0)
[    1.077112] s32cc-wdt 40200000.watchdog: S32CC Watchdog Timer Registered. timeout=30s (nowayout=0)
[    1.086430] s32cc-wdt 40204000.watchdog: S32CC Watchdog Timer Registered. timeout=30s (nowayout=0)
[    1.095719] s32cc-wdt 40208000.watchdog: S32CC Watchdog Timer Registered. timeout=30s (nowayout=0)
[    1.106755] sdhci: Secure Digital Host Controller Interface driver
[    1.113089] sdhci: Copyright(c) Pierre Ossman
[    1.117518] sdhci-pltfm: SDHCI platform and OF driver helper
[    1.123569] SMCCC: SOC_ID: ARCH_SOC_ID not implemented, skipping ....
[    1.130735] hse 40211000.mu1b: interface mu1b not active
[    1.136806] usbcore: registered new interface driver usbhid
[    1.142487] usbhid: USB HID core driver
[    1.153153] mmc0: SDHCI controller on 402f0000.mmc [402f0000.mmc] using ADMA
[    1.160479] s32-adc 401f8000.adc: using dma0chan4 for ADC DMA transfers
[    1.167767] s32-adc 401f8000.adc: Device initialized successfully.
[    1.185409] s32-adc 402e8000.adc: using dma1chan16 for ADC DMA transfers
[    1.192749] s32-adc 402e8000.adc: Device initialized successfully.
[    1.194537] mmc0: new high speed SDHC card at address 0001
[    1.204875] hw perfevents: enabled with armv8_cortex_a53 PMU driver, 7 counters available
[    1.205289] mmcblk0: mmc0:0001 SD32G 28.8 GiB
[    1.215042] s32-siul2-nvmem 4009c000.nvram: Initialized s32cc siul2 nvmem driver
[    1.219577]  mmcblk0: p1 p2 p3
[    1.225410] s32-siul2-nvmem 44010000.nvram: Initialized s32cc siul2 nvmem driver
[    1.236574] GACT probability on
[    1.239803] Mirror/redirect action on
[    1.243607] Simple TC action Loaded
[    1.247723] netem: version 1.3
[    1.250892] u32 classifier
[    1.253645]     Performance counters on
[    1.257538]     input device check on
[    1.261252]     Actions configured
[    1.266043] xt_time: kernel timezone is -0000
[    1.270706] NET: Registered PF_INET6 protocol family
[    1.276702] Segment Routing with IPv6
[    1.280508] In-situ OAM (IOAM) with IPv6
[    1.284596] sit: IPv6, IPv4 and MPLS over IPv4 tunneling driver
[    1.291164] NET: Registered PF_PACKET protocol family
[    1.296473] can: controller area network core
[    1.300944] NET: Registered PF_CAN protocol family
[    1.305812] can: raw protocol
[    1.308823] can: broadcast manager protocol
[    1.313076] can: netlink gateway - max_hops=1
[    1.317577] 8021q: 802.1Q VLAN Support v1.8
[    1.342036] i2c i2c-0: using pinctrl states for GPIO recovery
[    1.348000] i2c i2c-0: using generic GPIOs for recovery
[    1.354063] pca953x 0-0022: using AI
[    1.364611] rtc-pcf85063 0-0051: registered as rtc1
[    1.369639] i2c i2c-0: IMX I2C adapter registered
[    1.374473] i2c i2c-0: using dma0chan5 (tx) and dma0chan6 (rx) for DMA transfers
[    1.382801] i2c i2c-2: using pinctrl states for GPIO recovery
[    1.388727] i2c i2c-2: using generic GPIOs for recovery
[    1.394125] i2c i2c-2: IMX I2C adapter registered
[    1.398956] i2c i2c-2: using dma1chan17 (tx) and dma1chan18 (rx) for DMA transfers
[    1.407347] i2c i2c-4: using pinctrl states for GPIO recovery
[    1.413258] i2c i2c-4: using generic GPIOs for recovery
[    1.420126] ina2xx 4-0040: power monitor ina231 (Rshunt = 1000 uOhm)
[    1.426639] i2c i2c-4: IMX I2C adapter registered
[    1.431476] i2c i2c-4: using dma1chan19 (tx) and dma1chan20 (rx) for DMA transfers
[    1.460177] phy-s32cc-serdes 40480000.serdes: Using mode 0 for SerDes subsystem
[    1.468076] phy-s32cc-serdes 44180000.serdes: Using mode 4 for SerDes subsystem
[    1.799092] s32cc-pcie 40400000.pcie: Failed to stabilize PHY link
[    1.805381] s32cc-pcie 40400000.pcie: Configuring as RootComplex
[    1.811521] s32cc-pcie 40400000.pcie: host bridge /soc/pcie@40400000 ranges:
[    1.818715] s32cc-pcie 40400000.pcie:       IO 0x5ffffe0000..0x5ffffeffff -> 0x0000000000
[    1.827036] s32cc-pcie 40400000.pcie:      MEM 0x5800000000..0x5ffffdffff -> 0x0000000000
[    1.835362] s32cc-pcie 40400000.pcie: Memory resource size exceeds max for 32 bits
[    2.843214] s32cc-pcie 40400000.pcie: Phy link never came up
[    2.848993] s32cc-pcie 40400000.pcie: Link Up failed, EndPoint may not be connected
[    2.856795] s32cc-pcie 40400000.pcie: iATU: unroll T, 6 ob, 4 ib, align 4K, limit 1024G
[    3.865141] s32cc-pcie 40400000.pcie: Phy link never came up
[    3.870892] s32cc-pcie 40400000.pcie: Link Up failed, EndPoint may not be connected
[    4.878808] s32cc-pcie 40400000.pcie: Phy link never came up
[    4.885188] s32cc-pcie 40400000.pcie: PCI host bridge to bus 0000:00
