
=>
=>
=> #
=> env default -f -a
## Resetting to default environment
=>
## Resetting to default environment
=> #
=> saveenv
Saving Environment to MMC... Writing to MMC(0)... OK
=> # DSA
=> setenv sja1110_dsa yes
=>
=> #
=> saveenv
Saving Environment to MMC... Writing to MMC(0)... OK
=>
=> #
=> reset
resetting ...
NOTICE:  Reset status: Destructive Reset (RUN)
NOTICE:  BL2: v2.10.14(release):bsp44.0-2.10.14
NOTICE:  BL2: Built : 08:13:32, May 13 2025
NOTICE:  BL2: Booting BL31


U-Boot 2022.04+g9a00323278+p0 (May 13 2025 - 06:57:56 +0000)

SoC:   NXP S32G274A rev. 2.1
CPU:   ARM Cortex-A53 r0p4 @ max 1000 MHz
Model: NXP S32G274A-RDB2
DRAM:  4 GiB
Core:  314 devices, 25 uclasses, devicetree: board
MMC:   FSL_SDHC: 0
Loading Environment from MMC... OK
s32cc_serdes_phy serdes@40480000: Using mode 0 for SerDes subsystem
pci_s32cc pcie@40400000: Could not set DEVICE ID
pci_s32cc pcie@40400000: Configuring as RootComplex
pci_s32cc pcie@40400000: Failed to get link up
In:    serial@401c8000
Out:   serial@401c8000
Err:   serial@401c8000
Board revision: RDB2/GLDBOX Revision E
PCIe:   BusDevFun       VendorId   DeviceId   Device Class       Sub-Class
__________________________________________________________________________
pcie@40400000 RootComplex
|   `-- 01:00.00        0x1957     0x4002     Bridge device           0x04
Net:
Warning: ethernet@4033c000 (eth0) using random MAC address - 16:68:1f:6a:73:34
eth0: ethernet@4033c000
Found PFE version 0x50300 (S32G2)
pfeng pfeng-base: Uploading CLASS firmware
pfeng pfeng-base: EMAC0 block was initialized
pfeng pfeng-base: EMAC1 block was initialized
pfeng pfeng-base: EMAC2 block was initialized
pfeng pfeng-base: Enabling the CLASS block
pfeng pfeng-base: PFE Platform started successfully (mask: 7)
s32cc_serdes_phy serdes@44180000: Using mode 4 for SerDes subsystem
s32cc_serdes_phy serdes@44180000: Unstable RX detected on XPCS0
, eth1: pfe0s32cc_serdes_phy serdes@44180000: Unstable RX detected on XPCS1
, eth2: pfe1, eth3: pfe2
Hit any key to stop autoboot:  0
switch to partitions #0, OK
mmc0 is current device
17139720 bytes read in 719 ms (22.7 MiB/s)
Booting from mmc ...
59234 bytes read in 6 ms (9.4 MiB/s)
## Flattened Device Tree blob at 83000000
   Booting using the fdt blob at 0x83000000
   Using Device Tree in place at 0000000083000000, end 0000000083011761
   fixup: pfe1: update phy addr to 0x8
Failed to configure XPCS1_1
Failed to update XPCS1 for SerDes1

Starting kernel ...

[    0.000000] Booting Linux on physical CPU 0x0000000000 [0x410fd034]
[    0.000000] Linux version 6.6.85-rt53-g6208e1d0d7b5 (oe-user@oe-host) (aarch64-fsl-linux-gcc (GCC) 13.3.0, GNU ld (GNU Binutils) 2.42.0.20240723) #1 SMP PREEMPT Wed May 14 13:40:03 UTC 2025
[    0.000000] Machine model: NXP S32G2 Reference Design Board 2 (S32G-VNP-RDB2)
[    0.000000] earlycon: linflex0 at MMIO 0x00000000401c8000 (options '')
[    0.000000] printk: legacy bootconsole [linflex0] enabled
[    0.000000] OF: reserved mem: 0x0000000034000000..0x000000003407ffff (512 KiB) nomap non-reusable pfebufs@34000000
[    0.000000] OF: reserved mem: 0x0000000034080000..0x000000003409ffff (128 KiB) nomap non-reusable pfebufs@34080000
[    0.000000] Reserved memory: created DMA memory pool at 0x0000000083200000, size 3 MiB
[    0.000000] OF: reserved mem: initialized node pfebufs@83200000, compatible id shared-dma-pool
[    0.000000] OF: reserved mem: 0x0000000083200000..0x00000000835dffff (3968 KiB) nomap non-reusable pfebufs@83200000
[    0.000000] OF: reserved mem: 0x00000000835e0000..0x00000000835fffff (128 KiB) map non-reusable pfebufs@835e0000
[    0.000000] OF: reserved mem: 0x0000000084000000..0x0000000084ffffff (16384 KiB) nomap non-reusable shm@84000000
[    0.000000] OF: reserved mem: 0x00000000c0000000..0x00000000c03fffff (4096 KiB) nomap non-reusable shm@c0000000
[    0.000000] OF: reserved mem: 0x00000000c0400000..0x00000000c07fffff (4096 KiB) nomap non-reusable shm@c0400000
[    0.000000] OF: reserved mem: 0x00000000d0000000..0x00000000d000007f (0 KiB) nomap non-reusable shm@d0000000
[    0.000000] OF: reserved mem: 0x00000000d0000080..0x00000000d00000ff (0 KiB) nomap non-reusable shm@d0000080
[    0.000000] OF: reserved mem: 0x00000000ff600000..0x00000000ff7fffff (2048 KiB) nomap non-reusable atf@ff600000
[    0.000000] Zone ranges:
[    0.000000]   DMA      [mem 0x0000000080000000-0x00000000ffffffff]
[    0.000000]   DMA32    empty
[    0.000000]   Normal   [mem 0x0000000100000000-0x00000008ffffffff]
[    0.000000] Movable zone start for each node
[    0.000000] Early memory node ranges
[    0.000000]   node   0: [mem 0x0000000080000000-0x00000000831fffff]
[    0.000000]   node   0: [mem 0x0000000083200000-0x00000000835dffff]
[    0.000000]   node   0: [mem 0x00000000835e0000-0x0000000083ffffff]
[    0.000000]   node   0: [mem 0x0000000084000000-0x0000000084ffffff]
[    0.000000]   node   0: [mem 0x0000000085000000-0x00000000bfffffff]
[    0.000000]   node   0: [mem 0x00000000c0000000-0x00000000c07fffff]
[    0.000000]   node   0: [mem 0x00000000c0800000-0x00000000cfffffff]
[    0.000000]   node   0: [mem 0x00000000d0001000-0x00000000ff5fffff]
[    0.000000]   node   0: [mem 0x00000000ff600000-0x00000000ff7fffff]
[    0.000000]   node   0: [mem 0x00000000ff800000-0x00000000ffffffff]
[    0.000000]   node   0: [mem 0x0000000880000000-0x00000008ffffffff]
[    0.000000] Initmem setup node 0 [mem 0x0000000080000000-0x00000008ffffffff]
[    0.000000] On node 0, zone DMA: 1 pages in unavailable ranges
[    0.000000] cma: Reserved 256 MiB at 0x00000000ef600000 on node -1
[    0.000000] psci: probing for conduit method from DT.
[    0.000000] psci: PSCIv1.1 detected in firmware.
[    0.000000] psci: Using standard PSCI v0.2 function IDs
[    0.000000] psci: MIGRATE_INFO_TYPE not supported.
[    0.000000] psci: SMC Calling Convention v1.4
[    0.000000] percpu: Embedded 19 pages/cpu s40104 r8192 d29528 u77824
[    0.000000] Detected VIPT I-cache on CPU0
[    0.000000] CPU features: detected: GIC system register CPU interface
[    0.000000] CPU features: detected: ARM erratum 845719
[    0.000000] CPU features: detected: NXP erratum ERR050481 (TLBI by VA handled incorrectly)
[    0.000000] CPU features: detected: ARM errata 1165522, 1319367, 1530923, or 1530924
[    0.000000] alternatives: applying boot alternatives
[    0.000000] Kernel command line: console=ttyLF0,115200 root=/dev/mmcblk0p3 rootwait rw earlycon
[    0.000000] Dentry cache hash table entries: 524288 (order: 10, 4194304 bytes, linear)
[    0.000000] Inode-cache hash table entries: 262144 (order: 9, 2097152 bytes, linear)
[    0.000000] Built 1 zonelists, mobility grouping on.  Total pages: 1032191
[    0.000000] mem auto-init: stack:all(zero), heap alloc:off, heap free:off
[    0.000000] software IO TLB: area num 4.
[    0.000000] software IO TLB: mapped [mem 0x00000000eb600000-0x00000000ef600000] (64MB)
[    0.000000] Memory: 3737544K/4194300K available (10688K kernel code, 738K rwdata, 3220K rodata, 1984K init, 233K bss, 194612K reserved, 262144K cma-reserved)
[    0.000000] SLUB: HWalign=64, Order=0-3, MinObjects=0, CPUs=4, Nodes=1
[    0.000000] rcu: Preemptible hierarchical RCU implementation.
[    0.000000] rcu:     RCU event tracing is enabled.
[    0.000000] rcu:     RCU restricting CPUs from NR_CPUS=8 to nr_cpu_ids=4.
[    0.000000]  Trampoline variant of Tasks RCU enabled.
[    0.000000]  Tracing variant of Tasks RCU enabled.
[    0.000000] rcu: RCU calculated value of scheduler-enlistment delay is 25 jiffies.
[    0.000000] rcu: Adjusting geometry for rcu_fanout_leaf=16, nr_cpu_ids=4
[    0.000000] NR_IRQS: 64, nr_irqs: 64, preallocated irqs: 0
[    0.000000] GICv3: GIC: Using split EOI/Deactivate mode
[    0.000000] GICv3: 544 SPIs implemented
[    0.000000] GICv3: 0 Extended SPIs implemented
[    0.000000] GICv3: MBI range [167:182]
[    0.000000] GICv3: Using MBI frame 0x0000000050800000
[    0.000000] Root IRQ handler: gic_handle_irq
[    0.000000] GICv3: GICv3 features: 16 PPIs
[    0.000000] GICv3: CPU0: found redistributor 0 region 0:0x0000000050880000
[    0.000000] ITS: No ITS available, not enabling LPIs
[    0.000000] rcu: srcu_init: Setting srcu_struct sizes based on contention.
[    0.000000] arch_timer: cp15 timer(s) running at 5.00MHz (phys).
[    0.000000] clocksource: arch_sys_counter: mask: 0xffffffffffffff max_cycles: 0x127350b88, max_idle_ns: 440795202120 ns
[    0.000001] sched_clock: 56 bits at 5MHz, resolution 200ns, wraps every 4398046511100ns
[    0.008461] Console: colour dummy device 80x25
[    0.012517] Calibrating delay loop (skipped), value calculated using timer frequency.. 10.00 BogoMIPS (lpj=20000)
[    0.022722] pid_max: default: 32768 minimum: 301
[    0.027447] Mount-cache hash table entries: 8192 (order: 4, 65536 bytes, linear)
[    0.034713] Mountpoint-cache hash table entries: 8192 (order: 4, 65536 bytes, linear)
[    0.044337] RCU Tasks: Setting shift to 2 and lim to 1 rcu_task_cb_adjust=1 rcu_task_cpu_ids=4.
[    0.052707] RCU Tasks Trace: Setting shift to 2 and lim to 1 rcu_task_cb_adjust=1 rcu_task_cpu_ids=4.
[    0.062055] rcu: Hierarchical SRCU implementation.
[    0.066594] rcu:     Max phase no-delay instances is 1000.
[    0.072902] smp: Bringing up secondary CPUs ...
[    0.077736] Detected VIPT I-cache on CPU1
[    0.077822] GICv3: CPU1: found redistributor 1 region 0:0x00000000508a0000
[    0.077876] CPU1: Booted secondary processor 0x0000000001 [0x410fd034]
[    0.078662] Detected VIPT I-cache on CPU2
[    0.078743] GICv3: CPU2: found redistributor 100 region 0:0x00000000508c0000
[    0.078784] CPU2: Booted secondary processor 0x0000000100 [0x410fd034]
[    0.079485] Detected VIPT I-cache on CPU3
[    0.079534] GICv3: CPU3: found redistributor 101 region 0:0x00000000508e0000
[    0.079559] CPU3: Booted secondary processor 0x0000000101 [0x410fd034]
[    0.079650] smp: Brought up 1 node, 4 CPUs
[    0.135772] SMP: Total of 4 processors activated.
[    0.140441] CPU features: detected: 32-bit EL0 Support
[    0.145584] CPU features: detected: CRC32 instructions
[    0.150766] CPU: All CPU(s) started at EL2
[    0.154776] alternatives: applying system-wide alternatives
[    0.162507] devtmpfs: initialized
[    0.176334] clocksource: jiffies: mask: 0xffffffff max_cycles: 0xffffffff, max_idle_ns: 7645041785100000 ns
[    0.185695] futex hash table entries: 1024 (order: 4, 65536 bytes, linear)
[    0.201914] pinctrl core: initialized pinctrl subsystem
[    0.207744] NET: Registered PF_NETLINK/PF_ROUTE protocol family
[    0.214389] DMA: preallocated 512 KiB GFP_KERNEL pool for atomic allocations
[    0.221295] DMA: preallocated 512 KiB GFP_KERNEL|GFP_DMA pool for atomic allocations
[    0.229068] DMA: preallocated 512 KiB GFP_KERNEL|GFP_DMA32 pool for atomic allocations
[    0.237118] thermal_sys: Registered thermal governor 'step_wise'
[    0.237267] hw-breakpoint: found 6 breakpoint and 4 watchpoint registers.
[    0.249709] ASID allocator initialised with 65536 entries
[    0.255136] Serial: AMBA PL011 UART driver
[    0.259133] scmi_core: SCMI protocol bus registered
[    0.265275] scmi_protocol scmi_dev.1: Enabled polling mode TX channel - prot_id:16
[    0.272845] arm-scmi firmware:scmi: SCMI Notifications - Core Enabled.
[    0.279015] arm-scmi firmware:scmi: SCMI Protocol v2.0 'NXP:S32G274A' Firmware version 0x0
[    0.296603] /soc/interrupt-controller@50800000: Fixed dependency cycle(s) with /soc/interrupt-controller@50800000
[    0.308810] /soc/siul2@4009c000/siul2-pinctrl@4009c240: Fixed dependency cycle(s) with /soc/siul2@4009c000/siul2-pinctrl@4009c240/jtag_pins
[    0.331470] Modules: 28512 pages in range for non-PLT usage
[    0.331493] Modules: 520032 pages in range for PLT usage
[    0.337257] HugeTLB: registered 1.00 GiB page size, pre-allocated 0 pages
[    0.348911] HugeTLB: 0 KiB vmemmap can be freed for a 1.00 GiB page
[    0.355162] HugeTLB: registered 32.0 MiB page size, pre-allocated 0 pages
[    0.361931] HugeTLB: 0 KiB vmemmap can be freed for a 32.0 MiB page
[    0.368183] HugeTLB: registered 2.00 MiB page size, pre-allocated 0 pages
[    0.374951] HugeTLB: 0 KiB vmemmap can be freed for a 2.00 MiB page
[    0.381203] HugeTLB: registered 64.0 KiB page size, pre-allocated 0 pages
[    0.387970] HugeTLB: 0 KiB vmemmap can be freed for a 64.0 KiB page
[    0.403939] SCSI subsystem initialized
[    0.407495] usbcore: registered new interface driver usbfs
[    0.412775] usbcore: registered new interface driver hub
[    0.418079] usbcore: registered new device driver usb
[    0.423845] pps_core: LinuxPPS API ver. 1 registered
[    0.428379] pps_core: Software ver. 5.3.6 - Copyright 2005-2007 Rodolfo Giometti <giometti@linux.it>
[    0.437503] PTP clock support registered
[    0.442668] vgaarb: loaded
[    0.445327] clocksource: Switched to clocksource arch_sys_counter
[    0.459259] NET: Registered PF_INET protocol family
[    0.464006] IP idents hash table entries: 65536 (order: 7, 524288 bytes, linear)
[    0.474453] tcp_listen_portaddr_hash hash table entries: 2048 (order: 3, 32768 bytes, linear)
[    0.482648] Table-perturb hash table entries: 65536 (order: 6, 262144 bytes, linear)
[    0.490290] TCP established hash table entries: 32768 (order: 6, 262144 bytes, linear)
[    0.498434] TCP bind hash table entries: 32768 (order: 8, 1048576 bytes, linear)
[    0.506690] TCP: Hash tables configured (established 32768 bind 32768)
[    0.513000] UDP hash table entries: 2048 (order: 4, 65536 bytes, linear)
[    0.519620] UDP-Lite hash table entries: 2048 (order: 4, 65536 bytes, linear)
[    0.526887] NET: Registered PF_UNIX/PF_LOCAL protocol family
[    0.532792] RPC: Registered named UNIX socket transport module.
[    0.538291] RPC: Registered udp transport module.
[    0.542970] RPC: Registered tcp transport module.
[    0.547657] RPC: Registered tcp-with-tls transport module.
[    0.553124] RPC: Registered tcp NFSv4.1 backchannel transport module.
[    0.559582] PCI: CLS 0 bytes, default 64
[    0.565029] workingset: timestamp_bits=62 max_order=20 bucket_order=0
[    0.571765] fuse: init (API version 7.39)
[    0.575561] NET: Registered PF_ALG protocol family
[    0.580173] Block layer SCSI generic (bsg) driver version 0.4 loaded (major 248)
[    0.587509] io scheduler mq-deadline registered
[    0.592015] io scheduler kyber registered
[    0.596016] io scheduler bfq registered
[    0.604338] s32cc-siul2-pinctrl 4009c240.siul2-pinctrl: initialized s32 pinctrl driver
[    0.613785] s32cc-siul2-gpio 4009d700.siul2-gpio: No cache defaults, reading back from HW
[    0.621692] s32cc-siul2-gpio 4009d700.siul2-gpio: No cache defaults, reading back from HW
[    0.630210] gpio gpiochip0: Static allocation of GPIO base is deprecated, use dynamic allocation.
[    0.639725] s32cc-siul2-gpio 4009d700.siul2-gpio: No cache defaults, reading back from HW
[    0.647581] s32cc-siul2-gpio 4009d700.siul2-gpio: No cache defaults, reading back from HW
[    0.667692] printk: legacy console [ttyLF0] enabled000 (irq = 23, base_baud = 7812500) is a FSL_LINFLEX
[    0.667692] printk: legacy console [ttyLF0] enabled
[    0.677602] printk: legacy bootconsole [linflex0] disabled
[    0.677602] printk: legacy bootconsole [linflex0] disabled
[    0.690247] 401cc000.serial: ttyLF1 at MMIO 0x401cc000 (irq = 24, base_baud = 7812500) is a FSL_LINFLEX
[    0.701557] s32cc_fccu 4030c000.fccu: FCCU status is 0 (normal)
[    0.710719] ethernet-switch@1 enforce active low on GPIO handle
[    0.719551] spi-nor spi6.0: mx25uw51245g (65536 Kbytes)
[    0.725546] 8 fixed-partitions partitions found on MTD device 0.spi
[    0.731922] Creating 8 MTD partitions on "0.spi":
[    0.736701] 0x000000000000-0x000004000000 : "Flash-Image"
[    0.742638] 0x000000000000-0x0000000d0000 : "BL2"
[    0.747738] 0x0000000d0000-0x0000002a0000 : "FIP"
[    0.752835] 0x0000002a0000-0x0000002b0000 : "U-Boot-Env"
[    0.758545] 0x0000002b0000-0x000001380000 : "Kernel"
[    0.763907] 0x000001380000-0x0000013b0000 : "DTB"
[    0.769003] 0x0000013b0000-0x0000032c0000 : "Rootfs"
[    0.774367] 0x0000032c0000-0x000004000000 : "PFE-Firmware"
[    0.782483] vcan: Virtual CAN interface driver
[    0.787054] slcan: serial line CAN interface driver
[    0.792011] CAN device driver interface
[    0.797296] flexcan 401b4000.can: device registered (reg_base=(____ptrval____), irq(s):
[    0.805452] flexcan 401b4000.can:  30
[    0.809163] flexcan 401b4000.can:  31
[    0.812882] flexcan 401b4000.can:  32
[    0.816600] flexcan 401b4000.can:  33
[    0.820319] flexcan 401b4000.can: )
[    0.824836] flexcan 401be000.can: device registered (reg_base=(____ptrval____), irq(s):
[    0.832971] flexcan 401be000.can:  34
[    0.836702] flexcan 401be000.can:  35
[    0.840422] flexcan 401be000.can:  36
[    0.844141] flexcan 401be000.can:  37
[    0.847866] flexcan 401be000.can: )
[    0.852010] sja1105 spi5.1: Probed switch chip: SJA1110A
[    0.857440] sja1105 spi5.1: Port 2 interpreting RGMII delay settings based on "phy-mode" property, please update device tree to specify "rx-internal-delay-ps" and "tx-internal-delay-ps"
[    0.874195] sja1105 spi5.1: Port 3 interpreting RGMII delay settings based on "phy-mode" property, please update device tree to specify "rx-internal-delay-ps" and "tx-internal-delay-ps"
[    0.891042] e100: Intel(R) PRO/100 Network Driver
[    0.895819] e100: Copyright(c) 1999-2006 Intel Corporation
[    0.901439] e1000: Intel(R) PRO/1000 Network Driver
[    0.906392] e1000: Copyright (c) 1999-2006 Intel Corporation.
[    0.912249] e1000e: Intel(R) PRO/1000 Network Driver
[    0.917284] e1000e: Copyright(c) 1999 - 2015 Intel Corporation.
[    0.923310] igb: Intel(R) Gigabit Ethernet Network Driver
[    0.928789] igb: Copyright (c) 2007-2014 Intel Corporation.
[    0.935679] hse-uio 40210000.mu0b: firmware not found
[    0.941475] usbcore: registered new interface driver uas
[    0.946908] usbcore: registered new interface driver usb-storage
[    0.954181] imx_usb 44064000.usb: No over current polarity defined
[    0.973071] ci_hdrc ci_hdrc.0: EHCI Host Controller
[    0.978287] ci_hdrc ci_hdrc.0: new USB bus registered, assigned bus number 1
[    1.001334] ci_hdrc ci_hdrc.0: USB 2.0 started, EHCI 1.00
[    1.007074] usb usb1: New USB device found, idVendor=1d6b, idProduct=0002, bcdDevice= 6.06
[    1.015473] usb usb1: New USB device strings: Mfr=3, Product=2, SerialNumber=1
[    1.022802] usb usb1: Product: EHCI Host Controller
[    1.027757] usb usb1: Manufacturer: Linux 6.6.85-rt53-g6208e1d0d7b5 ehci_hcd
[    1.034909] usb usb1: SerialNumber: ci_hdrc.0
[    1.039828] hub 1-0:1.0: USB hub found
[    1.043686] hub 1-0:1.0: 1 port detected
[    1.049698] s32cc-rtc 40060000.rtc: registered as rtc0
[    1.054950] s32cc-rtc 40060000.rtc: setting system clock to 1970-01-01T00:00:00 UTC (0)
[    1.063286] i2c_dev: i2c /dev entries driver
[    1.068219] s32cc-wdt 4010c000.watchdog: S32CC Watchdog Timer Registered. timeout=30s (nowayout=0)
[    1.077715] s32cc-wdt 40200000.watchdog: S32CC Watchdog Timer Registered. timeout=30s (nowayout=0)
[    1.086998] s32cc-wdt 40204000.watchdog: S32CC Watchdog Timer Registered. timeout=30s (nowayout=0)
[    1.096278] s32cc-wdt 40208000.watchdog: S32CC Watchdog Timer Registered. timeout=30s (nowayout=0)
[    1.107366] sdhci: Secure Digital Host Controller Interface driver
[    1.113675] sdhci: Copyright(c) Pierre Ossman
[    1.118101] sdhci-pltfm: SDHCI platform and OF driver helper
[    1.124129] SMCCC: SOC_ID: ARCH_SOC_ID not implemented, skipping ....
[    1.131225] hse 40211000.mu1b: interface mu1b not active
[    1.137206] usbcore: registered new interface driver usbhid
[    1.142908] usbhid: USB HID core driver
[    1.153337] mmc0: SDHCI controller on 402f0000.mmc [402f0000.mmc] using ADMA
[    1.160675] s32-adc 401f8000.adc: using dma0chan4 for ADC DMA transfers
[    1.168080] s32-adc 401f8000.adc: Device initialized successfully.
[    1.185600] s32-adc 402e8000.adc: using dma1chan16 for ADC DMA transfers
[    1.193026] s32-adc 402e8000.adc: Device initialized successfully.
[    1.194928] mmc0: new high speed SDHC card at address 0001
[    1.205281] hw perfevents: enabled with armv8_cortex_a53 PMU driver, 7 counters available
[    1.205606] mmcblk0: mmc0:0001 SD32G 28.8 GiB
[    1.215351] s32-siul2-nvmem 4009c000.nvram: Initialized s32cc siul2 nvmem driver
[    1.225622]  mmcblk0: p1 p2 p3
[    1.225861] s32-siul2-nvmem 44010000.nvram: Initialized s32cc siul2 nvmem driver
[    1.236949] GACT probability on
[    1.240176] Mirror/redirect action on
[    1.243925] Simple TC action Loaded
[    1.247988] netem: version 1.3
[    1.251143] u32 classifier
[    1.253892]     Performance counters on
[    1.257784]     input device check on
[    1.261508]     Actions configured
[    1.266291] xt_time: kernel timezone is -0000
[    1.270970] NET: Registered PF_INET6 protocol family
[    1.277005] Segment Routing with IPv6
[    1.280802] In-situ OAM (IOAM) with IPv6
[    1.284892] sit: IPv6, IPv4 and MPLS over IPv4 tunneling driver
[    1.291483] NET: Registered PF_PACKET protocol family
[    1.296788] can: controller area network core
[    1.301257] NET: Registered PF_CAN protocol family
[    1.306122] can: raw protocol
[    1.309133] can: broadcast manager protocol
[    1.313387] can: netlink gateway - max_hops=1
[    1.317880] 8021q: 802.1Q VLAN Support v1.8
[    1.342252] i2c i2c-0: using pinctrl states for GPIO recovery
[    1.348202] i2c i2c-0: using generic GPIOs for recovery
[    1.354276] pca953x 0-0022: using AI
[    1.364848] rtc-pcf85063 0-0051: registered as rtc1
[    1.369866] i2c i2c-0: IMX I2C adapter registered
[    1.374698] i2c i2c-0: using dma0chan5 (tx) and dma0chan6 (rx) for DMA transfers
[    1.383064] i2c i2c-2: using pinctrl states for GPIO recovery
[    1.388988] i2c i2c-2: using generic GPIOs for recovery
[    1.394382] i2c i2c-2: IMX I2C adapter registered
[    1.399214] i2c i2c-2: using dma1chan17 (tx) and dma1chan18 (rx) for DMA transfers
[    1.407648] i2c i2c-4: using pinctrl states for GPIO recovery
[    1.413557] i2c i2c-4: using generic GPIOs for recovery
[    1.420457] ina2xx 4-0040: power monitor ina231 (Rshunt = 1000 uOhm)
[    1.426962] i2c i2c-4: IMX I2C adapter registered
[    1.431803] i2c i2c-4: using dma1chan19 (tx) and dma1chan20 (rx) for DMA transfers
[    1.460674] phy-s32cc-serdes 40480000.serdes: Using mode 0 for SerDes subsystem
[    1.468576] phy-s32cc-serdes 44180000.serdes: Using mode 4 for SerDes subsystem
[    1.799184] s32cc-pcie 40400000.pcie: Failed to stabilize PHY link
[    1.805477] s32cc-pcie 40400000.pcie: Configuring as RootComplex
[    1.811621] s32cc-pcie 40400000.pcie: host bridge /soc/pcie@40400000 ranges:
[    1.818809] s32cc-pcie 40400000.pcie:       IO 0x5ffffe0000..0x5ffffeffff -> 0x0000000000
[    1.827130] s32cc-pcie 40400000.pcie:      MEM 0x5800000000..0x5ffffdffff -> 0x0000000000
[    1.835458] s32cc-pcie 40400000.pcie: Memory resource size exceeds max for 32 bits
[    2.843299] s32cc-pcie 40400000.pcie: Phy link never came up
[    2.849099] s32cc-pcie 40400000.pcie: Link Up failed, EndPoint may not be connected
[    2.856902] s32cc-pcie 40400000.pcie: iATU: unroll T, 6 ob, 4 ib, align 4K, limit 1024G
[    3.865225] s32cc-pcie 40400000.pcie: Phy link never came up
[    3.870979] s32cc-pcie 40400000.pcie: Link Up failed, EndPoint may not be connected
[    4.878890] s32cc-pcie 40400000.pcie: Phy link never came up
[    4.885257] s32cc-pcie 40400000.pcie: PCI host bridge to bus 0000:00
[    4.891722] pci_bus 0000:00: root bus resource [bus 00-ff]
[    4.897299] pci_bus 0000:00: root bus resource [io  0x0000-0xffff]
[    4.903587] pci_bus 0000:00: root bus resource [mem 0x5800000000-0x5ffffdffff] (bus address [0x00000000-0x7fffdffff])
[    4.914396] pci 0000:00:00.0: [1957:4002] type 01 class 0x060400
[    4.920513] pci 0000:00:00.0: reg 0x10: [mem 0x5800000000-0x58000fffff]
[    4.927245] pci 0000:00:00.0: reg 0x38: [mem 0x5800000000-0x580000ffff pref]
[    4.934498] pci 0000:00:00.0: supports D1
[    4.938572] pci 0000:00:00.0: PME# supported from D0 D1 D3hot D3cold
[    4.948704] pci 0000:00:00.0: BAR 0: assigned [mem 0x5800000000-0x58000fffff]
[    4.955966] pci 0000:00:00.0: BAR 6: assigned [mem 0x5800100000-0x580010ffff pref]
[    4.963658] pci 0000:00:00.0: PCI bridge to [bus 01-ff]
[    4.969378] pcieport 0000:00:00.0: PME: Signaling with IRQ 51
[    4.976250] sja1105 spi5.1: Probed switch chip: SJA1110A
[    4.981680] sja1105 spi5.1: Port 2 interpreting RGMII delay settings based on "phy-mode" property, please update device tree to specify "rx-internal-delay-ps" and "tx-internal-delay-ps"
[    4.998477] sja1105 spi5.1: Port 3 interpreting RGMII delay settings based on "phy-mode" property, please update device tree to specify "rx-internal-delay-ps" and "tx-internal-delay-ps"
[    5.015919] s32cc-dwmac 4033c000.ethernet: IRQ eth_wake_irq not found
[    5.022480] s32cc-dwmac 4033c000.ethernet: IRQ eth_lpi not found
[    5.029582] s32cc-dwmac 4033c000.ethernet: User ID: 0x10, Synopsys ID: 0x51
[    5.036671] s32cc-dwmac 4033c000.ethernet:   DWMAC4/5
[    5.041727] s32cc-dwmac 4033c000.ethernet: DMA HW capability register supported
[    5.049149] s32cc-dwmac 4033c000.ethernet: RX Checksum Offload Engine supported
[    5.056568] s32cc-dwmac 4033c000.ethernet: TX Checksum insertion supported
[    5.063547] s32cc-dwmac 4033c000.ethernet: Wake-Up On Lan supported
[    5.069972] s32cc-dwmac 4033c000.ethernet: Enable RX Mitigation via HW Watchdog Timer
[    5.077930] s32cc-dwmac 4033c000.ethernet: Enabled L3L4 Flow TC (entries=8)
[    5.084999] s32cc-dwmac 4033c000.ethernet: Enabled RFS Flow TC (entries=10)
[    5.092074] s32cc-dwmac 4033c000.ethernet: Enabling HW TC (entries=256, max_off=256)
[    5.099936] s32cc-dwmac 4033c000.ethernet: Using 32/32 bits DMA host/device width
[    5.114178] hwmon hwmon1: temp1_input not attached to any thermal zone
[    5.123560] qoriq_thermal 400a8000.tmu: Critical rising/falling temperature threshold = 5 degree(s)
[    5.138250] nxp_s32cc_ddr_perf 403e0000.ddr-perf: probing device
[    5.144743] nxp_s32cc_ddr_perf 403e0000.ddr-perf: device initialized successfully
[    5.152725] sja1105 spi5.1: Probed switch chip: SJA1110A
[    5.158152] sja1105 spi5.1: Port 2 interpreting RGMII delay settings based on "phy-mode" property, please update device tree to specify "rx-internal-delay-ps" and "tx-internal-delay-ps"
[    5.174927] sja1105 spi5.1: Port 3 interpreting RGMII delay settings based on "phy-mode" property, please update device tree to specify "rx-internal-delay-ps" and "tx-internal-delay-ps"
[    5.192031] sja1105 spi5.1: Probed switch chip: SJA1110A
[    5.197444] sja1105 spi5.1: Port 2 interpreting RGMII delay settings based on "phy-mode" property, please update device tree to specify "rx-internal-delay-ps" and "tx-internal-delay-ps"
[    5.214205] sja1105 spi5.1: Port 3 interpreting RGMII delay settings based on "phy-mode" property, please update device tree to specify "rx-internal-delay-ps" and "tx-internal-delay-ps"
[    5.231253] clk: Disabling unused clocks
[    5.295747] EXT4-fs (mmcblk0p3): recovery complete
[    5.301528] EXT4-fs (mmcblk0p3): mounted filesystem 7998e1b8-8d1a-412f-8924-0a57aa6bfd99 r/w with ordered data mode. Quota mode: disabled.
[    5.313637] VFS: Mounted root (ext4 filesystem) on device 179:3.
[    5.320505] devtmpfs: mounted
[    5.323906] Freeing unused kernel memory: 1984K
[    5.328318] Run /sbin/init as init process
[    5.866117] systemd[1]: System time before build time, advancing clock.
[    5.946464] systemd[1]: systemd 255.13^ running in system mode (+PAM -AUDIT -SELINUX -APPARMOR +IMA -SMACK +SECCOMP -GCRYPT -GNUTLS -OPENSSL +ACL +BLKID -CURL -ELFUTILS -FIDO2 -IDN2 -IDN -IPTC +KMOD -LIBCRYPTSETUP +LIBFDISK -PCRE2 -PWQUALITY -P11KIT -QRENCODE -TPM2 -BZIP2 -LZ4 -XZ -ZLIB +ZSTD -BPF_FRAMEWORK +XKBCOMMON +UTMP +SYSVINIT default-hierarchy=unified)
[    5.977995] systemd[1]: Detected architecture arm64.

Welcome to Auto Linux BSP 44.0 (scarthgap)!

[    6.007779] systemd[1]: Hostname set to <s32g274ardb2>.
[    6.611144] systemd[1]: Queued start job for default target Multi-User System.
[    6.623370] systemd[1]: Created slice Slice /system/getty.
[  OK  ] Created slice Slice /system/getty.
[    6.646931] systemd[1]: Created slice Slice /system/modprobe.
[  OK  ] Created slice Slice /system/modprobe.
[    6.670888] systemd[1]: Created slice Slice /system/serial-getty.
[  OK  ] Created slice Slice /system/serial-getty.
[    6.694291] systemd[1]: Created slice User and Session Slice.
[  OK  ] Created slice User and Session Slice.
[    6.717817] systemd[1]: Started Dispatch Password Requests to Console Directory Watch.
[  OK  ] Started Dispatch Password Requests to Console Directory Watch.
[    6.745693] systemd[1]: Started Forward Password Requests to Wall Directory Watch.
[  OK  ] Started Forward Password Requests to Wall Directory Watch.
[    6.769650] systemd[1]: Reached target Path Units.
[  OK  ] Reached target Path Units.
[    6.789475] systemd[1]: Reached target Remote File Systems.
[  OK  ] Reached target Remote File Systems.
[    6.809488] systemd[1]: Reached target Slice Units.
[  OK  ] Reached target Slice Units.
[    6.829511] systemd[1]: Reached target Swaps.
[  OK  ] Reached target Swaps.
[    6.886362] systemd[1]: Listening on RPCbind Server Activation Socket.
[  OK  ] Listening on RPCbind Server Activation Socket.
[    6.909688] systemd[1]: Reached target RPC Port Mapper.
[  OK  ] Reached target RPC Port Mapper.
[    6.930259] systemd[1]: Listening on Syslog Socket.
[  OK  ] Listening on Syslog Socket.
[    6.949868] systemd[1]: Listening on initctl Compatibility Named Pipe.
[  OK  ] Listening on initctl Compatibility Named Pipe.
[    6.980307] systemd[1]: Journal Audit Socket was skipped because of an unmet condition check (ConditionSecurity=audit).
[    6.991517] systemd[1]: Listening on Journal Socket (/dev/log).
[  OK  ] Listening on Journal Socket (/dev/log).
[    7.014245] systemd[1]: Listening on Journal Socket.
[  OK  ] Listening on Journal Socket.
[    7.034506] systemd[1]: Listening on Network Service Netlink Socket.
[  OK  ] Listening on Network Service Netlink Socket.
[    7.071024] systemd[1]: Listening on udev Control Socket.
[  OK  ] Listening on udev Control Socket.
[    7.094181] systemd[1]: Listening on udev Kernel Socket.
[  OK  ] Listening on udev Kernel Socket.
[    7.114177] systemd[1]: Listening on User Database Manager Socket.
[  OK  ] Listening on User Database Manager Socket.
[    7.161628] systemd[1]: Mounting Huge Pages File System...
         Mounting Huge Pages File System...
[    7.181916] systemd[1]: POSIX Message Queue File System was skipped because of an unmet condition check (ConditionPathExists=/proc/sys/fs/mqueue).
[    7.197697] systemd[1]: Mounting Kernel Debug File System...
         Mounting Kernel Debug File System...
[    7.218253] systemd[1]: Kernel Trace File System was skipped because of an unmet condition check (ConditionPathExists=/sys/kernel/tracing).
[    7.231250] systemd[1]: Create List of Static Device Nodes was skipped because of an unmet condition check (ConditionFileNotEmpty=/lib/modules/6.6.85-rt53-g6208e1d0d7b5/modules.devname).
[    7.251242] systemd[1]: Starting Load Kernel Module configfs...
         Starting Load Kernel Module configfs...
[    7.281005] systemd[1]: Starting Load Kernel Module drm...
         Starting Load Kernel Module drm...
[    7.305218] systemd[1]: Starting Load Kernel Module fuse...
         Starting Load Kernel Module fuse...
[    7.339784] systemd[1]: Starting RPC Bind...
         Starting RPC Bind...
[    7.357919] systemd[1]: File System Check on Root Device was skipped because of an unmet condition check (ConditionPathIsReadWrite=!/).
[    7.377247] systemd[1]: Starting Journal Service...
         Starting Journal Service...
[    7.413991] systemd[1]: Starting Load Kernel Modules...
         Starting Load Kernel Modules...
[    7.437284] systemd[1]: Starting Generate network units from Kernel command line...
         Starting Generate network units from Kernel command line...
[    7.466218] systemd[1]: Starting Remount Root and Kernel File Systems...
         Starting Remount Root and Kernel File Syst[    7.479155] sja1110: loading out-of-tree module taints kernel.
[    7.486004] SPI driver sja1110 has no spi_device_id for nxp,sja1110-switch

[    7.493049] SPI driver sja1110 has no spi_device_id for nxp,sja1110-uc
[    7.525537] systemd-journald[125]: Collecting audit messages is disabled.
[    7.526233] systemd[1]: Starting Create Static Device Nodes in /dev gracefully...
         Starting Create Static Device Nodes in /dev gracefully...
[    7.563637] systemd[1]: Starting Coldplug All udev Devices...
         Starting Coldplug All udev Devices...
[    7.586204] EXT4-fs (mmcblk0p3): re-mounted 7998e1b8-8d1a-412f-8924-0a57aa6bfd99 r/w. Quota mode: disabled.
[    7.591851] systemd[1]: Started RPC Bind.
[  OK  ] Started RPC Bind.
[    7.625771] systemd[1]: Mounted Huge Pages File System.
[  OK  ] Mounted Huge Pages File System.
[    7.646381] systemd[1]: Mounted Kernel Debug File System.
[  OK  ] Mounted Kernel Debug File System.
[    7.674066] systemd[1]: Started Journal Service.
[  OK  ] Started Journal Service.
[  OK  ] Finished Load Kernel Module configfs.
[  OK  ] Finished Load Kernel Module drm.
[  OK  ] Finished Load Kernel Module fuse.
[  OK  ] Finished Load Kernel Modules.
[  OK  ] Finished Generate network units from Kernel command line.
[  OK  ] Finished Remount Root and Kernel File Systems.
[  OK  ] Finished Create Static Device Nodes in /dev gracefully.
         Mounting FUSE Control File System...
         Mounting Kernel Configuration File System...
         Starting Flush Journal to Persistent Storage...
         Starting Apply Kernel Variables...
[    7.957698] systemd-journald[125]: Received client request to flush runtime journal.
         Starting Create Static Device Nodes in /dev...
[  OK  ] Mounted FUSE Control File System.
[  OK  ] Mounted Kernel Configuration File System.
[  OK  ] Finished Flush Journal to Persistent Storage.
[  OK  ] Finished Apply Kernel Variables.
[  OK  ] Finished Create Static Device Nodes in /dev.
[  OK  ] Reached target Preparation for Local File Systems.
         Mounting /tmp...
         Mounting /var/volatile...
         Starting Rule-based Manager for Device Events and Files...
[  OK  ] Finished Coldplug All udev Devices.
[  OK  ] Mounted /tmp.
[  OK  ] Mounted /var/volatile.
         Mounting /var/volatile/tmp...
         Starting Load/Save OS Random Seed...
[  OK  ] Mounted /var/volatile/tmp.
[  OK  ] Reached target Local File Systems.
         Starting Create System Files and Directories...
[  OK  ] Started Rule-based Manager for Device Events and Files.
[    8.509561] s32cc-dwmac 4033c000.ethernet end0: renamed from eth0
[  OK  ] Finished Create System Files and Directories.
         Starting Network Name Resolution...
         Starting Network Time Synchronization...
         Starting Record System Boot/Shutdown in UTMP...
[  OK  ] Finished Record System Boot/Shutdown in UTMP.
         Starting User Database Manager...
[    9.187066] pfeng 46000000.pfe: PFEng ethernet driver loading ...
[    9.202343] pfeng 46000000.pfe: Version: 1.9.0
[    9.207215] pfeng 46000000.pfe: Driver commit hash: M4_DRIVER_COMMIT_HASH
[    9.218379] pfeng 46000000.pfe: Multi instance support: disabled (standalone)
[    9.225281] pfeng 46000000.pfe: Compiled by: 13.3.0
[  OK  ] Started User Database Manager.
[    9.239743] pfeng 46000000.pfe: Cbus addr 0x46000000 size 0x1000000
[    9.245742] pfeng 46000000.pfe: nxp,fw-class-name: s32g_pfe_class.fw
[    9.252038] pfeng 46000000.pfe: nxp,fw-util-name: s32g_pfe_util.fw
[    9.258690] pfeng 46000000.pfe: netif name: pfe0
[    9.263288] pfeng 46000000.pfe: DT mac addr: 00:04:9f:be:ef:00
[    9.268793] pfeng 46000000.pfe: netif(pfe0) linked phyif: 0
[    9.274372] pfeng 46000000.pfe: netif(pfe0) mode: std
[    9.279524] pfeng 46000000.pfe: netif(pfe0) HIFs: count 1 map 01
[    9.285362] pfeng 46000000.pfe: EMAC0 interface mode: 4
[    9.291499] pfeng 46000000.pfe: netif name: pfe1
[    9.295835] pfeng 46000000.pfe: DT mac addr: 00:04:9f:be:ef:01
[    9.301794] pfeng 46000000.pfe: netif(pfe1) linked phyif: 1
[    9.307101] pfeng 46000000.pfe: netif(pfe1) mode: std
[    9.312330] pfeng 46000000.pfe: netif(pfe1) HIFs: count 1 map 02
[    9.318192] pfeng 46000000.pfe: EMAC1 interface mode: 4
[    9.324088] pfeng 46000000.pfe: netif name: pfe2
[    9.328448] pfeng 46000000.pfe: DT mac addr: 00:04:9f:be:ef:02
[    9.334180] pfeng 46000000.pfe: netif(pfe2) linked phyif: 2
[    9.339731] pfeng 46000000.pfe: netif(pfe2) mode: std
[    9.344860] pfeng 46000000.pfe: netif(pfe2) HIFs: count 1 map 04
[    9.350753] pfeng 46000000.pfe: EMAC2 interface mode: 10
[    9.356229] pfeng 46000000.pfe: HIF channels mask: 0x0007
  [    9.361550] pfeng 46000000.pfe: PFE port coherency enabled, mask 0x1e
      [    9.368500] pfeng 46000000.pfe: Clocks: sys=300MHz pe=600MHz
 Starting[    9.374925] pfeng 46000000.pfe: Interface selected: EMAC0: 0x4 EMAC1: 0x4 EMAC2: 0xa
 Virtual Console Setup...
[    9.389553] pfeng 46000000.pfe: PFE controller reset done
[    9.394713] pfeng 46000000.pfe: TX clock on EMAC0 for interface sgmii installed
[    9.401947] pfeng 46000000.pfe: RX clock on EMAC0 for interface sgmii installed
[    9.409234] pfeng 46000000.pfe: TX clock on EMAC1 for interface sgmii installed
[    9.416534] pfeng 46000000.pfe: RX clock on EMAC1 for interface sgmii installed
[    9.423823] pfeng 46000000.pfe: TX clock on EMAC2 for interface rgmii-id installed
[    9.431361] pfeng 46000000.pfe: RX clock on EMAC2 for interface rgmii-id installed
[    9.439145] pfeng 46000000.pfe: assigned reserved memory node pfebufs@34000000
[    9.446112] pfeng 46000000.pfe: assigned reserved memory node pfebufs@34080000
[    9.453381] pfeng 46000000.pfe: assigned reserved memory node pfebufs@83200000
[    9.460697] pfeng 46000000.pfe: assigned reserved memory node pfebufs@835e0000
[    9.474144] pfeng 46000000.pfe: Firmware: CLASS s32g_pfe_class.fw [45724 bytes]
[    9.481209] pfeng 46000000.pfe: Firmware: UTIL s32g_pfe_util.fw [23352 bytes]
[    9.488258] pfeng 46000000.pfe: PFE CBUS p0x46000000 mapped @ v0xffffffc082000000 (0x1000000 bytes)
[    9.497423] pfeng 46000000.pfe: Silicon S32G2
[    9.503411] pfeng 46000000.pfe: PFE_ERRORS:Parity instance created
[    9.509326] pfeng 46000000.pfe: PFE_ERRORS:Watchdog instance created
[    9.515818] pfeng 46000000.pfe: BMU1 buffer base: p0xc0000000
[    9.521784] pfeng 46000000.pfe: BMU2 buffer base: p0x34000000 (0x80000 bytes)
[    9.530361] pfeng 46000000.pfe: register IRQ 67 by name 'PFE BMU IRQ'
[    9.538405] pfeng 46000000.pfe: Firmware .elf detected
[    9.543823] pfeng 46000000.pfe: Uploading CLASS firmware
[    9.545430] pfeng 46000000.pfe: BMU_EMPTY_INT (BMU @ p0x(____ptrval____)). Pool ready.
[    9.548739] pfeng 46000000.pfe: Selected FW loading OPs to load 8 PEs in parallel
[    9.565562] pfeng 46000000.pfe: BMU_EMPTY_INT (BMU @ p0x(____ptrval____)). Pool ready.
[    9.586532] pfeng 46000000.pfe: pfe_ct.h file version"92367c0e25f21f49217a9b08168ad2c8"
[    9.609848] pfeng 46000000.pfe: [FW VERSION] 1.11.0, Build: Apr  8 2025, 21:02:36 (nogitaaa), ID: 0x31454650
[    9.619728] pfeng 46000000.pfe: EMAC timestamp external mode bitmap: 0
[    9.625951] pfeng 46000000.pfe: Uploading UTIL firmware
[    9.631068] pfeng 46000000.pfe: Selected FW loading OPs to load 1 PEs in parallel
[    9.641028] pfeng 46000000.pfe: pfe_ct.h file version"92367c0e25f21f49217a9b08168ad2c8"
[    9.649869] pfeng 46000000.pfe: FW feature: drv_run_on_g3
[    9.654863] pfeng 46000000.pfe: FW feature: jumbo_frames
[    9.660374] pfeng 46000000.pfe: FW feature: ptp_qos_mapping
[    9.666104] pfeng 46000000.pfe: FW feature: software_vlan_table
32m  O[    9.672546] pfeng 46000000.pfe: FW feature: timestamping
K [    9.678002] pfeng 46000000.pfe: FW feature: qos_mapping
 ] St[    9.684013] pfeng 46000000.pfe: FW feature: core_functionality
arted[    9.690300] pfeng 46000000.pfe: FW feature: extended_features
     9.696343] pfeng 46000000.pfe: FW feature: flexible_router
;[    9.702020] pfeng 46000000.pfe: FW feature: validate_hif_csum
1;39[    9.708071] pfeng 46000000.pfe: FW feature: err051211_workaround
mNe[    9.714316] pfeng 46000000.pfe: FW feature: IPsec
tw[    9.719197] pfeng 46000000.pfe: FW feature: l2_bridge_aging
ork[    9.725019] pfeng 46000000.pfe: FW feature: receive_malformed
 Time[    9.731149] pfeng 46000000.pfe: FW feature: ptp_conf_check
 Sy[    9.736925] pfeng 46000000.pfe: FW feature: vlan_conf_check
n[    9.742541] pfeng 46000000.pfe: FW feature: hash_load_spread
chroni[    9.748707] pfeng 46000000.pfe: FW feature: ingress_vlan
zat[    9.754219] pfeng 46000000.pfe: FW feature: safety
ion.
[  OK  ] Reached target     9.763299] pfeng 46000000.pfe: VLAN ID incorrect or not set. Using default VLAN ID = 0x01.
1;[    9.771828] pfeng 46000000.pfe: VLAN stats size incorrect or not set. Using default VLAN stats size = 20.
39m[    9.781630] pfeng 46000000.pfe: Software vlan hash table @ p0x20001288
Syst[    9.788533] pfeng 46000000.pfe: Fall-back bridge domain @ 0x20000a8c (class)
em[    9.795705] pfeng 46000000.pfe: Default bridge domain @ 0x20000a84 (class)
 Time Se[    9.803268] pfeng 46000000.pfe: Routing table created, Hash Table @ p0x34080000, Pool @ p0x34088000 (65536 bytes)
t.[    9.813999] pfeng 46000000.pfe: Feature err051211_workaround: DISABLED
[    9.818521] pfeng 46000000.pfe: HIF0 enabled

[    9.825340] pfeng 46000000.pfe: HIF1 enabled
0;32m [    9.830086] pfeng 46000000.pfe: HIF2 enabled
 O[    9.834496] pfeng 46000000.pfe: HIF3 not configured, skipped
K[    9.840285] pfeng 46000000.pfe: MDIO bus 0 disabled: Not found in DT
 [    9.846717] pfeng 46000000.pfe: MDIO bus 1 disabled: Not found in DT
 ] Started Network Name Resolution.
[  OK  ] Reached target Host[    9.861969] pfeng 46000000.pfe: MDIO bus 2 enabled
 [    9.862291] sja1105 spi5.1: Probed switch chip: SJA1110A
a[    9.866909] pfeng 46000000.pfe pfe0 (uninitialized): fixed link full duplex 2500Mbps not recognised
n[    9.872229] sja1105 spi5.1: Port 2 interpreting RGMII delay settings based on "phy-mode" property, please update device tree to specify "rx-internal-delay-ps" and "tx-internal-delay-ps"
d[    9.881391] phy-s32cc-serdes 44180000.serdes: Unstable RX detected on XPCS0
 [    9.897958] sja1105 spi5.1: Port 3 interpreting RGMII delay settings based on "phy-mode" property, please update device tree to specify "rx-internal-delay-ps" and "tx-internal-delay-ps"
N[    9.904970] pfeng 46000000.pfe pfe0 (uninitialized): Subscribe to HIF0
et[    9.928152] pfeng 46000000.pfe pfe0 (uninitialized): Host LLTX disabled
work [    9.935117] pfeng 46000000.pfe pfe0 (uninitialized): Enable HIF0
N[    9.935141] pfeng 46000000.pfe pfe0 (uninitialized): setting MAC addr: 00:04:9f:be:ef:00
am[    9.935167] pfeng 46000000.pfe pfe0 (uninitialized): PTP HW addend 0x80000000, max_adj configured to 46566128 ppb
e[    9.935183] pfeng 46000000.pfe: IEEE1588: Input Clock: 200000000Hz, Output: 100000000Hz, Accuracy: 10.0ns
 [    9.941924] pfeng 46000000.pfe pfe0 (uninitialized): Registered PTP HW clock successfully on EMAC0
Lookups    9.979335] pfeng 46000000.pfe pfe0: registered
[    9.984174] phy-s32cc-serdes 44180000.serdes: Unstable RX detected on XPCS1

[    9.991492] pfeng 46000000.pfe pfe1 (uninitialized): Subscribe to HIF1
[    9.997715] pfeng 46000000.pfe pfe1 (uninitialized): Host LLTX disabled
[   10.005594] pfeng 46000000.pfe pfe1 (uninitialized): Enable HIF1
[   10.011238] pfeng 46000000.pfe pfe1 (uninitialized): setting MAC addr: 00:04:9f:be:ef:01
[   10.019451] pfeng 46000000.pfe pfe1 (uninitialized): PTP HW addend 0x80000000, max_adj configured to 46566128 ppb
[[   10.029601] pfeng 46000000.pfe: IEEE1588: Input Clock: 200000000Hz, Output: 100000000Hz, Accuracy: 10.0ns
  [   10.039906] pfeng 46000000.pfe pfe1 (uninitialized): Registered PTP HW clock successfully on EMAC1
OK  ] F[   10.049808] pfeng 46000000.pfe pfe1: registered
in[   10.054500] pfeng 46000000.pfe pfe2 (uninitialized): Subscribe to HIF2
i[   10.061126] pfeng 46000000.pfe pfe2 (uninitialized): Host LLTX disabled
she[   10.067986] pfeng 46000000.pfe pfe2 (uninitialized): Enable HIF2
d[   10.074055] pfeng 46000000.pfe pfe2 (uninitialized): setting MAC addr: 00:04:9f:be:ef:02
 [   10.082244] pfeng 46000000.pfe pfe2 (uninitialized): PTP HW addend 0x80000000, max_adj configured to 46566128 ppb
 pfeng 46000000.pfe: IEEE1588: Input Clock: 200000000Hz, Output: 100000000Hz, Accuracy: 10.0ns
[0;1;39mV[   10.102846] pfeng 46000000.pfe pfe2 (uninitialized): Registered PTP HW clock successfully on EMAC2
irtual Cons[   10.112765] pfeng 46000000.pfe pfe2: registered
ole Setup.
[   10.127063] sja1105 spi5.1: Probed switch chip: SJA1110A
[   10.132313] sja1105 spi5.1: Port 2 interpreting RGMII delay settings based on "phy-mode" property, please update device tree to specify "rx-internal-delay-ps" and "tx-internal-delay-ps"
[   10.153860] sja1105 spi5.1: Port 3 interpreting RGMII delay settings based on "phy-mode" property, please update device tree to specify "rx-internal-delay-ps" and "tx-internal-delay-ps"
[  OK  ] Reached target System Initialization.
[  OK  ] Started Daily rotation of log files.
[  OK  ] Started Daily Cleanup of Temporary Directories.
[  OK  ] Reached target Timer Units.
[  OK  ] Listening on D-Bus System Message Bus Socket.
         Starting sshd.socket...
[  OK  ] Listening on sshd.socket.
[  OK  ] Reached target Socket Units.
[  OK  ] Reached target Basic System.
[  OK  ] Started Job spooling tools.
[   10.429512] sja1105 spi5.1: configuring for fixed/2500base-x link mode
[  OK  ] Started [   10.439053] sja1105 spi5.1: Link is Up - 2.5Gbps/Full - flow control off
Periodic Command Scheduler.
         Starting D-Bus System Message Bus...
[   10.505880] sja1105 spi5.1 p1 (uninitialized): PHY [spi5.1-base-tx:01] driver [NXP CBTX (SJA1110)] (irq=POLL)
         Starting IPv6 Packet Filtering Framework...
[   10.527221] sja1105 spi5.1 trx5 (uninitialized): PHY [spi5.1-base-t1:01] driver [Generic Clause 45 PHY] (irq=POLL)
         Starting IPv4 Packet Filterin[   10.541744] sja1105 spi5.1 trx6 (uninitialized): PHY [spi5.1-base-t1:02] driver [Generic Clause 45 PHY] (irq=POLL)
g Framework...
[   10.557380] sja1105 spi5.1 trx7 (uninitialized): PHY [spi5.1-base-t1:03] driver [Generic Clause 45 PHY] (irq=POLL)
[  OK  [   10.571034] sja1105 spi5.1 trx8 (uninitialized): PHY [spi5.1-base-t1:04] driver [Generic Clause 45 PHY] (irq=POLL)
] Started irqbalance d[   10.584337] sja1105 spi5.1 trx9 (uninitialized): PHY [spi5.1-base-t1:05] driver [Generic Clause 45 PHY] (irq=POLL)
aemon.
[   10.597474] sja1105 spi5.1 trx10 (uninitialized): PHY [spi5.1-base-t1:06] driver [Generic Clause 45 PHY] (irq=POLL)
[  OK  ] Started    10.610635] DSA: tree 0 setup
mHardware RNG Entropy Gatherer Daemon.
[  OK  ] Started System Logging Service.
         Starting Resets System Activity Logs...
         Starting User Login Management...
         Starting OpenSSH Key Generation...
[  OK  ] Finished IPv6 Packet Filtering Framework.
[  OK  ] Finished IPv4 Packet Filtering Framework.
[  OK  ] Finished Resets System Activity Logs.
[  OK  ] Started User Login Management.
[  OK  ] Created slice Slice /system/systemd-fsck.
[  OK  ] Reached target Preparation for Network.
         Starting File System Check on /dev/mmcblk0p2...
         Starting Network Configuration...
[  OK  ] Finished File System Check on /dev/mmcblk0p2.
         Mounting /run/media/boot_s32g2-mmcblk0p2...
[  OK  ] Mounted /run/media/boot_s32g2-mmcblk0p2.
[  OK  ] Started Network Configuration.
[  OK  ] Reached target Network.
[  OK  ] Started Netperf Benchmark Server.
         Starting Permit User Sessions...
[  OK  ] Started Xinetd A Powerful Replacement For Inetd.
[  OK  ] Finished Permit User Sessions.
[  OK  ] Started Getty on tty1.
[  OK  ] Started Serial Getty on ttyLF0.
[  OK  ] Reached target Login Prompts.
[  OK  ] Finished Load/Save OS Random Seed.
[  OK  ] Finished OpenSSH Key Generation.
[  OK  ] Started D-Bus System Message Bus.
[  OK  ] Reached target Multi-User System.
         Starting Record Runlevel Change in UTMP...
[  OK  ] Finished Record Runlevel Change in UTMP.

Auto Linux BSP 44.0 s32g274ardb2 ttyLF0

s32g274ardb2 login: root
root@s32g274ardb2:~# # DSA 마스터 포트(pfe0) 활성화
root@s32g274ardb2:~# ip link set pfe0 up
root@s32g274ardb2:~#
root@s32g274ardb2:~# # p2 포트에 IP 주소 할당 및 활성화
root@s32g274ardb2:~# ip addr add 192.168.100.101/24 dev p2
root@s32g274ardb2:~# ip link set p2 up
root@s32g274ardb2:~# ping -c 4 192.168.100.1
PING 192.168.100.1 (192.168.100.1) 56(84) bytes of data.
64 bytes from 192.168.100.1: icmp_seq=1 ttl=128 time=0.948 ms
64 bytes from 192.168.100.1: icmp_seq=2 ttl=128 time=0.770 ms
64 bytes from 192.168.100.1: icmp_seq=3 ttl=128 time=0.681 ms
64 bytes from 192.168.100.1: icmp_seq=4 ttl=128 time=0.542 ms

--- 192.168.100.1 ping statistics ---
4 packets transmitted, 4 received, 0% packet loss, time 3046ms
rtt min/avg/max/mdev = 0.542/0.735/0.948/0.147 ms
root@s32g274ardb2:~# ^C
root@s32g274ardb2:~# ping -c 4 192.168.100.1
PING 192.168.100.1 (192.168.100.1) 56(84) bytes of data.
64 bytes from 192.168.100.1: icmp_seq=1 ttl=128 time=0.650 ms
64 bytes from 192.168.100.1: icmp_seq=2 ttl=128 time=0.560 ms
64 bytes from 192.168.100.1: icmp_seq=3 ttl=128 time=0.451 ms
64 bytes from 192.168.100.1: icmp_seq=4 ttl=128 time=0.805 ms

--- 192.168.100.1 ping statistics ---
4 packets transmitted, 4 received, 0% packet loss, time 3052ms
rtt min/avg/max/mdev = 0.451/0.616/0.805/0.129 ms
root@s32g274ardb2:~# ^C
root@s32g274ardb2:~# ip addr add 192.168.100.102/24 dev p3
root@s32g274ardb2:~#
root@s32g274ardb2:~# ip link set p3 up
root@s32g274ardb2:~#
root@s32g274ardb2:~# sleep 2
root@s32g274ardb2:~#
root@s32g274ardb2:~# ping -c 4 192.168.100.2
PING 192.168.100.2 (192.168.100.2) 56(84) bytes of data.
From 192.168.100.101 icmp_seq=1 Destination Host Unreachable
From 192.168.100.101 icmp_seq=2 Destination Host Unreachable
From 192.168.100.101 icmp_seq=3 Destination Host Unreachable
From 192.168.100.101 icmp_seq=4 Destination Host Unreachable

--- 192.168.100.2 ping statistics ---
4 packets transmitted, 0 received, +4 errors, 100% packet loss, time 3076ms
pipe 3
root@s32g274ardb2:~# ping -c 4 192.168.100.2
PING 192.168.100.2 (192.168.100.2) 56(84) bytes of data.
^[[A
From 192.168.100.101 icmp_seq=1 Destination Host Unreachable
From 192.168.100.101 icmp_seq=2 Destination Host Unreachable
From 192.168.100.101 icmp_seq=3 Destination Host Unreachable
From 192.168.100.101 icmp_seq=4 Destination Host Unreachable

--- 192.168.100.2 ping statistics ---
4 packets transmitted, 0 received, +4 errors, 100% packet loss, time 3072ms
pipe 3
root@s32g274ardb2:~# ping -c 4 192.168.100.2
PING 192.168.100.2 (192.168.100.2) 56(84) bytes of data.
From 192.168.100.101 icmp_seq=1 Destination Host Unreachable
From 192.168.100.101 icmp_seq=2 Destination Host Unreachable
From 192.168.100.101 icmp_seq=3 Destination Host Unreachable
From 192.168.100.101 icmp_seq=4 Destination Host Unreachable

--- 192.168.100.2 ping statistics ---
4 packets transmitted, 0 received, +4 errors, 100% packet loss, time 3061ms
pipe 3
root@s32g274ardb2:~# ping -c 4 192.168.100.2
PING 192.168.100.2 (192.168.100.2) 56(84) bytes of data.
From 192.168.100.101 icmp_seq=1 Destination Host Unreachable
From 192.168.100.101 icmp_seq=2 Destination Host Unreachable
From 192.168.100.101 icmp_seq=3 Destination Host Unreachable
From 192.168.100.101 icmp_seq=4 Destination Host Unreachable

--- 192.168.100.2 ping statistics ---
4 packets transmitted, 0 received, +4 errors, 100% packet loss, time 3060ms
pipe 3
root@s32g274ardb2:~# ping  192.168.100.2
PING 192.168.100.2 (192.168.100.2) 56(84) bytes of data.
From 192.168.100.101 icmp_seq=1 Destination Host Unreachable
From 192.168.100.101 icmp_seq=2 Destination Host Unreachable
From 192.168.100.101 icmp_seq=3 Destination Host Unreachable
From 192.168.100.101 icmp_seq=4 Destination Host Unreachable
From 192.168.100.101 icmp_seq=5 Destination Host Unreachable
From 192.168.100.101 icmp_seq=6 Destination Host Unreachable
From 192.168.100.101 icmp_seq=7 Destination Host Unreachable
From 192.168.100.101 icmp_seq=8 Destination Host Unreachable
From 192.168.100.101 icmp_seq=9 Destination Host Unreachable
From 192.168.100.101 icmp_seq=10 Destination Host Unreachable
From 192.168.100.101 icmp_seq=11 Destination Host Unreachable
From 192.168.100.101 icmp_seq=12 Destination Host Unreachable
From 192.168.100.101 icmp_seq=13 Destination Host Unreachable
From 192.168.100.101 icmp_seq=14 Destination Host Unreachable
From 192.168.100.101 icmp_seq=15 Destination Host Unreachable
From 192.168.100.101 icmp_seq=16 Destination Host Unreachable
From 192.168.100.101 icmp_seq=17 Destination Host Unreachable
From 192.168.100.101 icmp_seq=18 Destination Host Unreachable
From 192.168.100.101 icmp_seq=19 Destination Host Unreachable
From 192.168.100.101 icmp_seq=20 Destination Host Unreachable
From 192.168.100.101 icmp_seq=21 Destination Host Unreachable
From 192.168.100.101 icmp_seq=22 Destination Host Unreachable
From 192.168.100.101 icmp_seq=23 Destination Host Unreachable
From 192.168.100.101 icmp_seq=24 Destination Host Unreachable
From 192.168.100.101 icmp_seq=25 Destination Host Unreachable
From 192.168.100.101 icmp_seq=26 Destination Host Unreachable
From 192.168.100.101 icmp_seq=27 Destination Host Unreachable
From 192.168.100.101 icmp_seq=28 Destination Host Unreachable
From 192.168.100.101 icmp_seq=29 Destination Host Unreachable
From 192.168.100.101 icmp_seq=30 Destination Host Unreachable
From 192.168.100.101 icmp_seq=31 Destination Host Unreachable
From 192.168.100.101 icmp_seq=32 Destination Host Unreachable
From 192.168.100.101 icmp_seq=33 Destination Host Unreachable
From 192.168.100.101 icmp_seq=34 Destination Host Unreachable
From 192.168.100.101 icmp_seq=35 Destination Host Unreachable
From 192.168.100.101 icmp_seq=36 Destination Host Unreachable
From 192.168.100.101 icmp_seq=37 Destination Host Unreachable
From 192.168.100.101 icmp_seq=38 Destination Host Unreachable
From 192.168.100.101 icmp_seq=39 Destination Host Unreachable
From 192.168.100.101 icmp_seq=40 Destination Host Unreachable
From 192.168.100.101 icmp_seq=41 Destination Host Unreachable
From 192.168.100.101 icmp_seq=42 Destination Host Unreachable
From 192.168.100.101 icmp_seq=43 Destination Host Unreachable
From 192.168.100.101 icmp_seq=44 Destination Host Unreachable
From 192.168.100.101 icmp_seq=45 Destination Host Unreachable
From 192.168.100.101 icmp_seq=46 Destination Host Unreachable
From 192.168.100.101 icmp_seq=47 Destination Host Unreachable
From 192.168.100.101 icmp_seq=48 Destination Host Unreachable
From 192.168.100.101 icmp_seq=49 Destination Host Unreachable
From 192.168.100.101 icmp_seq=50 Destination Host Unreachable
From 192.168.100.101 icmp_seq=51 Destination Host Unreachable
From 192.168.100.101 icmp_seq=52 Destination Host Unreachable
From 192.168.100.101 icmp_seq=53 Destination Host Unreachable
From 192.168.100.101 icmp_seq=54 Destination Host Unreachable
From 192.168.100.101 icmp_seq=55 Destination Host Unreachable
From 192.168.100.101 icmp_seq=56 Destination Host Unreachable
From 192.168.100.101 icmp_seq=57 Destination Host Unreachable
From 192.168.100.101 icmp_seq=58 Destination Host Unreachable
From 192.168.100.101 icmp_seq=59 Destination Host Unreachable
From 192.168.100.101 icmp_seq=60 Destination Host Unreachable
From 192.168.100.101 icmp_seq=61 Destination Host Unreachable
From 192.168.100.101 icmp_seq=62 Destination Host Unreachable
From 192.168.100.101 icmp_seq=63 Destination Host Unreachable
From 192.168.100.101 icmp_seq=64 Destination Host Unreachable
From 192.168.100.101 icmp_seq=65 Destination Host Unreachable
From 192.168.100.101 icmp_seq=66 Destination Host Unreachable
From 192.168.100.101 icmp_seq=67 Destination Host Unreachable
From 192.168.100.101 icmp_seq=68 Destination Host Unreachable
From 192.168.100.101 icmp_seq=69 Destination Host Unreachable
192From 192.168.100.101 icmp_seq=70 Destination Host Unreachable
From 192.168.100.101 icmp_seq=71 Destination Host Unreachable
From 192.168.100.101 icmp_seq=72 Destination Host Unreachable
From 192.168.100.101 icmp_seq=73 Destination Host Unreachable
From 192.168.100.101 icmp_seq=74 Destination Host Unreachable
From 192.168.100.101 icmp_seq=75 Destination Host Unreachable
From 192.168.100.101 icmp_seq=76 Destination Host Unreachable
From 192.168.100.101 icmp_seq=77 Destination Host Unreachable
From 192.168.100.101 icmp_seq=78 Destination Host Unreachable
From 192.168.100.101 icmp_seq=79 Destination Host Unreachable
From 192.168.100.101 icmp_seq=80 Destination Host Unreachable
From 192.168.100.101 icmp_seq=81 Destination Host Unreachable
From 192.168.100.101 icmp_seq=82 Destination Host Unreachable
From 192.168.100.101 icmp_seq=83 Destination Host Unreachable
From 192.168.100.101 icmp_seq=84 Destination Host Unreachable
From 192.168.100.101 icmp_seq=85 Destination Host Unreachable
From 192.168.100.101 icmp_seq=86 Destination Host Unreachable
From 192.168.100.101 icmp_seq=87 Destination Host Unreachable
From 192.168.100.101 icmp_seq=88 Destination Host Unreachable
From 192.168.100.101 icmp_seq=89 Destination Host Unreachable
From 192.168.100.101 icmp_seq=90 Destination Host Unreachable
From 192.168.100.101 icmp_seq=91 Destination Host Unreachable
From 192.168.100.101 icmp_seq=92 Destination Host Unreachable
From 192.168.100.101 icmp_seq=93 Destination Host Unreachable
From 192.168.100.101 icmp_seq=94 Destination Host Unreachable
From 192.168.100.101 icmp_seq=95 Destination Host Unreachable
From 192.168.100.101 icmp_seq=96 Destination Host Unreachable
From 192.168.100.101 icmp_seq=97 Destination Host Unreachable
From 192.168.100.101 icmp_seq=98 Destination Host Unreachable
From 192.168.100.101 icmp_seq=99 Destination Host Unreachable
From 192.168.100.101 icmp_seq=100 Destination Host Unreachable
From 192.168.100.101 icmp_seq=101 Destination Host Unreachable
From 192.168.100.101 icmp_seq=102 Destination Host Unreachable
From 192.168.100.101 icmp_seq=103 Destination Host Unreachable
From 192.168.100.101 icmp_seq=104 Destination Host Unreachable
From 192.168.100.101 icmp_seq=105 Destination Host Unreachable
From 192.168.100.101 icmp_seq=106 Destination Host Unreachable
From 192.168.100.101 icmp_seq=107 Destination Host Unreachable
From 192.168.100.101 icmp_seq=108 Destination Host Unreachable
From 192.168.100.101 icmp_seq=109 Destination Host Unreachable
From 192.168.100.101 icmp_seq=110 Destination Host Unreachable
From 192.168.100.101 icmp_seq=111 Destination Host Unreachable
From 192.168.100.101 icmp_seq=112 Destination Host Unreachable
From 192.168.100.101 icmp_seq=113 Destination Host Unreachable
From 192.168.100.101 icmp_seq=114 Destination Host Unreachable
From 192.168.100.101 icmp_seq=115 Destination Host Unreachable
From 192.168.100.101 icmp_seq=116 Destination Host Unreachable
From 192.168.100.101 icmp_seq=117 Destination Host Unreachable
From 192.168.100.101 icmp_seq=118 Destination Host Unreachable
From 192.168.100.101 icmp_seq=119 Destination Host Unreachable
From 192.168.100.101 icmp_seq=120 Destination Host Unreachable
From 192.168.100.101 icmp_seq=121 Destination Host Unreachable
From 192.168.100.101 icmp_seq=122 Destination Host Unreachable
From 192.168.100.101 icmp_seq=123 Destination Host Unreachable
From 192.168.100.101 icmp_seq=124 Destination Host Unreachable
From 192.168.100.101 icmp_seq=125 Destination Host Unreachable
From 192.168.100.101 icmp_seq=126 Destination Host Unreachable
^C
--- 192.168.100.2 ping statistics ---
127 packets transmitted, 0 received, +126 errors, 100% packet loss, time 129008ms
pipe 3
root@s32g274ardb2:~# ip addr add 192.168.100.102/24 dev p3
Error: ipv4: Address already assigned.
root@s32g274ardb2:~#
root@s32g274ardb2:~# ip link set p3 up
root@s32g274ardb2:~#
root@s32g274ardb2:~# sleep 2


root@s32g274ardb2:~#
root@s32g274ardb2:~# ping -c 4 192.168.100.2
PING 192.168.100.2 (192.168.100.2) 56(84) bytes of data.

From 192.168.100.101 icmp_seq=1 Destination Host Unreachable
From 192.168.100.101 icmp_seq=2 Destination Host Unreachable
From 192.168.100.101 icmp_seq=3 Destination Host Unreachable
From 192.168.100.101 icmp_seq=4 Destination Host Unreachable

--- 192.168.100.2 ping statistics ---
4 packets transmitted, 0 received, +4 errors, 100% packet loss, time 3052ms
pipe 3
root@s32g274ardb2:~#
root@s32g274ardb2:~#
root@s32g274ardb2:~# ping 192.168.100.2
PING 192.168.100.2 (192.168.100.2) 56(84) bytes of data.
From 192.168.100.101 icmp_seq=1 Destination Host Unreachable
From 192.168.100.101 icmp_seq=2 Destination Host Unreachable
From 192.168.100.101 icmp_seq=3 Destination Host Unreachable
From 192.168.100.101 icmp_seq=4 Destination Host Unreachable
From 192.168.100.101 icmp_seq=5 Destination Host Unreachable
From 192.168.100.101 icmp_seq=6 Destination Host Unreachable
From 192.168.100.101 icmp_seq=7 Destination Host Unreachable
From 192.168.100.101 icmp_seq=8 Destination Host Unreachable
From 192.168.100.101 icmp_seq=9 Destination Host Unreachable
From 192.168.100.101 icmp_seq=10 Destination Host Unreachable
From 192.168.100.101 icmp_seq=11 Destination Host Unreachable
From 192.168.100.101 icmp_seq=12 Destination Host Unreachable
From 192.168.100.101 icmp_seq=13 Destination Host Unreachable
From 192.168.100.101 icmp_seq=14 Destination Host Unreachable
From 192.168.100.101 icmp_seq=15 Destination Host Unreachable
From 192.168.100.101 icmp_seq=16 Destination Host Unreachable
From 192.168.100.101 icmp_seq=17 Destination Host Unreachable
From 192.168.100.101 icmp_seq=18 Destination Host Unreachable
From 192.168.100.101 icmp_seq=19 Destination Host Unreachable
From 192.168.100.101 icmp_seq=20 Destination Host Unreachable
From 192.168.100.101 icmp_seq=21 Destination Host Unreachable
From 192.168.100.101 icmp_seq=22 Destination Host Unreachable
From 192.168.100.101 icmp_seq=23 Destination Host Unreachable
From 192.168.100.101 icmp_seq=24 Destination Host Unreachable
From 192.168.100.101 icmp_seq=25 Destination Host Unreachable
From 192.168.100.101 icmp_seq=26 Destination Host Unreachable
From 192.168.100.101 icmp_seq=27 Destination Host Unreachable
From 192.168.100.101 icmp_seq=28 Destination Host Unreachable
From 192.168.100.101 icmp_seq=29 Destination Host Unreachable
From 192.168.100.101 icmp_seq=30 Destination Host Unreachable
From 192.168.100.101 icmp_seq=31 Destination Host Unreachable
From 192.168.100.101 icmp_seq=32 Destination Host Unreachable
From 192.168.100.101 icmp_seq=33 Destination Host Unreachable
From 192.168.100.101 icmp_seq=34 Destination Host Unreachable
From 192.168.100.101 icmp_seq=35 Destination Host Unreachable
From 192.168.100.101 icmp_seq=36 Destination Host Unreachable
From 192.168.100.101 icmp_seq=37 Destination Host Unreachable
From 192.168.100.101 icmp_seq=38 Destination Host Unreachable
From 192.168.100.101 icmp_seq=39 Destination Host Unreachable
From 192.168.100.101 icmp_seq=40 Destination Host Unreachable
From 192.168.100.101 icmp_seq=41 Destination Host Unreachable
From 192.168.100.101 icmp_seq=42 Destination Host Unreachable
From 192.168.100.101 icmp_seq=43 Destination Host Unreachable
From 192.168.100.101 icmp_seq=44 Destination Host Unreachable
From 192.168.100.101 icmp_seq=45 Destination Host Unreachable
From 192.168.100.101 icmp_seq=46 Destination Host Unreachable
From 192.168.100.101 icmp_seq=47 Destination Host Unreachable
From 192.168.100.101 icmp_seq=48 Destination Host Unreachable
From 192.168.100.101 icmp_seq=49 Destination Host Unreachable
From 192.168.100.101 icmp_seq=50 Destination Host Unreachable
From 192.168.100.101 icmp_seq=51 Destination Host Unreachable
From 192.168.100.101 icmp_seq=52 Destination Host Unreachable
From 192.168.100.101 icmp_seq=53 Destination Host Unreachable
From 192.168.100.101 icmp_seq=54 Destination Host Unreachable
From 192.168.100.101 icmp_seq=55 Destination Host Unreachable
From 192.168.100.101 icmp_seq=56 Destination Host Unreachable
From 192.168.100.101 icmp_seq=57 Destination Host Unreachable
From 192.168.100.101 icmp_seq=58 Destination Host Unreachable
From 192.168.100.101 icmp_seq=59 Destination Host Unreachable
From 192.168.100.101 icmp_seq=60 Destination Host Unreachable
From 192.168.100.101 icmp_seq=61 Destination Host Unreachable
From 192.168.100.101 icmp_seq=62 Destination Host Unreachable
From 192.168.100.101 icmp_seq=63 Destination Host Unreachable
From 192.168.100.101 icmp_seq=64 Destination Host Unreachable
From 192.168.100.101 icmp_seq=65 Destination Host Unreachable
From 192.168.100.101 icmp_seq=66 Destination Host Unreachable
From 192.168.100.101 icmp_seq=67 Destination Host Unreachable
From 192.168.100.101 icmp_seq=68 Destination Host Unreachable
From 192.168.100.101 icmp_seq=69 Destination Host Unreachable
From 192.168.100.101 icmp_seq=70 Destination Host Unreachable
From 192.168.100.101 icmp_seq=71 Destination Host Unreachable
From 192.168.100.101 icmp_seq=72 Destination Host Unreachable
From 192.168.100.101 icmp_seq=73 Destination Host Unreachable
From 192.168.100.101 icmp_seq=74 Destination Host Unreachable
From 192.168.100.101 icmp_seq=75 Destination Host Unreachable
From 192.168.100.101 icmp_seq=76 Destination Host Unreachable
From 192.168.100.101 icmp_seq=77 Destination Host Unreachable
From 192.168.100.101 icmp_seq=78 Destination Host Unreachable
From 192.168.100.101 icmp_seq=79 Destination Host Unreachable
From 192.168.100.101 icmp_seq=80 Destination Host Unreachable
From 192.168.100.101 icmp_seq=81 Destination Host Unreachable
From 192.168.100.101 icmp_seq=82 Destination Host Unreachable
From 192.168.100.101 icmp_seq=83 Destination Host Unreachable
From 192.168.100.101 icmp_seq=84 Destination Host Unreachable
From 192.168.100.101 icmp_seq=85 Destination Host Unreachable
From 192.168.100.101 icmp_seq=86 Destination Host Unreachable
From 192.168.100.101 icmp_seq=87 Destination Host Unreachable
From 192.168.100.101 icmp_seq=88 Destination Host Unreachable
From 192.168.100.101 icmp_seq=89 Destination Host Unreachable
From 192.168.100.101 icmp_seq=90 Destination Host Unreachable
From 192.168.100.101 icmp_seq=91 Destination Host Unreachable
From 192.168.100.101 icmp_seq=92 Destination Host Unreachable
From 192.168.100.101 icmp_seq=93 Destination Host Unreachable
From 192.168.100.101 icmp_seq=94 Destination Host Unreachable
From 192.168.100.101 icmp_seq=95 Destination Host Unreachable
From 192.168.100.101 icmp_seq=96 Destination Host Unreachable
From 192.168.100.101 icmp_seq=97 Destination Host Unreachable
From 192.168.100.101 icmp_seq=98 Destination Host Unreachable
From 192.168.100.101 icmp_seq=99 Destination Host Unreachable
From 192.168.100.101 icmp_seq=100 Destination Host Unreachable
From 192.168.100.101 icmp_seq=101 Destination Host Unreachable
From 192.168.100.101 icmp_seq=102 Destination Host Unreachable
From 192.168.100.101 icmp_seq=103 Destination Host Unreachable
From 192.168.100.101 icmp_seq=104 Destination Host Unreachable
From 192.168.100.101 icmp_seq=105 Destination Host Unreachable
From 192.168.100.101 icmp_seq=106 Destination Host Unreachable
From 192.168.100.101 icmp_seq=107 Destination Host Unreachable
From 192.168.100.101 icmp_seq=108 Destination Host Unreachable
From 192.168.100.101 icmp_seq=109 Destination Host Unreachable
From 192.168.100.101 icmp_seq=110 Destination Host Unreachable
From 192.168.100.101 icmp_seq=111 Destination Host Unreachable
From 192.168.100.101 icmp_seq=112 Destination Host Unreachable
ping: sendmsg: No route to host
From 192.168.100.101 icmp_seq=113 Destination Host Unreachable
From 192.168.100.101 icmp_seq=114 Destination Host Unreachable
From 192.168.100.101 icmp_seq=116 Destination Host Unreachable
From 192.168.100.101 icmp_seq=117 Destination Host Unreachable
From 192.168.100.101 icmp_seq=118 Destination Host Unreachable
From 192.168.100.101 icmp_seq=119 Destination Host Unreachable
ping: sendmsg: No route to host
From 192.168.100.101 icmp_seq=120 Destination Host Unreachable
From 192.168.100.101 icmp_seq=121 Destination Host Unreachable
From 192.168.100.101 icmp_seq=123 Destination Host Unreachable
ping: sendmsg: No route to host
From 192.168.100.101 icmp_seq=124 Destination Host Unreachable
From 192.168.100.101 icmp_seq=125 Destination Host Unreachable
From 192.168.100.101 icmp_seq=127 Destination Host Unreachable
From 192.168.100.101 icmp_seq=128 Destination Host Unreachable
From 192.168.100.101 icmp_seq=129 Destination Host Unreachable
From 192.168.100.101 icmp_seq=130 Destination Host Unreachable
ping: sendmsg: No route to host
From 192.168.100.101 icmp_seq=131 Destination Host Unreachable
From 192.168.100.101 icmp_seq=132 Destination Host Unreachable
From 192.168.100.101 icmp_seq=134 Destination Host Unreachable
From 192.168.100.101 icmp_seq=135 Destination Host Unreachable
From 192.168.100.101 icmp_seq=136 Destination Host Unreachable
From 192.168.100.101 icmp_seq=137 Destination Host Unreachable
ping: sendmsg: No route to host
From 192.168.100.101 icmp_seq=138 Destination Host Unreachable
From 192.168.100.101 icmp_seq=139 Destination Host Unreachable
From 192.168.100.101 icmp_seq=141 Destination Host Unreachable
ping: sendmsg: No route to host
From 192.168.100.101 icmp_seq=142 Destination Host Unreachable
From 192.168.100.101 icmp_seq=143 Destination Host Unreachable
From 192.168.100.101 icmp_seq=145 Destination Host Unreachable
ping: sendmsg: No route to host
From 192.168.100.101 icmp_seq=146 Destination Host Unreachable
From 192.168.100.101 icmp_seq=147 Destination Host Unreachable
From 192.168.100.101 icmp_seq=149 Destination Host Unreachable
ping: sendmsg: No route to host
From 192.168.100.101 icmp_seq=150 Destination Host Unreachable
From 192.168.100.101 icmp_seq=151 Destination Host Unreachable
From 192.168.100.101 icmp_seq=153 Destination Host Unreachable
From 192.168.100.101 icmp_seq=154 Destination Host Unreachable
From 192.168.100.101 icmp_seq=155 Destination Host Unreachable
From 192.168.100.101 icmp_seq=156 Destination Host Unreachable
ping: sendmsg: No route to host
From 192.168.100.101 icmp_seq=157 Destination Host Unreachable
From 192.168.100.101 icmp_seq=158 Destination Host Unreachable
From 192.168.100.101 icmp_seq=160 Destination Host Unreachable
From 192.168.100.101 icmp_seq=161 Destination Host Unreachable
From 192.168.100.101 icmp_seq=162 Destination Host Unreachable
From 192.168.100.101 icmp_seq=163 Destination Host Unreachable
ping: sendmsg: No route to host
From 192.168.100.101 icmp_seq=164 Destination Host Unreachable
From 192.168.100.101 icmp_seq=165 Destination Host Unreachable
From 192.168.100.101 icmp_seq=167 Destination Host Unreachable
ping: sendmsg: No route to host
From 192.168.100.101 icmp_seq=168 Destination Host Unreachable
From 192.168.100.101 icmp_seq=169 Destination Host Unreachable
From 192.168.100.101 icmp_seq=171 Destination Host Unreachable
From 192.168.100.101 icmp_seq=172 Destination Host Unreachable
From 192.168.100.101 icmp_seq=173 Destination Host Unreachable
From 192.168.100.101 icmp_seq=174 Destination Host Unreachable
ping: sendmsg: No route to host
From 192.168.100.101 icmp_seq=175 Destination Host Unreachable
From 192.168.100.101 icmp_seq=176 Destination Host Unreachable
From 192.168.100.101 icmp_seq=178 Destination Host Unreachable
From 192.168.100.101 icmp_seq=179 Destination Host Unreachable
From 192.168.100.101 icmp_seq=180 Destination Host Unreachable
From 192.168.100.101 icmp_seq=181 Destination Host Unreachable
ping: sendmsg: No route to host
From 192.168.100.101 icmp_seq=182 Destination Host Unreachable
From 192.168.100.101 icmp_seq=183 Destination Host Unreachable
From 192.168.100.101 icmp_seq=185 Destination Host Unreachable
ping: sendmsg: No route to host
From 192.168.100.101 icmp_seq=186 Destination Host Unreachable
From 192.168.100.101 icmp_seq=187 Destination Host Unreachable
From 192.168.100.101 icmp_seq=189 Destination Host Unreachable
ping: sendmsg: No route to host
From 192.168.100.101 icmp_seq=190 Destination Host Unreachable
From 192.168.100.101 icmp_seq=191 Destination Host Unreachable
From 192.168.100.101 icmp_seq=193 Destination Host Unreachable
From 192.168.100.101 icmp_seq=194 Destination Host Unreachable
From 192.168.100.101 icmp_seq=195 Destination Host Unreachable
From 192.168.100.101 icmp_seq=196 Destination Host Unreachable
ping: sendmsg: No route to host
From 192.168.100.101 icmp_seq=197 Destination Host Unreachable
From 192.168.100.101 icmp_seq=198 Destination Host Unreachable
From 192.168.100.101 icmp_seq=200 Destination Host Unreachable
From 192.168.100.101 icmp_seq=201 Destination Host Unreachable
From 192.168.100.101 icmp_seq=202 Destination Host Unreachable
From 192.168.100.101 icmp_seq=203 Destination Host Unreachable
ping: sendmsg: No route to host
From 192.168.100.101 icmp_seq=204 Destination Host Unreachable
From 192.168.100.101 icmp_seq=205 Destination Host Unreachable
From 192.168.100.101 icmp_seq=207 Destination Host Unreachable
ping: sendmsg: No route to host
From 192.168.100.101 icmp_seq=208 Destination Host Unreachable
From 192.168.100.101 icmp_seq=209 Destination Host Unreachable
From 192.168.100.101 icmp_seq=211 Destination Host Unreachable
From 192.168.100.101 icmp_seq=212 Destination Host Unreachable
From 192.168.100.101 icmp_seq=213 Destination Host Unreachable
From 192.168.100.101 icmp_seq=214 Destination Host Unreachable
ping: sendmsg: No route to host
From 192.168.100.101 icmp_seq=215 Destination Host Unreachable
From 192.168.100.101 icmp_seq=216 Destination Host Unreachable
From 192.168.100.101 icmp_seq=218 Destination Host Unreachable
ping: sendmsg: No route to host
From 192.168.100.101 icmp_seq=219 Destination Host Unreachable
From 192.168.100.101 icmp_seq=220 Destination Host Unreachable
From 192.168.100.101 icmp_seq=222 Destination Host Unreachable
From 192.168.100.101 icmp_seq=223 Destination Host Unreachable
From 192.168.100.101 icmp_seq=224 Destination Host Unreachable
From 192.168.100.101 icmp_seq=225 Destination Host Unreachable
ping: sendmsg: No route to host
From 192.168.100.101 icmp_seq=226 Destination Host Unreachable
From 192.168.100.101 icmp_seq=227 Destination Host Unreachable
From 192.168.100.101 icmp_seq=229 Destination Host Unreachable
From 192.168.100.101 icmp_seq=230 Destination Host Unreachable
From 192.168.100.101 icmp_seq=231 Destination Host Unreachable
From 192.168.100.101 icmp_seq=232 Destination Host Unreachable
ping: sendmsg: No route to host
From 192.168.100.101 icmp_seq=233 Destination Host Unreachable
From 192.168.100.101 icmp_seq=234 Destination Host Unreachable
From 192.168.100.101 icmp_seq=236 Destination Host Unreachable
ping: sendmsg: No route to host
From 192.168.100.101 icmp_seq=237 Destination Host Unreachable
From 192.168.100.101 icmp_seq=238 Destination Host Unreachable
From 192.168.100.101 icmp_seq=240 Destination Host Unreachable
From 192.168.100.101 icmp_seq=241 Destination Host Unreachable
From 192.168.100.101 icmp_seq=242 Destination Host Unreachable
From 192.168.100.101 icmp_seq=243 Destination Host Unreachable
ping: sendmsg: No route to host
From 192.168.100.101 icmp_seq=244 Destination Host Unreachable
From 192.168.100.101 icmp_seq=245 Destination Host Unreachable
From 192.168.100.101 icmp_seq=247 Destination Host Unreachable
ping: sendmsg: No route to host
From 192.168.100.101 icmp_seq=248 Destination Host Unreachable
From 192.168.100.101 icmp_seq=249 Destination Host Unreachable
From 192.168.100.101 icmp_seq=251 Destination Host Unreachable
From 192.168.100.101 icmp_seq=252 Destination Host Unreachable
From 192.168.100.101 icmp_seq=253 Destination Host Unreachable
From 192.168.100.101 icmp_seq=254 Destination Host Unreachable
ping: sendmsg: No route to host
From 192.168.100.101 icmp_seq=255 Destination Host Unreachable
From 192.168.100.101 icmp_seq=256 Destination Host Unreachable
From 192.168.100.101 icmp_seq=258 Destination Host Unreachable
ping: sendmsg: No route to host
From 192.168.100.101 icmp_seq=259 Destination Host Unreachable
From 192.168.100.101 icmp_seq=260 Destination Host Unreachable
From 192.168.100.101 icmp_seq=262 Destination Host Unreachable
ping: sendmsg: No route to host
From 192.168.100.101 icmp_seq=263 Destination Host Unreachable
From 192.168.100.101 icmp_seq=264 Destination Host Unreachable
From 192.168.100.101 icmp_seq=266 Destination Host Unreachable
ping: sendmsg: No route to host
From 192.168.100.101 icmp_seq=267 Destination Host Unreachable
From 192.168.100.101 icmp_seq=268 Destination Host Unreachable
From 192.168.100.101 icmp_seq=270 Destination Host Unreachable
ping: sendmsg: No route to host
From 192.168.100.101 icmp_seq=271 Destination Host Unreachable
From 192.168.100.101 icmp_seq=272 Destination Host Unreachable
From 192.168.100.101 icmp_seq=274 Destination Host Unreachable
ping: sendmsg: No route to host
From 192.168.100.101 icmp_seq=275 Destination Host Unreachable
From 192.168.100.101 icmp_seq=276 Destination Host Unreachable
From 192.168.100.101 icmp_seq=278 Destination Host Unreachable
From 192.168.100.101 icmp_seq=279 Destination Host Unreachable
From 192.168.100.101 icmp_seq=280 Destination Host Unreachable
From 192.168.100.101 icmp_seq=281 Destination Host Unreachable
ping: sendmsg: No route to host
From 192.168.100.101 icmp_seq=282 Destination Host Unreachable
From 192.168.100.101 icmp_seq=283 Destination Host Unreachable
From 192.168.100.101 icmp_seq=285 Destination Host Unreachable
ping: sendmsg: No route to host
From 192.168.100.101 icmp_seq=286 Destination Host Unreachable
From 192.168.100.101 icmp_seq=287 Destination Host Unreachable
From 192.168.100.101 icmp_seq=289 Destination Host Unreachable
From 192.168.100.101 icmp_seq=290 Destination Host Unreachable
From 192.168.100.101 icmp_seq=291 Destination Host Unreachable
From 192.168.100.101 icmp_seq=292 Destination Host Unreachable
ping: sendmsg: No route to host
From 192.168.100.101 icmp_seq=293 Destination Host Unreachable
From 192.168.100.101 icmp_seq=294 Destination Host Unreachable
From 192.168.100.101 icmp_seq=296 Destination Host Unreachable
ping: sendmsg: No route to host
From 192.168.100.101 icmp_seq=297 Destination Host Unreachable
From 192.168.100.101 icmp_seq=298 Destination Host Unreachable
From 192.168.100.101 icmp_seq=300 Destination Host Unreachable
ping: sendmsg: No route to host
From 192.168.100.101 icmp_seq=301 Destination Host Unreachable
From 192.168.100.101 icmp_seq=302 Destination Host Unreachable
From 192.168.100.101 icmp_seq=304 Destination Host Unreachable
ping: sendmsg: No route to host
From 192.168.100.101 icmp_seq=305 Destination Host Unreachable
From 192.168.100.101 icmp_seq=306 Destination Host Unreachable
From 192.168.100.101 icmp_seq=308 Destination Host Unreachable
From 192.168.100.101 icmp_seq=309 Destination Host Unreachable
From 192.168.100.101 icmp_seq=310 Destination Host Unreachable
From 192.168.100.101 icmp_seq=311 Destination Host Unreachable
ping: sendmsg: No route to host
From 192.168.100.101 icmp_seq=312 Destination Host Unreachable
From 192.168.100.101 icmp_seq=313 Destination Host Unreachable
From 192.168.100.101 icmp_seq=315 Destination Host Unreachable
ping: sendmsg: No route to host
From 192.168.100.101 icmp_seq=316 Destination Host Unreachable
From 192.168.100.101 icmp_seq=317 Destination Host Unreachable
From 192.168.100.101 icmp_seq=319 Destination Host Unreachable
From 192.168.100.101 icmp_seq=320 Destination Host Unreachable
From 192.168.100.101 icmp_seq=321 Destination Host Unreachable
From 192.168.100.101 icmp_seq=322 Destination Host Unreachable
ping: sendmsg: No route to host
From 192.168.100.101 icmp_seq=323 Destination Host Unreachable
From 192.168.100.101 icmp_seq=324 Destination Host Unreachable
From 192.168.100.101 icmp_seq=326 Destination Host Unreachable
ping: sendmsg: No route to host
From 192.168.100.101 icmp_seq=327 Destination Host Unreachable
From 192.168.100.101 icmp_seq=328 Destination Host Unreachable
From 192.168.100.101 icmp_seq=330 Destination Host Unreachable
From 192.168.100.101 icmp_seq=331 Destination Host Unreachable
From 192.168.100.101 icmp_seq=332 Destination Host Unreachable
From 192.168.100.101 icmp_seq=333 Destination Host Unreachable
ping: sendmsg: No route to host
From 192.168.100.101 icmp_seq=334 Destination Host Unreachable
From 192.168.100.101 icmp_seq=335 Destination Host Unreachable
From 192.168.100.101 icmp_seq=337 Destination Host Unreachable
From 192.168.100.101 icmp_seq=338 Destination Host Unreachable
From 192.168.100.101 icmp_seq=339 Destination Host Unreachable
From 192.168.100.101 icmp_seq=340 Destination Host Unreachable
ping: sendmsg: No route to host
From 192.168.100.101 icmp_seq=341 Destination Host Unreachable
From 192.168.100.101 icmp_seq=342 Destination Host Unreachable
From 192.168.100.101 icmp_seq=344 Destination Host Unreachable
ping: sendmsg: No route to host
From 192.168.100.101 icmp_seq=345 Destination Host Unreachable
From 192.168.100.101 icmp_seq=346 Destination Host Unreachable
From 192.168.100.101 icmp_seq=348 Destination Host Unreachable
From 192.168.100.101 icmp_seq=349 Destination Host Unreachable
From 192.168.100.101 icmp_seq=350 Destination Host Unreachable
From 192.168.100.101 icmp_seq=351 Destination Host Unreachable
ping: sendmsg: No route to host
From 192.168.100.101 icmp_seq=352 Destination Host Unreachable
From 192.168.100.101 icmp_seq=353 Destination Host Unreachable
From 192.168.100.101 icmp_seq=355 Destination Host Unreachable
ping: sendmsg: No route to host
From 192.168.100.101 icmp_seq=356 Destination Host Unreachable
From 192.168.100.101 icmp_seq=357 Destination Host Unreachable
^C
--- 192.168.100.2 ping statistics ---
358 packets transmitted, 0 received, +312 errors, 100% packet loss, time 365564ms
pipe 3
root@s32g274ardb2:~# ^C
root@s32g274ardb2:~#
root@s32g274ardb2:~#
root@s32g274ardb2:~#
root@s32g274ardb2:~#
root@s32g274ardb2:~#
root@s32g274ardb2:~#
root@s32g274ardb2:~#
root@s32g274ardb2:~#
root@s32g274ardb2:~#
root@s32g274ardb2:~# ip link set pfe0 up
root@s32g274ardb2:~# ip addr add 192.168.100.101/24 dev p3
root@s32g274ardb2:~# ip link set p3 up
root@s32g274ardb2:~# ping 192.168.100.2
PING 192.168.100.2 (192.168.100.2) 56(84) bytes of data.
From 192.168.100.101 icmp_seq=1 Destination Host Unreachable
ping: sendmsg: No route to host
From 192.168.100.101 icmp_seq=2 Destination Host Unreachable
From 192.168.100.101 icmp_seq=3 Destination Host Unreachable
^C
--- 192.168.100.2 ping statistics ---
5 packets transmitted, 0 received, +3 errors, 100% packet loss, time 4096ms
pipe 3
root@s32g274ardb2:~# ping 192.168.100.1
PING 192.168.100.1 (192.168.100.1) 56(84) bytes of data.
64 bytes from 192.168.100.1: icmp_seq=1 ttl=128 time=0.910 ms
64 bytes from 192.168.100.1: icmp_seq=2 ttl=128 time=0.495 ms
64 bytes from 192.168.100.1: icmp_seq=3 ttl=128 time=0.435 ms
64 bytes from 192.168.100.1: icmp_seq=4 ttl=128 time=0.584 ms
64 bytes from 192.168.100.1: icmp_seq=5 ttl=128 time=0.299 ms
64 bytes from 192.168.100.1: icmp_seq=6 ttl=128 time=0.498 ms
64 bytes from 192.168.100.1: icmp_seq=7 ttl=128 time=1.08 ms
64 bytes from 192.168.100.1: icmp_seq=8 ttl=128 time=0.731 ms
^C
--- 192.168.100.1 ping statistics ---
8 packets transmitted, 8 received, 0% packet loss, time 7129ms
rtt min/avg/max/mdev = 0.299/0.628/1.075/0.242 ms
root@s32g274ardb2:~# ip link set p3 down 2>/dev/null && ip addr flush dev p3
root@s32g274ardb2:~#
root@s32g274ardb2:~#
root@s32g274ardb2:~#
root@s32g274ardb2:~#
root@s32g274ardb2:~#
root@s32g274ardb2:~# ip link set p1 down 2>/dev/null && ip addr flush dev p1
root@s32g274ardb2:~#
root@s32g274ardb2:~#
root@s32g274ardb2:~#
root@s32g274ardb2:~#
root@s32g274ardb2:~#
root@s32g274ardb2:~#
root@s32g274ardb2:~# ip addr add 192.168.100.102/24 dev p3
root@s32g274ardb2:~# ip link set p3 up
root@s32g274ardb2:~#
root@s32g274ardb2:~#
root@s32g274ardb2:~#
root@s32g274ardb2:~#
root@s32g274ardb2:~# ping -c 4 192.168.100.2
PING 192.168.100.2 (192.168.100.2) 56(84) bytes of data.
From 192.168.100.101 icmp_seq=1 Destination Host Unreachable
^C
--- 192.168.100.2 ping statistics ---
4 packets transmitted, 0 received, +1 errors, 100% packet loss, time 3068ms
pipe 4
root@s32g274ardb2:~# ^C
root@s32g274ardb2:~# ^C
root@s32g274ardb2:~# ^C
root@s32g274ardb2:~# ^C
root@s32g274ardb2:~# ^C
root@s32g274ardb2:~# ip link set br0 down 2>/dev/null && ip link del br0 2>/dev/null
root@s32g274ardb2:~#
root@s32g274ardb2:~#
root@s32g274ardb2:~#
root@s32g274ardb2:~# ip link set end0 down 2>/dev/null && ip addr flush dev end0



root@s32g274ardb2:~#
root@s32g274ardb2:~#
root@s32g274ardb2:~#
root@s32g274ardb2:~# ip link set pfe0 up
root@s32g274ardb2:~# ip addr add 192.168.100.102/24 dev p1
root@s32g274ardb2:~# ip link set p1 up
root@s32g274ardb2:~# ping 192.168.100.2
PING 192.168.100.2 (192.168.100.2) 56(84) bytes of data.
From 192.168.100.101 icmp_seq=1 Destination Host Unreachable
From 192.168.100.101 icmp_seq=2 Destination Host Unreachable
From 192.168.100.101 icmp_seq=3 Destination Host Unreachable
From 192.168.100.101 icmp_seq=4 Destination Host Unreachable
From 192.168.100.101 icmp_seq=5 Destination Host Unreachable
From 192.168.100.101 icmp_seq=6 Destination Host Unreachable
From 192.168.100.101 icmp_seq=7 Destination Host Unreachable
From 192.168.100.101 icmp_seq=8 Destination Host Unreachable
From 192.168.100.101 icmp_seq=9 Destination Host Unreachable
From 192.168.100.101 icmp_seq=10 Destination Host Unreachable
From 192.168.100.101 icmp_seq=11 Destination Host Unreachable
From 192.168.100.101 icmp_seq=12 Destination Host Unreachable
From 192.168.100.101 icmp_seq=13 Destination Host Unreachable
From 192.168.100.101 icmp_seq=14 Destination Host Unreachable
From 192.168.100.101 icmp_seq=15 Destination Host Unreachable
From 192.168.100.101 icmp_seq=16 Destination Host Unreachable
ping: sendmsg: No route to host
From 192.168.100.101 icmp_seq=17 Destination Host Unreachable
From 192.168.100.101 icmp_seq=18 Destination Host Unreachable
From 192.168.100.101 icmp_seq=20 Destination Host Unreachable
From 192.168.100.101 icmp_seq=21 Destination Host Unreachable
From 192.168.100.101 icmp_seq=22 Destination Host Unreachable
From 192.168.100.101 icmp_seq=23 Destination Host Unreachable
ping: sendmsg: No route to host
From 192.168.100.101 icmp_seq=24 Destination Host Unreachable
From 192.168.100.101 icmp_seq=25 Destination Host Unreachable
From 192.168.100.101 icmp_seq=27 Destination Host Unreachable
From 192.168.100.101 icmp_seq=28 Destination Host Unreachable
From 192.168.100.101 icmp_seq=29 Destination Host Unreachable
From 192.168.100.101 icmp_seq=30 Destination Host Unreachable
ping: sendmsg: No route to host
From 192.168.100.101 icmp_seq=31 Destination Host Unreachable
From 192.168.100.101 icmp_seq=32 Destination Host Unreachable
From 192.168.100.101 icmp_seq=34 Destination Host Unreachable
From 192.168.100.101 icmp_seq=35 Destination Host Unreachable
From 192.168.100.101 icmp_seq=36 Destination Host Unreachable
From 192.168.100.101 icmp_seq=37 Destination Host Unreachable
ping: sendmsg: No route to host
From 192.168.100.101 icmp_seq=38 Destination Host Unreachable
From 192.168.100.101 icmp_seq=39 Destination Host Unreachable
From 192.168.100.101 icmp_seq=41 Destination Host Unreachable
From 192.168.100.101 icmp_seq=42 Destination Host Unreachable
From 192.168.100.101 icmp_seq=43 Destination Host Unreachable
^C
--- 192.168.100.2 ping statistics ---
46 packets transmitted, 0 received, +39 errors, 100% packet loss, time 46084ms
pipe 3
root@s32g274ardb2:~# ^C
root@s32g274ardb2:~#
root@s32g274ardb2:~#
root@s32g274ardb2:~#
root@s32g274ardb2:~#
root@s32g274ardb2:~#
root@s32g274ardb2:~# #!/bin/bash
root@s32g274ardb2:~#
root@s32g274ardb2:~# # --- 1. 네트워크 완전 초기화 ---
root@s32g274ardb2:~# echo "### 1. 모든 네트워크 설정을 초기화합니다..."
### 1. 모든 네트워크 설정을 초기화합니다...
root@s32g274ardb2:~# ip link set br0 down 2>/dev/null && ip link del br0 2>/dev/null
root@s32g274ardb2:~# ip link set end0 down 2>/dev/null && ip addr flush dev end0
ip link set pfe1 down 2>/dev/null && ip addr flush dev pfe1
ip link set pfe2 down 2>/dev/null && ip addr flush dev pfe2
ip link set p1 down 2>/dev/null && ip addr flush dev p1
ip link set p2 down 2>/dev/null && ip addr flush dev p2
ip link set p3 down 2>/dev/null && ip addr flush dev p3
echo "-> 초기화 완료."
sleep 1

root@s32g274ardb2:~# ip link set pfe0 down 2>/dev/null && ip addr flush dev pfe0
root@s32g274ardb2:~# ip link set pfe1 down 2>/dev/null && ip addr flush dev pfe1
# --- 2. p3 포트 테스트 환경 구성 ---
echo "### 2. p3 포트만 설정하고 활성화합니다..."
# DSA 마스터 포트(pfe0) 활성화
ip link set pfe0 up

root@s32g274ardb2:~# ip link set pfe2 down 2>/dev/null && ip addr flush dev pfe2
root@s32g274ardb2:~# ip link set p1 down 2>/dev/null && ip addr flush dev p1
# 통신을 위한 p3 포트에만 IP 주소(192.168.100.102) 할당 및 활성화
ip addr add 192.168.100.102/24 dev p3
ip link set p3 up
echo "-> p3 포트에 IP 할�root@s32g274ardb2:~# ip link set p2 down 2>/dev/null && ip addr flush dev p2
root@s32g274ardb2:~# ip link set p3 down 2>/dev/null && ip addr flush dev p3
�� 완료. 3초 후 연결을 확인합니다..."
sleep 3

# --- 3. 최종 연결 확인 ---
echo "### 3. 노트북(192.168.100.2)과 ping 테스트를 시작합니다..."
ping -c 4 192.168.100.2

root@s32g274ardb2:~# echo "-> 초기화 완료."
-> 초기화 완료.
root@s32g274ardb2:~# sleep 1
echo "### 설정 및 ping 테스트 완료. ###"root@s32g274ardb2:~#
root@s32g274ardb2:~# # --- 2. p3 포트 테스트 환경 구성 ---
root@s32g274ardb2:~# echo "### 2. p3 포트만 설정하고 활성화합니다..."
### 2. p3 포트만 설정하고 활성화합니다...
root@s32g274ardb2:~# # DSA 마스터 포트(pfe0) 활성화
root@s32g274ardb2:~# ip link set pfe0 up
root@s32g274ardb2:~#
root@s32g274ardb2:~# # 통신을 위한 p3 포트에만 IP 주소(192.168.100.102) 할당 및 활성화
root@s32g274ardb2:~# ip addr add 192.168.100.102/24 dev p3
root@s32g274ardb2:~# ip link set p3 up
root@s32g274ardb2:~# echo "-> p3 포트에 IP 할당 완료. 3초 후 연결을 확인합니다..."
-> p3 포트에 IP 할당 완료. 3초 후 연결을 확인합니다...
root@s32g274ardb2:~# sleep 3
root@s32g274ardb2:~#
root@s32g274ardb2:~# # --- 3. 최종 연결 확인 ---
root@s32g274ardb2:~# echo "### 3. 노트북(192.168.100.2)과 ping 테스트를 시작합니다..."
### 3. 노트북(192.168.100.2)과 ping 테스트를 시작합니다...
root@s32g274ardb2:~# ping -c 4 192.168.100.2
PING 192.168.100.2 (192.168.100.2) 56(84) bytes of data.
From 192.168.100.102 icmp_seq=1 Destination Host Unreachable
From 192.168.100.102 icmp_seq=2 Destination Host Unreachable
From 192.168.100.102 icmp_seq=3 Destination Host Unreachable
64 bytes from 192.168.100.2: icmp_seq=4 ttl=128 time=1024 ms

--- 192.168.100.2 ping statistics ---
4 packets transmitted, 1 received, +3 errors, 75% packet loss, time 3057ms
rtt min/avg/max/mdev = 1024.187/1024.187/1024.187/0.000 ms, pipe 3
root@s32g274ardb2:~#
root@s32g274ardb2:~# echo "### 설정 및 ping 테스트 완료. ###"
### 설정 및 ping 테스트 완료. ###
root@s32g274ardb2:~# ping -c 4 192.168.100.2
PING 192.168.100.2 (192.168.100.2) 56(84) bytes of data.
64 bytes from 192.168.100.2: icmp_seq=1 ttl=128 time=0.667 ms
64 bytes from 192.168.100.2: icmp_seq=2 ttl=128 time=0.437 ms
64 bytes from 192.168.100.2: icmp_seq=3 ttl=128 time=0.556 ms
64 bytes from 192.168.100.2: icmp_seq=4 ttl=128 time=0.401 ms

--- 192.168.100.2 ping statistics ---
4 packets transmitted, 4 received, 0% packet loss, time 3068ms
rtt min/avg/max/mdev = 0.401/0.515/0.667/0.104 ms
root@s32g274ardb2:~# #!/bin/bash
root@s32g274ardb2:~#
root@s32g274ardb2:~# # --- 1. 네트워크 완전 초기화 ---
root@s32g274ardb2:~# echo "### 1. 모든 네트워크 설정을 초기화합니다..."
### 1. 모든 네트워크 설정을 초기화합니다...
root@s32g274ardb2:~# ip link set br0 down 2>/dev/null && ip link del br0 2>/dev/null
root@s32g274ardb2:~# ip link set end0 down 2>/dev/null && ip addr flush dev end0
root@s32g274ardb2:~# ip link set pfe0 down 2>/dev/null && ip addr flush dev pfe0
sleep 1

# --- 2. 802.1CB 테스트 환경 구성 ---
echo "### 2. p2와 p3 포트를 설정합니다..."
# DSA 마스터 포트 및 테스트할 포트들 활성화
ip link set pfe0 up
ip link set proot@s32g274ardb2:~# ip link set p1 down 2>/dev/null && ip addr flush dev p1
root@s32g274ardb2:~# ip link set p2 down 2>/dev/null && ip addr flush dev p2
root@s32g274ardb2:~# ip link set p3 down 2>/dev/null && ip addr flush dev p3
root@s32g274ardb2:~# echo "-> 초기화 완료."
-> 초기화 완료.
root@s32g274ardb2:~# sleep 1
# --- 3. 포트 미러링 설정 (802.1CB 프레임 복제) ---
echo "### 3. p2 -> p3 포트 미러링을 설정합니다..."
tc qdisc add dev p2 ingress 2>/dev/null
tc filter add dev p2 parent ffff: protocol all u32 match u32 0 0 action mirred egress mirror dev p3
echo "-> 미러링 설정 완료."
sleep 2

# --- 4. 최종 연결 확인 ---
echo "### 4. 노트북(192.168.100.1)과 ping 테스트를 시작합니다..."
ping -c 4 192.168.100.1

echo "### 모든 설정이 완료되었습니다. ###"
echo "이제 노트북에서 tcpdump(또는 Wireshark)를 실행하고, GoldBox에서 다시 ping을 시작하여 복제 여부를 확인하세요."root@s32g274ardb2:~#
root@s32g274ardb2:~# # --- 2. 802.1CB 테스트 환경 구성 ---
root@s32g274ardb2:~# echo "### 2. p2와 p3 포트를 설정합니다..."
### 2. p2와 p3 포트를 설정합니다...
root@s32g274ardb2:~# # DSA 마스터 포트 및 테스트할 포트들 활성화
root@s32g274ardb2:~# ip link set pfe0 up
root@s32g274ardb2:~# ip link set p2 up
root@s32g274ardb2:~# ip link set p3 up
root@s32g274ardb2:~#
root@s32g274ardb2:~# # 통신을 위한 p2 포트에만 IP 주소 할당
root@s32g274ardb2:~# ip addr add 192.168.100.101/24 dev p2
root@s32g274ardb2:~# echo "-> p2 포트에 IP 할당 완료."
-> p2 포트에 IP 할당 완료.
root@s32g274ardb2:~#

root@s32g274ardb2:~# # --- 3. 포트 미러링 설정 (802.1CB 프레임 복제) ---
root@s32g274ardb2:~# echo "### 3. p2 -> p3 포트 미러링을 설정합니다..."
### 3. p2 -> p3 포트 미러링을 설정합니다...
root@s32g274ardb2:~# tc qdisc add dev p2 ingress 2>/dev/null
root@s32g274ardb2:~# tc filter add dev p2 parent ffff: protocol all u32 match u32 0 0 action mirred egress mirror dev p3
root@s32g274ardb2:~# echo "-> 미러링 설정 완료."
-> 미러링 설정 완료.
root@s32g274ardb2:~# sleep 2

root@s32g274ardb2:~#
root@s32g274ardb2:~# # --- 4. 최종 연결 확인 ---
root@s32g274ardb2:~# echo "### 4. 노트북(192.168.100.1)과 ping 테스트를 시작합니다..."
### 4. 노트북(192.168.100.1)과 ping 테스트를 시작합니다...
root@s32g274ardb2:~# ping -c 4 192.168.100.1
PING 192.168.100.1 (192.168.100.1) 56(84) bytes of data.
From 192.168.100.101 icmp_seq=1 Destination Host Unreachable
ping: sendmsg: No route to host
From 192.168.100.101 icmp_seq=2 Destination Host Unreachable
From 192.168.100.101 icmp_seq=3 Destination Host Unreachable

--- 192.168.100.1 ping statistics ---
4 packets transmitted, 0 received, +3 errors, 100% packet loss, time 3072ms
pipe 3
root@s32g274ardb2:~#
root@s32g274ardb2:~# echo "### 모든 설정이 완료되었습니다. ###"
### 모든 설정이 완료되었습니다. ###
g을 시작하여 복제 여부를 확인하세요." 에서 tcpdump(또는 Wireshark)를 실행하고, GoldBox에서 다시 ping
이제 노트북에서 tcpdump(또는 Wireshark)를 실행하고, GoldBox에서 다시 ping을 시작하여 복제 여부를 확인하세요.
root@s32g274ardb2:~#
root@s32g274ardb2:~#
root@s32g274ardb2:~#
root@s32g274ardb2:~#
root@s32g274ardb2:~# #!/bin/bash
root@s32g274ardb2:~#
root@s32g274ardb2:~# # --- 1. 네트워크 완전 초기화 ---
root@s32g274ardb2:~# echo "### 1. 모든 네트워크 설정을 완벽하게 초기화합니다..."
### 1. 모든 네트워크 설정을 완벽하게 초기화합니다...
root@s32g274ardb2:~# # 이전에 생성했을 수 있는 브릿지 삭제
root@s32g274ardb2:~# ip link set br0 down 2>/dev/null && ip link del br0 2>/dev/null
�스 비활성화 및 IP 설정 제거
ip link set end0 down 2>/dev/null && ip addr flush dev end0
ip link set pfe0 down 2>/dev/null && ip addr flush dev pfe0
ip link set pfe1 down 2>/dev/null && ip addr flush dev pfe1
ip link set pfe2 down 2>/dev/null && ip addr flush dev pfe2
ip link set p1 down 2>/dev/null && ip addr flush dev p1
root@s32g274ardb2:~# # 모든 이더넷 인터페이스 비활성화 및 IP 설정 제거
root@s32g274ardb2:~# ip link set end0 down 2>/dev/null && ip addr flush dev end0
root@s32g274ardb2:~# ip link set pfe0 down 2>/dev/null && ip addr flush dev pfe0
root@s32g274ardb2:~# ip link set pfe1 down 2>/dev/null && ip addr flush dev pfe1
root@s32g274ardb2:~# ip link set pfe2 down 2>/dev/null && ip addr flush dev pfe2
root@s32g274ardb2:~# ip link set p1 down 2>/dev/null && ip addr flush dev p1
root@s32g274ardb2:~# ip link set p2 down 2>/dev/null && ip addr flush dev p2
root@s32g274ardb2:~# ip link set p3 down 2>/dev/null && ip addr flush dev p3
root@s32g274ardb2:~# echo "-> 초기화 완료."
ip link set p2 up
echo "-> p2 (192.168.100.101) 설정 완료."

# P2B 포트(p3) 설정
ip addr add 192.168.100.102/24 dev p3
ip link set p3 up
-> 초기화 완료.
root@s32g274ardb2:~# sleep 1
echo "-> p3 (192.168.100.102) 설정 완료."

sleep 2
echo "### 설정이 완료되었습니다. ###"

# --- 3. 라우팅 테이블 확인 ---
echo "### 현재 라우팅 테이블:"
route -nroot@s32g274ardb2:~#
root@s32g274ardb2:~# # --- 2. 포트별 개별 설정 ---
root@s32g274ardb2:~# echo "### 2. p2, p3 포트를 개별적으로 설정합니다..."
### 2. p2, p3 포트를 개별적으로 설정합니다...
root@s32g274ardb2:~# # DSA 마스터 포트(pfe0) 활성화
root@s32g274ardb2:~# ip link set pfe0 up
root@s32g274ardb2:~#
root@s32g274ardb2:~# # P2A 포트(p2) 설정
root@s32g274ardb2:~# ip addr add 192.168.100.101/24 dev p2
root@s32g274ardb2:~# ip link set p2 up
root@s32g274ardb2:~# echo "-> p2 (192.168.100.101) 설정 완료."
-> p2 (192.168.100.101) 설정 완료.
root@s32g274ardb2:~#
root@s32g274ardb2:~# # P2B 포트(p3) 설정
root@s32g274ardb2:~# ip addr add 192.168.100.102/24 dev p3
root@s32g274ardb2:~# ip link set p3 up

root@s32g274ardb2:~# echo "-> p3 (192.168.100.102) 설정 완료."
-> p3 (192.168.100.102) 설정 완료.
root@s32g274ardb2:~#
root@s32g274ardb2:~# sleep 2
root@s32g274ardb2:~# echo "### 설정이 완료되었습니다. ###"
### 설정이 완료되었습니다. ###
root@s32g274ardb2:~#
root@s32g274ardb2:~# # --- 3. 라우팅 테이블 확인 ---
root@s32g274ardb2:~# echo "### 현재 라우팅 테이블:"
### 현재 라우팅 테이블:
root@s32g274ardb2:~# route -n
Kernel IP routing table
Destination     Gateway         Genmask         Flags Metric Ref    Use Iface
192.168.100.0   0.0.0.0         255.255.255.0   U     0      0        0 p2
192.168.100.0   0.0.0.0         255.255.255.0   U     0      0        0 p3
root@s32g274ardb2:~#
root@s32g274ardb2:~#
root@s32g274ardb2:~#
root@s32g274ardb2:~#
root@s32g274ardb2:~# echo "### p2 -> PC (192.168.100.1) ping 테스트..."
### p2 -> PC (192.168.100.1) ping 테스트...
root@s32g274ardb2:~# ping -c 4 192.168.100.1
PING 192.168.100.1 (192.168.100.1) 56(84) bytes of data.
From 192.168.100.101 icmp_seq=1 Destination Host Unreachable
From 192.168.100.101 icmp_seq=2 Destination Host Unreachable

--- 192.168.100.1 ping statistics ---
4 packets transmitted, 0 received, +2 errors, 100% packet loss, time 3052ms
pipe 4
root@s32g274ardb2:~#
root@s32g274ardb2:~#
root@s32g274ardb2:~#
root@s32g274ardb2:~# echo "### p3 -> 노트북 (192.168.100.2) ping 테스트..."
### p3 -> 노트북 (192.168.100.2) ping 테스트...
root@s32g274ardb2:~# ping -c 4 192.168.100.2
PING 192.168.100.2 (192.168.100.2) 56(84) bytes of data.
64 bytes from 192.168.100.2: icmp_seq=1 ttl=128 time=0.837 ms
64 bytes from 192.168.100.2: icmp_seq=2 ttl=128 time=0.965 ms
64 bytes from 192.168.100.2: icmp_seq=3 ttl=128 time=0.736 ms
64 bytes from 192.168.100.2: icmp_seq=4 ttl=128 time=0.778 ms

--- 192.168.100.2 ping statistics ---
4 packets transmitted, 4 received, 0% packet loss, time 3028ms
rtt min/avg/max/mdev = 0.736/0.829/0.965/0.086 ms
root@s32g274ardb2:~# echo "### p2 -> PC (192.168.100.1) ping 테스트..."
### p2 -> PC (192.168.100.1) ping 테스트...
root@s32g274ardb2:~# ping -c 4 192.168.100.1
PING 192.168.100.1 (192.168.100.1) 56(84) bytes of data.
From 192.168.100.101 icmp_seq=1 Destination Host Unreachable
ping: sendmsg: No route to host
From 192.168.100.101 icmp_seq=2 Destination Host Unreachable
From 192.168.100.101 icmp_seq=3 Destination Host Unreachable

--- 192.168.100.1 ping statistics ---
4 packets transmitted, 0 received, +3 errors, 100% packet loss, time 3052ms
pipe 3
root@s32g274ardb2:~# echo "### p2 -> PC (192.168.100.1) ping 테스트..."
### p2 -> PC (192.168.100.1) ping 테스트...
root@s32g274ardb2:~# ping -c 4 192.168.100.1
PING 192.168.100.1 (192.168.100.1) 56(84) bytes of data.
From 192.168.100.101 icmp_seq=1 Destination Host Unreachable
^C
--- 192.168.100.1 ping statistics ---
4 packets transmitted, 0 received, +1 errors, 100% packet loss, time 3048ms

root@s32g274ardb2:~# ^C
root@s32g274ardb2:~# echo "### p3 -> 노트북 (192.168.100.2) ping 테스트..."
### p3 -> 노트북 (192.168.100.2) ping 테스트...
root@s32g274ardb2:~# ping -c 4 192.168.100.2
PING 192.168.100.2 (192.168.100.2) 56(84) bytes of data.
64 bytes from 192.168.100.2: icmp_seq=1 ttl=128 time=1.32 ms
64 bytes from 192.168.100.2: icmp_seq=2 ttl=128 time=0.510 ms
64 bytes from 192.168.100.2: icmp_seq=3 ttl=128 time=0.482 ms
^C
--- 192.168.100.2 ping statistics ---
