

















========== 802.1CB (P2A/P2B Bridge) Dashboard (Role: G2) ==========
  STATUS: PATH FAILED
----------------------------------------------------------------------
               |   TX (Sent from node)   |   RX (Received by node)
----------------------------------------------------------------------
 VALID Packets   | 98                      | 0
 DUPLICATE Packets | (N/A, Tx sends 2x)      | 0
----------------------------------------------------------------------


























========== 802.1CB (P2A/P2B Bridge) Dashboard (Role: G2) ==========
  STATUS: PATH FAILED
----------------------------------------------------------------------
               |   TX (Sent from node)   |   RX (Received by node)
----------------------------------------------------------------------
 VALID Packets   | 100                     | 0
 DUPLICATE Packets | (N/A, Tx sends 2x)      | 0
----------------------------------------------------------------------


























========== 802.1CB (P2A/P2B Bridge) Dashboard (Role: G2) ==========
  STATUS: PATH FAILED
----------------------------------------------------------------------
               |   TX (Sent from node)   |   RX (Received by node)
----------------------------------------------------------------------
 VALID Packets   | 98                      | 0
 DUPLICATE Packets | (N/A, Tx sends 2x)      | 0
----------------------------------------------------------------------


























========== 802.1CB (P2A/P2B Bridge) Dashboard (Role: G2) ==========
  STATUS: PATH FAILED
----------------------------------------------------------------------
               |   TX (Sent from node)   |   RX (Received by node)
----------------------------------------------------------------------
 VALID Packets   | 100                     | 0
 DUPLICATE Packets | (N/A, Tx sends 2x)      | 0
----------------------------------------------------------------------


























========== 802.1CB (P2A/P2B Bridge) Dashboard (Role: G2) ==========
  STATUS: PATH FAILED
----------------------------------------------------------------------
               |   TX (Sent from node)   |   RX (Received by node)
----------------------------------------------------------------------
 VALID Packets   | 98                      | 0
 DUPLICATE Packets | (N/A, Tx sends 2x)      | 0
----------------------------------------------------------------------


























========== 802.1CB (P2A/P2B Bridge) Dashboard (Role: G2) ==========
  STATUS: PATH FAILED
----------------------------------------------------------------------
               |   TX (Sent from node)   |   RX (Received by node)
----------------------------------------------------------------------
 VALID Packets   | 100                     | 0
 DUPLICATE Packets | (N/A, Tx sends 2x)      | 0
----------------------------------------------------------------------


























========== 802.1CB (P2A/P2B Bridge) Dashboard (Role: G2) ==========
  STATUS: PATH FAILED
----------------------------------------------------------------------
               |   TX (Sent from node)   |   RX (Received by node)
----------------------------------------------------------------------
 VALID Packets   | 98                      | 0
 DUPLICATE Packets | (N/A, Tx sends 2x)      | 0
----------------------------------------------------------------------


























========== 802.1CB (P2A/P2B Bridge) Dashboard (Role: G2) ==========
  STATUS: PATH FAILED
----------------------------------------------------------------------
               |   TX (Sent from node)   |   RX (Received by node)
----------------------------------------------------------------------
 VALID Packets   | 98                      | 0
 DUPLICATE Packets | (N/A, Tx sends 2x)      | 0
----------------------------------------------------------------------


























========== 802.1CB (P2A/P2B Bridge) Dashboard (Role: G2) ==========
  STATUS: PATH FAILED
----------------------------------------------------------------------
               |   TX (Sent from node)   |   RX (Received by node)
----------------------------------------------------------------------
 VALID Packets   | 100                     | 0
 DUPLICATE Packets | (N/A, Tx sends 2x)      | 0
----------------------------------------------------------------------
^C
root@s32g274ardb2:~# ^C
root@s32g274ardb2:~# #!/bin/bash
root@s32g274ardb2:~#
root@s32g274ardb2:~# # --- 1. Full Network Reset and Configuration ---
root@s32g274ardb2:~# echo "### G2: Full Network Reset and P2A/B Bridge Setup ###"
### G2: Full Network Reset and P2A/B Bridge Setup ###
root@s32g274ardb2:~# service k3s-agent stop 2>/dev/null; service xencommons stop 2>/dev/null
Stopping the k3s agent
ctl delbr br0 2>/dev/null

brctl addbr br0
ip link set br0 address 00:04:9f:be:ff:11
ip link set pfe0sl up
brctl addif br0 pfe0sl
ip link set br0 up
ip addr add 192.168.100.2/24 dev br0
echo "--- G2 Network Setup Complete ---"
sleep 2

# --- 2. Ping Test to G3 ---
echo "### G2: Pinging G3 (192.168.100.1) to verify connection... ###"
ping -c 2 -W 2 192.168.100.1
if [ $? -ne 0 ]; then
    echo "!!! ERROR: Ping to G3 failed. Aborting. !!!"
    exit 1
fi
echo "--- G2 Ping to G3 Successful ---"

# --- 3. Create and Compile C Code ---
echo "### G2: Creating and Compiling cb_engine... ###"
# (위 G3 스크립트와 동일한 C 코드 내용을 여기에 복사-붙여넣기)
cat > p2_cb_engine.c << 'EOF'
Stopping xenconsoled
Stopping QEMU
WARNING: Not stopping xenstored, as it cannot be restarted.
root@s32g274ardb2:~# iptables -P INPUT ACCEPT; iptables -P OUTPUT ACCEPT; iptables -P FORWARD ACCEPT
root@s32g274ardb2:~# iptables -F; iptables -X
root@s32g274ardb2:~# for iface in $(ip -o link show | awk -F': ' '{print $2}'); do if [ "$iface" != "lo" ]; then ip addr flush dev "$iface"; fi; done
Device "sit0@NONE" does not exist.
# --- 4. Run Dashboard ---
echo "### G2: Starting Dashboard... ###"
./cb_engine_g2root@s32g274ardb2:~# ip link set br0 down 2>/dev/null; brctl delbr br0 2>/dev/null
root@s32g274ardb2:~#
root@s32g274ardb2:~# brctl addbr br0
root@s32g274ardb2:~# ip link set br0 address 00:04:9f:be:ff:11
root@s32g274ardb2:~# ip link set pfe0sl up
root@s32g274ardb2:~# brctl addif br0 pfe0sl
root@s32g274ardb2:~# ip link set br0 up
root@s32g274ardb2:~# ip addr add 192.168.100.2/24 dev br0
root@s32g274ardb2:~# echo "--- G2 Network Setup Complete ---"
--- G2 Network Setup Complete ---
root@s32g274ardb2:~# sleep 2
root@s32g274ardb2:~#
root@s32g274ardb2:~# # --- 2. Ping Test to G3 ---
root@s32g274ardb2:~# echo "### G2: Pinging G3 (192.168.100.1) to verify connection... ###"
### G2: Pinging G3 (192.168.100.1) to verify connection... ###
root@s32g274ardb2:~# ping -c 2 -W 2 192.168.100.1
PING 192.168.100.1 (192.168.100.1) 56(84) bytes of data.

--- 192.168.100.1 ping statistics ---
2 packets transmitted, 0 received, 100% packet loss, time 1022ms

root@s32g274ardb2:~# if [ $? -ne 0 ]; then
>     echo "!!! ERROR: Ping to G3 failed. Aborting. !!!"
>     exit 1
> fi
!!! ERROR: Ping to G3 failed. Aborting. !!!
logout

GoldVIP 1.14.0 (based on Auto Linux BSP 44.0) s32g274ardb2 ttyLF0

s32g274ardb2 login: root
root@s32g274ardb2:~# #!/bin/bash
root@s32g274ardb2:~#
root@s32g274ardb2:~# # --- 1. Full System Reset ---
root@s32g274ardb2:~# echo "### G2: Full System Reset ###"
### G2: Full System Reset ###
root@s32g274ardb2:~# service k3s-agent stop 2>/dev/null
Stopping the k3s agent
killall ptp4l 2>/dev/null
iptables -P INPUT ACCEPT; iptables -P OUTPUT ACCEPT; iptables -P FORWARD ACCEPT
iptables -F; iptables -X
ip link set xenbr0 down 2>/dev/null; brctl delif xenbr0 eth0 2>/dev/null; brctl delbr xenbr0 2>/dev/null
for iface in $(ip -o link show | awk -F': ' '{print $2}'); do if [ "$iface" != "lo" ]; then ip addr flush dev "$iface"; fi; done
sleep 1

# --- 2. Network Configuration (Routing Mode) ---
echo "### G2: Configuring Network Paths ###"
libfci_cli phyif-update -i emac2 --mode=DEFAULT -E
ip link set eth0 up
ip link set pfe2sl up
ip addr add 192.168.10.2/24 dev eth0
ip addr add 192.168.20.2/24 dev pfe2sl
echo "--- G2 Network Ready ---"

# --- 3. Start Applications ---
echo "### G2: Starting PTP Slave and iperf3 Server ###"
# PTP Slave (background)
ptp4l -i eth0 -m -S &
PTP_PID=$!

root@s32g274ardb2:~# service xencommons stop 2>/dev/null
Stopping xenconsoled
Stopping QEMU
WARNING: Not stopping xenstored, as it cannot be restarted.
root@s32g274ardb2:~# killall iperf3 2>/dev/null
# iperf3 Server (background)
iperf3 -s -B 192.168.20.2 -D

echo "--- G2 Servers are running in the background ---"
echo "To monitor PTP, run: dmesg | grep ptp4l"
root@s32g274ardb2:~# killall ptp4l 2>/dev/null
root@s32g274ardb2:~# iptables -P INPUT ACCEPT; iptables -P OUTPUT ACCEPT; iptables -P FORWARD ACCEPT
root@s32g274ardb2:~# iptables -F; iptables -X
echo "To stop all, run: killall iperf3; killall ptp4l"root@s32g274ardb2:~# ip link set xenbr0 down 2>/dev/null; brctldev/nullenbr0 eth0 2>/dev/null; brctl delbr xenbr0 2>/d
root@s32g274ardb2:~# for iface in $(ip -o link show | awk -F': ' '{print $2}'); do if [ "$iface" != "lo" ]; then ip addr flush dev "$iface"; fi; done
Device "sit0@NONE" does not exist.
root@s32g274ardb2:~# sleep 1
root@s32g274ardb2:~#
root@s32g274ardb2:~# # --- 2. Network Configuration (Routing Mode) ---
root@s32g274ardb2:~# echo "### G2: Configuring Network Paths ###"
### G2: Configuring Network Paths ###
root@s32g274ardb2:~# libfci_cli phyif-update -i emac2 --mode=DEFAULT -E
DISCLAIMER: This is a DEMO application. It is not part of the production code deliverables.
ERROR (-110)
Something unexpected happened during execution of the command.
Check your input and try again.
root@s32g274ardb2:~# ip link set eth0 up
root@s32g274ardb2:~# ip link set pfe2sl up
root@s32g274ardb2:~# ip addr add 192.168.10.2/24 dev eth0
root@s32g274ardb2:~# ip addr add 192.168.20.2/24 dev pfe2sl
root@s32g274ardb2:~# echo "--- G2 Network Ready ---"
--- G2 Network Ready ---
root@s32g274ardb2:~#
root@s32g274ardb2:~# # --- 3. Start Applications ---
root@s32g274ardb2:~# echo "### G2: Starting PTP Slave and iperf3 Server ###"
### G2: Starting PTP Slave and iperf3 Server ###
root@s32g274ardb2:~# # PTP Slave (background)
root@s32g274ardb2:~# ptp4l -i eth0 -m -S &
[1] 16110
root@s32g274ardb2:~# PTP_PID=$!
root@s32g274ardb2:~#
root@s32g274ardb2:~# # iperf3 Server (background)
root@s32g274ardb2:~# iperf3 -s -B 192.168.20.2 -D
ptp4l[1292.830]: port 1 (eth0): INITIALIZING to LISTENING on INIT_COMPLETE
ptp4l[1292.831]: port 0 (/var/run/ptp4l): INITIALIZING to LISTENING on INIT_COMPLETE
ptp4l[1292.831]: port 0 (/var/run/ptp4lro): INITIALIZING to LISTENING on INIT_COMPLETE
ptp4l[1292.831]: port 1 (eth0): link down
ptp4l[1292.831]: port 1 (eth0): LISTENING to FAULTY on FAULT_DETECTED (FT_UNSPECIFIED)
ptp4l[1292.832]: selected local clock ca3938.fffe.1d710b as best master
ptp4l[1292.832]: port 1 (eth0): assuming the grand master role
root@s32g274ardb2:~#
root@s32g274ardb2:~# echo "--- G2 Servers are running in the background ---"
--- G2 Servers are running in the background ---
root@s32g274ardb2:~# echo "To monitor PTP, run: dmesg | grep ptp4l"
To monitor PTP, run: dmesg | grep ptp4l
root@s32g274ardb2:~# echo "To stop all, run: killall iperf3; killall ptp4l"
To stop all, run: killall iperf3; killall ptp4l
root@s32g274ardb2:~# reoobt
-sh: reoobt: command not found
root@s32g274ardb2:~# reboot

Broadcast message from root@s32g274ardb2 (ttyLF0) (Tue Jun 17 18:26:16 2025):

The system is going down for reboot NOW!
INIT: Switcroot@s32g274ardb2:~# Stopping atd: OK
Error: There is no config file for conntrackd
Stopping OpenBSD Secure Shell server: sshdstopped /usr/sbin/sshd (pid 619)
.
Stopping system message bus: dbus.
stopping DNS forwarder and DHCP server: dnsmasq... stopped /usr/bin/dnsmasq (pid 628)
done.
Shutting down irqbalance: stopped irqbalance (pid 636)
done
Stopping network benchmark server: netserverstopped /usr/sbin/netserver (pid 635)
.
Stopping ntpd: done
Stopping system log daemon...0
Stopping internet superserver: xinetd.
stopping statd: done
Stopping random number generator daemon.
Unmounting remote filesystems...
Stopping crond: OK
Stopping rpcbind daemon...
done.
Stopping telemetry service
Deconfiguring network interfaces... dhcpcd is not running
cat: /var/run/udhcpc.xenbr0.pid: No such file or directory
ifdown: warning: no dhcp clients found and stopped
Stopping xenconsoled
Stopping QEMU
WARNING: Not stopping xenstored, as it cannot be restarted.
Stopping domain watchdog daemon: xenwatchdogd stop

Shutting down Xen domains: v2xdomu(save)
An error occurred while saving domain:
command not implemented

!
(shut)....... SHUTDOWN_ALL I/TC: Removing guest 2
[done]
Usage: /etc/init.d/pfe-slave-setup start
Stopping AVTP listener service
De-initializing all CAN interfaces
Stopping the k3s agent
Stopping OP-TEE Supplicant: tee-supplicant.
Stopping aws-iot-fleetwise-edge service
Sending all processes the TERM signal...
Sending all processes the KILL signal...
Deactivating swap...
Unmounting local filesystems...
Rebooting... [ 1362.269078] pfeng-slave 46000000.pfe_slave: ERR: (DRIVER) event 1 - Driver runtime error: [pfe_phy_if_slave.c:66] Unable to lock interface DB: 110
[ 1362.281811] pfeng-slave 46000000.pfe_slave: ERR: (DRIVER) event 1 - Driver runtime error: [pfe_phy_if_slave.c:79] Unable to unlock interface DB: 1
[ 1362.331269] pfeng-slave 46000000.pfe_slave: ERR: (DRIVER) event 1 - Driver runtime error: [pfe_phy_if_slave.c:66] Unable to lock interface DB: 1
[ 1362.343817] pfeng-slave 46000000.pfe_slave: ERR: (DRIVER) event 1 - Driver runtime error: [pfe_phy_if_slave.c:605] PFE_PLATFORM_RPC_PFE_PHY_IF_DISABLE failed: 1
[ 1362.358133] pfeng-slave 46000000.pfe_slave: ERR: (DRIVER) event 1 - Driver runtime error: [pfe_phy_if_slave.c:79] Unable to unlock interface DB: 1
[ 1362.371792] pfeng-slave 46000000.pfe_slave: ERR: (DRIVER) event 1 - Driver runtime error: [pfe_phy_if_slave.c:66] Unable to lock interface DB: 1
[ 1362.384355] pfeng-slave 46000000.pfe_slave: ERR: (DRIVER) event 1 - Driver runtime error: [pfe_phy_if_slave.c:79] Unable to unlock interface DB: 1
[ 1362.397433] pfeng-slave 46000000.pfe_slave: ERR: (DRIVER) event 1 - Driver runtime error: [pfe_phy_if_slave.c:66] Unable to lock interface DB: 1
[ 1362.410384] pfeng-slave 46000000.pfe_slave: ERR: (DRIVER) event 1 - Driver runtime error: [pfe_phy_if_slave.c:79] Unable to unlock interface DB: 1
[ 1362.510163] pfeng-slave 46000000.pfe_slave: ERR: (DRIVER) event 1 - Driver runtime error: [pfe_phy_if_slave.c:66] Unable to lock interface DB: 1
[ 1362.522726] pfeng-slave 46000000.pfe_slave: ERR: (DRIVER) event 1 - Driver runtime error: [pfe_phy_if_slave.c:605] PFE_PLATFORM_RPC_PFE_PHY_IF_DISABLE failed: 1
[ 1362.537028] pfeng-slave 46000000.pfe_slave: ERR: (DRIVER) event 1 - Driver runtime error: [pfe_phy_if_slave.c:79] Unable to unlock interface DB: 1
[ 1362.550774] pfeng-slave 46000000.pfe_slave: ERR: (DRIVER) event 1 - Driver runtime error: [pfe_phy_if_slave.c:66] Unable to lock interface DB: 1
[ 1362.563335] pfeng-slave 46000000.pfe_slave: ERR: (DRIVER) event 1 - Driver runtime error: [pfe_phy_if_slave.c:79] Unable to unlock interface DB: 1
[ 1362.576415] pfeng-slave 46000000.pfe_slave: ERR: (DRIVER) event 1 - Driver runtime error: [pfe_phy_if_slave.c:66] Unable to lock interface DB: 1
[ 1362.589357] pfeng-slave 46000000.pfe_slave: ERR: (DRIVER) event 1 - Driver runtime error: [pfe_phy_if_slave.c:79] Unable to unlock interface DB: 1
[ 1362.626532] pfeng-slave 46000000.pfe_slave: ERR: (DRIVER) event 1 - Driver runtime error: [pfe_phy_if_slave.c:66] Unable to lock interface DB: 1
[ 1362.639096] pfeng-slave 46000000.pfe_slave: ERR: (DRIVER) event 1 - Driver runtime error: [pfe_phy_if_slave.c:605] PFE_PLATFORM_RPC_PFE_PHY_IF_DISABLE failed: 1
[ 1362.653401] pfeng-slave 46000000.pfe_slave: ERR: (DRIVER) event 1 - Driver runtime error: [pfe_phy_if_slave.c:79] Unable to unlock interface DB: 1
[ 1362.688967] pfeng-slave 46000000.pfe_slave: ERR: (DRIVER) event 1 - Driver runtime error: [pfe_phy_if_slave.c:66] Unable to lock interface DB: 1
[ 1362.701522] pfeng-slave 46000000.pfe_slave: ERR: (DRIVER) event 1 - Driver runtime error: [pfe_phy_if_slave.c:605] PFE_PLATFORM_RPC_PFE_PHY_IF_DISABLE failed: 1
[ 1362.715827] pfeng-slave 46000000.pfe_slave: ERR: (DRIVER) event 1 - Driver runtime error: [pfe_phy_if_slave.c:79] Unable to unlock interface DB: 1
[ 1362.932397] reboot: Restarting system
(XEN) Hardware Dom0 shutdown: rebooting machine
bootloader 0x2 ComDal_Init() done.
bootloader 0x2 Bootloader safety checks finished
bootloader 0x2 Bootloader secure boot is enabled.
bootloader 0x2 Bootloader initialization complete.
bootloader 0x2 Application 0 image fragment 0 of size 225280 was loaded from QSPI, address 0x201240.
bootloader 0x2 Application 0 image fragment 0 was loaded in 10.326 milliseconds.
bootloader 0x2 Application A53_0 was loaded.
bootloader 0x2 Application 1 image fragment 0 of size 3145728 was loaded from QSPI, address 0x400000.
bootloader 0x2 Application 1 image fragment 0 was loaded in 22.396 milliseconds.
bootloader 0x2 Application M7_0 was loaded.
NOTICE:  Reset status: Destructive Reset (RUN)
NOTICE:  BL2: v2.10.14(release):bsp44.0_rc10-2.10.14-1-gc9a7f8123-dirty
NOTICE:  BL2: Built : 08:13:32, May 13 2025
NOTICE:  BL2: Booting BL31
I/TC:
I/TC: Non-secure external DT found
I/TC: OP-TEE version: bsp44.0_rc10-4.0-dev (gcc version 13.3.0 (GCC)) #1 Mon Mar 24 14:10:41 UTC 2025 aarch64
I/TC: WARNING: This OP-TEE configuration might be insecure!
I/TC: WARNING: Please check https://optee.readthedocs.io/en/latest/architecture/porting_guidelines.html
I/TC: Primary CPU initializing
I/TC: Initializing virtualization support
I/TC: Primary CPU switching to normal world boot
I/TC: WARNING: Using fixed value for stack canary


U-Boot 2022.04+g9a00323278+p0 (May 13 2025 - 06:57:56 +0000)

SoC:   NXP S32G274A rev. 2.1
CPU:   ARM Cortex-A53 r0p4 @ max 1000 MHz
Model: NXP S32G2XX
DRAM:  4 GiB
Core:  312 devices, 24 uclasses, devicetree: board
MMC:   FSL_SDHC: 0
Loading Environment from MMC... OK
pci_s32cc pcie@40400000: Failed to get PHY 'serdes_lane0'
In:    serial@401c8000
Out:   serial@401c8000
Err:   serial@401c8000
Board revision: RDB2/GLDBOX Revision E
Net:
Warning: ethernet@4033c000 (eth0) using random MAC address - 2a:c4:9a:c7:74:70
eth0: ethernet@4033c000, eth4: pfe0sl, eth5: pfe1sl, eth6: pfe2sl
Hit any key to stop autoboot:  0
1772 bytes read in 4 ms (432.6 KiB/s)
## Executing script at 80200000
17002504 bytes read in 679 ms (23.9 MiB/s)
1146888 bytes read in 47 ms (23.3 MiB/s)
60923 bytes read in 7 ms (8.3 MiB/s)
## Flattened Device Tree blob at 86a00000
   Booting using the fdt blob at 0x86a00000
   Using Device Tree in place at 0000000086a00000, end 0000000086a12fff
   fixup: pfe1: update phy addr to 0x8
Disabling XPCS1_0
Disabling XPCS1_1

Starting kernel ...

- UART enabled -
- Boot CPU booting -
- Current EL 0000000000000008 -
- Initialize CPU -
- Turning on paging -
- Zero BSS -
- Ready -
(XEN) Checking for initrd in /chosen
(XEN) RAM: 0000000080000000 - 00000000ffffffff
(XEN) RAM: 0000000880000000 - 00000008ffffffff
(XEN)
(XEN) MODULE[0]: 0000000086800000 - 0000000086965000 Xen
(XEN) MODULE[1]: 0000000086a00000 - 0000000086a10000 Device Tree
(XEN) MODULE[2]: 0000000085600000 - 0000000086637008 Kernel
(XEN)  RESVD[0]: 00000000ff600000 - 00000000ff7fffff
(XEN)  RESVD[1]: 00000000ff400000 - 00000000ff5fffff
(XEN)  RESVD[2]: 00000000fe000000 - 00000000ff3fffff
(XEN)  RESVD[3]: 0000000084000000 - 0000000084ffffff
(XEN)  RESVD[4]: 00000000c0000000 - 00000000c03fffff
(XEN)  RESVD[5]: 00000000c0400000 - 00000000c07fffff
(XEN)  RESVD[6]: 00000000d0000000 - 00000000d000007f
(XEN)  RESVD[7]: 00000000d0000080 - 00000000d00000ff
(XEN)  RESVD[8]: 0000000083200000 - 00000000835dffff
(XEN)  RESVD[9]: 00000000835e0000 - 00000000835fffff
(XEN)  RESVD[10]: 0000000083600000 - 000000008360ffff
(XEN)  RESVD[11]: 0000000034400000 - 000000003447ffff
(XEN)  RESVD[12]: 0000000034480000 - 000000003449ffff
(XEN)  RESVD[13]: 0000000034520000 - 00000000345fffff
(XEN)
(XEN)
(XEN) Command line: dom0_mem=1G dom0_max_vcpus=4 bootscrub=0 dom0_vcpus_pin
(XEN) PFN compression on bits 20...22
(XEN) Domain heap initialised
(XEN) Booting using Device Tree
(XEN) Platform: NXP S32CC
(XEN) No dtuart path configured
(XEN) Bad console= option 'dtuart'
 Xen 4.18.2
(XEN) Xen version 4.18.2 (nxf65897@swis.ro-buh01.nxp.com) (aarch64-fsl-linux-gcc (GCC) 13.3.0) debug=y 2025-03-14
(XEN) Latest ChangeSet: Thu Feb 20 15:08:45 2025 +0200 git:e4f37269c3-dirty
(XEN) build-id: aeb32f714cb175b3debed511648f1980021f0631
(XEN) Processor: 00000000410fd034: "ARM Limited", variant: 0x0, part 0xd03,rev 0x4
(XEN) 64-bit Execution:
(XEN)   Processor Features: 0000000001002222 0000000000000000
(XEN)     Exception Levels: EL3:64+32 EL2:64+32 EL1:64+32 EL0:64+32
(XEN)     Extensions: FloatingPoint AdvancedSIMD GICv3-SysReg
(XEN)   Debug Features: 0000000010305106 0000000000000000
(XEN)   Auxiliary Features: 0000000000000000 0000000000000000
(XEN)   Memory Model Features: 0000000000001122 0000000000000000
(XEN)   ISA Features:  0000000000011120 0000000000000000
(XEN) 32-bit Execution:
(XEN)   Processor Features: 0000000000000131:0000000010011011
(XEN)     Instruction Sets: AArch32 A32 Thumb Thumb-2 Jazelle
(XEN)     Extensions: GenericTimer Security
(XEN)   Debug Features: 0000000003010066
(XEN)   Auxiliary Features: 0000000000000000
(XEN)   Memory Model Features: 0000000010201105 0000000040000000
(XEN)                          0000000001260000 0000000002102211
(XEN)   ISA Features: 0000000002101110 0000000013112111 0000000021232042
(XEN)                 0000000001112131 0000000000011142 0000000000011121
(XEN) Using SMC Calling Convention v1.4
(XEN) Using PSCI v1.1
(XEN) SMP: Allowing 4 CPUs
(XEN) enabled workaround for: ARM erratum 1530924
(XEN) enabled workaround for: NXP ERRATUM ERR050481 (TLBI handled incorrectly)
(XEN) Generic Timer IRQ: phys=30 hyp=26 virt=27 Freq: 5000 KHz
(XEN) GICv3 initialization:
(XEN)       gic_dist_addr=0x00000050800000
(XEN)       gic_maintenance_irq=25
(XEN)       gic_rdist_stride=0
(XEN)       gic_rdist_regions=1
(XEN)       redistributor regions:
(XEN)         - region 0: 0x00000050880000 - 0x00000050900000
(XEN) GICv3 compatible with GICv2 cbase 0x00000050400000 vbase 0x00000050420000
(XEN) GICv3: 576 lines, (IID 0001143b).
(XEN) GICv3: CPU0: Found redistributor in region 0 @000002004001a000
(XEN) XSM Framework v1.0.1 initialized
(XEN) Initialising XSM SILO mode
(XEN) Using scheduler: SMP Credit Scheduler rev2 (credit2)
(XEN) Initializing Credit2 scheduler
(XEN)  load_precision_shift: 18
(XEN)  load_window_shift: 30
(XEN)  underload_balance_tolerance: 0
(XEN)  overload_balance_tolerance: -3
(XEN)  runqueues arrangement: socket
(XEN)  cap enforcement granularity: 10ms
(XEN) load tracking window length 1073741824 ns
(XEN) Allocated console ring of 32 KiB.
(XEN) CPU0: Guest atomics will try 9 times before pausing the domain
(XEN) Bringing up CPU1
I/TC: Secondary CPU 1 initializing
I/TC: Secondary CPU 1 switching to normal world boot
- CPU 0000000000000001 booting -
- Current EL 0000000000000008 -
- Initialize CPU -
- Turning on paging -
- Ready -
(XEN) GICv3: CPU1: Found redistributor in region 0 @000002004003a000
(XEN) CPU1: Guest atomics will try 10 times before pausing the domain
(XEN) CPU 1 booted.
(XEN) Bringing up CPU2
I/TC: Secondary CPU 2 initializing
I/TC: Secondary CPU 2 switching to normal world boot
- CPU 0000000000000100 booting -
- Current EL 0000000000000008 -
- Initialize CPU -
- Turning on paging -
- Ready -
(XEN) GICv3: CPU2: Found redistributor in region 0 @000002004005a000
(XEN) CPU2: Guest atomics will try 12 times before pausing the domain
(XEN) CPU 2 booted.
(XEN) Bringing up CPU3
I/TC: Secondary CPU 3 initializing
I/TC: Secondary CPU 3 switching to normal world boot
- CPU 0000000000000101 booting -
- Current EL 0000000000000008 -
- Initialize CPU -
- Turning on paging -
- Ready -
(XEN) GICv3: CPU3: Found redistributor in region 0 @000002004007a000
(XEN) CPU3: Guest atomics will try 9 times before pausing the domain
(XEN) Brought up 4 CPUs
(XEN) CPU 3 booted.
(XEN) I/O virtualisation disabled
(XEN) P2M: 40-bit IPA with 40-bit PA and 8-bit VMID
(XEN) P2M: 3 levels with order-1 root, VTCR 0x0000000080023558
(XEN) Scheduling granularity: cpu, 1 CPU per sched-resource
(XEN) Initializing Credit2 scheduler
(XEN)  load_precision_shift: 18
(XEN)  load_window_shift: 30
(XEN)  underload_balance_tolerance: 0
(XEN)  overload_balance_tolerance: -3
(XEN)  runqueues arrangement: socket
(XEN)  cap enforcement granularity: 10ms
(XEN) load tracking window length 1073741824 ns
(XEN) Adding cpu 0 to runqueue 0
(XEN)  First cpu on runqueue, activating
(XEN) Adding cpu 1 to runqueue 0
(XEN) Adding cpu 2 to runqueue 0
(XEN) Adding cpu 3 to runqueue 0
(XEN) OP-TEE supports 4 simultaneous threads per guest.
I/TC: Removing guest 0
E/TC:0   virt_guest_destroyed:353 Client with id 0 is not found
(XEN) Using TEE mediator for OP-TEE
(XEN) alternatives: Patching with alt table 00000200002edc18 -> 00000200002eefbc
I/TC: Added guest 1
(XEN) *** LOADING DOMAIN 0 ***
(XEN) Loading d0 kernel from boot module @ 0000000085600000
(XEN) Allocating 1:1 mappings totalling 1024MB for dom0:
(XEN) BANK[0] 0x00000090000000-0x000000c0000000 (768MB)
(XEN) BANK[1] 0x000000e0000000-0x000000f0000000 (256MB)
(XEN) Grant table range: 0x00000086800000-0x00000086840000
(XEN) Allocating PPI 16 for event channel interrupt
(XEN) d0: extended region 0: 0x86a00000->0x8fe00000
(XEN) d0: extended region 1: 0xc0800000->0xcfe00000
(XEN) d0: extended region 2: 0xd0200000->0xdfe00000
(XEN) d0: extended region 3: 0xf0000000->0xfde00000
(XEN) d0: extended region 4: 0x880000000->0x8ffe00000
(XEN) Loading zImage from 0000000085600000 to 0000000090000000-0000000091037008
(XEN) Loading d0 DTB to 0x0000000098000000-0x000000009800ee65
(XEN) Initial low memory virq threshold set at 0x4000 pages.
(XEN) Std. Loglevel: All
(XEN) Guest Loglevel: All
(XEN) *** Serial input to DOM0 (type 'CTRL-a' three times to switch input)
(XEN) Freed 360kB init memory.
(XEN) d0v0 Unhandled SMC/HVC: 0x84000050
(XEN) d0v0 Unhandled SMC/HVC: 0x8600ff01
(XEN) d0v0: vGICD: RAZ on reserved register offset 0x00000c
(XEN) d0v0: vGICD: unhandled word write 0x000000ffffffff to ICACTIVER4
(XEN) d0v0: vGICD: unhandled word write 0x000000ffffffff to ICACTIVER8
(XEN) d0v0: vGICD: unhandled word write 0x000000ffffffff to ICACTIVER12
(XEN) d0v0: vGICD: unhandled word write 0x000000ffffffff to ICACTIVER16
(XEN) d0v0: vGICD: unhandled word write 0x000000ffffffff to ICACTIVER20
(XEN) d0v0: vGICD: unhandled word write 0x000000ffffffff to ICACTIVER24
(XEN) d0v0: vGICD: unhandled word write 0x000000ffffffff to ICACTIVER28
(XEN) d0v0: vGICD: unhandled word write 0x000000ffffffff to ICACTIVER32
(XEN) d0v0: vGICD: unhandled word write 0x000000ffffffff to ICACTIVER36
(XEN) d0v0: vGICD: unhandled word write 0x000000ffffffff to ICACTIVER40
(XEN) d0v0: vGICD: unhandled word write 0x000000ffffffff to ICACTIVER44
(XEN) d0v0: vGICD: unhandled word write 0x000000ffffffff to ICACTIVER48
(XEN) d0v0: vGICD: unhandled word write 0x000000ffffffff to ICACTIVER52
(XEN) d0v0: vGICD: unhandled word write 0x000000ffffffff to ICACTIVER56
(XEN) d0v0: vGICD: unhandled word write 0x000000ffffffff to ICACTIVER60
(XEN) d0v0: vGICD: unhandled word write 0x000000ffffffff to ICACTIVER64
(XEN) d0v0: vGICD: unhandled word write 0x000000ffffffff to ICACTIVER68
(XEN) d0v0: vGICR: SGI: unhandled word write 0x000000ffffffff to ICACTIVER0
(XEN) d0v1: vGICR: SGI: unhandled word write 0x000000ffffffff to ICACTIVER0
(XEN) d0v2: vGICR: SGI: unhandled word write 0x000000ffffffff to ICACTIVER0
(XEN) d0v3: vGICR: SGI: unhandled word write 0x000000ffffffff to ICACTIVER0
[    0.000000] Booting Linux on physical CPU 0x0000000000 [0x410fd034]
[    0.000000] Linux version 6.6.85-rt53-00977-g6208e1d0d7b5-dirty (oe-user@oe-host) (aarch64-fsl-linux-gcc (GCC) 13.3.0, GNU ld (GNU Binutils) 2.42.0.20240723) #1 SMP PREEMPT Wed May 14 13:40:03 UTC 2025
[    0.000000] OF: fdt: Ignoring memory block 0xd0000000 - 0xd0000080
[    0.000000] OF: fdt: Ignoring memory block 0xd0000080 - 0xd0000100
[    0.000000] Machine model: NXP S32G2 Reference Design Board 2 (S32G-VNP-RDB2)
[    0.000000] Xen 4.18 support found
[    0.000000] OF: reserved mem: 0x0000000034400000..0x000000003447ffff (512 KiB) nomap non-reusable pfebufs@34400000
[    0.000000] OF: reserved mem: 0x0000000034480000..0x000000003449ffff (128 KiB) nomap non-reusable pfebufs@34480000
[    0.000000] OF: reserved mem: 0x0000000034520000..0x00000000345fffff (896 KiB) nomap non-reusable ipcf_shm@34520000
[    0.000000] Reserved memory: created DMA memory pool at 0x0000000083200000, size 3 MiB
[    0.000000] OF: reserved mem: initialized node pfebufs@83200000, compatible id shared-dma-pool
[    0.000000] OF: reserved mem: 0x0000000083200000..0x00000000835dffff (3968 KiB) nomap non-reusable pfebufs@83200000
[    0.000000] OF: reserved mem: 0x00000000835e0000..0x00000000835fffff (128 KiB) map non-reusable pfebufs@835e0000
[    0.000000] OF: reserved mem: 0x0000000083600000..0x000000008360ffff (64 KiB) map non-reusable pfebufs@83600000
[    0.000000] OF: reserved mem: 0x0000000084000000..0x0000000084ffffff (16384 KiB) nomap non-reusable shm@84000000
[    0.000000] OF: reserved mem: 0x00000000c0000000..0x00000000c03fffff (4096 KiB) nomap non-reusable shm@c0000000
[    0.000000] OF: reserved mem: 0x00000000c0400000..0x00000000c07fffff (4096 KiB) nomap non-reusable shm@c0400000
[    0.000000] OF: reserved mem: 0x00000000d0000000..0x00000000d000007f (0 KiB) nomap non-reusable shm@d0000000
[    0.000000] OF: reserved mem: 0x00000000d0000080..0x00000000d00000ff (0 KiB) nomap non-reusable shm@d0000080
[    0.000000] OF: reserved mem: 0x00000000fe000000..0x00000000ff3fffff (20480 KiB) nomap non-reusable optee_core@fe000000
[    0.000000] OF: reserved mem: 0x00000000ff400000..0x00000000ff5fffff (2048 KiB) nomap non-reusable optee_shm@ff400000
[    0.000000] OF: reserved mem: 0x00000000ff600000..0x00000000ff7fffff (2048 KiB) nomap non-reusable atf@ff600000
[    0.000000] Zone ranges:
[    0.000000]   DMA      [mem 0x0000000034400000-0x00000000ff7fffff]
[    0.000000]   DMA32    empty
[    0.000000]   Normal   empty
[    0.000000] Movable zone start for each node
[    0.000000] Early memory node ranges
[    0.000000]   node   0: [mem 0x0000000034400000-0x000000003449ffff]
[    0.000000]   node   0: [mem 0x0000000034520000-0x00000000345fffff]
[    0.000000]   node   0: [mem 0x0000000083200000-0x00000000835dffff]
[    0.000000]   node   0: [mem 0x00000000835e0000-0x000000008360ffff]
[    0.000000]   node   0: [mem 0x0000000084000000-0x0000000084ffffff]
[    0.000000]   node   0: [mem 0x0000000090000000-0x00000000bfffffff]
[    0.000000]   node   0: [mem 0x00000000c0000000-0x00000000c07fffff]
[    0.000000]   node   0: [mem 0x00000000e0000000-0x00000000efffffff]
[    0.000000]   node   0: [mem 0x00000000fe000000-0x00000000ff7fffff]
[    0.000000] Initmem setup node 0 [mem 0x0000000034400000-0x00000000ff7fffff]
[    0.000000] On node 0, zone DMA: 17408 pages in unavailable ranges
[    0.000000] On node 0, zone DMA: 128 pages in unavailable ranges
[    0.000000] On node 0, zone DMA: 27648 pages in unavailable ranges
[    0.000000] On node 0, zone DMA: 2544 pages in unavailable ranges
[    0.000000] On node 0, zone DMA: 12288 pages in unavailable ranges
[    0.000000] On node 0, zone DMA: 30720 pages in unavailable ranges
[    0.000000] On node 0, zone DMA: 24576 pages in unavailable ranges
[    0.000000] On node 0, zone DMA: 2048 pages in unavailable ranges
[    0.000000] cma: Reserved 256 MiB at 0x00000000b0000000 on node -1
[    0.000000] psci: probing for conduit method from DT.
[    0.000000] psci: PSCIv1.1 detected in firmware.
[    0.000000] psci: Using standard PSCI v0.2 function IDs
[    0.000000] psci: Trusted OS migration not required
[    0.000000] psci: SMC Calling Convention v1.2
[    0.000000] percpu: Embedded 20 pages/cpu s41768 r8192 d31960 u81920
[    0.000000] Detected VIPT I-cache on CPU0
[    0.000000] CPU features: detected: GIC system register CPU interface
[    0.000000] CPU features: detected: ARM erratum 845719
[    0.000000] CPU features: detected: NXP erratum ERR050481 (TLBI by VA handled incorrectly)
[    0.000000] CPU features: detected: ARM errata 1165522, 1319367, 1530923, or 1530924
[    0.000000] alternatives: applying boot alternatives
[    0.000000] Kernel command line: console=ttyLF0,115200 earlycon=xen earlyprintk=xen root=/dev/mmcblk0p3 rootwait rw clk_ignore_unused
[    0.000000] Unknown kernel command line parameters "earlyprintk=xen", will be passed to user space.
[    0.000000] Dentry cache hash table entries: 262144 (order: 9, 2097152 bytes, linear)
[    0.000000] Inode-cache hash table entries: 131072 (order: 8, 1048576 bytes, linear)
[    0.000000] Built 1 zonelists, mobility grouping on.  Total pages: 271545
[    0.000000] mem auto-init: stack:all(zero), heap alloc:off, heap free:off
[    0.000000] software IO TLB: area num 4.
[    0.000000] software IO TLB: mapped [mem 0x00000000ea200000-0x00000000ee200000] (64MB)
[    0.000000] Memory: 672768K/1103424K available (10560K kernel code, 732K rwdata, 3200K rodata, 1984K init, 261K bss, 168512K reserved, 262144K cma-reserved)
[    0.000000] SLUB: HWalign=64, Order=0-3, MinObjects=0, CPUs=4, Nodes=1
[    0.000000] rcu: Preemptible hierarchical RCU implementation.
[    0.000000] rcu:     RCU event tracing is enabled.
[    0.000000] rcu:     RCU restricting CPUs from NR_CPUS=8 to nr_cpu_ids=4.
[    0.000000]  Trampoline variant of Tasks RCU enabled.
[    0.000000]  Tracing variant of Tasks RCU enabled.
[    0.000000] rcu: RCU calculated value of scheduler-enlistment delay is 25 jiffies.
[    0.000000] rcu: Adjusting geometry for rcu_fanout_leaf=16, nr_cpu_ids=4
[    0.000000] NR_IRQS: 64, nr_irqs: 64, preallocated irqs: 0
[    0.000000] GICv3: 544 SPIs implemented
[    0.000000] GICv3: 0 Extended SPIs implemented
[    0.000000] Root IRQ handler: gic_handle_irq
[    0.000000] GICv3: GICv3 features: 16 PPIs
[    0.000000] GICv3: CPU0: found redistributor 0 region 0:0x0000000050880000
[    0.000000] rcu: srcu_init: Setting srcu_struct sizes based on contention.
[    0.000000] arch_timer: cp15 timer(s) running at 5.00MHz (virt).
[    0.000000] clocksource: arch_sys_counter: mask: 0xffffffffffffff max_cycles: 0x127350b88, max_idle_ns: 440795202120 ns
[    0.000001] sched_clock: 56 bits at 5MHz, resolution 200ns, wraps every 4398046511100ns
[    0.000493] Console: colour dummy device 80x25
[    0.000537] Calibrating delay loop (skipped), value calculated using timer frequency.. 10.00 BogoMIPS (lpj=20000)
[    0.000550] pid_max: default: 32768 minimum: 301
[    0.000628] LSM: initializing lsm=capability,integrity
[    0.000753] Mount-cache hash table entries: 4096 (order: 3, 32768 bytes, linear)
[    0.000771] Mountpoint-cache hash table entries: 4096 (order: 3, 32768 bytes, linear)
[    0.001859] cacheinfo: Unable to detect cache hierarchy for CPU 0
[    0.002874] RCU Tasks: Setting shift to 2 and lim to 1 rcu_task_cb_adjust=1 rcu_task_cpu_ids=4.
[    0.002986] RCU Tasks Trace: Setting shift to 2 and lim to 1 rcu_task_cb_adjust=1 rcu_task_cpu_ids=4.
[    0.003705] xen:grant_table: Grant tables using version 1 layout
[    0.003753] Grant table initialized
[    0.003792] xen:events: Using FIFO-based ABI
[    0.003918] Xen: initializing cpu0
[    0.004115] rcu: Hierarchical SRCU implementation.
[    0.004119] rcu:     Max phase no-delay instances is 1000.
[    0.005343] smp: Bringing up secondary CPUs ...
[    0.006118] Detected VIPT I-cache on CPU1
[    0.006219] GICv3: CPU1: found redistributor 1 region 0:0x00000000508a0000
[    0.012675] Xen: initializing cpu1
[    0.012737] CPU1: Booted secondary processor 0x0000000001 [0x410fd034]
[    0.013680] Detected VIPT I-cache on CPU2
[    0.013775] GICv3: CPU2: found redistributor 2 region 0:0x00000000508c0000
[    0.020204] Xen: initializing cpu2
[    0.020262] CPU2: Booted secondary processor 0x0000000002 [0x410fd034]
[    0.021128] Detected VIPT I-cache on CPU3
[    0.021184] GICv3: CPU3: found redistributor 3 region 0:0x00000000508e0000
[    0.027593] Xen: initializing cpu3
[    0.027642] CPU3: Booted secondary processor 0x0000000003 [0x410fd034]
[    0.027804] smp: Brought up 1 node, 4 CPUs
[    0.027814] SMP: Total of 4 processors activated.
[    0.027820] CPU features: detected: 32-bit EL0 Support
[    0.027826] CPU features: detected: CRC32 instructions
[    0.027951] CPU: All CPU(s) started at EL1
[    0.027956] alternatives: applying system-wide alternatives
[    0.029547] devtmpfs: initialized
[    0.041084] clocksource: jiffies: mask: 0xffffffff max_cycles: 0xffffffff, max_idle_ns: 7645041785100000 ns
[    0.041114] futex hash table entries: 1024 (order: 4, 65536 bytes, linear)
[    0.050625] pinctrl core: initialized pinctrl subsystem
[    0.051755] NET: Registered PF_NETLINK/PF_ROUTE protocol family
[    0.053017] DMA: preallocated 128 KiB GFP_KERNEL pool for atomic allocations
[    0.053124] DMA: preallocated 128 KiB GFP_KERNEL|GFP_DMA pool for atomic allocations
[    0.053231] DMA: preallocated 128 KiB GFP_KERNEL|GFP_DMA32 pool for atomic allocations
[    0.054311] thermal_sys: Registered thermal governor 'step_wise'
[    0.054481] hw-breakpoint: found 6 breakpoint and 4 watchpoint registers.
[    0.054810] ASID allocator initialised with 65536 entries
[    0.055026] Serial: AMBA PL011 UART driver
[    0.055086] scmi_core: SCMI protocol bus registered
[    0.056554] scmi_protocol scmi_dev.1: Enabled polling mode TX channel - prot_id:16
[    0.057113] arm-scmi firmware:scmi: SCMI Notifications - Core Enabled.
[    0.057213] arm-scmi firmware:scmi: SCMI Protocol v2.0 'NXP:S32G274A' Firmware version 0x0
[    0.068040] /soc/siul2@4009c000/siul2-pinctrl@4009c240: Fixed dependency cycle(s) with /soc/siul2@4009c000/siul2-pinctrl@4009c240/jtag_pins
[    0.078769] Modules: 28544 pages in range for non-PLT usage
[    0.078782] Modules: 520064 pages in range for PLT usage
[    0.079695] HugeTLB: registered 1.00 GiB page size, pre-allocated 0 pages
[    0.079706] HugeTLB: 0 KiB vmemmap can be freed for a 1.00 GiB page
[    0.079712] HugeTLB: registered 32.0 MiB page size, pre-allocated 0 pages
[    0.079716] HugeTLB: 0 KiB vmemmap can be freed for a 32.0 MiB page
[    0.079721] HugeTLB: registered 2.00 MiB page size, pre-allocated 0 pages
[    0.079726] HugeTLB: 0 KiB vmemmap can be freed for a 2.00 MiB page
[    0.079733] HugeTLB: registered 64.0 KiB page size, pre-allocated 0 pages
[    0.079738] HugeTLB: 0 KiB vmemmap can be freed for a 64.0 KiB page
[    0.091552] xen:balloon: Initialising balloon driver
[    0.092402] SCSI subsystem initialized
[    0.092614] usbcore: registered new interface driver usbfs
[    0.092646] usbcore: registered new interface driver hub
[    0.092686] usbcore: registered new device driver usb
[    0.093601] pps_core: LinuxPPS API ver. 1 registered
[    0.093606] pps_core: Software ver. 5.3.6 - Copyright 2005-2007 Rodolfo Giometti <giometti@linux.it>
[    0.093623] PTP clock support registered
[    0.095173] vgaarb: loaded
[    0.095697] clocksource: Switched to clocksource arch_sys_counter
[    0.106986] NET: Registered PF_INET protocol family
[    0.107220] IP idents hash table entries: 32768 (order: 6, 262144 bytes, linear)
[    0.109289] tcp_listen_portaddr_hash hash table entries: 1024 (order: 2, 16384 bytes, linear)
[    0.109326] Table-perturb hash table entries: 65536 (order: 6, 262144 bytes, linear)
[    0.109343] TCP established hash table entries: 16384 (order: 5, 131072 bytes, linear)
[    0.109544] TCP bind hash table entries: 16384 (order: 7, 524288 bytes, linear)
[    0.110105] TCP: Hash tables configured (established 16384 bind 16384)
[    0.110293] UDP hash table entries: 1024 (order: 3, 32768 bytes, linear)
[    0.110351] UDP-Lite hash table entries: 1024 (order: 3, 32768 bytes, linear)
[    0.110610] NET: Registered PF_UNIX/PF_LOCAL protocol family
[    0.111317] RPC: Registered named UNIX socket transport module.
[    0.111323] RPC: Registered udp transport module.
[    0.111326] RPC: Registered tcp transport module.
[    0.111329] RPC: Registered tcp-with-tls transport module.
[    0.111333] RPC: Registered tcp NFSv4.1 backchannel transport module.
[    0.111350] PCI: CLS 0 bytes, default 64
[    0.112782] Initialise system trusted keyrings
[    0.113051] workingset: timestamp_bits=46 max_order=18 bucket_order=0
[    0.113904] fuse: init (API version 7.39)
[    0.114228] NET: Registered PF_ALG protocol family
[    0.114243] Key type asymmetric registered
[    0.114250] Asymmetric key parser 'x509' registered
[    0.114299] Block layer SCSI generic (bsg) driver version 0.4 loaded (major 247)
[    0.114496] io scheduler mq-deadline registered
[    0.114503] io scheduler kyber registered
[    0.114528] io scheduler bfq registered
[    0.118876] s32cc-siul2-pinctrl 4009c240.siul2-pinctrl: initialized s32 pinctrl driver
[    0.120961] s32cc-siul2-gpio 4009d700.siul2-gpio: No cache defaults, reading back from HW
[    0.121108] s32cc-siul2-gpio 4009d700.siul2-gpio: No cache defaults, reading back from HW
[    0.121641] gpio gpiochip0: Static allocation of GPIO base is deprecated, use dynamic allocation.
[    0.122873] s32cc-siul2-gpio 4009d700.siul2-gpio: No cache defaults, reading back from HW
[    0.122949] s32cc-siul2-gpio 4009d700.siul2-gpio: No cache defaults, reading back from HW
[    0.125000] xen:xen_evtchn: Event-channel device installed
[    0.128605] 401c8000.serial: ttyLF0 at MMIO 0x401c8000 (irq = 22, base_baud = 7812500) is a FSL_LINFLEX
[    0.128689] printk: legacy console [ttyLF0] enabled
[    1.383240] 401cc000.serial: ttyLF1 at MMIO 0x401cc000 (irq = 23, base_baud = 7812500) is a FSL_LINFLEX
[    1.395351] s32cc_fccu 4030c000.fccu: FCCU status is 0 (normal)
[    1.404581] sja1110-sw@1 enforce active low on GPIO handle
[    1.413577] spi-nor spi6.0: mx25uw51245g (65536 Kbytes)
[    1.419721] 8 fixed-partitions partitions found on MTD device 0.spi
[    1.426102] Creating 8 MTD partitions on "0.spi":
[    1.430892] 0x000000000000-0x000004000000 : "Flash-Image"
[    1.436940] 0x000000000000-0x0000000d0000 : "BL2"
[    1.442136] 0x0000000d0000-0x0000002a0000 : "FIP"
[    1.447331] 0x0000002a0000-0x0000002b0000 : "U-Boot-Env"
[    1.453149] 0x0000002b0000-0x000001380000 : "Kernel"
[    1.458625] 0x000001380000-0x0000013b0000 : "DTB"
[    1.463861] 0x0000013b0000-0x0000032c0000 : "Rootfs"
[    1.469320] 0x0000032c0000-0x000004000000 : "PFE-Firmware"
[    1.477638] vcan: Virtual CAN interface driver
[    1.482177] slcan: serial line CAN interface driver
[    1.487134] CAN device driver interface
[    1.492473] flexcan 401b4000.can: device registered (reg_base=(____ptrval____), irq(s):
[    1.500695] flexcan 401b4000.can:  28
[    1.504439] flexcan 401b4000.can:  29
[    1.508170] flexcan 401b4000.can:  30
[    1.511893] flexcan 401b4000.can:  31
[    1.515607] flexcan 401b4000.can: )
[    1.520377] flexcan 401be000.can: device registered (reg_base=(____ptrval____), irq(s):
[    1.528523] flexcan 401be000.can:  32
[    1.532248] flexcan 401be000.can:  33
[    1.535967] flexcan 401be000.can:  34
[    1.539691] flexcan 401be000.can:  35
[    1.543404] flexcan 401be000.can: )
[    1.547340] e100: Intel(R) PRO/100 Network Driver
[    1.552122] e100: Copyright(c) 1999-2006 Intel Corporation
[    1.557730] e1000: Intel(R) PRO/1000 Network Driver
[    1.562682] e1000: Copyright (c) 1999-2006 Intel Corporation.
[    1.568551] e1000e: Intel(R) PRO/1000 Network Driver
[    1.573591] e1000e: Copyright(c) 1999 - 2015 Intel Corporation.
[    1.579643] igb: Intel(R) Gigabit Ethernet Network Driver
[    1.585125] igb: Copyright (c) 2007-2014 Intel Corporation.
[    1.591359] xen_netfront: Initialising Xen virtual ethernet driver
[    1.599013] hse-uio 40210000.mu0b: standard firmware, version 2.64.0
[    1.605515] hse-uio 40210000.mu0b: successfully registered device
[    1.612388] usbcore: registered new interface driver uas
[    1.617841] usbcore: registered new interface driver usb-storage
[    1.625175] imx_usb 44064000.usb: No over current polarity defined
[    1.632620] ci_hdrc ci_hdrc.0: EHCI Host Controller
[    1.637894] ci_hdrc ci_hdrc.0: new USB bus registered, assigned bus number 1
[    1.659710] ci_hdrc ci_hdrc.0: USB 2.0 started, EHCI 1.00
[    1.665438] usb usb1: New USB device found, idVendor=1d6b, idProduct=0002, bcdDevice= 6.06
[    1.673854] usb usb1: New USB device strings: Mfr=3, Product=2, SerialNumber=1
[    1.681202] usb usb1: Product: EHCI Host Controller
[    1.686159] usb usb1: Manufacturer: Linux 6.6.85-rt53-00977-g6208e1d0d7b5-dirty ehci_hcd
[    1.694377] usb usb1: SerialNumber: ci_hdrc.0
[    1.699394] hub 1-0:1.0: USB hub found
[    1.703247] hub 1-0:1.0: 1 port detected
[    1.709588] s32cc-rtc 40060000.rtc: registered as rtc0
[    1.714880] s32cc-rtc 40060000.rtc: setting system clock to 1970-01-01T00:00:00 UTC (0)
[    1.723254] i2c_dev: i2c /dev entries driver
[    1.728454] s32cc-wdt 4010c000.watchdog: S32CC Watchdog Timer Registered. timeout=30s (nowayout=0)
[    1.737915] s32cc-wdt 40200000.watchdog: S32CC Watchdog Timer Registered. timeout=30s (nowayout=0)
[    1.747273] s32cc-wdt 40204000.watchdog: S32CC Watchdog Timer Registered. timeout=30s (nowayout=0)
[    1.756617] s32cc-wdt 40208000.watchdog: S32CC Watchdog Timer Registered. timeout=30s (nowayout=0)
[    1.766246] scmi-cpufreq scmi_dev.5: scmi_cpufreq_probe: registering cpufreq failed, err: -19
[    1.775502] sdhci: Secure Digital Host Controller Interface driver
[    1.781793] sdhci: Copyright(c) Pierre Ossman
[    1.786231] sdhci-pltfm: SDHCI platform and OF driver helper
[    1.792360] SMCCC: SOC_ID: ARCH_SOC_ID not implemented, skipping ....
[    1.799182] usbcore: registered new interface driver usbhid
[    1.804845] usbhid: USB HID core driver
[    1.820044] s32-adc 401f8000.adc: using dma0chan4 for ADC DMA transfers
[    1.824815] mmc0: SDHCI controller on 402f0000.mmc [402f0000.mmc] using ADMA
[    1.827485] s32-adc 401f8000.adc: Device initialized successfully.
[    1.843724] s32-adc 402e8000.adc: ADC calibration failed
[    1.843724] Step status:
[    1.851691] s32-adc 402e8000.adc: Step 1: passed
[    1.856382] s32-adc 402e8000.adc: Step 2: passed
[    1.861071] s32-adc 402e8000.adc: Step 3: passed
[    1.865759] s32-adc 402e8000.adc: Step 4: passed
[    1.868567] mmc0: new high speed SDHC card at address 0001
[    1.870445] s32-adc 402e8000.adc: Step 5: passed
[    1.876853] mmcblk0: mmc0:0001 BB1QT 29.8 GiB
[    1.880698] s32-adc 402e8000.adc: Step 6: passed
[    1.888545]  mmcblk0: p1 p2 p3 p4 < p5 p6 >
[    1.889805] s32-adc 402e8000.adc: Step 7: passed
[    1.898727] s32-adc 402e8000.adc: Step 8: passed
[    1.903422] s32-adc 402e8000.adc: Step 9: passed
[    1.908110] s32-adc 402e8000.adc: Step 10: passed
[    1.912889] s32-adc 402e8000.adc: Step 11: passed
[    1.917665] s32-adc 402e8000.adc: Step 12: passed
[    1.922446] s32-adc 402e8000.adc: Step 13: passed
[    1.927221] s32-adc 402e8000.adc: Step 14: passed
[    1.931995] s32-adc 402e8000.adc: Result for the last failed test: 0
[    1.938719] s32-adc 402e8000.adc: using dma1chan16 for ADC DMA transfers
[    1.946153] s32-adc 402e8000.adc: Device initialized successfully.
[    1.954532] s32-siul2-nvmem 4009c000.nvram: Initialized s32cc siul2 nvmem driver
[    1.962288] s32-siul2-nvmem 44010000.nvram: Initialized s32cc siul2 nvmem driver
[    1.970099] optee: probing for conduit method.
I/dr
    [   1.974667] optee: revision 4.0
[    1.975439] optee: dynamic shared memory is enabled
[    1.984166] optee: initialized driver
[    1.988849] NET: Registered PF_INET6 protocol family
[    1.995044] Segment Routing with IPv6
[    1.998827] In-situ OAM (IOAM) with IPv6
[    2.002910] sit: IPv6, IPv4 and MPLS over IPv4 tunneling driver
[    2.009499] NET: Registered PF_PACKET protocol family
[    2.014680] Bridge firewalling registered
[    2.018992] can: controller area network core
[    2.023476] NET: Registered PF_CAN protocol family
[    2.028361] can: raw protocol
[    2.031371] can: broadcast manager protocol
[    2.035624] can: netlink gateway - max_hops=1
[    2.040308] 8021q: 802.1Q VLAN Support v1.8
[    2.052455] Loading compiled-in X.509 certificates
[    2.072628] i2c i2c-0: using pinctrl states for GPIO recovery
[    2.078602] i2c i2c-0: using generic GPIOs for recovery
[    2.084708] pca953x 0-0022: using AI
[    2.096444] rtc-pcf85063 0-0051: registered as rtc1
[    2.101498] i2c i2c-0: IMX I2C adapter registered
[    2.106363] i2c i2c-0: using dma0chan5 (tx) and dma0chan6 (rx) for DMA transfers
[    2.114921] i2c i2c-2: using pinctrl states for GPIO recovery
[    2.120873] i2c i2c-2: using generic GPIOs for recovery
[    2.126282] i2c i2c-2: IMX I2C adapter registered
[    2.131122] i2c i2c-2: using dma1chan17 (tx) and dma1chan18 (rx) for DMA transfers
[    2.139864] i2c i2c-4: using pinctrl states for GPIO recovery
[    2.145794] i2c i2c-4: using generic GPIOs for recovery
[    2.152900] ina2xx 4-0040: power monitor ina231 (Rshunt = 1000 uOhm)
[    2.159412] i2c i2c-4: IMX I2C adapter registered
[    2.164258] i2c i2c-4: using dma1chan19 (tx) and dma1chan20 (rx) for DMA transfers
[    2.172661] phy-s32cc-serdes 40480000.serdes: Using mode 0 for SerDes subsystem
[    2.382740] s32cc-pcie 40400000.pcie: Failed to stabilize PHY link
[    2.389031] s32cc-pcie 40400000.pcie: Configuring as RootComplex
[    2.395347] s32cc-pcie 40400000.pcie: Allocated line 0 for interrupt 46 (msi)
[    2.402661] s32cc-pcie 40400000.pcie: host bridge /soc/pcie@40400000 ranges:
[    2.409856] s32cc-pcie 40400000.pcie:       IO 0x5ffffe0000..0x5ffffeffff -> 0x0000000000
[    2.418186] s32cc-pcie 40400000.pcie:      MEM 0x5800000000..0x5ffffdffff -> 0x0000000000
[    2.426510] s32cc-pcie 40400000.pcie: Memory resource size exceeds max for 32 bits
[    3.434544] s32cc-pcie 40400000.pcie: Phy link never came up
[    3.440317] s32cc-pcie 40400000.pcie: Link Up failed, EndPoint may not be connected
[    3.448195] s32cc-pcie 40400000.pcie: iATU: unroll T, 6 ob, 4 ib, align 4K, limit 1024G
[    4.456711] s32cc-pcie 40400000.pcie: Phy link never came up
[    4.462486] s32cc-pcie 40400000.pcie: Link Up failed, EndPoint may not be connected
[    5.465479] s32cc-pcie 40400000.pcie: Phy link never came up
[    5.471890] s32cc-pcie 40400000.pcie: PCI host bridge to bus 0000:00
[    5.478408] pci_bus 0000:00: root bus resource [bus 00-ff]
[    5.483990] pci_bus 0000:00: root bus resource [io  0x0000-0xffff]
[    5.490274] pci_bus 0000:00: root bus resource [mem 0x5800000000-0x5ffffdffff] (bus address [0x00000000-0x7fffdffff])
[    5.501088] pci 0000:00:00.0: [1957:4002] type 01 class 0x060400
[    5.507209] pci 0000:00:00.0: reg 0x10: [mem 0x5800000000-0x58000fffff]
[    5.513944] pci 0000:00:00.0: reg 0x38: [mem 0x5800000000-0x580000ffff pref]
[    5.521201] pci 0000:00:00.0: supports D1
[    5.525278] pci 0000:00:00.0: PME# supported from D0 D1 D3hot D3cold
(XEN) xen-source/xen/arch/arm/physdev.c:20:d0v1 PHYSDEVOP cmd=25: not implemented
(XEN) xen-source/xen/arch/arm/physdev.c:20:d0v1 PHYSDEVOP cmd=15: not implemented
[    5.546723] pci 0000:00:00.0: Failed to add - passthrough or MSI/MSI-X might fail!
[    5.558104] pci 0000:00:00.0: BAR 0: assigned [mem 0x5800000000-0x58000fffff]
[    5.565372] pci 0000:00:00.0: BAR 6: assigned [mem 0x5800100000-0x580010ffff pref]
[    5.573068] pci 0000:00:00.0: PCI bridge to [bus 01-ff]
[    5.578863] pcieport 0000:00:00.0: PME: Signaling with IRQ 47
[    5.586245] s32cc-dwmac 4033c000.ethernet: IRQ eth_wake_irq not found
[    5.592823] s32cc-dwmac 4033c000.ethernet: IRQ eth_lpi not found
[    5.600034] s32cc-dwmac 4033c000.ethernet: User ID: 0x10, Synopsys ID: 0x51
[    5.607143] s32cc-dwmac 4033c000.ethernet:   DWMAC4/5
[    5.612198] s32cc-dwmac 4033c000.ethernet: DMA HW capability register supported
[    5.619627] s32cc-dwmac 4033c000.ethernet: RX Checksum Offload Engine supported
[    5.627054] s32cc-dwmac 4033c000.ethernet: TX Checksum insertion supported
[    5.634037] s32cc-dwmac 4033c000.ethernet: Wake-Up On Lan supported
[    5.640479] s32cc-dwmac 4033c000.ethernet: Enable RX Mitigation via HW Watchdog Timer
[    5.648442] s32cc-dwmac 4033c000.ethernet: Enabled L3L4 Flow TC (entries=8)
[    5.655515] s32cc-dwmac 4033c000.ethernet: Enabled RFS Flow TC (entries=10)
[    5.662600] s32cc-dwmac 4033c000.ethernet: Enabling HW TC (entries=256, max_off=256)
[    5.670469] s32cc-dwmac 4033c000.ethernet: Using 32/32 bits DMA host/device width
[    5.686517] hwmon hwmon1: temp1_input not attached to any thermal zone
[    5.696280] qoriq_thermal 400a8000.tmu: Critical rising/falling temperature threshold = 5 degree(s)
[    5.710883] nxp_s32cc_ddr_perf 403e0000.ddr-perf: probing device
[    5.717467] nxp_s32cc_ddr_perf 403e0000.ddr-perf: device initialized successfully
[    5.725515] clk: Not disabling unused clocks
[    5.844423] EXT4-fs (mmcblk0p3): mounted filesystem 265fab8b-a7f9-460c-9401-783470da9e9a r/w with ordered data mode. Quota mode: disabled.
[    5.856571] VFS: Mounted root (ext4 filesystem) on device 179:3.
[    5.863318] devtmpfs: mounted
[    5.866947] Freeing unused kernel memory: 1984K
[    5.871487] Run /sbin/init as init process
INIT: version 3.04 booting
Starting udev
[    6.710150] udevd[130]: starting version 3.2.14
[   14.191729] random: crng init done
[   14.230984] udevd[132]: starting eudev-3.2.14
[   14.418399] hse 40211000.mu1b: standard firmware, version 0.0.0
[   14.424014] hse 40211000.mu1b: registered algs sha1,hmac(sha1)
[   14.429803] hse 40211000.mu1b: registered algs sha224,hmac(sha224)
[   14.435454] pfeng_slave: loading out-of-tree module taints kernel.
[   14.450439] pfeng-slave 46000000.pfe_slave: PFEng ethernet driver loading ...
[   14.453032] hse 40211000.mu1b: registered algs sha256,hmac(sha256)
[   14.457944] pfeng-slave 46000000.pfe_slave: Version: 1.9.0
[   14.465532] hse 40211000.mu1b: registered algs sha384,hmac(sha384)
[   14.470898] pfeng-slave 46000000.pfe_slave: Driver commit hash: M4_DRIVER_COMMIT_HASH
[   14.475300] hse 40211000.mu1b: registered algs sha512,hmac(sha512)
[   14.483790] pfeng-slave 46000000.pfe_slave: Multi instance support: SLAVE/mdetect=on
[   14.489027] hse 40211000.mu1b: registered alg ctr(aes)
[   14.496759] pfeng-slave 46000000.pfe_slave: Compiled by: 13.3.0
[   14.501829] hse 40211000.mu1b: registered alg cbc(aes)
[   14.508175] pfeng-slave 46000000.pfe_slave: Cbus addr 0x46000000 size 0x1000000
[   14.512857] hse 40211000.mu1b: registered alg ecb(aes)
[   14.512886] hse 40211000.mu1b: registered alg cfb(aes)
[   14.512898] hse 40211000.mu1b: registered alg ofb(aes)
[   14.520147] pfeng-slave 46000000.pfe_slave: IHC channel: 3
[   14.525249] hse 40211000.mu1b: registered alg gcm(aes)
[   14.530375] pfeng-slave 46000000.pfe_slave: MASTER IHC channel: 0
[   14.535837] hse 40211000.mu1b: registered hwrng-hse
[   14.540995] pfeng-slave 46000000.pfe_slave: netif name: pfe0sl
[   14.546067] hse 40211000.mu1b: device ready, status 0x4F20
[   14.568406] pfeng-slave 46000000.pfe_slave: DT mac addr: 00:04:9f:be:ff:00
[   14.575190] pfeng-slave 46000000.pfe_slave: netif(pfe0sl) linked phyif: 0
[   14.582000] pfeng-slave 46000000.pfe_slave: netif(pfe0sl) mode: std
[   14.588381] pfeng-slave 46000000.pfe_slave: netif(pfe0sl) HIFs: count 1 map 08
[   14.595399] pfeng-slave 46000000.pfe_slave: netif name: pfe1sl
[   14.601205] pfeng-slave 46000000.pfe_slave: DT mac addr: 00:04:9f:be:ff:01
[   14.608059] pfeng-slave 46000000.pfe_slave: netif(pfe1sl) linked phyif: 1
[   14.614839] pfeng-slave 46000000.pfe_slave: netif(pfe1sl) mode: std
[   14.621078] pfeng-slave 46000000.pfe_slave: netif(pfe1sl) HIFs: count 1 map 08
[   14.628292] pfeng-slave 46000000.pfe_slave: netif name: pfe2sl
[   14.634098] pfeng-slave 46000000.pfe_slave: DT mac addr: 00:04:9f:be:ff:02
[   14.640956] pfeng-slave 46000000.pfe_slave: netif(pfe2sl) linked phyif: 2
[   14.647725] pfeng-slave 46000000.pfe_slave: netif(pfe2sl) mode: std
[   14.653977] pfeng-slave 46000000.pfe_slave: netif(pfe2sl) HIFs: count 1 map 08
[   14.661198] pfeng-slave 46000000.pfe_slave: netif name: aux0sl
[   14.666990] pfeng-slave 46000000.pfe_slave: DT mac addr: 00:04:9f:be:ff:80
[   14.673862] pfeng-slave 46000000.pfe_slave: netif(aux0sl) no linked phyif in AUX mode
[   14.681832] pfeng-slave 46000000.pfe_slave: netif(aux0sl) mode: aux
[   14.687924] pfeng-slave 46000000.pfe_slave: netif(aux0sl) HIFs: count 1 map 08
[   14.695408] pfeng-slave 46000000.pfe_slave: HIF channels mask: 0x0008
[   14.701721] pfeng-slave 46000000.pfe_slave: Wait for PFE controller UP ...
[   14.708564] pfeng-slave 46000000.pfe_slave: PFE controller UP detected
[   14.715010] pfeng-slave 46000000.pfe_slave: PFE port coherency enabled, mask 0x1e
[   14.722586] pfeng-slave 46000000.pfe_slave: assigned reserved memory node pfebufs@83600000
[   14.730762] pfeng-slave 46000000.pfe_slave: PFE CBUS p0x00000000499d154c mapped @ v0xffffffc082000000
[   14.739844] pfeng-slave 46000000.pfe_slave: Wait for Master UP ...
[   14.746084] pfeng-slave 46000000.pfe_slave: Detected Master UP
[   14.751869] pfeng-slave 46000000.pfe_slave: HIF3 is in clean state
[   14.758205] pfeng-slave 46000000.pfe_slave: HIF0 not configured, skipped
[   14.764717] pfeng-slave 46000000.pfe_slave: HIF1 not configured, skipped
[   14.771387] pfeng-slave 46000000.pfe_slave: HIF2 not configured, skipped
[   14.778537] pfeng-slave 46000000.pfe_slave: HIF3 enabled
[   14.783512] pfeng-slave 46000000.pfe_slave: HIF3 started
[   14.788757] pfeng-slave 46000000.pfe_slave: IDEX-slave @ master-interface 6
[   14.795745] pfeng-slave 46000000.pfe_slave: IHC client registered
[   14.814891] pfeng-slave 46000000.pfe_slave: IDEX: v2 protocol used, Resend:count=10,delay=100,100ms
[   14.823578] pfeng-slave 46000000.pfe_slave: IDEX RPC installed on HIF3
[   14.830076] pfeng-slave 46000000.pfe_slave: MDIO bus 0 disabled: Not found in DT
[   14.837449] pfeng-slave 46000000.pfe_slave: MDIO bus 1 disabled: Not found in DT
[   14.844826] pfeng-slave 46000000.pfe_slave: MDIO bus 2 disabled: Not found in DT
[   14.852338] pfeng-slave 46000000.pfe_slave pfe0sl (uninitialized): Subscribe to HIF3
[   14.859975] pfeng-slave 46000000.pfe_slave pfe1sl (uninitialized): Subscribe to HIF3
[   14.859993] pfeng-slave 46000000.pfe_slave pfe0sl (uninitialized): Host LLTX disabled
[   14.867677] pfeng-slave 46000000.pfe_slave pfe2sl (uninitialized): Subscribe to HIF3
[   14.867697] pfeng-slave 46000000.pfe_slave aux0sl (uninitialized): Subscribe to HIF3
[   14.987091] pfeng-slave 46000000.pfe_slave pfe0sl (uninitialized): Enable HIF3
[   14.993950] pfeng-slave 46000000.pfe_slave pfe0sl (uninitialized): setting MAC addr: 00:04:9f:be:ff:00
[   15.273695] pfeng-slave 46000000.pfe_slave pfe0sl (uninitialized): PTP HW addend 0x80000000, max_adj configured to 46566128 ppb
[   15.284806] pfeng-slave 46000000.pfe_slave: IEEE1588: Input Clock: 200000000Hz, Output: 100000000Hz, Accuracy: 10.0ns
[   15.297358] pfeng-slave 46000000.pfe_slave: ERR: (DRIVER) event 1 - Driver runtime error: [pfeng-ptp.c:241] Failed to register PTP clock on EMAC0
[   15.310850] pfeng-slave 46000000.pfe_slave pfe0sl: registered
[   15.316233] pfeng-slave 46000000.pfe_slave pfe1sl (uninitialized): Host LLTX disabled
[   15.332545] EXT4-fs (mmcblk0p3): re-mounted 265fab8b-a7f9-460c-9401-783470da9e9a r/w. Quota mode: disabled.
[   15.388199] pfeng-slave 46000000.pfe_slave pfe1sl (uninitialized): Enable HIF3
[   15.395065] pfeng-slave 46000000.pfe_slave pfe1sl (uninitialized): setting MAC addr: 00:04:9f:be:ff:01
[   15.492167] cfg80211: Loading compiled-in X.509 certificates for regulatory database
[   15.515270] Loaded X.509 cert 'sforshee: 00b28ddf47aef9cea7'
[   15.521483] Loaded X.509 cert 'wens: 61c038651aabdcf94bd0ac7ff06c7248db18c600'
[   15.663645] wlan: Loading MWLAN driver
[   15.667823] wlan: Register to Bus Driver...
[   15.671759] wlan: Register to Bus Driver Done
[   15.676406] wlan: Driver loaded successfully
[   15.708538] SPI driver sja1110 has no spi_device_id for nxp,sja1110-switch
[   15.715031] SPI driver sja1110 has no spi_device_id for nxp,sja1110-uc
[   15.721646] sja1110 spi5.0: probing uc
[   15.725450] sja1110 spi5.1: probing switch
[   15.729766] sja1110 spi5.1: Could not get GPIO from device tree
[   15.731812] pfeng-slave 46000000.pfe_slave pfe1sl (uninitialized): PTP HW addend 0x80000000, max_adj configured to 46566128 ppb
[   15.735817] sja1110 spi5.1: [sja1110_post_probe_upload_worker] Trying to initialize switch
[   15.746747] pfeng-slave 46000000.pfe_slave: IEEE1588: Input Clock: 200000000Hz, Output: 100000000Hz, Accuracy: 10.0ns
[   15.757250] sja1110 spi5.1: [sja1110_init_hw] loaded fw 'sja1110_switch.bin'
[   15.767559] pfeng-slave 46000000.pfe_slave: ERR: (DRIVER) event 1 - Driver runtime error: [pfeng-ptp.c:241] Failed to register PTP clock on EMAC1
[   15.772809] sja1110 spi5.1: [sja1110_pre_switch_upload] Found switch config of size 2236
[   15.786533] pfeng-slave 46000000.pfe_slave pfe1sl: registered
[   15.794209] sja1110 spi5.1: Uploading config...
[   15.799462] pfeng-slave 46000000.pfe_slave pfe2sl (uninitialized): Host LLTX disabled
[   15.842801] sja1110 spi5.1: Successfully configured!
[   15.846968] pfeng-slave 46000000.pfe_slave pfe2sl (uninitialized): Enable HIF3
[   15.847524] sja1110 spi5.0: [sja1110_post_probe_upload_worker] Trying to initialize uC
[   15.854613] pfeng-slave 46000000.pfe_slave pfe2sl (uninitialized): setting MAC addr: 00:04:9f:be:ff:02
[   15.886789] sja1110 spi5.0: [sja1110_init_hw] loaded fw 'sja1110_uc.bin'
[   15.893186] sja1110 spi5.0: [sja1110_pre_uc_upload] Found firmware of size 320280
[   15.900786] sja1110 spi5.0: [sja1110_pre_uc_upload] firmware appears to be valid
[   15.908193] sja1110 spi5.0: [sja1110_pre_uc_upload] µC not ready for download (Status=0x31)
[   15.916707] sja1110 spi5.0: Uploading firmware...
Tue Jun 17 18:26:33 UTC 2025
[   16.018941] pfeng-slave 46000000.pfe_slave pfe2sl (uninitialized): PTP HW addend 0x80000000, max_adj configured to 46566128 ppb
[   16.030064] pfeng-slave 46000000.pfe_slave: IEEE1588: Input Clock: 200000000Hz, Output: 100000000Hz, Accuracy: 10.0ns
[   16.042674] pfeng-slave 46000000.pfe_slave: ERR: (DRIVER) event 1 - Driver runtime error: [pfeng-ptp.c:241] Failed to register PTP clock on EMAC2
[   16.056280] pfeng-slave 46000000.pfe_slave pfe2sl: registered
[   16.061694] pfeng-slave 46000000.pfe_slave aux0sl (uninitialized): Host LLTX disabled
[   16.133669] pfeng-slave 46000000.pfe_slave aux0sl (uninitialized): Enable HIF3
[   16.141044] pfeng-slave 46000000.pfe_slave aux0sl: checksum offload not possible for AUX interface
[   16.149978] pfeng-slave 46000000.pfe_slave aux0sl: registered
INIT: Entering runlevel: 5
Configuring network interfaces... ifup: interface lo already configured
[   17.164664] sja1110 spi5.0: Upload successfully verified!
[   17.403406] s32cc-dwmac 4033c000.ethernet eth0: Register MEM_TYPE_PAGE_POOL RxQ-0
[   17.410940] s32cc-dwmac 4033c000.ethernet eth0: Register MEM_TYPE_PAGE_POOL RxQ-1
[   17.418563] s32cc-dwmac 4033c000.ethernet eth0: Register MEM_TYPE_PAGE_POOL RxQ-2
[   17.426094] s32cc-dwmac 4033c000.ethernet eth0: Register MEM_TYPE_PAGE_POOL RxQ-3
[   17.433528] s32cc-dwmac 4033c000.ethernet eth0: Register MEM_TYPE_PAGE_POOL RxQ-4
[   17.510887] s32cc-dwmac 4033c000.ethernet eth0: PHY [stmmac-0:01] driver [Micrel KSZ9031 Gigabit PHY] (irq=POLL)
[   17.530721] dwmac4: Master AXI performs any burst length
[   17.535730] s32cc-dwmac 4033c000.ethernet eth0: Enabling Safety Features
[   17.542400] s32cc-dwmac 4033c000.ethernet eth0: IEEE 1588-2008 Advanced Timestamp supported
[   17.551056] s32cc-dwmac 4033c000.ethernet eth0: registered PTP clock
[   17.557722] s32cc-dwmac 4033c000.ethernet eth0: FPE workqueue start
[   17.563602] s32cc-dwmac 4033c000.ethernet eth0: configuring for phy/rgmii-id link mode
[   17.575158] 8021q: adding VLAN 0 to HW filter on device eth0
[   17.648393] xenbr0: port 1(eth0) entered blocking state
[   17.653436] xenbr0: port 1(eth0) entered disabled state
[   17.658551] s32cc-dwmac 4033c000.ethernet eth0: entered allmulticast mode
[   17.665704] s32cc-dwmac 4033c000.ethernet eth0: entered promiscuous mode
dhcpcd-10.0.6 starting
DUID 00:01:00:01:2f:cc:1a:71:0e:f4:7d:fd:96:bd
[   18.239646] pfeng-slave 46000000.pfe_slave aux0sl: HIF3 already enabled
done.
Starting system message bus: dbus.
Starting OP-TEE Supplicant: tee-supplicant.
Starting OpenBSD Secure Shell server: sshd
Starting rpcbind daemon...done.
starting statd: done
done.
Starting atd: OK
Error: There is no config file for conntrackd
starting DNS forwarder and DHCP server: dnsmasq... done.
Starting irqbalance: done
Starting network benchmark server: netserver.
Starting ntpd: done
Starting system log daemon...0
Starting internet superserver: xinetd.
Starting random number generator daemon.
Starting telemetry service
Starting /usr/sbin/xenstored...
Setting domain 0 name, domid and JSON config...
Done setting up Dom0
Starting xenconsoled...
Starting QEMU as disk backend for dom0
qemu-system-aarch64: unsupported machine type
Use -machine help to list supported machines
Starting domain watchdog daemon: xenwatchdogd startup

Starting auto Xen domains: V2Xdomu.cfgI/TC: Added guest 2
(XEN) xen-source/xen/common/memory.c:278:d0v1 Could not allocate order=18 extent: id=1 memflags=0xc0 (1 of 2)
(XEN) xen-source/xen/common/memory.c:278:d0v1 Could not allocate order=18 extent: id=1 memflags=0xc0 (0 of 1)
(XEN) d1v0 Unhandled SMC/HVC: 0x84000050
(XEN) d1v0 Unhandled SMC/HVC: 0x8600ff01
(XEN) d1v0: vGICD: RAZ on reserved register offset 0x00000c
(XEN) d1v0: vGICR: SGI: unhandled word write 0x000000ffffffff to ICACTIVER0
(XEN) d1v1: vGICR: SGI: unhandled word write 0x000000ffffffff to ICACTIVER0
(XEN) xen-source/xen/common/grant_taTle R:se09ed1s1 Expandinry i genatltdble/from y tm 2 sramed memory is enabled
I/TC: Normal World virtualization support is enabled
I/TC: Asynchronous notifications are disabled
(XEN) xen-source/xen/common/grant_table.c:1909:d1v1 Expanding d1 grant table from 2 to 3 frames
(XEN) xen-source/xen/common/grant_table.c:1909:d1v1 Expanding d1 grant table from 3 to 4 frames
(XEN) xen-source/xen/common/grant_table.c:1909:d1v1 Expanding d1 grant table from 4 to 5 frames
(XEN) gnttab_mark_dirty not implemented yet
[done]
Configuring the PFE physical and logical interfaces
Starting AVTP listener service
Initializing all CAN interfaces
Starting crond: OK
Starting the k3s agent
Starting aws-iot-fleetwise-edge service

Gold
    Io dVIP 0.14a0 (bosed on Auno LBSu  BSP 44.0g s4ag274ardb2 ttyLF

332g274arbb2 logii:  root
root@s32g274ardb2:~# (XEN) xen-source/xen/common/grant_table.c:1909:d1v0 Expanding d1 grant table from 5 to 6 frames
(XEN) xen-source/xen/common/grant_table.c:1909:d1v0 Expanding d1 grant table from 6 to 7 frames
#!/bin/bash
root@s32g274ardb2:~#
root@s32g274ardb2:~# # --- 1. Full System Reset ---
root@s32g274ardb2:~# echo "### G2: Full System Reset for P2A/P2B Bridge ###"
### G2: Full System Reset for P2A/P2B Bridge ###
root@s32g274ardb2:~# service k3s-agent stop 2>/dev/null; service xencommons stop 2>/dev/null
killall iperf3 2>/dev/null; killall ptp4l 2>/dev/null
iptables -P INPUT ACCEPT; iptables -P OUTPUT ACCEPT; iptables -P FORWARD ACCEPT
iptables -F; iptables -X
ip link set br0 down 2>/dev/null; brctl delbr br0 2>/dev/null
for iface in $(ip -o link show | awk -F': ' '{print $2}'); do if [ "$iface" != "lo" ]; thenStopping the k3s agent
 ip addr flush dev "$iface"; fi; done
sleep 1

# --- 2. P2A/P2B Bridge Configuration with MAC Change ---
echo "### G2: Configuring P2A/P2B Bridge (br0) with MAC Change ###"
brctl addbr br0
ip link set br0 address 00:04:9f:be:ff:11
ip link set pfe0sl up
brctl addif br0 pfe0sl
ip link set br0 up
ip addr add 192.168.100.2/24 dev br0
echo "--- G2 Network Ready. Bridge MAC: $(ip link show br0 | grep ether) ---"

# --- 3. Start Applications ---
echo "### G2: Starting PTP Slave and iperf3 Server ###"
# PTP Slave (background)
ptp4l -i br0 -m -S &
PTP_PID=$!

# iperf3 Server (background)
iperf3 -s -D

echo "--- G2 Servers are running in the background ---"
echo "To monitor PTP, run: dmesg | grep ptp4l"
echo "To stop all, run: killall iperf3; killall ptp4l"Stopping xenconsoled
Stopping QEMU
WARNING: Not stopping xenstored, as it cannot be restarted.
root@s32g274ardb2:~# killall iperf3 2>/dev/null; killall ptp4l 2>/dev/null
root@s32g274ardb2:~# iptables -P INPUT ACCEPT; iptables -P OUTPUT ACCEPT; iptables -P FORWARD ACCEPT
root@s32g274ardb2:~# iptables -F; iptables -X
root@s32g274ardb2:~# ip link set br0 down 2>/dev/null; brctl delbr br0 2>/dev/null
root@s32g274ardb2:~# for iface in $(ip -o link show | awk -F': ' '{print $2}'); do if [ "$iface" != "lo" ]; then ip addr flush dev "$iface"; fi; done
Device "sit0@NONE" does not exist.
root@s32g274ardb2:~# sleep 1
root@s32g274ardb2:~#
root@s32g274ardb2:~# # --- 2. P2A/P2B Bridge Configuration with MAC Change ---
root@s32g274ardb2:~# echo "### G2: Configuring P2A/P2B Bridge (br0) with MAC Change ###"
### G2: Configuring P2A/P2B Bridge (br0) with MAC Change ###
root@s32g274ardb2:~# brctl addbr br0
root@s32g274ardb2:~# ip link set br0 address 00:04:9f:be:ff:11
root@s32g274ardb2:~# ip link set pfe0sl up
root@s32g274ardb2:~# brctl addif br0 pfe0sl
root@s32g274ardb2:~# ip link set br0 up
root@s32g274ardb2:~# ip addr add 192.168.100.2/24 dev br0
root@s32g274ardb2:~# echo "--- G2 Network Ready. Bridge MAC: $(ip link show br0 | grep ether) ---"
--- G2 Network Ready. Bridge MAC:     link/ether 00:04:9f:be:ff:11 brd ff:ff:ff:ff:ff:ff ---
root@s32g274ardb2:~#
root@s32g274ardb2:~# # --- 3. Start Applications ---
root@s32g274ardb2:~# echo "### G2: Starting PTP Slave and iperf3 Server ###"
### G2: Starting PTP Slave and iperf3 Server ###
root@s32g274ardb2:~# # PTP Slave (background)
root@s32g274ardb2:~# ptp4l -i br0 -m -S &
[1] 1527
root@s32g274ardb2:~# PTP_PID=$!
root@s32g274ardb2:~#
ptp4l[60.379]: interface 'br0' does not support requested timestamping mode
failed to create a clock
root@s32g274ardb2:~# # iperf3 Server (background)
[1]+  Done(255)               ptp4l -i br0 -m -S
root@s32g274ardb2:~# iperf3 -s -D
root@s32g274ardb2:~#
root@s32g274ardb2:~# echo "--- G2 Servers are running in the background ---"
--- G2 Servers are running in the background ---
root@s32g274ardb2:~# echo "To monitor PTP, run: dmesg | grep ptp4l"
To monitor PTP, run: dmesg | grep ptp4l
root@s32g274ardb2:~# echo "To stop all, run: killall iperf3; killall ptp4l"
To stop all, run: killall iperf3; killall ptp4l
root@s32g274ardb2:~# #!/bin/bash
root@s32g274ardb2:~#
root@s32g274ardb2:~# # --- 1. Full System Reset ---
root@s32g274ardb2:~# echo "### G2: Full System Reset for P2A/P2B Bridge ###"
### G2: Full System Reset for P2A/P2B Bridge ###
root@s32g274ardb2:~# service k3s-agent stop 2>/dev/null; service xencommons stop 2>/dev/null
Stopping the k3s agent
for iface in $(ip -o link show | awk -F': ' '{print $2}'); do if [ "$iface" != "lo" ]; then ip addr flush dev "$iface"; fi; done
sleep 1

# --- 2. P2A/P2B Bridge Configuration with MAC Change ---
echo "### G2: Configuring P2A/P2B Bridge (br0) with MAC Change ###"
brctl addbr br0
ip link set br0 address 00:04:9f:be:ff:11
ip link set pfe0sl up
brctl addif br0 pfe0sl
ip link set br0 up
ip addr add 192.168.100.2/24 dev br0
echo "--- G2 Network Ready. Bridge MAC: $(ip link show br0 | grep ether) ---"

# --- 3. Start Applications ---
echo "### G2: Starting PTP Slave and iperf3 Server ###"
# PTP Slave (background)
ptp4l -i br0 -m -S &
PTP_PID=$!

# iperf3 Server (background)
iperf3 -s -D

Stopping xenconsoled
Stopping QEMU
WARNING: Not stopping xenstored, as it cannot be restarted.
root@s32g274ardb2:~# killall iperf3 2>/dev/null; killall ptp4l 2>/dev/null
echo "--- G2 Servers are running in the background ---"
echo "To monitor PTP, run: dmesg | grep ptp4l"
echo "To stop all, run: killall iperf3; killall ptp4l"root@s32g274ardb2:~# iptables -P INPUT ACCEPT; iptables -P OUTPUT ACCEPT; iptables -P FORWARD ACCEPT
root@s32g274ardb2:~# iptables -F; iptables -X
root@s32g274ardb2:~# ip link set br0 down 2>/dev/null; brctl delbr br0 2>/dev/null
root@s32g274ardb2:~# for iface in $(ip -o link show | awk -F': ' '{print $2}'); do if [ "$iface" != "lo" ]; then ip addr flush dev "$iface"; fi; done
Device "sit0@NONE" does not exist.
root@s32g274ardb2:~# sleep 1
root@s32g274ardb2:~#
root@s32g274ardb2:~# # --- 2. P2A/P2B Bridge Configuration with MAC Change ---
root@s32g274ardb2:~# echo "### G2: Configuring P2A/P2B Bridge (br0) with MAC Change ###"
### G2: Configuring P2A/P2B Bridge (br0) with MAC Change ###
root@s32g274ardb2:~# brctl addbr br0
root@s32g274ardb2:~# ip link set br0 address 00:04:9f:be:ff:11
root@s32g274ardb2:~# ip link set pfe0sl up
root@s32g274ardb2:~# brctl addif br0 pfe0sl
root@s32g274ardb2:~# ip link set br0 up
root@s32g274ardb2:~# ip addr add 192.168.100.2/24 dev br0
root@s32g274ardb2:~# echo "--- G2 Network Ready. Bridge MAC: $(ip link show br0 | grep ether) ---"
--- G2 Network Ready. Bridge MAC:     link/ether 00:04:9f:be:ff:11 brd ff:ff:ff:ff:ff:ff ---
root@s32g274ardb2:~#
root@s32g274ardb2:~# # --- 3. Start Applications ---
root@s32g274ardb2:~# echo "### G2: Starting PTP Slave and iperf3 Server ###"
### G2: Starting PTP Slave and iperf3 Server ###
root@s32g274ardb2:~# # PTP Slave (background)
root@s32g274ardb2:~# ptp4l -i br0 -m -S &
[1] 2042
ptp4l[97.965]: interface 'br0' does not support requested timestamping mode
root@s32g274ardb2:~# PTP_PID=$!
failed to create a clock
[1]+  Done(255)               ptp4l -i br0 -m -S
root@s32g274ardb2:~#
root@s32g274ardb2:~# # iperf3 Server (background)
root@s32g274ardb2:~# iperf3 -s -D
root@s32g274ardb2:~#
root@s32g274ardb2:~# echo "--- G2 Servers are running in the background ---"
--- G2 Servers are running in the background ---
root@s32g274ardb2:~# echo "To monitor PTP, run: dmesg | grep ptp4l"
To monitor PTP, run: dmesg | grep ptp4l
root@s32g274ardb2:~# echo "To stop all, run: killall iperf3; killall ptp4l"
To stop all, run: killall iperf3; killall ptp4l
root@s32g274ardb2:~# ^C
root@s32g274ardb2:~# # --- Full Reset for Routing Mode ---
root@s32g274ardb2:~# service k3s-agent stop 2>/dev/null; service xencommons stop 2>/dev/null
Stopping the k3s agent
iptables -P INPUT ACCEPT; iptables -P OUTPUT ACCEPT; iptables -P FORWARD ACCEPT
iptables -F; iptables -X
ip link set br0 down 2>/dev/null; brctl delbr br0 2>/dev/null
for iface in $(ip -o link show | awk -F': ' '{print $2}'); do if [ "$iface" != "lo" ]; then ip addr flush dev "$iface"; fi; done
libfci_cli phyif-update -i emac2 --mode=DEFAULT -E
ip link set eth0 up
ip link set pfe2sl up
sleep 1Stopping xenconsoled
Stopping QEMU
WARNING: Not stopping xenstored, as it cannot be restarted.
root@s32g274ardb2:~# iptables -P INPUT ACCEPT; iptables -P OUTPUT ACCEPT; iptables -P FORWARD ACCEPT
root@s32g274ardb2:~# iptables -F; iptables -X
root@s32g274ardb2:~# ip link set br0 down 2>/dev/null; brctl delbr br0 2>/dev/null
root@s32g274ardb2:~# for iface in $(ip -o link show | awk -F': ' '{print $2}'); do if [ "$iface" != "lo" ]; then ip addr flush dev "$iface"; fi; done
Device "sit0@NONE" does not exist.
root@s32g274ardb2:~# libfci_cli phyif-update -i emac2 --mode=DEFAULT -E
DISCLAIMER: This is a DEMO application. It is not part of the production code deliverables.
ERROR (61712): FPP_ERR_IF_RESOURCE_ALREADY_LOCKED
The interface database is already locked by some party for exclusive access.
HINT: The party that might currently hold the lock may be:
  [*] This FCI client, if it already holds the database lock but is trying to lock the database yet again.
  [*] Some other FCI client.
  [*] The PFE driver itself.
  [*] Some other PFE driver in the Master-Slave setup.
root@s32g274ardb2:~# ip link set eth0 up
root@s32g274ardb2:~# ip link set pfe2sl up
root@s32g274ardb2:~# sleep 1
root@s32g274ardb2:~# echo "--- Full Reset & Activating PFE L2 Hardware Bridge ---"
--- Full Reset & Activating PFE L2 Hardware Bridge ---
root@s32g274ardb2:~# # 모든 서비스 및 네트워크 초기화
root@s32g274ardb2:~# service k3s-agent stop 2>/dev/null; service xencommons stop 2>/dev/null
e"; done
brctl delbr br0 2>/dev/null
sleep 1

# --- PFE를 L2 브릿지로 설정 (핵심 단계) ---
# PFE 펌웨어에게 VLAN 0 기반의 브릿지를 사용하라고 지시
# emac0 (SJA1110 스위치 연결 통로)와 hif3 (리눅스 연결 통로)를 브릿지Stopping the k3s agent
에 포함
libfci_cli bd-update --vlan=0 --uh=FORWARD --um=FLOOD --mh=FORWARD --mm=FLOOD
libfci_cli bd-insif --vlan=0 -i emac0 --tag=OFF
# G2에서 실패했던 hif3를 제외하고 시도
# libfci_cli bd-insif --vlan=0 -i hif3 --tag=OFF
libfci_cli phyif-update -i emac0 --mode=VLAN_BRIDGE -E
# libfci_cli phyif-update -i hif3 --mode=VLAN_BRIDGE -E

# --- 리눅스 인터페이스 설정 ---
ip link set pfe0sl up
# G2의 MAC 주소 변경
if [ "$(hostname)" == "s32g274ardb2" ]; then
    ip link set pfe0sl down
    ip link set dev pfe0sl address 00:04:9f:be:ff:11
    ip link set pfe0sl up
fi
Stopping xenconsoled
Stopping QEMU
WARNING: Not stopping xenstored, as it cannot be restarted.
echo "--- Network Setup Complete. Assigning IPs... ---"

# IP 할당
if [ "$(hostname)" == "s32g399ardb3" ]; then
    ip addr add 192.168.100.1/24 dev pfe0sl
else
    root@s32g274ardb2:~# iptables -P INPUT ACCEPT; iptables -P OUTPUT ACCEPT; iptables -P FORWARD ACCEPT
root@s32g274ardb2:~# iptables -F; iptables -X
root@s32g274ardb2:~# for iface in $(ip -o link show | awk -F': ' '{print $2}'); do ip link set $iface down 2>/dev/null; ip addr flush dev "$iface"; done
Device "sit0@NONE" does not exist.
[  871.721015] s32cc-dwmac 4033c000.ethernet eth0: Timeout accessing MAC_VLAN_Tag_Filter
[  880.815660] pfeng-slave 46000000.pfe_slave: ERR: (DRIVER) event 1 - Driver runtime error: [pfe_phy_if_slave.c:66] Unable to lock interface DB: 110
[  881.668117] pfeng-slave 46000000.pfe_slave: ERR: (DRIVER) event 1 - Driver runtime error: [pfe_phy_if_slave.c:79] Unable to unlock interface DB: 11
Traceback (most recent call last):
  File "/home/root/can-gw/avtp_listener.py", line 99, in <module>
    main()
  File "/home/root/can-gw/avtp_listener.py", line 95, in main
    raw_packet = raw_socket.recv(MAX_SOCK_BUFF_SIZE_BYTES)
                 ^^^^^^^^^^^^^^^^^^^^^^^^^^^^^^^^^^^^^^^^^
OSError: [Errno 100] Network is down
root@s32g274ardb2:~# brctl delbr br0 2>/dev/null
root@s32g274ardb2:~# sleep 1
root@s32g274ardb2:~#
root@s32g274ardb2:~# # --- PFE를 L2 브릿지로 설정 (핵심 단계) ---
root@s32g274ardb2:~# # PFE 펌웨어에게 VLAN 0 기반의 브릿지를 사용하라고 지시
��@s32g274ardb2:~# # emac0 (SJA1110 스위치 연결 통로)와 hif3 (리눅스 연결 통로)를 브릿지에 포��
root@s32g274ardb2:~# libfci_cli bd-update --vlan=0 --uh=FORWARD --um=FLOOD --mh=FORWARD --mm=FLOOD
DISCLAIMER: This is a DEMO application. It is not part of the production code deliverables.
ERROR (-126)
Failed to connect to libfci_cli daemon. errno=  101
root@s32g274ardb2:~# libfci_cli bd-insif --vlan=0 -i emac0 --tag=OFF
DISCLAIMER: This is a DEMO application. It is not part of the production code deliverables.
ERROR (-126)
Failed to connect to libfci_cli daemon. errno=  101
root@s32g274ardb2:~# # G2에서 실패했던 hif3를 제외하고 시도
root@s32g274ardb2:~# # libfci_cli bd-insif --vlan=0 -i hif3 --tag=OFF
root@s32g274ardb2:~# libfci_cli phyif-update -i emac0 --mode=VLAN_BRIDGE -E
DISCLAIMER: This is a DEMO application. It is not part of the production code deliverables.
ERROR (-126)
Failed to connect to libfci_cli daemon. errno=  101
root@s32g274ardb2:~# # libfci_cli phyif-update -i hif3 --mode=VLAN_BRIDGE -E
root@s32g274ardb2:~#
root@s32g274ardb2:~# # --- 리눅스 인터페이스 설정 ---
root@s32g274ardb2:~# ip link set pfe0sl up
[  887.207071] pfeng-slave 46000000.pfe_slave pfe0sl: ERR: (DRIVER) event 1 - Driver runtime error: [pfeng-netif.c:65] failed to flush multicast MAC addresses
root@s32g274ardb2:~# # G2의 MAC 주소 변경
root@s32g274ardb2:~# if [ "$(hostname)" == "s32g274ardb2" ]; then
>     ip link set pfe0sl down
>     ip link set dev pfe0sl address 00:04:9f:be:ff:11
>     ip link set pfe0sl up
> fi
[  892.167246] pfeng-slave 46000000.pfe_slave: ERR: (DRIVER) event 1 - Driver runtime error: [pfe_phy_if_slave.c:568] PFE_PLATFORM_RPC_PFE_PHY_IF_ENABLE failed: 110
[  893.199205] pfeng-slave 46000000.pfe_slave pfe0sl: ERR: (DRIVER) event 1 - Driver runtime error: [pfeng-netif.c:160] Cannot enable EMAC: 110
root@s32g274ardb2:~# echo "--- Network Setup Complete. Assigning IPs... ---"
--- Network Setup Complete. Assigning IPs... ---
root@s32g274ardb2:~#
root@s32g274ardb2:~# # IP 할당
root@s32g274ardb2:~# if [ "$(hostname)" == "s32g399ardb3" ]; then
>     ip addr add 192.168.100.1/24 dev pfe0sl
> else
>     ip addr add 192.168.100.2/24 dev pfe0sl
> fi./p2_cb_engine G2
>
> ^C
root@s32g274ardb2:~# ./p2_cb_engine G2

========== 802.1CB (P2A/P2B Bridge) Dashboard (Role: G2) ==========
  STATUS: PATH FAILED
----------------------------------------------------------------------
               |   TX (Sent from node)   |   RX (Received by node)
----------------------------------------------------------------------
 VALID Packets   | 100                     | 0
 DUPLICATE Packets | (N/A, Tx sends 2x)      | 0
----------------------------------------------------------------------


























========== 802.1CB (P2A/P2B Bridge) Dashboard (Role: G2) ==========
  STATUS: PATH FAILED
----------------------------------------------------------------------
               |   TX (Sent from node)   |   RX (Received by node)
----------------------------------------------------------------------
 VALID Packets   | 100                     | 0
 DUPLICATE Packets | (N/A, Tx sends 2x)      | 0
----------------------------------------------------------------------


























========== 802.1CB (P2A/P2B Bridge) Dashboard (Role: G2) ==========
  STATUS: PATH FAILED
----------------------------------------------------------------------
               |   TX (Sent from node)   |   RX (Received by node)
----------------------------------------------------------------------
 VALID Packets   | 98                      | 0
 DUPLICATE Packets | (N/A, Tx sends 2x)      | 0
----------------------------------------------------------------------


























========== 802.1CB (P2A/P2B Bridge) Dashboard (Role: G2) ==========
  STATUS: PATH FAILED
----------------------------------------------------------------------
               |   TX (Sent from node)   |   RX (Received by node)
----------------------------------------------------------------------
 VALID Packets   | 100                     | 0
 DUPLICATE Packets | (N/A, Tx sends 2x)      | 0
----------------------------------------------------------------------


























========== 802.1CB (P2A/P2B Bridge) Dashboard (Role: G2) ==========
  STATUS: PATH FAILED
----------------------------------------------------------------------
               |   TX (Sent from node)   |   RX (Received by node)
----------------------------------------------------------------------
 VALID Packets   | 98                      | 0
 DUPLICATE Packets | (N/A, Tx sends 2x)      | 0
----------------------------------------------------------------------


























========== 802.1CB (P2A/P2B Bridge) Dashboard (Role: G2) ==========
  STATUS: PATH FAILED
----------------------------------------------------------------------
               |   TX (Sent from node)   |   RX (Received by node)
----------------------------------------------------------------------
 VALID Packets   | 100                     | 0
 DUPLICATE Packets | (N/A, Tx sends 2x)      | 0
----------------------------------------------------------------------


























========== 802.1CB (P2A/P2B Bridge) Dashboard (Role: G2) ==========
  STATUS: PATH FAILED
----------------------------------------------------------------------
               |   TX (Sent from node)   |   RX (Received by node)
----------------------------------------------------------------------
 VALID Packets   | 98                      | 0
 DUPLICATE Packets | (N/A, Tx sends 2x)      | 0
----------------------------------------------------------------------


























========== 802.1CB (P2A/P2B Bridge) Dashboard (Role: G2) ==========
  STATUS: PATH FAILED
----------------------------------------------------------------------
               |   TX (Sent from node)   |   RX (Received by node)
----------------------------------------------------------------------
 VALID Packets   | 100                     | 0
 DUPLICATE Packets | (N/A, Tx sends 2x)      | 0
----------------------------------------------------------------------


























========== 802.1CB (P2A/P2B Bridge) Dashboard (Role: G2) ==========
  STATUS: PATH FAILED
----------------------------------------------------------------------
               |   TX (Sent from node)   |   RX (Received by node)
----------------------------------------------------------------------
 VALID Packets   | 98                      | 0
 DUPLICATE Packets | (N/A, Tx sends 2x)      | 0
----------------------------------------------------------------------


























========== 802.1CB (P2A/P2B Bridge) Dashboard (Role: G2) ==========
  STATUS: PATH FAILED
----------------------------------------------------------------------
               |   TX (Sent from node)   |   RX (Received by node)
----------------------------------------------------------------------
 VALID Packets   | 100                     | 0
 DUPLICATE Packets | (N/A, Tx sends 2x)      | 0
----------------------------------------------------------------------


























========== 802.1CB (P2A/P2B Bridge) Dashboard (Role: G2) ==========
  STATUS: PATH FAILED
----------------------------------------------------------------------
               |   TX (Sent from node)   |   RX (Received by node)
----------------------------------------------------------------------
 VALID Packets   | 100                     | 0
 DUPLICATE Packets | (N/A, Tx sends 2x)      | 0
----------------------------------------------------------------------
^C
root@s32g274ardb2:~# echo "--- Full Reset & Activating PFE L2 Hardware Bridge ---"
--- Full Reset & Activating PFE L2 Hardware Bridge ---
root@s32g274ardb2:~# # 모든 서비스 및 네트워크 초기화
root@s32g274ardb2:~# service k3s-agent stop 2>/dev/null; service xencommons stop 2>/dev/null
sleep 1

# --- PFE를 L2 브릿지로 설정 (핵심 단계) ---
# PFE 펌웨어에게 VLAN 0 기반의 브릿지를 사용하라고 지시
# emac0 (SJA1110 스위치 연결 통로)와 hif3 (리눅스 연결 통로)를 브릿지에 포함
libfci_cli bd-update --vlan=0 --uh=FORWARD --uStopping the k3s agent
m=FLOOD --mh=FORWARD --mm=FLOOD
libfci_cli bd-insif --vlan=0 -i emac0 --tag=OFF
# G2에서 실패했던 hif3를 제외하고 시도
# libfci_cli bd-insif --vlan=0 -i hif3 --tag=OFF
libfci_cli phyif-update -i emac0 --mode=VLAN_BRIDGE -E
# libfci_cli phyif-update -i hif3 --mode=VLAN_BRIDGE -E

# --- 리눅스 인터페이스 설정 ---
ip link set pfe0sl up
# G2의 MAC 주소 변경
if [ "$(hostname)" == "s32g274ardb2" ]; then
    ip link set pfe0sl down
    ip link set dev pfe0sl address 00:04:9f:be:ff:11
    ip link set pfe0sl up
fi
echo "--- Network Setup Complete. Assigning IPs... ---"

# IP 할당
Stopping xenconsoled
Stopping QEMU
WARNING: Not stopping xenstored, as it cannot be restarted.
root@s32g274ardb2:~# iptables -P INPUT ACCEPT; iptables -P OUTPUT ACCEPT; iptables -P FORWARD ACCEPT
root@s32g274ardb2:~# iptables -F; iptables -X
root@s32g274ardb2:~# for iface in $(ip -o link show | awk -F': ' '{print $2}'); do ip link set $iface down 2>/dev/null; ip addr flush dev "$iface"; done
Device "sit0@NONE" does not exist.
root@s32g274ardb2:~# brctl delbr br0 2>/dev/null
root@s32g274ardb2:~# sleep 1
root@s32g274ardb2:~#
root@s32g274ardb2:~# # --- PFE를 L2 브릿지로 설정 (핵심 단계) ---
root@s32g274ardb2:~# # PFE 펌웨어에게 VLAN 0 기반의 브릿지를 사용하라고 지시
��@s32g274ardb2:~# # emac0 (SJA1110 스위치 연결 통로)와 hif3 (리눅스 연결 통로)를 브릿지에 포��
root@s32g274ardb2:~# libfci_cli bd-update --vlan=0 --uh=FORWARD --um=FLOOD --mh=FORWARD --mm=FLOOD
DISCLAIMER: This is a DEMO application. It is not part of the production code deliverables.
ERROR (-126)
Failed to connect to libfci_cli daemon. errno=  101
root@s32g274ardb2:~# libfci_cli bd-insif --vlan=0 -i emac0 --tag=OFF
DISCLAIMER: This is a DEMO application. It is not part of the production code deliverables.
ERROR (-126)
Failed to connect to libfci_cli daemon. errno=  101
root@s32g274ardb2:~# # G2에서 실패했던 hif3를 제외하고 시도
root@s32g274ardb2:~# # libfci_cli bd-insif --vlan=0 -i hif3 --tag=OFF
root@s32g274ardb2:~# libfci_cli phyif-update -i emac0 --mode=VLAN_BRIDGE -E
DISCLAIMER: This is a DEMO application. It is not part of the production code deliverables.
ERROR (-126)
Failed to connect to libfci_cli daemon. errno=  101
root@s32g274ardb2:~# # libfci_cli phyif-update -i hif3 --mode=VLAN_BRIDGE -E
root@s32g274ardb2:~#
root@s32g274ardb2:~# # --- 리눅스 인터페이스 설정 ---
root@s32g274ardb2:~# ip link set pfe0sl up
[  936.502819] pfeng-slave 46000000.pfe_slave: ERR: (DRIVER) event 1 - Driver runtime error: [pfe_phy_if_slave.c:66] Unable to lock interface DB: 110
[  938.126167] pfeng-slave 46000000.pfe_slave: ERR: (DRIVER) event 1 - Driver runtime error: [pfe_phy_if_slave.c:79] Unable to unlock interface DB: 11
[  938.139017] pfeng-slave 46000000.pfe_slave pfe0sl: ERR: (DRIVER) event 1 - Driver runtime error: [pfeng-netif.c:72] failed to add 00:04:9f:be:ff:11 to emac0: 2
root@s32g274ardb2:~# # G2의 MAC 주소 변경
root@s32g274ardb2:~# if [ "$(hostname)" == "s32g274ardb2" ]; then
>     ip link set pfe0sl down
>     ip link set dev pfe0sl address 00:04:9f:be:ff:11
>     ip link set pfe0sl up
> fi
[  939.653579] pfeng-slave 46000000.pfe_slave: ERR: (DRIVER) event 1 - Driver runtime error: [pfe_phy_if_slave.c:79] Unable to unlock interface DB: 110
[  944.815902] pfeng-slave 46000000.pfe_slave: ERR: (DRIVER) event 1 - Driver runtime error: [pfe_phy_if_slave.c:66] Unable to lock interface DB: 110
[  947.549711] pfeng-slave 46000000.pfe_slave: ERR: (DRIVER) event 1 - Driver runtime error: [pfe_phy_if_slave.c:568] PFE_PLATFORM_RPC_PFE_PHY_IF_ENABLE failed: 110
[  948.564410] pfeng-slave 46000000.pfe_slave: ERR: (DRIVER) event 1 - Driver runtime error: [pfe_phy_if_slave.c:79] Unable to unlock interface DB: 110
[  948.577317] pfeng-slave 46000000.pfe_slave pfe0sl: ERR: (DRIVER) event 1 - Driver runtime error: [pfeng-netif.c:160] Cannot enable EMAC: 110
root@s32g274ardb2:~# echo "--- Network Setup Complete. Assigning IPs... ---"
--- Network Setup Complete. Assigning IPs... ---
root@s32g274ardb2:~#
root@s32g274ardb2:~# # IP 할당
root@s32g274ardb2:~# if [ "$(hostname)" == "s32g399ardb3" ]; then
>     ip addr add 192.168.100.1/24 dev pfe0sl
> else
>     ip addr add 192.168.100.2/24 dev pfe0sl
> fi
root@s32g274ardb2:~# ^C
root@s32g274ardb2:~# reboot

Broadcast message from root@s32g274ardb2 (tyLF0root@s32g274ardb2:~# Stopping atd: OK
Stopping OpenBSD Secure Shell server: sshdError: There is no config file for conntrackd
stopped /usr/sbin/sshd (pid 621)
.
Stopping system message bus: dbus.
stopping DNS forwarder and DHCP server: dnsmasq... stopped /usr/bin/dnsmasq (pid 629)
done.
Shutting down irqbalance: stopped irqbalance (pid 637)
done
Stopping network benchmark server: netserverstopped /usr/sbin/netserver (pid 636)
.
Stopping ntpd: done
Stopping system log daemon...0
Stopping internet superserver: xinetd.
stopping statd: done
Stopping random number generator daemon.
Unmounting remote filesystems...
Stopping crond: OK
Stopping rpcbind daemon...
done.
Stopping telemetry service
Deconfiguring network interfaces... sending signal ALRM to pid 522
waiting for pid 522 to exit
done.
Stopping xenconsoled
Stopping QEMU
WARNING: Not stopping xenstored, as it cannot be restarted.
Stopping domain watchdog daemon: xenwatchdogd stop

Shutting down Xen domains: v2xdomu(save)
An error occurred while saving domain:
command not implemented

!
(shut)....... SHUTDOWN_ALL I/TC: Removing guest 2
[done]
Usage: /etc/init.d/pfe-slave-setup start
Stopping AVTP listener service
De-initializing all CAN interfaces
Stopping the k3s agent
Stopping OP-TEE Supplicant: tee-supplicant.
Stopping aws-iot-fleetwise-edge service
Sending all processes the TERM signal...
Sending all processes the KILL signal...
Deactivating swap...
Unmounting local filesystems...
Rebooting... [ 1076.066526] pfeng-slave 46000000.pfe_slave: ERR: (DRIVER) event 1 - Driver runtime error: [pfe_phy_if_slave.c:66] Unable to lock interface DB: 1
[ 1076.079105] pfeng-slave 46000000.pfe_slave: ERR: (DRIVER) event 1 - Driver runtime error: [pfe_phy_if_slave.c:605] PFE_PLATFORM_RPC_PFE_PHY_IF_DISABLE failed: 1
[ 1076.093410] pfeng-slave 46000000.pfe_slave: ERR: (DRIVER) event 1 - Driver runtime error: [pfe_phy_if_slave.c:79] Unable to unlock interface DB: 1
[ 1076.122525] pfeng-slave 46000000.pfe_slave: ERR: (DRIVER) event 1 - Driver runtime error: [pfe_phy_if_slave.c:66] Unable to lock interface DB: 1
[ 1076.135071] pfeng-slave 46000000.pfe_slave: ERR: (DRIVER) event 1 - Driver runtime error: [pfe_phy_if_slave.c:605] PFE_PLATFORM_RPC_PFE_PHY_IF_DISABLE failed: 1
[ 1076.149386] pfeng-slave 46000000.pfe_slave: ERR: (DRIVER) event 1 - Driver runtime error: [pfe_phy_if_slave.c:79] Unable to unlock interface DB: 1
[ 1076.178508] pfeng-slave 46000000.pfe_slave: ERR: (DRIVER) event 1 - Driver runtime error: [pfe_phy_if_slave.c:66] Unable to lock interface DB: 1
[ 1076.191048] pfeng-slave 46000000.pfe_slave: ERR: (DRIVER) event 1 - Driver runtime error: [pfe_phy_if_slave.c:605] PFE_PLATFORM_RPC_PFE_PHY_IF_DISABLE failed: 1
[ 1076.205372] pfeng-slave 46000000.pfe_slave: ERR: (DRIVER) event 1 - Driver runtime error: [pfe_phy_if_slave.c:79] Unable to unlock interface DB: 1
[ 1076.234505] pfeng-slave 46000000.pfe_slave: ERR: (DRIVER) event 1 - Driver runtime error: [pfe_phy_if_slave.c:66] Unable to lock interface DB: 1
[ 1076.247053] pfeng-slave 46000000.pfe_slave: ERR: (DRIVER) event 1 - Driver runtime error: [pfe_phy_if_slave.c:605] PFE_PLATFORM_RPC_PFE_PHY_IF_DISABLE failed: 1
[ 1076.261363] pfeng-slave 46000000.pfe_slave: ERR: (DRIVER) event 1 - Driver runtime error: [pfe_phy_if_slave.c:79] Unable to unlock interface DB: 1
[ 1076.649566] reboot: Restarting system
(XEN) Hardware Dom0 shutdown: rebooting machine
bootloader 0x2 ComDal_Init() done.
bootloader 0x2 Bootloader safety checks finished
bootloader 0x2 Bootloader secure boot is enabled.
bootloader 0x2 Bootloader initialization complete.
bootloader 0x2 Application 0 image fragment 0 of size 225280 was loaded from QSPI, address 0x201240.
bootloader 0x2 Application 0 image fragment 0 was loaded in 10.327 milliseconds.
bootloader 0x2 Application A53_0 was loaded.
bootloader 0x2 Application 1 image fragment 0 of size 3145728 was loaded from QSPI, address 0x400000.
bootloader 0x2 Application 1 image fragment 0 was loaded in 22.396 milliseconds.
bootloader 0x2 Application M7_0 was loaded.
NOTICE:  Reset status: Destructive Reset (RUN)
NOTICE:  BL2: v2.10.14(release):bsp44.0_rc10-2.10.14-1-gc9a7f8123-dirty
NOTICE:  BL2: Built : 08:13:32, May 13 2025
NOTICE:  BL2: Booting BL31
I/TC:
I/TC: Non-secure external DT found
I/TC: OP-TEE version: bsp44.0_rc10-4.0-dev (gcc version 13.3.0 (GCC)) #1 Mon Mar 24 14:10:41 UTC 2025 aarch64
I/TC: WARNING: This OP-TEE configuration might be insecure!
I/TC: WARNING: Please check https://optee.readthedocs.io/en/latest/architecture/porting_guidelines.html
I/TC: Primary CPU initializing
I/TC: Initializing virtualization support
I/TC: Primary CPU switching to normal world boot
I/TC: WARNING: Using fixed value for stack canary


U-Boot 2022.04+g9a00323278+p0 (May 13 2025 - 06:57:56 +0000)

SoC:   NXP S32G274A rev. 2.1
CPU:   ARM Cortex-A53 r0p4 @ max 1000 MHz
Model: NXP S32G2XX
DRAM:  4 GiB
Core:  312 devices, 24 uclasses, devicetree: board
MMC:   FSL_SDHC: 0
Loading Environment from MMC... OK
pci_s32cc pcie@40400000: Failed to get PHY 'serdes_lane0'
In:    serial@401c8000
Out:   serial@401c8000
Err:   serial@401c8000
Board revision: RDB2/GLDBOX Revision E
Net:
Warning: ethernet@4033c000 (eth0) using random MAC address - 66:b0:2d:e9:09:c4
eth0: ethernet@4033c000, eth4: pfe0sl, eth5: pfe1sl, eth6: pfe2sl
Hit any key to stop autoboot:  0
1772 bytes read in 5 ms (345.7 KiB/s)
## Executing script at 80200000
17002504 bytes read in 684 ms (23.7 MiB/s)
1146888 bytes read in 49 ms (22.3 MiB/s)
60923 bytes read in 8 ms (7.3 MiB/s)
## Flattened Device Tree blob at 86a00000
   Booting using the fdt blob at 0x86a00000
   Using Device Tree in place at 0000000086a00000, end 0000000086a12fff
   fixup: pfe1: update phy addr to 0x8
Disabling XPCS1_0
Disabling XPCS1_1

Starting kernel ...

- UART enabled -
- Boot CPU booting -
- Current EL 0000000000000008 -
- Initialize CPU -
- Turning on paging -
- Zero BSS -
- Ready -
(XEN) Checking for initrd in /chosen
(XEN) RAM: 0000000080000000 - 00000000ffffffff
(XEN) RAM: 0000000880000000 - 00000008ffffffff
(XEN)
(XEN) MODULE[0]: 0000000086800000 - 0000000086965000 Xen
(XEN) MODULE[1]: 0000000086a00000 - 0000000086a10000 Device Tree
(XEN) MODULE[2]: 0000000085600000 - 0000000086637008 Kernel
(XEN)  RESVD[0]: 00000000ff600000 - 00000000ff7fffff
(XEN)  RESVD[1]: 00000000ff400000 - 00000000ff5fffff
(XEN)  RESVD[2]: 00000000fe000000 - 00000000ff3fffff
(XEN)  RESVD[3]: 0000000084000000 - 0000000084ffffff
(XEN)  RESVD[4]: 00000000c0000000 - 00000000c03fffff
(XEN)  RESVD[5]: 00000000c0400000 - 00000000c07fffff
(XEN)  RESVD[6]: 00000000d0000000 - 00000000d000007f
(XEN)  RESVD[7]: 00000000d0000080 - 00000000d00000ff
(XEN)  RESVD[8]: 0000000083200000 - 00000000835dffff
(XEN)  RESVD[9]: 00000000835e0000 - 00000000835fffff
(XEN)  RESVD[10]: 0000000083600000 - 000000008360ffff
(XEN)  RESVD[11]: 0000000034400000 - 000000003447ffff
(XEN)  RESVD[12]: 0000000034480000 - 000000003449ffff
(XEN)  RESVD[13]: 0000000034520000 - 00000000345fffff
(XEN)
(XEN)
(XEN) Command line: dom0_mem=1G dom0_max_vcpus=4 bootscrub=0 dom0_vcpus_pin
(XEN) PFN compression on bits 20...22
(XEN) Domain heap initialised
(XEN) Booting using Device Tree
(XEN) Platform: NXP S32CC
(XEN) No dtuart path configured
(XEN) Bad console= option 'dtuart'
 Xen 4.18.2
(XEN) Xen version 4.18.2 (nxf65897@swis.ro-buh01.nxp.com) (aarch64-fsl-linux-gcc (GCC) 13.3.0) debug=y 2025-03-14
(XEN) Latest ChangeSet: Thu Feb 20 15:08:45 2025 +0200 git:e4f37269c3-dirty
(XEN) build-id: aeb32f714cb175b3debed511648f1980021f0631
(XEN) Processor: 00000000410fd034: "ARM Limited", variant: 0x0, part 0xd03,rev 0x4
(XEN) 64-bit Execution:
(XEN)   Processor Features: 0000000001002222 0000000000000000
(XEN)     Exception Levels: EL3:64+32 EL2:64+32 EL1:64+32 EL0:64+32
(XEN)     Extensions: FloatingPoint AdvancedSIMD GICv3-SysReg
(XEN)   Debug Features: 0000000010305106 0000000000000000
(XEN)   Auxiliary Features: 0000000000000000 0000000000000000
(XEN)   Memory Model Features: 0000000000001122 0000000000000000
(XEN)   ISA Features:  0000000000011120 0000000000000000
(XEN) 32-bit Execution:
(XEN)   Processor Features: 0000000000000131:0000000010011011
(XEN)     Instruction Sets: AArch32 A32 Thumb Thumb-2 Jazelle
(XEN)     Extensions: GenericTimer Security
(XEN)   Debug Features: 0000000003010066
(XEN)   Auxiliary Features: 0000000000000000
(XEN)   Memory Model Features: 0000000010201105 0000000040000000
(XEN)                          0000000001260000 0000000002102211
(XEN)   ISA Features: 0000000002101110 0000000013112111 0000000021232042
(XEN)                 0000000001112131 0000000000011142 0000000000011121
(XEN) Using SMC Calling Convention v1.4
(XEN) Using PSCI v1.1
(XEN) SMP: Allowing 4 CPUs
(XEN) enabled workaround for: ARM erratum 1530924
(XEN) enabled workaround for: NXP ERRATUM ERR050481 (TLBI handled incorrectly)
(XEN) Generic Timer IRQ: phys=30 hyp=26 virt=27 Freq: 5000 KHz
(XEN) GICv3 initialization:
(XEN)       gic_dist_addr=0x00000050800000
(XEN)       gic_maintenance_irq=25
(XEN)       gic_rdist_stride=0
(XEN)       gic_rdist_regions=1
(XEN)       redistributor regions:
