 0
switch to partitions #0, OK
mmc0 is current device
17139720 bytes read in 720 ms (22.7 MiB/s)
Booting from mmc ...
59234 bytes read in 6 ms (9.4 MiB/s)
## Flattened Device Tree blob at 83000000
   Booting using the fdt blob at 0x83000000
   Using Device Tree in place at 0000000083000000, end 0000000083011761
   fixup: pfe1: update phy addr to 0x8
Failed to configure XPCS1_1
Failed to update XPCS1 for SerDes1

Starting kernel ...

[    0.000000] Booting Linux on physical CPU 0x0000000000 [0x410fd034]
[    0.000000] Linux version 6.6.85-rt53-g6208e1d0d7b5 (oe-user@oe-host) (aarch64-fsl-linux-gcc (GCC) 13.3.0, GNU ld (GNU Binutils) 2.42.0.20240723) #1 SMP PREEMPT Wed May 14 13:40:03 UTC 2025
[    0.000000] Machine model: NXP S32G2 Reference Design Board 2 (S32G-VNP-RDB2)
[    0.000000] earlycon: linflex0 at MMIO 0x00000000401c8000 (options '')
[    0.000000] printk: legacy bootconsole [linflex0] enabled
[    0.000000] OF: reserved mem: 0x0000000034000000..0x000000003407ffff (512 KiB) nomap non-reusable pfebufs@34000000
[    0.000000] OF: reserved mem: 0x0000000034080000..0x000000003409ffff (128 KiB) nomap non-reusable pfebufs@34080000
[    0.000000] Reserved memory: created DMA memory pool at 0x0000000083200000, size 3 MiB
[    0.000000] OF: reserved mem: initialized node pfebufs@83200000, compatible id shared-dma-pool
[    0.000000] OF: reserved mem: 0x0000000083200000..0x00000000835dffff (3968 KiB) nomap non-reusable pfebufs@83200000
[    0.000000] OF: reserved mem: 0x00000000835e0000..0x00000000835fffff (128 KiB) map non-reusable pfebufs@835e0000
[    0.000000] OF: reserved mem: 0x0000000084000000..0x0000000084ffffff (16384 KiB) nomap non-reusable shm@84000000
[    0.000000] OF: reserved mem: 0x00000000c0000000..0x00000000c03fffff (4096 KiB) nomap non-reusable shm@c0000000
[    0.000000] OF: reserved mem: 0x00000000c0400000..0x00000000c07fffff (4096 KiB) nomap non-reusable shm@c0400000
[    0.000000] OF: reserved mem: 0x00000000d0000000..0x00000000d000007f (0 KiB) nomap non-reusable shm@d0000000
[    0.000000] OF: reserved mem: 0x00000000d0000080..0x00000000d00000ff (0 KiB) nomap non-reusable shm@d0000080
[    0.000000] OF: reserved mem: 0x00000000ff600000..0x00000000ff7fffff (2048 KiB) nomap non-reusable atf@ff600000
[    0.000000] Zone ranges:
[    0.000000]   DMA      [mem 0x0000000080000000-0x00000000ffffffff]
[    0.000000]   DMA32    empty
[    0.000000]   Normal   [mem 0x0000000100000000-0x00000008ffffffff]
[    0.000000] Movable zone start for each node
[    0.000000] Early memory node ranges
[    0.000000]   node   0: [mem 0x0000000080000000-0x00000000831fffff]
[    0.000000]   node   0: [mem 0x0000000083200000-0x00000000835dffff]
[    0.000000]   node   0: [mem 0x00000000835e0000-0x0000000083ffffff]
[    0.000000]   node   0: [mem 0x0000000084000000-0x0000000084ffffff]
[    0.000000]   node   0: [mem 0x0000000085000000-0x00000000bfffffff]
[    0.000000]   node   0: [mem 0x00000000c0000000-0x00000000c07fffff]
[    0.000000]   node   0: [mem 0x00000000c0800000-0x00000000cfffffff]
[    0.000000]   node   0: [mem 0x00000000d0001000-0x00000000ff5fffff]
[    0.000000]   node   0: [mem 0x00000000ff600000-0x00000000ff7fffff]
[    0.000000]   node   0: [mem 0x00000000ff800000-0x00000000ffffffff]
[    0.000000]   node   0: [mem 0x0000000880000000-0x00000008ffffffff]
[    0.000000] Initmem setup node 0 [mem 0x0000000080000000-0x00000008ffffffff]
[    0.000000] On node 0, zone DMA: 1 pages in unavailable ranges
[    0.000000] cma: Reserved 256 MiB at 0x00000000ef600000 on node -1
[    0.000000] psci: probing for conduit method from DT.
[    0.000000] psci: PSCIv1.1 detected in firmware.
[    0.000000] psci: Using standard PSCI v0.2 function IDs
[    0.000000] psci: MIGRATE_INFO_TYPE not supported.
[    0.000000] psci: SMC Calling Convention v1.4
[    0.000000] percpu: Embedded 19 pages/cpu s40104 r8192 d29528 u77824
[    0.000000] Detected VIPT I-cache on CPU0
[    0.000000] CPU features: detected: GIC system register CPU interface
[    0.000000] CPU features: detected: ARM erratum 845719
[    0.000000] CPU features: detected: NXP erratum ERR050481 (TLBI by VA handled incorrectly)
[    0.000000] CPU features: detected: ARM errata 1165522, 1319367, 1530923, or 1530924
[    0.000000] alternatives: applying boot alternatives
[    0.000000] Kernel command line: console=ttyLF0,115200 root=/dev/mmcblk0p3 rootwait rw earlycon
[    0.000000] Dentry cache hash table entries: 524288 (order: 10, 4194304 bytes, linear)
[    0.000000] Inode-cache hash table entries: 262144 (order: 9, 2097152 bytes, linear)
[    0.000000] Built 1 zonelists, mobility grouping on.  Total pages: 1032191
[    0.000000] mem auto-init: stack:all(zero), heap alloc:off, heap free:off
[    0.000000] software IO TLB: area num 4.
[    0.000000] software IO TLB: mapped [mem 0x00000000eb600000-0x00000000ef600000] (64MB)
[    0.000000] Memory: 3737540K/4194300K available (10688K kernel code, 738K rwdata, 3220K rodata, 1984K init, 233K bss, 194616K reserved, 262144K cma-reserved)
[    0.000000] SLUB: HWalign=64, Order=0-3, MinObjects=0, CPUs=4, Nodes=1
[    0.000000] rcu: Preemptible hierarchical RCU implementation.
[    0.000000] rcu:     RCU event tracing is enabled.
[    0.000000] rcu:     RCU restricting CPUs from NR_CPUS=8 to nr_cpu_ids=4.
[    0.000000]  Trampoline variant of Tasks RCU enabled.
[    0.000000]  Tracing variant of Tasks RCU enabled.
[    0.000000] rcu: RCU calculated value of scheduler-enlistment delay is 25 jiffies.
[    0.000000] rcu: Adjusting geometry for rcu_fanout_leaf=16, nr_cpu_ids=4
[    0.000000] NR_IRQS: 64, nr_irqs: 64, preallocated irqs: 0
[    0.000000] GICv3: GIC: Using split EOI/Deactivate mode
[    0.000000] GICv3: 544 SPIs implemented
[    0.000000] GICv3: 0 Extended SPIs implemented
[    0.000000] GICv3: MBI range [167:182]
[    0.000000] GICv3: Using MBI frame 0x0000000050800000
[    0.000000] Root IRQ handler: gic_handle_irq
[    0.000000] GICv3: GICv3 features: 16 PPIs
[    0.000000] GICv3: CPU0: found redistributor 0 region 0:0x0000000050880000
[    0.000000] ITS: No ITS available, not enabling LPIs
[    0.000000] rcu: srcu_init: Setting srcu_struct sizes based on contention.
[    0.000000] arch_timer: cp15 timer(s) running at 5.00MHz (phys).
[    0.000000] clocksource: arch_sys_counter: mask: 0xffffffffffffff max_cycles: 0x127350b88, max_idle_ns: 440795202120 ns
[    0.000001] sched_clock: 56 bits at 5MHz, resolution 200ns, wraps every 4398046511100ns
[    0.008462] Console: colour dummy device 80x25
[    0.012520] Calibrating delay loop (skipped), value calculated using timer frequency.. 10.00 BogoMIPS (lpj=20000)
[    0.022722] pid_max: default: 32768 minimum: 301
[    0.027445] Mount-cache hash table entries: 8192 (order: 4, 65536 bytes, linear)
[    0.034715] Mountpoint-cache hash table entries: 8192 (order: 4, 65536 bytes, linear)
[    0.044325] RCU Tasks: Setting shift to 2 and lim to 1 rcu_task_cb_adjust=1 rcu_task_cpu_ids=4.
[    0.052696] RCU Tasks Trace: Setting shift to 2 and lim to 1 rcu_task_cb_adjust=1 rcu_task_cpu_ids=4.
[    0.062046] rcu: Hierarchical SRCU implementation.
[    0.066584] rcu:     Max phase no-delay instances is 1000.
[    0.072875] smp: Bringing up secondary CPUs ...
[    0.077711] Detected VIPT I-cache on CPU1
[    0.077794] GICv3: CPU1: found redistributor 1 region 0:0x00000000508a0000
[    0.077849] CPU1: Booted secondary processor 0x0000000001 [0x410fd034]
[    0.078634] Detected VIPT I-cache on CPU2
[    0.078709] GICv3: CPU2: found redistributor 100 region 0:0x00000000508c0000
[    0.078748] CPU2: Booted secondary processor 0x0000000100 [0x410fd034]
[    0.079449] Detected VIPT I-cache on CPU3
[    0.079496] GICv3: CPU3: found redistributor 101 region 0:0x00000000508e0000
[    0.079520] CPU3: Booted secondary processor 0x0000000101 [0x410fd034]
[    0.079610] smp: Brought up 1 node, 4 CPUs
[    0.135733] SMP: Total of 4 processors activated.
[    0.140400] CPU features: detected: 32-bit EL0 Support
[    0.145540] CPU features: detected: CRC32 instructions
[    0.150722] CPU: All CPU(s) started at EL2
[    0.154734] alternatives: applying system-wide alternatives
[    0.162488] devtmpfs: initialized
[    0.176362] clocksource: jiffies: mask: 0xffffffff max_cycles: 0xffffffff, max_idle_ns: 7645041785100000 ns
[    0.185725] futex hash table entries: 1024 (order: 4, 65536 bytes, linear)
[    0.201944] pinctrl core: initialized pinctrl subsystem
[    0.207778] NET: Registered PF_NETLINK/PF_ROUTE protocol family
[    0.214394] DMA: preallocated 512 KiB GFP_KERNEL pool for atomic allocations
[    0.221287] DMA: preallocated 512 KiB GFP_KERNEL|GFP_DMA pool for atomic allocations
[    0.229080] DMA: preallocated 512 KiB GFP_KERNEL|GFP_DMA32 pool for atomic allocations
[    0.237122] thermal_sys: Registered thermal governor 'step_wise'
[    0.237272] hw-breakpoint: found 6 breakpoint and 4 watchpoint registers.
[    0.249717] ASID allocator initialised with 65536 entries
[    0.255135] Serial: AMBA PL011 UART driver
[    0.259145] scmi_core: SCMI protocol bus registered
[    0.265227] scmi_protocol scmi_dev.1: Enabled polling mode TX channel - prot_id:16
[    0.272796] arm-scmi firmware:scmi: SCMI Notifications - Core Enabled.
[    0.278968] arm-scmi firmware:scmi: SCMI Protocol v2.0 'NXP:S32G274A' Firmware version 0x0
[    0.296064] /soc/interrupt-controller@50800000: Fixed dependency cycle(s) with /soc/interrupt-controller@50800000
[    0.308270] /soc/siul2@4009c000/siul2-pinctrl@4009c240: Fixed dependency cycle(s) with /soc/siul2@4009c000/siul2-pinctrl@4009c240/jtag_pins
[    0.330892] Modules: 28512 pages in range for non-PLT usage
[    0.330914] Modules: 520032 pages in range for PLT usage
[    0.336679] HugeTLB: registered 1.00 GiB page size, pre-allocated 0 pages
[    0.348337] HugeTLB: 0 KiB vmemmap can be freed for a 1.00 GiB page
[    0.354585] HugeTLB: registered 32.0 MiB page size, pre-allocated 0 pages
[    0.361355] HugeTLB: 0 KiB vmemmap can be freed for a 32.0 MiB page
[    0.367606] HugeTLB: registered 2.00 MiB page size, pre-allocated 0 pages
[    0.374373] HugeTLB: 0 KiB vmemmap can be freed for a 2.00 MiB page
[    0.380626] HugeTLB: registered 64.0 KiB page size, pre-allocated 0 pages
[    0.387393] HugeTLB: 0 KiB vmemmap can be freed for a 64.0 KiB page
[    0.403368] SCSI subsystem initialized
[    0.406925] usbcore: registered new interface driver usbfs
[    0.412206] usbcore: registered new interface driver hub
[    0.417510] usbcore: registered new device driver usb
[    0.423271] pps_core: LinuxPPS API ver. 1 registered
[    0.427805] pps_core: Software ver. 5.3.6 - Copyright 2005-2007 Rodolfo Giometti <giometti@linux.it>
[    0.436933] PTP clock support registered
[    0.442096] vgaarb: loaded
[    0.444738] clocksource: Switched to clocksource arch_sys_counter
[    0.458732] NET: Registered PF_INET protocol family
[    0.463480] IP idents hash table entries: 65536 (order: 7, 524288 bytes, linear)
[    0.473935] tcp_listen_portaddr_hash hash table entries: 2048 (order: 3, 32768 bytes, linear)
[    0.482129] Table-perturb hash table entries: 65536 (order: 6, 262144 bytes, linear)
[    0.489771] TCP established hash table entries: 32768 (order: 6, 262144 bytes, linear)
[    0.497916] TCP bind hash table entries: 32768 (order: 8, 1048576 bytes, linear)
[    0.506195] TCP: Hash tables configured (established 32768 bind 32768)
[    0.512527] UDP hash table entries: 2048 (order: 4, 65536 bytes, linear)
[    0.519099] UDP-Lite hash table entries: 2048 (order: 4, 65536 bytes, linear)
[    0.526389] NET: Registered PF_UNIX/PF_LOCAL protocol family
[    0.532292] RPC: Registered named UNIX socket transport module.
[    0.537790] RPC: Registered udp transport module.
[    0.542469] RPC: Registered tcp transport module.
[    0.547156] RPC: Registered tcp-with-tls transport module.
[    0.552624] RPC: Registered tcp NFSv4.1 backchannel transport module.
[    0.559081] PCI: CLS 0 bytes, default 64
[    0.564401] workingset: timestamp_bits=62 max_order=20 bucket_order=0
[    0.571088] fuse: init (API version 7.39)
[    0.574871] NET: Registered PF_ALG protocol family
[    0.579498] Block layer SCSI generic (bsg) driver version 0.4 loaded (major 248)
[    0.586827] io scheduler mq-deadline registered
[    0.591337] io scheduler kyber registered
[    0.595339] io scheduler bfq registered
[    0.603640] s32cc-siul2-pinctrl 4009c240.siul2-pinctrl: initialized s32 pinctrl driver
[    0.613107] s32cc-siul2-gpio 4009d700.siul2-gpio: No cache defaults, reading back from HW
[    0.621018] s32cc-siul2-gpio 4009d700.siul2-gpio: No cache defaults, reading back from HW
[    0.629508] gpio gpiochip0: Static allocation of GPIO base is deprecated, use dynamic allocation.
[    0.639009] s32cc-siul2-gpio 4009d700.siul2-gpio: No cache defaults, reading back from HW
[    0.646845] s32cc-siul2-gpio 4009d700.siul2-gpio: No cache defaults, reading back from HW
[    0.666968] printk: legacy console [ttyLF0] enabled000 (irq = 23, base_baud = 7812500) is a FSL_LINFLEX
[    0.666968] printk: legacy console [ttyLF0] enabled
[    0.676885] printk: legacy bootconsole [linflex0] disabled
[    0.676885] printk: legacy bootconsole [linflex0] disabled
[    0.689673] 401cc000.serial: ttyLF1 at MMIO 0x401cc000 (irq = 24, base_baud = 7812500) is a FSL_LINFLEX
[    0.701059] s32cc_fccu 4030c000.fccu: FCCU status is 0 (normal)
[    0.710247] sja1110-sw@1 enforce active low on GPIO handle
[    0.718810] spi-nor spi6.0: mx25uw51245g (65536 Kbytes)
[    0.724692] 8 fixed-partitions partitions found on MTD device 0.spi
[    0.731070] Creating 8 MTD partitions on "0.spi":
[    0.735859] 0x000000000000-0x000004000000 : "Flash-Image"
[    0.741715] 0x000000000000-0x0000000d0000 : "BL2"
[    0.746821] 0x0000000d0000-0x0000002a0000 : "FIP"
[    0.751933] 0x0000002a0000-0x0000002b0000 : "U-Boot-Env"
[    0.757656] 0x0000002b0000-0x000001380000 : "Kernel"
[    0.763029] 0x000001380000-0x0000013b0000 : "DTB"
[    0.768150] 0x0000013b0000-0x0000032c0000 : "Rootfs"
[    0.773521] 0x0000032c0000-0x000004000000 : "PFE-Firmware"
[    0.781748] vcan: Virtual CAN interface driver
[    0.786275] slcan: serial line CAN interface driver
[    0.791230] CAN device driver interface
[    0.796465] flexcan 401b4000.can: device registered (reg_base=(____ptrval____), irq(s):
[    0.804613] flexcan 401b4000.can:  30
[    0.808341] flexcan 401b4000.can:  31
[    0.812060] flexcan 401b4000.can:  32
[    0.815781] flexcan 401b4000.can:  33
[    0.819499] flexcan 401b4000.can: )
[    0.824067] flexcan 401be000.can: device registered (reg_base=(____ptrval____), irq(s):
[    0.832215] flexcan 401be000.can:  34
[    0.835946] flexcan 401be000.can:  35
[    0.839666] flexcan 401be000.can:  36
[    0.843386] flexcan 401be000.can:  37
[    0.847105] flexcan 401be000.can: )
[    0.850989] e100: Intel(R) PRO/100 Network Driver
[    0.855767] e100: Copyright(c) 1999-2006 Intel Corporation
[    0.861364] e1000: Intel(R) PRO/1000 Network Driver
[    0.866315] e1000: Copyright (c) 1999-2006 Intel Corporation.
[    0.872176] e1000e: Intel(R) PRO/1000 Network Driver
[    0.877214] e1000e: Copyright(c) 1999 - 2015 Intel Corporation.
[    0.883254] igb: Intel(R) Gigabit Ethernet Network Driver
[    0.888739] igb: Copyright (c) 2007-2014 Intel Corporation.
[    0.895694] hse-uio 40210000.mu0b: firmware not found
[    0.901464] usbcore: registered new interface driver uas
[    0.906904] usbcore: registered new interface driver usb-storage
[    0.914154] imx_usb 44064000.usb: No over current polarity defined
[    0.933085] ci_hdrc ci_hdrc.0: EHCI Host Controller
[    0.938225] ci_hdrc ci_hdrc.0: new USB bus registered, assigned bus number 1
[    0.960747] ci_hdrc ci_hdrc.0: USB 2.0 started, EHCI 1.00
[    0.966411] usb usb1: New USB device found, idVendor=1d6b, idProduct=0002, bcdDevice= 6.06
[    0.974808] usb usb1: New USB device strings: Mfr=3, Product=2, SerialNumber=1
[    0.982146] usb usb1: Product: EHCI Host Controller
[    0.987099] usb usb1: Manufacturer: Linux 6.6.85-rt53-g6208e1d0d7b5 ehci_hcd
[    0.994260] usb usb1: SerialNumber: ci_hdrc.0
[    0.999292] hub 1-0:1.0: USB hub found
[    1.003137] hub 1-0:1.0: 1 port detected
[    1.009064] s32cc-rtc 40060000.rtc: registered as rtc0
[    1.014314] s32cc-rtc 40060000.rtc: setting system clock to 1970-01-01T00:00:00 UTC (0)
[    1.022653] i2c_dev: i2c /dev entries driver
[    1.027580] s32cc-wdt 4010c000.watchdog: S32CC Watchdog Timer Registered. timeout=30s (nowayout=0)
[    1.037612] s32cc-wdt 40200000.watchdog: S32CC Watchdog Timer Registered. timeout=30s (nowayout=0)
[    1.046903] s32cc-wdt 40204000.watchdog: S32CC Watchdog Timer Registered. timeout=30s (nowayout=0)
[    1.056187] s32cc-wdt 40208000.watchdog: S32CC Watchdog Timer Registered. timeout=30s (nowayout=0)
[    1.067274] sdhci: Secure Digital Host Controller Interface driver
[    1.073581] sdhci: Copyright(c) Pierre Ossman
[    1.078011] sdhci-pltfm: SDHCI platform and OF driver helper
[    1.084052] SMCCC: SOC_ID: ARCH_SOC_ID not implemented, skipping ....
[    1.091296] hse 40211000.mu1b: interface mu1b not active
[    1.097433] usbcore: registered new interface driver usbhid
[    1.103113] usbhid: USB HID core driver
[    1.116425] mmc0: SDHCI controller on 402f0000.mmc [402f0000.mmc] using ADMA
[    1.123758] s32-adc 401f8000.adc: using dma0chan4 for ADC DMA transfers
[    1.131215] s32-adc 401f8000.adc: Device initialized successfully.
[    1.149025] s32-adc 402e8000.adc: using dma1chan16 for ADC DMA transfers
[    1.156408] s32-adc 402e8000.adc: Device initialized successfully.
[    1.163453] hw perfevents: enabled with armv8_cortex_a53 PMU driver, 7 counters available
[    1.173613] s32-siul2-nvmem 4009c000.nvram: Initialized s32cc siul2 nvmem driver
[    1.181401] s32-siul2-nvmem 44010000.nvram: Initialized s32cc siul2 nvmem driver
[    1.189604] GACT probability on
[    1.192865] Mirror/redirect action on
[    1.196627] Simple TC action Loaded
[    1.200315] mmc0: new high speed SDHC card at address 0001
[    1.200784] netem: version 1.3
[    1.206597] mmcblk0: mmc0:0001 SD32G 28.8 GiB
[    1.209050] u32 classifier
[    1.216250]     Performance counters on
[    1.216265]  mmcblk0: p1 p2 p3
[    1.220155]     input device check on
[    1.226974]     Actions configured
[    1.231795] xt_time: kernel timezone is -0000
[    1.236479] NET: Registered PF_INET6 protocol family
[    1.242511] Segment Routing with IPv6
[    1.246307] In-situ OAM (IOAM) with IPv6
[    1.250397] sit: IPv6, IPv4 and MPLS over IPv4 tunneling driver
[    1.256976] NET: Registered PF_PACKET protocol family
[    1.262266] can: controller area network core
[    1.266736] NET: Registered PF_CAN protocol family
[    1.271607] can: raw protocol
[    1.274629] can: broadcast manager protocol
[    1.278883] can: netlink gateway - max_hops=1
[    1.283376] 8021q: 802.1Q VLAN Support v1.8
[    1.307886] i2c i2c-0: using pinctrl states for GPIO recovery
[    1.313876] i2c i2c-0: using generic GPIOs for recovery
[    1.319946] pca953x 0-0022: using AI
[    1.331029] rtc-pcf85063 0-0051: registered as rtc1
[    1.336057] i2c i2c-0: IMX I2C adapter registered
[    1.340891] i2c i2c-0: using dma0chan5 (tx) and dma0chan6 (rx) for DMA transfers
[    1.349283] i2c i2c-2: using pinctrl states for GPIO recovery
[    1.355206] i2c i2c-2: using generic GPIOs for recovery
[    1.360598] i2c i2c-2: IMX I2C adapter registered
[    1.365426] i2c i2c-2: using dma1chan17 (tx) and dma1chan18 (rx) for DMA transfers
[    1.373856] i2c i2c-4: using pinctrl states for GPIO recovery
[    1.379763] i2c i2c-4: using generic GPIOs for recovery
[    1.386634] ina2xx 4-0040: power monitor ina231 (Rshunt = 1000 uOhm)
[    1.393146] i2c i2c-4: IMX I2C adapter registered
[    1.397984] i2c i2c-4: using dma1chan19 (tx) and dma1chan20 (rx) for DMA transfers
[    1.426798] phy-s32cc-serdes 40480000.serdes: Using mode 0 for SerDes subsystem
[    1.434711] phy-s32cc-serdes 44180000.serdes: Using mode 4 for SerDes subsystem
[    1.765679] s32cc-pcie 40400000.pcie: Failed to stabilize PHY link
[    1.771966] s32cc-pcie 40400000.pcie: Configuring as RootComplex
[    1.778115] s32cc-pcie 40400000.pcie: host bridge /soc/pcie@40400000 ranges:
[    1.785303] s32cc-pcie 40400000.pcie:       IO 0x5ffffe0000..0x5ffffeffff -> 0x0000000000
[    1.793622] s32cc-pcie 40400000.pcie:      MEM 0x5800000000..0x5ffffdffff -> 0x0000000000
[    1.801945] s32cc-pcie 40400000.pcie: Memory resource size exceeds max for 32 bits
[    2.809798] s32cc-pcie 40400000.pcie: Phy link never came up
[    2.815571] s32cc-pcie 40400000.pcie: Link Up failed, EndPoint may not be connected
[    2.823372] s32cc-pcie 40400000.pcie: iATU: unroll T, 6 ob, 4 ib, align 4K, limit 1024G
[    3.831700] s32cc-pcie 40400000.pcie: Phy link never came up
[    3.837458] s32cc-pcie 40400000.pcie: Link Up failed, EndPoint may not be connected
[    4.836858] s32cc-pcie 40400000.pcie: Phy link never came up
[    4.843234] s32cc-pcie 40400000.pcie: PCI host bridge to bus 0000:00
[    4.849697] pci_bus 0000:00: root bus resource [bus 00-ff]
[    4.855273] pci_bus 0000:00: root bus resource [io  0x0000-0xffff]
[    4.861554] pci_bus 0000:00: root bus resource [mem 0x5800000000-0x5ffffdffff] (bus address [0x00000000-0x7fffdffff])
[    4.872363] pci 0000:00:00.0: [1957:4002] type 01 class 0x060400
[    4.878481] pci 0000:00:00.0: reg 0x10: [mem 0x5800000000-0x58000fffff]
[    4.885214] pci 0000:00:00.0: reg 0x38: [mem 0x5800000000-0x580000ffff pref]
[    4.892469] pci 0000:00:00.0: supports D1
[    4.896544] pci 0000:00:00.0: PME# supported from D0 D1 D3hot D3cold
[    4.906682] pci 0000:00:00.0: BAR 0: assigned [mem 0x5800000000-0x58000fffff]
[    4.913943] pci 0000:00:00.0: BAR 6: assigned [mem 0x5800100000-0x580010ffff pref]
[    4.921635] pci 0000:00:00.0: PCI bridge to [bus 01-ff]
[    4.927323] pcieport 0000:00:00.0: PME: Signaling with IRQ 51
[    4.934501] s32cc-dwmac 4033c000.ethernet: IRQ eth_wake_irq not found
[    4.941071] s32cc-dwmac 4033c000.ethernet: IRQ eth_lpi not found
[    4.948150] s32cc-dwmac 4033c000.ethernet: User ID: 0x10, Synopsys ID: 0x51
[    4.955245] s32cc-dwmac 4033c000.ethernet:   DWMAC4/5
[    4.960300] s32cc-dwmac 4033c000.ethernet: DMA HW capability register supported
[    4.967733] s32cc-dwmac 4033c000.ethernet: RX Checksum Offload Engine supported
[    4.975154] s32cc-dwmac 4033c000.ethernet: TX Checksum insertion supported
[    4.982134] s32cc-dwmac 4033c000.ethernet: Wake-Up On Lan supported
[    4.988559] s32cc-dwmac 4033c000.ethernet: Enable RX Mitigation via HW Watchdog Timer
[    4.996513] s32cc-dwmac 4033c000.ethernet: Enabled L3L4 Flow TC (entries=8)
[    5.003604] s32cc-dwmac 4033c000.ethernet: Enabled RFS Flow TC (entries=10)
[    5.010724] s32cc-dwmac 4033c000.ethernet: Enabling HW TC (entries=256, max_off=256)
[    5.018596] s32cc-dwmac 4033c000.ethernet: Using 32/32 bits DMA host/device width
[    5.032817] hwmon hwmon1: temp1_input not attached to any thermal zone
[    5.042221] qoriq_thermal 400a8000.tmu: Critical rising/falling temperature threshold = 5 degree(s)
[    5.056951] nxp_s32cc_ddr_perf 403e0000.ddr-perf: probing device
[    5.063427] nxp_s32cc_ddr_perf 403e0000.ddr-perf: device initialized successfully
[    5.071357] clk: Disabling unused clocks
[    5.168715] EXT4-fs (mmcblk0p3): recovery complete
[    5.174485] EXT4-fs (mmcblk0p3): mounted filesystem 7998e1b8-8d1a-412f-8924-0a57aa6bfd99 r/w with ordered data mode. Quota mode: disabled.
[    5.186575] VFS: Mounted root (ext4 filesystem) on device 179:3.
[    5.193445] devtmpfs: mounted
[    5.196882] Freeing unused kernel memory: 1984K
[    5.201295] Run /sbin/init as init process
[    5.740092] systemd[1]: System time before build time, advancing clock.
[    5.820854] systemd[1]: systemd 255.13^ running in system mode (+PAM -AUDIT -SELINUX -APPARMOR +IMA -SMACK +SECCOMP -GCRYPT -GNUTLS -OPENSSL +ACL +BLKID -CURL -ELFUTILS -FIDO2 -IDN2 -IDN -IPTC +KMOD -LIBCRYPTSETUP +LIBFDISK -PCRE2 -PWQUALITY -P11KIT -QRENCODE -TPM2 -BZIP2 -LZ4 -XZ -ZLIB +ZSTD -BPF_FRAMEWORK +XKBCOMMON +UTMP +SYSVINIT default-hierarchy=unified)
[    5.852378] systemd[1]: Detected architecture arm64.

Welcome to Auto Linux BSP 44.0 (scarthgap)!

[    5.879153] systemd[1]: Hostname set to <s32g274ardb2>.
[    6.473458] systemd[1]: Queued start job for default target Multi-User System.
[    6.485669] systemd[1]: Created slice Slice /system/getty.
[  OK  ] Created slice Slice /system/getty.
[    6.510306] systemd[1]: Created slice Slice /system/modprobe.
[  OK  ] Created slice Slice /system/modprobe.
[    6.534251] systemd[1]: Created slice Slice /system/serial-getty.
[  OK  ] Created slice Slice /system/serial-getty.
[    6.557677] systemd[1]: Created slice User and Session Slice.
[  OK  ] Created slice User and Session Slice.
[    6.581206] systemd[1]: Started Dispatch Password Requests to Console Directory Watch.
[  OK  ] Started Dispatch Password Requests to Console Directory Watch.
[    6.609081] systemd[1]: Started Forward Password Requests to Wall Directory Watch.
[  OK  ] Started Forward Password Requests to Wall Directory Watch.
[    6.633083] systemd[1]: Reached target Path Units.
[  OK  ] Reached target Path Units.
[    6.652894] systemd[1]: Reached target Remote File Systems.
[  OK  ] Reached target Remote File Systems.
[    6.672921] systemd[1]: Reached target Slice Units.
[  OK  ] Reached target Slice Units.
[    6.692899] systemd[1]: Reached target Swaps.
[  OK  ] Reached target Swaps.
[    6.757769] systemd[1]: Listening on RPCbind Server Activation Socket.
[  OK  ] Listening on RPCbind Server Activation Socket.
[    6.781067] systemd[1]: Reached target RPC Port Mapper.
[  OK  ] Reached target RPC Port Mapper.
[    6.801722] systemd[1]: Listening on Syslog Socket.
[  OK  ] Listening on Syslog Socket.
[    6.821305] systemd[1]: Listening on initctl Compatibility Named Pipe.
[  OK  ] Listening on initctl Compatibility Named Pipe.
[    6.851727] systemd[1]: Journal Audit Socket was skipped because of an unmet condition check (ConditionSecurity=audit).
[    6.862883] systemd[1]: Listening on Journal Socket (/dev/log).
[  OK  ] Listening on Journal Socket (/dev/log).
[    6.885619] systemd[1]: Listening on Journal Socket.
[  OK  ] Listening on Journal Socket.
[    6.905884] systemd[1]: Listening on Network Service Netlink Socket.
[  OK  ] Listening on Network Service Netlink Socket.
[    6.942389] systemd[1]: Listening on udev Control Socket.
[  OK  ] Listening on udev Control Socket.
[    6.965605] systemd[1]: Listening on udev Kernel Socket.
[  OK  ] Listening on udev Kernel Socket.
[    6.985556] systemd[1]: Listening on User Database Manager Socket.
[  OK  ] Listening on User Database Manager Socket.
[    7.036998] systemd[1]: Mounting Huge Pages File System...
         Mounting Huge Pages File System...
[    7.057333] systemd[1]: POSIX Message Queue File System was skipped because of an unmet condition check (ConditionPathExists=/proc/sys/fs/mqueue).
[    7.073157] systemd[1]: Mounting Kernel Debug File System...
         Mounting Kernel Debug File System...
[    7.093297] systemd[1]: Kernel Trace File System was skipped because of an unmet condition check (ConditionPathExists=/sys/kernel/tracing).
[    7.106050] systemd[1]: Create List of Static Device Nodes was skipped because of an unmet condition check (ConditionFileNotEmpty=/lib/modules/6.6.85-rt53-g6208e1d0d7b5/modules.devname).
[    7.126056] systemd[1]: Starting Load Kernel Module configfs...
         Starting Load Kernel Module configfs...
[    7.181574] systemd[1]: Starting Load Kernel Module drm...
         Starting Load Kernel Module drm...
[    7.208408] systemd[1]: Starting Load Kernel Module fuse...
         Starting Load Kernel Module fuse...
[    7.243094] systemd[1]: Starting RPC Bind...
         Starting RPC Bind...
[    7.261320] systemd[1]: File System Check on Root Device was skipped because of an unmet condition check (ConditionPathIsReadWrite=!/).
[    7.280397] systemd[1]: Starting Journal Service...
         Starting Journal Service...
[    7.314162] systemd[1]: Starting Load Kernel Modules...
         Starting Load Kernel Modules...
[    7.340460] systemd[1]: Starting Generate network units from Kernel command line...
         Starting Generate network units from Kernel command line...
[    7.371215] systemd[1]: Starting Remount Root and Kernel File Systems...
         Starting Remount Root and Kernel File Systems...
[    7.394273] sja1110: loading out-of-tree module taints kernel.
[    7.400668] SPI driver sja1110 has no spi_device_id for nxp,sja1110-switch
[    7.405781] systemd[1]: Starting Create Static Device Nodes in /dev gracefully...
[    7.407232] SPI driver sja1110 has no spi_device_id for nxp,sja1110-uc
[    7.421328] sja1110 spi5.0: probing uc
   [    7.425125] sja1110 spi5.1: probing switch
      Star[    7.430048] sja1110 spi5.1: Could not get GPIO from device tree
tin[    7.430292] systemd[1]: Starting Coldplug All udev Devices...
g [    7.436302] sja1110 spi5.1: [sja1110_post_probe_upload_worker] Trying to initialize switch
 systemd-journald[123]: Collecting audit messages is disabled.
[0;1;39mCreate Static De[    7.459331] sja1110 spi5.1: [sja1110_init_hw] loaded fw 'sja1110_switch.bin'
vic[    7.466640] sja1110 spi5.1: [sja1110_pre_switch_upload] Found switch config of size 2236
e No[    7.475075] sja1110 spi5.1: Uploading config...
des in /dev gracefully...
[    7.497768] EXT4-fs (mmcblk0p3): re-mounted 7998e1b8-8d1a-412f-8924-0a57aa6bfd99 r/w. Quota mode: disabled.
[    7.502358] sja1110 spi5.1: Successfully configured!
[    7.512118] sja1110 spi5.0: [sja1110_post_probe_upload_worker] Trying to initialize uC
         Starting Coldplug All udev Devices...
[    7.535858] sja1110 spi5.0: [sja1110_init_hw] loaded fw 'sja1110_uc.bin'
[    7.542249] sja1110 spi5.0: [sja1110_pre_uc_upload] Found firmware of size 320280
[    7.549783] sja1110 spi5.0: [sja1110_pre_uc_upload] firmware appears to be valid
[    7.557126] sja1110 spi5.0: [sja1110_pre_uc_upload] µC not ready for download (Status=0x31)
[    7.565704] sja1110 spi5.0: Uploading firmware...
[    7.579269] systemd[1]: Started RPC Bind.
[  OK  ] Started RPC Bind.
[    7.597640] systemd[1]: Started Journal Service.
[  OK  ] Started Journal Service.
[  OK  ] Mounted Huge Pages File System.
[  OK  ] Mounted Kernel Debug File System.
[  OK  ] Finished Load Kernel Module configfs.
[  OK  ] Finished Load Kernel Module drm.
[  OK  ] Finished Load Kernel Module fuse.
[  OK  ] Finished Load Kernel Modules.
[  OK  ] Finished Generate network units from Kernel command line.
[  OK  ] Finished Remount Root and Kernel File Systems.
[  OK  ] Finished Create Static Device Nodes in /dev gracefully.
         Mounting FUSE Control File System...
         Mounting Kernel Configuration File System...
[    7.856835] random: crng init done
         Starting Flush Journal to Persistent Storage...
         Starting Apply Kernel Variables...
         Starting Create Static Device Nodes in /dev...
[  OK  ] Mounted FUSE Control File System.
[  OK  ] Mounted Kernel Configuration File System    7.943810] systemd-journald[123]: Received client request to flush runtime journal.
0m.
[  OK  ] Finished Flush Journal to Persistent Storage.
[  OK  ] Finished Apply Kernel Variables.
[  OK  ] Finished Create Static Device Nodes in /dev.
[  OK  ] Reached target Preparation for Local File Systems.
         Mounting /tmp...
         Mounting /var/volatile...
         Starting Rule-based Manager for Device Events and Files...
[  OK  ] Finished Coldplug All udev Devices.
[  OK  ] Mounted /tmp.
[  OK  ] Mounted /var/volatile.
         Mounting /var/volatile/tmp...
         Starting Load/Save OS Random Seed...
[  OK  ] Mounted /var/volatile/tmp.
[  OK  [    8.356383] sja1110 spi5.0: Upload successfully verified!
] Reached target Local File Systems.
         Starting Create System Files and Directories...
[  OK  ] Started Rule-based Manager for Device Events and Files.
[  OK  ] Finished Load/Save OS Random Seed.
[    8.501665] s32cc-dwmac 4033c000.ethernet end0: renamed from eth0
[  OK  ] Finished Create System Files and Directories.
         Starting Network Name Resolution...
         Starting Network Time Synchronization...
         Starting Record System Boot/Shutdown in UTMP...
         Starting User Database Manager...
[  OK  ] Finished Record System Boot/Shutdown in UTMP.
[    8.955862] pfeng 46000000.pfe: PFEng ethernet driver loading ...
[    8.962032] pfeng 46000000.pfe: Version: 1.9.0
[    8.967890] pfeng 46000000.pfe: Driver commit hash: M4_DRIVER_COMMIT_HASH
[    8.974803] pfeng 46000000.pfe: Multi instance support: disabled (standalone)
[    8.982558] pfeng 46000000.pfe: Compiled by: 13.3.0
[    8.987776] pfeng 46000000.pfe: Cbus addr 0x46000000 size 0x1000000
[    8.995612] pfeng 46000000.pfe: nxp,fw-class-name: s32g_pfe_class.fw
[    9.003239] pfeng 46000000.pfe: nxp,fw-util-name: s32g_pfe_util.fw
[    9.010892] pfeng 46000000.pfe: netif name: pfe0
[    9.022850] pfeng 46000000.pfe: DT mac addr: 00:04:9f:be:ef:00
[    9.028398] pfeng 46000000.pfe: netif(pfe0) linked phyif: 0
[    9.035465] pfeng 46000000.pfe: netif(pfe0) mode: std
[    9.045000] pfeng 46000000.pfe: netif(pfe0) HIFs: count 1 map 01
[    9.050818] pfeng 46000000.pfe: EMAC0 interface mode: 4
[    9.056296] pfeng 46000000.pfe: netif name: pfe1
[    9.060807] pfeng 46000000.pfe: DT mac addr: 00:04:9f:be:ef:01
[    9.066412] pfeng 46000000.pfe: netif(pfe1) linked phyif: 1
[    9.071970] pfeng 46000000.pfe: netif(pfe1) mode: std
[    9.077169] pfeng 46000000.pfe: netif(pfe1) HIFs: count 1 map 02
[    9.083000] pfeng 46000000.pfe: EMAC1 interface mode: 4
[    9.088441] pfeng 46000000.pfe: netif name: pfe2
[    9.092970] pfeng 46000000.pfe: DT mac addr: 00:04:9f:be:ef:02
[    9.103404] pfeng 46000000.pfe: netif(pfe2) linked phyif: 2
[    9.108694] pfeng 46000000.pfe: netif(pfe2) mode: std
[    9.114181] pfeng 46000000.pfe: netif(pfe2) HIFs: count 1 map 04
[    9.119910] pfeng 46000000.pfe: EMAC2 interface mode: 10
[    9.125318] pfeng 46000000.pfe: HIF channels mask: 0x0007
[    9.131227] pfeng 46000000.pfe: PFE port coherency enabled, mask 0x1e
[    9.137788] pfeng 46000000.pfe: Clocks: sys=300MHz pe=600MHz
[  [    9.144305] pfeng 46000000.pfe: Interface selected: EMAC0: 0x4 EMAC1: 0x4 EMAC2: 0xa
OK  [    9.152394] pfeng 46000000.pfe: PFE controller reset done
] [    9.158286] pfeng 46000000.pfe: TX clock on EMAC0 for interface sgmii installed
Sta[    9.165824] pfeng 46000000.pfe: RX clock on EMAC0 for interface sgmii installed
rted  pfeng 46000000.pfe: TX clock on EMAC1 for interface sgmii installed
[0;[    9.181181] pfeng 46000000.pfe: RX clock on EMAC1 for interface sgmii installed
1;39[    9.188823] pfeng 46000000.pfe: TX clock on EMAC2 for interface rgmii-id installed
mUs[    9.196641] pfeng 46000000.pfe: RX clock on EMAC2 for interface rgmii-id installed
er D[    9.204578] pfeng 46000000.pfe: assigned reserved memory node pfebufs@34000000
at[    9.211947] pfeng 46000000.pfe: assigned reserved memory node pfebufs@34080000
aba[    9.219378] pfeng 46000000.pfe: assigned reserved memory node pfebufs@83200000
se [    9.226866] pfeng 46000000.pfe: assigned reserved memory node pfebufs@835e0000
Manager.
[    9.243466] pfeng 46000000.pfe: Firmware: CLASS s32g_pfe_class.fw [45724 bytes]
[    9.250441] pfeng 46000000.pfe: Firmware: UTIL s32g_pfe_util.fw [23352 bytes]
[    9.257596] pfeng 46000000.pfe: PFE CBUS p0x46000000 mapped @ v0xffffffc082000000 (0x1000000 bytes)
[    9.266594] pfeng 46000000.pfe: Silicon S32G2
[    9.271971] pfeng 46000000.pfe: PFE_ERRORS:Parity instance created
[    9.277777] pfeng 46000000.pfe: PFE_ERRORS:Watchdog instance created
[    9.284079] pfeng 46000000.pfe: BMU1 buffer base: p0xc0000000
[    9.290149] pfeng 46000000.pfe: BMU2 buffer base: p0x34000000 (0x80000 bytes)
[    9.298284] pfeng 46000000.pfe: register IRQ 67 by name 'PFE BMU IRQ'
[    9.308843] pfeng 46000000.pfe: Firmware .elf detected
[    9.313772] pfeng 46000000.pfe: Uploading CLASS firmware
[    9.316835] pfeng 46000000.pfe: BMU_EMPTY_INT (BMU @ p0x000000008ad2cb3a). Pool ready.
[    9.318906] pfeng 46000000.pfe: Selected FW loading OPs to load 8 PEs in parallel
[    9.329589] pfeng 46000000.pfe: BMU_EMPTY_INT (BMU @ p0x000000007f49c119). Pool ready.
[    9.357947] pfeng 46000000.pfe: pfe_ct.h file version"92367c0e25f21f49217a9b08168ad2c8"
         Starting Virtual Console Setup...
[    9.381273] pfeng 46000000.pfe: [FW VERSION] 1.11.0, Build: Apr  8 2025, 21:02:36 (nogitaaa), ID: 0x31454650
[    9.391265] pfeng 46000000.pfe: EMAC timestamp external mode bitmap: 0
[    9.397543] pfeng 46000000.pfe: Uploading UTIL firmware
[    9.402643] pfeng 46000000.pfe: Selected FW loading OPs to load 1 PEs in parallel
[    9.412573] pfeng 46000000.pfe: pfe_ct.h file version"92367c0e25f21f49217a9b08168ad2c8"
[    9.421523] pfeng 46000000.pfe: FW feature: drv_run_on_g3
[    9.426572] pfeng 46000000.pfe: FW feature: jumbo_frames
[    9.431843] pfeng 46000000.pfe: FW feature: ptp_qos_mapping
[    9.437426] pfeng 46000000.pfe: FW feature: software_vlan_table
[    9.443288] pfeng 46000000.pfe: FW feature: timestamping
[    9.448608] pfeng 46000000.pfe: FW feature: qos_mapping
[    9.453830] pfeng 46000000.pfe: FW feature: core_functionality
[    9.459590] pfeng 46000000.pfe: FW feature: extended_features
[    9.465345] pfeng 46000000.pfe: FW feature: flexible_router
[    9.470873] pfeng 46000000.pfe: FW feature: validate_hif_csum
[    9.476654] pfeng 46000000.pfe: FW feature: err051211_workaround
[    9.482604] pfeng 46000000.pfe: FW feature: IPsec
[    9.482612] pfeng 46000000.pfe: FW feature: l2_bridge_aging
[    9.482619] pfeng 46000000.pfe: FW feature: receive_malformed
[    9.498563] pfeng 46000000.pfe: FW feature: ptp_conf_check
[[    9.504029] pfeng 46000000.pfe: FW feature: vlan_conf_check
 pfeng 46000000.pfe: FW feature: hash_load_spread
[[    9.515526] pfeng 46000000.pfe: FW feature: ingress_vlan
0[    9.520894] pfeng 46000000.pfe: FW feature: safety
;32m  OK  ] Started     9.528171] pfeng 46000000.pfe: VLAN ID incorrect or not set. Using default VLAN ID = 0x01.
;3[    9.536639] pfeng 46000000.pfe: VLAN stats size incorrect or not set. Using default VLAN stats size = 20.
9[    9.536754] pfeng 46000000.pfe: Software vlan hash table @ p0x20001288
mNe[    9.553095] pfeng 46000000.pfe: Fall-back bridge domain @ 0x20000a8c (class)
t[    9.560210] pfeng 46000000.pfe: Default bridge domain @ 0x20000a84 (class)
work Ti[    9.567617] pfeng 46000000.pfe: Routing table created, Hash Table @ p0x34080000, Pool @ p0x34088000 (65536 bytes)
me Syn[    9.578392] pfeng 46000000.pfe: Feature err051211_workaround: DISABLED
chronization.
[  OK  ] Reached targ[    9.589412] pfeng 46000000.pfe: HIF0 enabled
et     9.594110] pfeng 46000000.pfe: HIF1 enabled
0;1;[    9.598775] pfeng 46000000.pfe: HIF2 enabled
3[    9.603085] pfeng 46000000.pfe: HIF3 not configured, skipped
9[    9.608824] pfeng 46000000.pfe: MDIO bus 0 disabled: Not found in DT
m[    9.615244] pfeng 46000000.pfe: MDIO bus 1 disabled: Not found in DT
System Time Set.
[  OK  ] Started Network Name Resolution.
[  OK  ] R[    9.631244] pfeng 46000000.pfe: MDIO bus 2 enabled
ea[    9.636249] pfeng 46000000.pfe pfe0 (uninitialized): fixed link full duplex 2500Mbps not recognised
c[    9.645386] phy-s32cc-serdes 44180000.serdes: Stable RX detected on XPCS0 after 0 µs
h[    9.653289] pfeng 46000000.pfe pfe0 (uninitialized): Subscribe to HIF0
ed[    9.659901] pfeng 46000000.pfe pfe0 (uninitialized): Host LLTX disabled
 ta[    9.666815] pfeng 46000000.pfe pfe0 (uninitialized): Enable HIF0
r[    9.672880] pfeng 46000000.pfe pfe0 (uninitialized): setting MAC addr: 00:04:9f:be:ef:00
g[    9.681041] pfeng 46000000.pfe pfe0 (uninitialized): PTP HW addend 0x80000000, max_adj configured to 46566128 ppb
e[    9.691357] pfeng 46000000.pfe: IEEE1588: Input Clock: 200000000Hz, Output: 100000000Hz, Accuracy: 10.0ns
t H[    9.701954] pfeng 46000000.pfe pfe0 (uninitialized): Registered PTP HW clock successfully on EMAC0
ost and Network Nam[    9.712551] pfeng 46000000.pfe pfe0: registered
e L[    9.717296] phy-s32cc-serdes 44180000.serdes: Unstable RX detected on XPCS1
o[    9.724356] pfeng 46000000.pfe pfe1 (uninitialized): Subscribe to HIF1
o[    9.730939] pfeng 46000000.pfe pfe1 (uninitialized): Host LLTX disabled
kup[    9.737793] pfeng 46000000.pfe pfe1 (uninitialized): Enable HIF1
s[    9.743873] pfeng 46000000.pfe pfe1 (uninitialized): setting MAC addr: 00:04:9f:be:ef:01
 pfeng 46000000.pfe pfe1 (uninitialized): PTP HW addend 0x80000000, max_adj configured to 46566128 ppb
[[    9.762372] pfeng 46000000.pfe: IEEE1588: Input Clock: 200000000Hz, Output: 100000000Hz, Accuracy: 10.0ns
0m.
[    9.773110] pfeng 46000000.pfe pfe1 (uninitialized): Registered PTP HW clock successfully on EMAC1
[    9.782958] pfeng 46000000.pfe pfe1: registered
[    9.787144] pfeng 46000000.pfe pfe2 (uninitialized): Subscribe to HIF2
[    9.793594] pfeng 46000000.pfe pfe2 (uninitialized): Host LLTX disabled
[    9.800361] pfeng 46000000.pfe pfe2 (uninitialized): Enable HIF2
[    9.806179] pfeng 46000000.pfe pfe2 (uninitialized): setting MAC addr: 00:04:9f:be:ef:02
[    9.814271] pfeng 46000000.pfe pfe2 (uninitialized): PTP HW addend 0x80000000, max_adj configured to 46566128 ppb
[    9.824498] pfeng 46000000.pfe: IEEE1588: Input Clock: 200000000Hz, Output: 100000000Hz, Accuracy: 10.0ns
[[    9.834738] pfeng 46000000.pfe pfe2 (uninitialized): Registered PTP HW clock successfully on EMAC2
  OK      9.844509] pfeng 46000000.pfe pfe2: registered
m] Finished Virtual Console Setup.
[  OK  ] Reached target System Initialization.
[  OK  ] Started Daily rotation of log files.
[  OK  ] Started Daily Cleanup of Temporary Directories.
[  OK  ] Reached target Timer Units.
[  OK  ] Listening on D-Bus System Message Bus Socket.
         Starting sshd.socket...
[  OK  ] Listening on sshd.socket.
[  OK  ] Created slice Slice /system/systemd-fsck.
[  OK  ] Reached target Socket Units.
[  OK  ] Reached target Basic System.
[  OK  ] Started Job spooling tools.
[  OK  ] Started Periodic Command Scheduler.
         Starting D-Bus System Message Bus...
         Starting IPv6 Packet Filtering Framework...
         Starting IPv4 Packet Filtering Framework...
[  OK  ] Started irqbalance daemon.
[  OK  ] Started Hardware RNG Entropy Gatherer Daemon.
[  OK  ] Started System Logging Service.
         Starting Resets System Activity Logs...
         Starting File System Check on /dev/mmcblk0p2...
         Starting User Login Management...
         Starting OpenSSH Key Generation...
[  OK  ] Finished IPv6 Packet Filtering Framework.
[  OK  ] Finished IPv4 Packet Filtering Framework.
[  OK  ] Started D-Bus System Message Bus.
[  OK  ] Finished Resets System Activity Logs.
[  OK  ] Reached target Preparation for Network.
         Starting Network Configuration...
[  OK  ] Finished File System Check on /dev/mmcblk0p2.
[  OK  ] Started User Login Management.
         Mounting /run/media/boot_s32g2-mmcblk0p2...
[  OK  ] Finished OpenSSH Key Generation.
[  OK  ] Started Network Configuration.
[  OK  ] Mounted /run/media/boot_s32g2-mmcblk0p2.
[  OK  ] Reached target Network.
[  OK  ] Started Netperf Benchmark Server.
         Starting Permit User Sessions...
[  OK  ] Started Xinetd A Powerful Replacement For Inetd.
[  OK  ] Finished Permit User Sessions.
[  OK  ] Started Getty on tty1.
[  OK  ] Started Serial Getty on ttyLF0.
[  OK  ] Reached target Login Prompts.
[  OK  ] Reached target Multi-User System.
         Starting Record Runlevel Change in UTMP...
[  OK  ] Finished Record Runlevel Change in UTMP.

Auto Linux BSP 44.0 s32g274ardb2 ttyLF0

s32g274ardb2 login: root
root@s32g274ardb2:~# ifconfig
end0: flags=4099<UP,BROADCAST,MULTICAST>  mtu 1500
        ether 92:c9:f4:93:de:39  txqueuelen 1000  (Ethernet)
        RX packets 0  bytes 0 (0.0 B)
        RX errors 0  dropped 0  overruns 0  frame 0
        TX packets 0  bytes 0 (0.0 B)
        TX errors 0  dropped 0 overruns 0  carrier 0  collisions 0
        device interrupt 54  base 0xa000

lo: flags=73<UP,LOOPBACK,RUNNING>  mtu 65536
        inet 127.0.0.1  netmask 255.0.0.0
        inet6 ::1  prefixlen 128  scopeid 0x10<host>
        loop  txqueuelen 1000  (Local Loopback)
        RX packets 8  bytes 608 (608.0 B)
        RX errors 0  dropped 0  overruns 0  frame 0
        TX packets 8  bytes 608 (608.0 B)
        TX errors 0  dropped 0 overruns 0  carrier 0  collisions 0

pfe0: flags=4163<UP,BROADCAST,RUNNING,MULTICAST>  mtu 1500
        inet6 fe80::204:9fff:febe:ef00  prefixlen 64  scopeid 0x20<link>
        ether 00:04:9f:be:ef:00  txqueuelen 1000  (Ethernet)
        RX packets 113  bytes 34194 (33.3 KiB)
        RX errors 0  dropped 0  overruns 0  frame 0
        TX packets 83  bytes 23450 (22.9 KiB)
        TX errors 0  dropped 0 overruns 0  carrier 0  collisions 0
        device memory 0x46000000-46ffffff

pfe1: flags=4099<UP,BROADCAST,MULTICAST>  mtu 1500
        ether 00:04:9f:be:ef:01  txqueuelen 1000  (Ethernet)
        RX packets 0  bytes 0 (0.0 B)
        RX errors 0  dropped 0  overruns 0  frame 0
        TX packets 0  bytes 0 (0.0 B)
        TX errors 0  dropped 0 overruns 0  carrier 0  collisions 0
        device memory 0x46000000-46ffffff

pfe2: flags=4099<UP,BROADCAST,MULTICAST>  mtu 1500
        ether 00:04:9f:be:ef:02  txqueuelen 1000  (Ethernet)
        RX packets 0  bytes 0 (0.0 B)
        RX errors 0  dropped 0  overruns 0  frame 0
        TX packets 0  bytes 0 (0.0 B)
        TX errors 0  dropped 0 overruns 0  carrier 0  collisions 0
        device memory 0x46000000-46ffffff

root@s32g274ardb2:~# ip link
1: lo: <LOOPBACK,UP,LOWER_UP> mtu 65536 qdisc noqueue state UNKNOWN mode DEFAULT group default qlen 1000
    link/loopback 00:00:00:00:00:00 brd 00:00:00:00:00:00
2: can0: <NOARP,ECHO> mtu 16 qdisc noop state DOWN mode DEFAULT group default qlen 10
    link/can
3: can1: <NOARP,ECHO> mtu 16 qdisc noop state DOWN mode DEFAULT group default qlen 10
    link/can
4: teql0: <NOARP> mtu 1500 qdisc noop state DOWN mode DEFAULT group default qlen 100
    link/void
5: sit0@NONE: <NOARP> mtu 1480 qdisc noop state DOWN mode DEFAULT group default qlen 1000
    link/sit 0.0.0.0 brd 0.0.0.0
6: end0: <NO-CARRIER,BROADCAST,MULTICAST,UP> mtu 1500 qdisc mq state DOWN mode DEFAULT group default qlen 1000
    link/ether 92:c9:f4:93:de:39 brd ff:ff:ff:ff:ff:ff
7: pfe0: <BROADCAST,MULTICAST,UP,LOWER_UP> mtu 1500 qdisc fq_codel state UP mode DEFAULT group default qlen 1000
    link/ether 00:04:9f:be:ef:00 brd ff:ff:ff:ff:ff:ff
8: pfe1: <NO-CARRIER,BROADCAST,MULTICAST,UP> mtu 1500 qdisc fq_codel state DOWN mode DEFAULT group default qlen 1000
    link/ether 00:04:9f:be:ef:01 brd ff:ff:ff:ff:ff:ff
9: pfe2: <NO-CARRIER,BROADCAST,MULTICAST,UP> mtu 1500 qdisc fq_codel state DOWN mode DEFAULT group default qlen 1000
    link/ether 00:04:9f:be:ef:02 brd ff:ff:ff:ff:ff:ff
root@s32g274ardb2:~# ifconfig -a
can0: flags=128<NOARP>  mtu 16
        unspec 00-00-00-00-00-00-00-00-00-00-00-00-00-00-00-00  txqueuelen 10  (UNSPEC)
        RX packets 0  bytes 0 (0.0 B)
        RX errors 0  dropped 0  overruns 0  frame 0
        TX packets 0  bytes 0 (0.0 B)
        TX errors 0  dropped 0 overruns 0  carrier 0  collisions 0

can1: flags=128<NOARP>  mtu 16
        unspec 00-00-00-00-00-00-00-00-00-00-00-00-00-00-00-00  txqueuelen 10  (UNSPEC)
        RX packets 0  bytes 0 (0.0 B)
        RX errors 0  dropped 0  overruns 0  frame 0
        TX packets 0  bytes 0 (0.0 B)
        TX errors 0  dropped 0 overruns 0  carrier 0  collisions 0

end0: flags=4099<UP,BROADCAST,MULTICAST>  mtu 1500
        ether 92:c9:f4:93:de:39  txqueuelen 1000  (Ethernet)
        RX packets 0  bytes 0 (0.0 B)
        RX errors 0  dropped 0  overruns 0  frame 0
        TX packets 0  bytes 0 (0.0 B)
        TX errors 0  dropped 0 overruns 0  carrier 0  collisions 0
        device interrupt 54  base 0xa000

lo: flags=73<UP,LOOPBACK,RUNNING>  mtu 65536
        inet 127.0.0.1  netmask 255.0.0.0
        inet6 ::1  prefixlen 128  scopeid 0x10<host>
        loop  txqueuelen 1000  (Local Loopback)
        RX packets 8  bytes 608 (608.0 B)
        RX errors 0  dropped 0  overruns 0  frame 0
        TX packets 8  bytes 608 (608.0 B)
        TX errors 0  dropped 0 overruns 0  carrier 0  collisions 0

pfe0: flags=4163<UP,BROADCAST,RUNNING,MULTICAST>  mtu 1500
        inet6 fe80::204:9fff:febe:ef00  prefixlen 64  scopeid 0x20<link>
        ether 00:04:9f:be:ef:00  txqueuelen 1000  (Ethernet)
        RX packets 280  bytes 89601 (87.5 KiB)
        RX errors 0  dropped 0  overruns 0  frame 0
        TX packets 121  bytes 35656 (34.8 KiB)
        TX errors 0  dropped 0 overruns 0  carrier 0  collisions 0
        device memory 0x46000000-46ffffff

pfe1: flags=4099<UP,BROADCAST,MULTICAST>  mtu 1500
        ether 00:04:9f:be:ef:01  txqueuelen 1000  (Ethernet)
        RX packets 0  bytes 0 (0.0 B)
        RX errors 0  dropped 0  overruns 0  frame 0
        TX packets 0  bytes 0 (0.0 B)
        TX errors 0  dropped 0 overruns 0  carrier 0  collisions 0
        device memory 0x46000000-46ffffff

pfe2: flags=4099<UP,BROADCAST,MULTICAST>  mtu 1500
        ether 00:04:9f:be:ef:02  txqueuelen 1000  (Ethernet)
        RX packets 0  bytes 0 (0.0 B)
        RX errors 0  dropped 0  overruns 0  frame 0
        TX packets 0  bytes 0 (0.0 B)
        TX errors 0  dropped 0 overruns 0  carrier 0  collisions 0
        device memory 0x46000000-46ffffff

sit0: flags=128<NOARP>  mtu 1480
        unspec 00-00-00-00-00-00-C4-9A-00-00-00-00-00-00-00-00  txqueuelen 1000  (UNSPEC)
        RX packets 0  bytes 0 (0.0 B)
        RX errors 0  dropped 0  overruns 0  frame 0
        TX packets 0  bytes 0 (0.0 B)
        TX errors 0  dropped 0 overruns 0  carrier 0  collisions 0

teql0: flags=128<NOARP>  mtu 1500
        unspec 00-00-00-00-00-00-00-00-00-00-00-00-00-00-00-00  txqueuelen 100  (UNSPEC)
        RX packets 0  bytes 0 (0.0 B)
        RX errors 0  dropped 0  overruns 0  frame 0
        TX packets 0  bytes 0 (0.0 B)
        TX errors 0  dropped 0 overruns 0  carrier 0  collisions 0

root@s32g274ardb2:~# ^C
root@s32g274ardb2:~# ptp4l
no interface specified

usage: ptp4l [options]

 Delay Mechanism

 -A        Auto, starting with E2E
 -E        E2E, delay request-response (default)
 -P        P2P, peer delay mechanism

 Network Transport

 -2        IEEE 802.3
 -4        UDP IPV4 (default)
 -6        UDP IPV6

 Time Stamping

 -H        HARDWARE (default)
 -S        SOFTWARE
 -L        LEGACY HW

 Other Options

 -f [file] read configuration from 'file'
 -i [dev]  interface device to use, for example 'eth0'
           (may be specified multiple times)
 -p [dev]  Clock device to use, default auto
           (ignored for SOFTWARE/LEGACY HW time stamping)
 -s        client only synchronization mode (overrides configuration file)
 -l [num]  set the logging level to 'num'
 -m        print messages to stdout
 -q        do not print messages to the syslog
 -v        prints the software version and exits
 -h        prints this message and exits

root@s32g274ardb2:~# ls /dev/ptp*
/dev/ptp0  /dev/ptp1  /dev/ptp2  /dev/ptp3
root@s32g274ardb2:~# # /dev/ptp0 이 보여야 합니다.
root@s32g274ardb2:~#
root@s32g274ardb2:~# sudo ptp4l -2 -i pfe0 -m -M -H
ptp4l: invalid option -- 'M'

usage: ptp4l [options]

 Delay Mechanism

 -A        Auto, starting with E2E
 -E        E2E, delay request-response (default)
 -P        P2P, peer delay mechanism

 Network Transport

 -2        IEEE 802.3
 -4        UDP IPV4 (default)
 -6        UDP IPV6

 Time Stamping

 -H        HARDWARE (default)
 -S        SOFTWARE
 -L        LEGACY HW

 Other Options

 -f [file] read configuration from 'file'
 -i [dev]  interface device to use, for example 'eth0'
           (may be specified multiple times)
 -p [dev]  Clock device to use, default auto
           (ignored for SOFTWARE/LEGACY HW time stamping)
 -s        client only synchronization mode (overrides configuration file)
 -l [num]  set the logging level to 'num'
 -m        print messages to stdout
 -q        do not print messages to the syslog
 -v        prints the software version and exits
 -h        prints this message and exits

root@s32g274ardb2:~# ptp4l -2 -i pfe0 -m -M -H
ptp4l: invalid option -- 'M'

usage: ptp4l [options]

 Delay Mechanism

 -A        Auto, starting with E2E
 -E        E2E, delay request-response (default)
 -P        P2P, peer delay mechanism

 Network Transport

 -2        IEEE 802.3
 -4        UDP IPV4 (default)
 -6        UDP IPV6

 Time Stamping

 -H        HARDWARE (default)
 -S        SOFTWARE
 -L        LEGACY HW

 Other Options

 -f [file] read configuration from 'file'
 -i [dev]  interface device to use, for example 'eth0'
           (may be specified multiple times)
 -p [dev]  Clock device to use, default auto
           (ignored for SOFTWARE/LEGACY HW time stamping)
 -s        client only synchronization mode (overrides configuration file)
 -l [num]  set the logging level to 'num'
 -m        print messages to stdout
 -q        do not print messages to the syslog
 -v        prints the software version and exits
 -h        prints this message and exits

root@s32g274ardb2:~# ^C
root@s32g274ardb2:~# sudo ptp4l -2 -i pfe0 -m -H
ptp4l[6548.712]: selected /dev/ptp0 as PTP clock
ptp4l[6548.760]: port 1 (pfe0): INITIALIZING to LISTENING on INIT_COMPLETE
ptp4l[6548.760]: port 0 (/var/run/ptp4l): INITIALIZING to LISTENING on INIT_COMPLETE
ptp4l[6548.760]: port 0 (/var/run/ptp4lro): INITIALIZING to LISTENING on INIT_COMPLETE
ptp4l[6555.275]: port 1 (pfe0): LISTENING to MASTER on ANNOUNCE_RECEIPT_TIMEOUT_EXPIRES
ptp4l[6555.275]: selected local clock 00049f.fffe.beef00 as best master
ptp4l[6555.275]: port 1 (pfe0): assuming the grand master role
^Croot@s32g274ardb2:~#
root@s32g274ardb2:~#
root@s32g274ardb2:~#
root@s32g274ardb2:~#
root@s32g274ardb2:~#
root@s32g274ardb2:~#
root@s32g274ardb2:~# sudo ptp4l -2 -i enp4s0 -s -m -H
ptp4l[6663.283]: ioctl SIOCETHTOOL failed: No such device
ptp4l[6663.296]: ioctl SIOCETHTOOL failed: No such device
ptp4l[6663.297]: PTP device not specified and automatic determination is not supported. Please specify PTP device.
failed to create a clock
root@s32g274ardb2:~#
root@s32g274ardb2:~# sudo phc2sys -a -r -s enp4s0 -c CLOCK_REALTIME -w
autoconfiguration cannot be mixed with manual config options.

usage: phc2sys [options]


 automatic configuration:
 -a             turn on autoconfiguration
 -r             synchronize system (realtime) clock
                repeat -r to consider it also as a time source
 manual configuration:
 -c [dev|name]  time sink device (CLOCK_REALTIME)
 -d [dev]       time source PPS device
 -s [dev|name]  time source device
 -O [offset]    sink-source time offset in seconds (0)
 -w             wait for ptp4l
 common options:
 -f [file]      configuration file
 -E [pi|linreg] clock servo (pi)
 -P [kp]        proportional constant (0.7)
 -I [ki]        integration constant (0.3)
 -S [step]      step threshold (disabled)
 -F [step]      step threshold only on start (0.00002)
 -R [rate]      update rate for the time sink devices in HZ (1.0)
 -N [num]       number of source clock readings per update (5)
 -L [limit]     sanity frequency limit in ppb (200000000)
 -M [num]       NTP SHM segment number (0)
 -u [num]       number of clock updates in summary stats (0)
 -n [num]       domain number (0)
 -x             apply leap seconds by servo instead of kernel
 -z [path]      server address for UDS (/var/run/ptp4l)
 -l [num]       set the logging level to 'num' (6)
 -t [tag]       add tag to log messages
 -m             print messages to stdout
 -q             do not print messages to the syslog
 -v             prints the software version and exits
 -h             prints this message and exits

root@s32g274ardb2:~#
root@s32g274ardb2:~#
root@s32g274ardb2:~#
root@s32g274ardb2:~#
root@s32g274ardb2:~# sudo ptp4l -2 -i pfe0 -s -m -H
ptp4l[6738.789]: selected /dev/ptp0 as PTP clock
ptp4l[6738.844]: port 1 (pfe0): INITIALIZING to LISTENING on INIT_COMPLETE
ptp4l[6738.844]: port 0 (/var/run/ptp4l): INITIALIZING to LISTENING on INIT_COMPLETE
ptp4l[6738.844]: port 0 (/var/run/ptp4lro): INITIALIZING to LISTENING on INIT_COMPLETE
ptp4l[6740.415]: port 1 (pfe0): new foreign master d45d64.fffe.b25dc3-1
ptp4l[6744.415]: selected best master clock d45d64.fffe.b25dc3
ptp4l[6744.416]: port 1 (pfe0): LISTENING to UNCALIBRATED on RS_SLAVE
ptp4l[6746.416]: master offset       3226 s0 freq      -0 path delay      1526
ptp4l[6747.417]: master offset       3319 s2 freq     +93 path delay      1526
ptp4l[6747.417]: port 1 (pfe0): UNCALIBRATED to SLAVE on MASTER_CLOCK_SELECTED
ptp4l[6748.417]: master offset       3266 s2 freq   +3359 path delay      1526
ptp4l[6749.417]: master offset        -47 s2 freq   +1026 path delay      1539
ptp4l[6750.417]: master offset       -994 s2 freq     +65 path delay      1539
ptp4l[6751.418]: master offset      -1005 s2 freq    -245 path delay      1544
ptp4l[6752.418]: master offset       -735 s2 freq    -276 path delay      1541
ptp4l[6753.418]: master offset       -461 s2 freq    -223 path delay      1526
ptp4l[6754.418]: master offset       -271 s2 freq    -171 path delay      1526
ptp4l[6755.419]: master offset          5 s2 freq     +24 path delay      1492
ptp4l[6756.419]: master offset         55 s2 freq     +75 path delay      1492
ptp4l[6757.419]: master offset          5 s2 freq     +42 path delay      1492
ptp4l[6758.419]: master offset         -2 s2 freq     +36 path delay      1507
ptp4l[6759.420]: master offset          6 s2 freq     +44 path delay      1505
ptp4l[6760.420]: master offset        -57 s2 freq     -17 path delay      1505
ptp4l[6761.420]: master offset          3 s2 freq     +25 path delay      1490
ptp4l[6762.420]: master offset         75 s2 freq     +98 path delay      1490
ptp4l[6763.421]: master offset        -45 s2 freq      +1 path delay      1490
ptp4l[6764.421]: master offset       -143 s2 freq    -111 path delay      1542
ptp4l[6765.421]: master offset        -31 s2 freq     -42 path delay      1542
ptp4l[6766.421]: master offset         16 s2 freq      -4 path delay      1525
ptp4l[6767.422]: master offset         37 s2 freq     +22 path delay      1517
ptp4l[6768.422]: master offset         50 s2 freq     +46 path delay      1517
ptp4l[6769.423]: master offset        -44 s2 freq     -33 path delay      1526
ptp4l[6770.423]: master offset         -2 s2 freq      -4 path delay      1526
ptp4l[6771.424]: master offset         30 s2 freq     +27 path delay      1526
ptp4l[6772.424]: master offset        -50 s2 freq     -44 path delay      1526
ptp4l[6773.425]: master offset         29 s2 freq     +20 path delay      1526
ptp4l[6774.425]: master offset        -67 s2 freq     -67 path delay      1541
ptp4l[6775.426]: master offset         39 s2 freq     +19 path delay      1540
ptp4l[6776.426]: master offset        -22 s2 freq     -30 path delay      1540
ptp4l[6777.426]: master offset        -31 s2 freq     -46 path delay      1536
ptp4l[6778.426]: master offset         24 s2 freq      -0 path delay      1528
ptp4l[6779.426]: master offset        -21 s2 freq     -38 path delay      1531
ptp4l[6780.426]: master offset        -18 s2 freq     -41 path delay      1531
ptp4l[6781.426]: master offset        -42 s2 freq     -71 path delay      1536
ptp4l[6782.426]: master offset         -6 s2 freq     -47 path delay      1536
ptp4l[6783.427]: master offset        -59 s2 freq    -102 path delay      1536
ptp4l[6784.427]: master offset          7 s2 freq     -54 path delay      1534
ptp4l[6785.427]: master offset         -5 s2 freq     -64 path delay      1529
ptp4l[6786.427]: master offset         37 s2 freq     -23 path delay      1526
ptp4l[6787.427]: master offset        -17 s2 freq     -66 path delay      1526
ptp4l[6788.427]: master offset        -37 s2 freq     -91 path delay      1525
ptp4l[6789.428]: master offset        -20 s2 freq     -85 path delay      1525
ptp4l[6790.428]: master offset         35 s2 freq     -36 path delay      1525
ptp4l[6791.428]: master offset        -69 s2 freq    -130 path delay      1527
ptp4l[6792.428]: master offset        -43 s2 freq    -125 path delay      1527
ptp4l[6793.428]: master offset        -18 s2 freq    -113 path delay      1527
ptp4l[6794.429]: master offset         80 s2 freq     -20 path delay      1522
ptp4l[6795.429]: master offset        -26 s2 freq    -102 path delay      1522
ptp4l[6796.430]: master offset        -64 s2 freq    -148 path delay      1532
ptp4l[6797.430]: master offset        -66 s2 freq    -169 path delay      1532
ptp4l[6798.430]: master offset         -6 s2 freq    -129 path delay      1525
ptp4l[6799.431]: master offset        -56 s2 freq    -181 path delay      1525
ptp4l[6800.431]: master offset         49 s2 freq     -92 path delay      1520
ptp4l[6801.431]: master offset          1 s2 freq    -126 path delay      1530
ptp4l[6802.431]: master offset         35 s2 freq     -91 path delay      1527
ptp4l[6803.432]: master offset         -2 s2 freq    -118 path delay      1533
ptp4l[6804.432]: master offset         10 s2 freq    -106 path delay      1533
ptp4l[6805.432]: master offset        -31 s2 freq    -144 path delay      1533
ptp4l[6806.432]: master offset         -9 s2 freq    -132 path delay      1533
ptp4l[6807.433]: master offset         12 s2 freq    -113 path delay      1527
ptp4l[6808.433]: master offset         46 s2 freq     -76 path delay      1527
^Croot@s32g274ardb2:~# ^C
root@s32g274ardb2:~# sudo ptp4l -2 -i pfe0 -s -m -H
ptp4l[7151.214]: selected /dev/ptp0 as PTP clock
ptp4l[7151.272]: port 1 (pfe0): INITIALIZING to LISTENING on INIT_COMPLETE
ptp4l[7151.272]: port 0 (/var/run/ptp4l): INITIALIZING to LISTENING on INIT_COMPLETE
ptp4l[7151.272]: port 0 (/var/run/ptp4lro): INITIALIZING to LISTENING on INIT_COMPLETE
ptp4l[7152.505]: port 1 (pfe0): new foreign master d45d64.fffe.b25dc3-1
ptp4l[7156.506]: selected best master clock d45d64.fffe.b25dc3
ptp4l[7156.506]: port 1 (pfe0): LISTENING to UNCALIBRATED on RS_SLAVE
ptp4l[7158.608]: master offset     -23667 s0 freq     -76 path delay      1559
ptp4l[7159.609]: master offset     -23781 s1 freq    -190 path delay      1557
ptp4l[7160.609]: master offset         44 s2 freq    -146 path delay      1557
ptp4l[7160.609]: port 1 (pfe0): UNCALIBRATED to SLAVE on MASTER_CLOCK_SELECTED
ptp4l[7161.610]: master offset         99 s2 freq     -78 path delay      1536
ptp4l[7162.610]: master offset        119 s2 freq     -28 path delay      1517
ptp4l[7163.610]: master offset          0 s2 freq    -111 path delay      1517
ptp4l[7164.611]: master offset         24 s2 freq     -87 path delay      1517
ptp4l[7165.611]: master offset         19 s2 freq     -85 path delay      1518
ptp4l[7166.611]: master offset        -79 s2 freq    -177 path delay      1518
ptp4l[7167.611]: master offset         -7 s2 freq    -129 path delay      1517
ptp4l[7168.611]: master offset         21 s2 freq    -103 path delay      1517
ptp4l[7169.611]: master offset        -62 s2 freq    -180 path delay      1518
ptp4l[7170.612]: master offset        -40 s2 freq    -176 path delay      1518
ptp4l[7171.612]: master offset        -24 s2 freq    -172 path delay      1521
ptp4l[7172.612]: master offset        -11 s2 freq    -167 path delay      1527
ptp4l[7173.613]: master offset         23 s2 freq    -136 path delay      1527
ptp4l[7174.613]: master offset         10 s2 freq    -142 path delay      1527
ptp4l[7175.613]: master offset        -42 s2 freq    -191 path delay      1529
ptp4l[7176.614]: master offset        -46 s2 freq    -208 path delay      1529
ptp4l[7177.614]: master offset          8 s2 freq    -167 path delay      1529
ptp4l[7178.614]: master offset         27 s2 freq    -146 path delay      1529
ptp4l[7179.614]: master offset        -55 s2 freq    -220 path delay      1536
ptp4l[7180.615]: master offset          1 s2 freq    -180 path delay      1536
ptp4l[7181.616]: master offset        -20 s2 freq    -201 path delay      1536
ptp4l[7182.616]: master offset         31 s2 freq    -156 path delay      1536
ptp4l[7183.616]: master offset         31 s2 freq    -147 path delay      1536
ptp4l[7184.617]: master offset        -81 s2 freq    -249 path delay      1541
ptp4l[7185.617]: master offset        -73 s2 freq    -266 path delay      1536
ptp4l[7186.617]: master offset          9 s2 freq    -206 path delay      1536
ptp4l[7187.617]: master offset         36 s2 freq    -176 path delay      1532
ptp4l[7188.618]: master offset         21 s2 freq    -180 path delay      1529
ptp4l[7189.618]: master offset         23 s2 freq    -172 path delay      1529
ptp4l[7190.618]: master offset         34 s2 freq    -154 path delay      1521
ptp4l[7191.619]: master offset         57 s2 freq    -121 path delay      1519
ptp4l[7192.619]: master offset        -39 s2 freq    -200 path delay      1521
ptp4l[7193.620]: master offset        -46 s2 freq    -218 path delay      1525
ptp4l[7194.621]: master offset        -32 s2 freq    -218 path delay      1527
ptp4l[7195.621]: master offset          2 s2 freq    -194 path delay      1527
ptp4l[7196.622]: master offset          5 s2 freq    -190 path delay      1523
ptp4l[7197.622]: master offset         40 s2 freq    -154 path delay      1524
ptp4l[7198.622]: master offset          2 s2 freq    -180 path delay      1530
ptp4l[7199.623]: master offset        -84 s2 freq    -265 path delay      1551
ptp4l[7200.623]: master offset        -24 s2 freq    -230 path delay      1551
ptp4l[7201.624]: master offset        -36 s2 freq    -249 path delay      1551
ptp4l[7202.624]: master offset         32 s2 freq    -192 path delay      1551
ptp4l[7203.624]: master offset         28 s2 freq    -187 path delay      1551
ptp4l[7204.624]: master offset          8 s2 freq    -198 path delay      1548
ptp4l[7205.624]: master offset        -66 s2 freq    -270 path delay      1548
ptp4l[7206.624]: master offset         24 s2 freq    -200 path delay      1548
ptp4l[7207.625]: master offset         42 s2 freq    -174 path delay      1546
ptp4l[7208.625]: master offset        -40 s2 freq    -244 path delay      1546
ptp4l[7209.626]: master offset        -19 s2 freq    -235 path delay      1542
ptp4l[7210.626]: master offset        -20 s2 freq    -242 path delay      1539
ptp4l[7211.626]: master offset         13 s2 freq    -215 path delay      1534
ptp4l[7212.626]: master offset          0 s2 freq    -224 path delay      1538
ptp4l[7213.627]: master offset         48 s2 freq    -176 path delay      1538
ptp4l[7214.627]: master offset        -78 s2 freq    -287 path delay      1538
ptp4l[7215.628]: master offset         28 s2 freq    -205 path delay      1533
ptp4l[7216.628]: master offset         29 s2 freq    -195 path delay      1533
ptp4l[7217.628]: master offset          8 s2 freq    -208 path delay      1527
ptp4l[7218.628]: master offset         68 s2 freq    -145 path delay      1525
ptp4l[7219.629]: master offset        -48 s2 freq    -241 path delay      1525
ptp4l[7220.629]: master offset         35 s2 freq    -172 path delay      1525
ptp4l[7221.629]: master offset          9 s2 freq    -188 path delay      1525
ptp4l[7222.630]: master offset        -42 s2 freq    -236 path delay      1533
ptp4l[7223.630]: master offset          3 s2 freq    -204 path delay      1527
ptp4l[7224.630]: master offset        -53 s2 freq    -259 path delay      1527
ptp4l[7225.630]: master offset         32 s2 freq    -190 path delay      1523
ptp4l[7226.630]: master offset         22 s2 freq    -190 path delay      1527
ptp4l[7227.630]: master offset        -28 s2 freq    -233 path delay      1533
ptp4l[7228.630]: master offset          1 s2 freq    -213 path delay      1533
ptp4l[7229.631]: master offset        -56 s2 freq    -269 path delay      1537
ptp4l[7230.632]: master offset        -68 s2 freq    -298 path delay      1537
ptp4l[7231.632]: master offset         46 s2 freq    -205 path delay      1526
ptp4l[7232.632]: master offset        -18 s2 freq    -255 path delay      1526
ptp4l[7233.632]: master offset        -79 s2 freq    -321 path delay      1533
ptp4l[7234.632]: master offset         26 s2 freq    -240 path delay      1533
ptp4l[7235.632]: master offset          1 s2 freq    -257 path delay      1533
ptp4l[7236.633]: master offset        -64 s2 freq    -322 path delay      1533
ptp4l[7237.633]: master offset         63 s2 freq    -214 path delay      1523
ptp4l[7238.633]: master offset        -15 s2 freq    -273 path delay      1523
ptp4l[7239.634]: master offset          4 s2 freq    -259 path delay      1533
ptp4l[7240.634]: master offset        -37 s2 freq    -298 path delay      1537
ptp4l[7241.635]: master offset        -38 s2 freq    -311 path delay      1537
ptp4l[7242.635]: master offset         36 s2 freq    -248 path delay      1533
ptp4l[7243.635]: master offset        -16 s2 freq    -289 path delay      1533
ptp4l[7244.635]: master offset        -27 s2 freq    -305 path delay      1530
ptp4l[7245.636]: master offset        -38 s2 freq    -324 path delay      1530
ptp4l[7246.635]: master offset         65 s2 freq    -232 path delay      1521
ptp4l[7247.636]: master offset        -67 s2 freq    -345 path delay      1534
ptp4l[7248.636]: master offset        -43 s2 freq    -341 path delay      1534
ptp4l[7249.637]: master offset         15 s2 freq    -296 path delay      1521
ptp4l[7250.636]: master offset         23 s2 freq    -283 path delay      1521
ptp4l[7251.637]: master offset        100 s2 freq    -200 path delay      1513
ptp4l[7252.637]: master offset          9 s2 freq    -261 path delay      1513
ptp4l[7253.637]: master offset        -38 s2 freq    -305 path delay      1514
ptp4l[7254.637]: master offset        -25 s2 freq    -303 path delay      1514
ptp4l[7255.637]: master offset        -17 s2 freq    -303 path delay      1518
ptp4l[7256.638]: master offset         17 s2 freq    -274 path delay      1513
ptp4l[7257.638]: master offset         53 s2 freq    -233 path delay      1513
ptp4l[7258.638]: master offset         -4 s2 freq    -274 path delay      1513
ptp4l[7266.398]: port 1 (pfe0): SLAVE to LISTENING on ANNOUNCE_RECEIPT_TIMEOUT_EXPIRES
ptp4l[7266.398]: selected local clock 00049f.fffe.beef00 as best master
ptp4l[7282.511]: selected best master clock d45d64.fffe.b25dc3
ptp4l[7282.511]: port 1 (pfe0): LISTENING to UNCALIBRATED on RS_SLAVE
ptp4l[7284.510]: master offset       -757 s2 freq   -1028 path delay      1546
ptp4l[7284.510]: port 1 (pfe0): UNCALIBRATED to SLAVE on MASTER_CLOCK_SELECTED
ptp4l[7285.510]: master offset         51 s2 freq    -447 path delay      1412
ptp4l[7286.510]: master offset        121 s2 freq    -362 path delay      1437
ptp4l[7287.510]: master offset        127 s2 freq    -320 path delay      1466
ptp4l[7288.510]: master offset         84 s2 freq    -324 path delay      1496
ptp4l[7289.509]: master offset        132 s2 freq    -251 path delay      1506
ptp4l[7290.510]: master offset        -33 s2 freq    -377 path delay      1506
ptp4l[7291.511]: master offset         25 s2 freq    -329 path delay      1506
ptp4l[7292.511]: master offset        -22 s2 freq    -368 path delay      1506
ptp4l[7293.512]: master offset         14 s2 freq    -339 path delay      1506
ptp4l[7294.512]: master offset        -48 s2 freq    -396 path delay      1512
ptp4l[7295.513]: master offset        -26 s2 freq    -389 path delay      1521
ptp4l[7296.513]: master offset        -79 s2 freq    -450 path delay      1536
ptp4l[7297.513]: master offset         -8 s2 freq    -402 path delay      1536
ptp4l[7298.513]: master offset         64 s2 freq    -333 path delay      1536
ptp4l[7299.514]: master offset         28 s2 freq    -350 path delay      1536
ptp4l[7300.514]: master offset         54 s2 freq    -315 path delay      1536
ptp4l[7301.514]: master offset         45 s2 freq    -308 path delay      1535
ptp4l[7302.515]: master offset         35 s2 freq    -304 path delay      1535
ptp4l[7303.515]: master offset         -5 s2 freq    -334 path delay      1535
ptp4l[7304.515]: master offset        -44 s2 freq    -374 path delay      1535
ptp4l[7305.516]: master offset        -42 s2 freq    -386 path delay      1534
ptp4l[7306.516]: master offset         17 s2 freq    -339 path delay      1534
ptp4l[7307.517]: master offset         11 s2 freq    -340 path delay      1534
ptp4l[7308.517]: master offset          5 s2 freq    -343 path delay      1531
ptp4l[7309.517]: master offset         73 s2 freq    -273 path delay      1527
ptp4l[7310.517]: master offset         51 s2 freq    -273 path delay      1531
ptp4l[7311.518]: master offset        -29 s2 freq    -338 path delay      1541
ptp4l[7312.518]: master offset        -44 s2 freq    -362 path delay      1541
ptp4l[7313.518]: master offset        -61 s2 freq    -392 path delay      1541
ptp4l[7314.518]: master offset         44 s2 freq    -305 path delay      1541
ptp4l[7315.518]: master offset         25 s2 freq    -311 path delay      1533
ptp4l[7316.518]: master offset         17 s2 freq    -312 path delay      1533
ptp4l[7317.519]: master offset         27 s2 freq    -297 path delay      1533
ptp4l[7318.519]: master offset        -24 s2 freq    -339 path delay      1533
ptp4l[7319.520]: master offset        -25 s2 freq    -348 path delay      1533
ptp4l[7320.520]: master offset         58 s2 freq    -272 path delay      1533
ptp4l[7321.520]: master offset         52 s2 freq    -261 path delay      1533
ptp4l[7322.520]: master offset        -71 s2 freq    -368 path delay      1533
ptp4l[7323.520]: master offset        -47 s2 freq    -365 path delay      1533
ptp4l[7324.520]: master offset         15 s2 freq    -318 path delay      1530
ptp4l[7325.520]: master offset        100 s2 freq    -228 path delay      1530
ptp4l[7326.521]: master offset         49 s2 freq    -249 path delay      1530
ptp4l[7327.521]: master offset        -17 s2 freq    -300 path delay      1530
ptp4l[7328.521]: master offset       -107 s2 freq    -395 path delay      1530
ptp4l[7329.522]: master offset         50 s2 freq    -271 path delay      1520
ptp4l[7330.522]: master offset         10 s2 freq    -296 path delay      1530
ptp4l[7331.522]: master offset       -104 s2 freq    -407 path delay      1550
ptp4l[7332.522]: master offset         38 s2 freq    -296 path delay      1550
ptp4l[7333.522]: master offset        -21 s2 freq    -343 path delay      1545
ptp4l[7334.522]: master offset         33 s2 freq    -296 path delay      1523
ptp4l[7335.523]: master offset         40 s2 freq    -279 path delay      1523
ptp4l[7336.523]: master offset        -43 s2 freq    -350 path delay      1537
ptp4l[7337.524]: master offset        -72 s2 freq    -392 path delay      1537
ptp4l[7338.524]: master offset         19 s2 freq    -322 path delay      1537
ptp4l[7339.524]: master offset        -14 s2 freq    -350 path delay      1543
ptp4l[7340.524]: master offset        -84 s2 freq    -424 path delay      1543
ptp4l[7341.524]: master offset         15 s2 freq    -350 path delay      1537
ptp4l[7342.524]: master offset         43 s2 freq    -317 path delay      1532
ptp4l[7343.525]: master offset        -38 s2 freq    -386 path delay      1532
ptp4l[7344.525]: master offset        -20 s2 freq    -379 path delay      1529
ptp4l[7345.525]: master offset        -12 s2 freq    -377 path delay      1522
ptp4l[7346.526]: master offset         69 s2 freq    -300 path delay      1514
ptp4l[7347.526]: master offset         66 s2 freq    -282 path delay      1514
ptp4l[7348.526]: master offset         -9 s2 freq    -337 path delay      1514
ptp4l[7349.526]: master offset         -7 s2 freq    -338 path delay      1514
ptp4l[7350.526]: master offset        -71 s2 freq    -404 path delay      1522
ptp4l[7351.527]: master offset          9 s2 freq    -345 path delay      1522
ptp4l[7352.527]: master offset        -36 s2 freq    -387 path delay      1530
ptp4l[7353.528]: master offset         56 s2 freq    -306 path delay      1523
ptp4l[7354.528]: master offset         -8 s2 freq    -353 path delay      1533
ptp4l[7355.528]: master offset        -34 s2 freq    -382 path delay      1533
ptp4l[7356.528]: master offset       -112 s2 freq    -470 path delay      1534
ptp4l[7357.529]: master offset          5 s2 freq    -387 path delay      1534
ptp4l[7358.529]: master offset          0 s2 freq    -390 path delay      1534
ptp4l[7359.529]: master offset         24 s2 freq    -366 path delay      1534
ptp4l[7360.529]: master offset         42 s2 freq    -341 path delay      1526
ptp4l[7361.529]: master offset         65 s2 freq    -305 path delay      1527
ptp4l[7362.530]: master offset          6 s2 freq    -345 path delay      1527
ptp4l[7363.530]: master offset        -50 s2 freq    -399 path delay      1538
ptp4l[7364.530]: master offset        -72 s2 freq    -436 path delay      1535
ptp4l[7365.531]: master offset        -19 s2 freq    -405 path delay      1535
ptp4l[7366.531]: master offset         47 s2 freq    -344 path delay      1527
ptp4l[7367.531]: master offset        -13 s2 freq    -390 path delay      1527
ptp4l[7368.531]: master offset         33 s2 freq    -348 path delay      1527
ptp4l[7369.532]: master offset        -26 s2 freq    -397 path delay      1539
ptp4l[7370.532]: master offset        -55 s2 freq    -434 path delay      1539
ptp4l[7371.532]: master offset        -24 s2 freq    -420 path delay      1539
ptp4l[7372.532]: master offset         11 s2 freq    -392 path delay      1539
ptp4l[7373.533]: master offset          3 s2 freq    -396 path delay      1536
ptp4l[7374.533]: master offset         -5 s2 freq    -404 path delay      1534
ptp4l[7375.533]: master offset          3 s2 freq    -397 path delay      1534
ptp4l[7376.533]: master offset        -44 s2 freq    -443 path delay      1539
ptp4l[7377.534]: master offset        -61 s2 freq    -473 path delay      1539
ptp4l[7378.534]: master offset        -42 s2 freq    -473 path delay      1534
ptp4l[7379.534]: master offset         19 s2 freq    -424 path delay      1534
ptp4l[7380.534]: master offset         50 s2 freq    -388 path delay      1521
ptp4l[7381.534]: master offset         24 s2 freq    -399 path delay      1521
ptp4l[7382.534]: master offset        -35 s2 freq    -450 path delay      1528
ptp4l[7383.534]: master offset        -50 s2 freq    -476 path delay      1532
ptp4l[7384.534]: master offset         22 s2 freq    -419 path delay      1521
ptp4l[7385.535]: master offset         27 s2 freq    -407 path delay      1521
ptp4l[7386.535]: master offset        -19 s2 freq    -445 path delay      1521
ptp4l[7387.536]: master offset         35 s2 freq    -397 path delay      1521
ptp4l[7388.536]: master offset         42 s2 freq    -379 path delay      1524
ptp4l[7389.537]: master offset         66 s2 freq    -343 path delay      1524
ptp4l[7390.536]: master offset        -12 s2 freq    -401 path delay      1524
ptp4l[7391.537]: master offset         61 s2 freq    -332 path delay      1524
ptp4l[7392.537]: master offset        -52 s2 freq    -426 path delay      1524
ptp4l[7393.538]: master offset          6 s2 freq    -384 path delay      1523
ptp4l[7394.538]: master offset        -25 s2 freq    -413 path delay      1526
ptp4l[7395.538]: master offset         69 s2 freq    -327 path delay      1523
ptp4l[7396.539]: master offset        -19 s2 freq    -394 path delay      1523
ptp4l[7397.539]: master offset        -34 s2 freq    -415 path delay      1525
ptp4l[7398.540]: master offset        -58 s2 freq    -449 path delay      1525
ptp4l[7399.540]: master offset        -44 s2 freq    -452 path delay      1525
ptp4l[7400.541]: master offset         93 s2 freq    -328 path delay      1510
ptp4l[7401.541]: master offset        -57 s2 freq    -450 path delay      1519
ptp4l[7402.542]: master offset         13 s2 freq    -398 path delay      1519
ptp4l[7403.542]: master offset         15 s2 freq    -392 path delay      1514
ptp4l[7404.543]: master offset         43 s2 freq    -359 path delay      1525
ptp4l[7405.543]: master offset          4 s2 freq    -385 path delay      1525
ptp4l[7406.544]: master offset        -60 s2 freq    -448 path delay      1525
ptp4l[7407.544]: master offset         21 s2 freq    -385 path delay      1525
ptp4l[7408.545]: master offset        -30 s2 freq    -430 path delay      1527
ptp4l[7409.545]: master offset         40 s2 freq    -369 path delay      1525
ptp4l[7410.546]: master offset        -53 s2 freq    -450 path delay      1530
ptp4l[7411.547]: master offset          7 s2 freq    -406 path delay      1524
ptp4l[7412.547]: master offset        -29 s2 freq    -440 path delay      1524
ptp4l[7413.548]: master offset         58 s2 freq    -361 path delay      1514
ptp4l[7414.548]: master offset        -34 s2 freq    -436 path delay      1514
ptp4l[7415.548]: master offset         15 s2 freq    -397 path delay      1514
ptp4l[7416.549]: master offset          7 s2 freq    -401 path delay      1518
ptp4l[7417.550]: master offset        -10 s2 freq    -415 path delay      1529
ptp4l[7418.550]: master offset         68 s2 freq    -340 path delay      1518
ptp4l[7419.551]: master offset        -25 s2 freq    -413 path delay      1529
ptp4l[7420.551]: master offset         17 s2 freq    -379 path delay      1529
ptp4l[7421.552]: master offset        -70 s2 freq    -460 path delay      1541
ptp4l[7422.552]: master offset         21 s2 freq    -390 path delay      1541
ptp4l[7423.553]: master offset        -29 s2 freq    -434 path delay      1545
ptp4l[7424.553]: master offset         -9 s2 freq    -423 path delay      1545
ptp4l[7425.554]: master offset          7 s2 freq    -410 path delay      1539
ptp4l[7426.555]: master offset          6 s2 freq    -408 path delay      1540
ptp4l[7427.555]: master offset          1 s2 freq    -412 path delay      1534
ptp4l[7428.556]: master offset        -13 s2 freq    -425 path delay      1534
ptp4l[7429.556]: master offset         80 s2 freq    -336 path delay      1531
ptp4l[7430.556]: master offset          1 s2 freq    -391 path delay      1533
ptp4l[7431.557]: master offset         34 s2 freq    -358 path delay      1533
ptp4l[7432.557]: master offset         56 s2 freq    -326 path delay      1533
ptp4l[7433.558]: master offset        -64 s2 freq    -429 path delay      1533
ptp4l[7434.559]: master offset        -26 s2 freq    -410 path delay      1533
ptp4l[7435.559]: master offset        -22 s2 freq    -414 path delay      1531
ptp4l[7436.559]: master offset         31 s2 freq    -368 path delay      1512
ptp4l[7437.560]: master offset        -12 s2 freq    -401 path delay      1525
ptp4l[7438.560]: master offset         27 s2 freq    -366 path delay      1520
ptp4l[7439.560]: master offset         28 s2 freq    -357 path delay      1525
ptp4l[7440.560]: master offset        -40 s2 freq    -416 path delay      1525
ptp4l[7441.560]: master offset         -1 s2 freq    -389 path delay      1518
ptp4l[7442.561]: master offset        -17 s2 freq    -406 path delay      1522
ptp4l[7443.561]: master offset         53 s2 freq    -341 path delay      1522
ptp4l[7444.562]: master offset         -6 s2 freq    -384 path delay      1525
ptp4l[7445.562]: master offset         49 s2 freq    -331 path delay      1526
ptp4l[7446.563]: master offset         35 s2 freq    -330 path delay      1526
ptp4l[7447.563]: master offset         20 s2 freq    -334 path delay      1526
ptp4l[7448.563]: master offset        -24 s2 freq    -372 path delay      1526
ptp4l[7449.564]: master offset         30 s2 freq    -326 path delay      1526
ptp4l[7450.564]: master offset        108 s2 freq    -239 path delay      1523
ptp4l[7451.565]: master offset        -10 s2 freq    -324 path delay      1534
ptp4l[7452.566]: master offset        -14 s2 freq    -331 path delay      1534
ptp4l[7453.566]: master offset         57 s2 freq    -264 path delay      1534
ptp4l[7454.567]: master offset         -7 s2 freq    -311 path delay      1537
ptp4l[7455.567]: master offset         44 s2 freq    -262 path delay      1528
ptp4l[7456.568]: master offset         64 s2 freq    -229 path delay      1528
ptp4l[7457.569]: master offset         17 s2 freq    -257 path delay      1543
ptp4l[7458.569]: master offset         -2 s2 freq    -271 path delay      1542
ptp4l[7459.570]: master offset         24 s2 freq    -246 path delay      1542
ptp4l[7460.570]: master offset         16 s2 freq    -246 path delay      1539
ptp4l[7461.570]: master offset         57 s2 freq    -201 path delay      1539
ptp4l[7462.571]: master offset         -7 s2 freq    -247 path delay      1539
ptp4l[7463.571]: master offset         -9 s2 freq    -252 path delay      1537
ptp4l[7464.571]: master offset         57 s2 freq    -188 path delay      1537
ptp4l[7465.572]: master offset         57 s2 freq    -171 path delay      1537
ptp4l[7466.572]: master offset        -10 s2 freq    -221 path delay      1540
ptp4l[7467.573]: master offset         33 s2 freq    -181 path delay      1521
ptp4l[7468.574]: master offset         16 s2 freq    -188 path delay      1521
ptp4l[7469.574]: master offset        -22 s2 freq    -221 path delay      1521
ptp4l[7470.574]: master offset         28 s2 freq    -178 path delay      1521
ptp4l[7471.574]: master offset         -1 s2 freq    -199 path delay      1521
ptp4l[7472.574]: master offset        -62 s2 freq    -260 path delay      1525
ptp4l[7473.574]: master offset        -17 s2 freq    -233 path delay      1527
ptp4l[7474.575]: master offset        -36 s2 freq    -258 path delay      1536
ptp4l[7475.576]: master offset         22 s2 freq    -210 path delay      1536
ptp4l[7476.576]: master offset        -48 s2 freq    -274 path delay      1536
ptp4l[7477.576]: master offset         55 s2 freq    -185 path delay      1536
ptp4l[7478.577]: master offset        -28 s2 freq    -252 path delay      1536
ptp4l[7479.577]: master offset        -52 s2 freq    -284 path delay      1536
ptp4l[7480.578]: master offset         21 s2 freq    -227 path delay      1536
ptp4l[7481.579]: master offset         47 s2 freq    -194 path delay      1532
ptp4l[7482.579]: master offset        -39 s2 freq    -266 path delay      1532
ptp4l[7483.579]: master offset        -15 s2 freq    -254 path delay      1525
ptp4l[7484.580]: master offset          3 s2 freq    -240 path delay      1519
ptp4l[7485.580]: master offset        -64 s2 freq    -307 path delay      1519
ptp4l[7486.581]: master offset         14 s2 freq    -248 path delay      1519
ptp4l[7487.581]: master offset         56 s2 freq    -202 path delay      1520
ptp4l[7488.582]: master offset         31 s2 freq    -210 path delay      1520
ptp4l[7489.582]: master offset        -19 s2 freq    -250 path delay      1520
ptp4l[7490.583]: master offset        -75 s2 freq    -312 path delay      1529
ptp4l[7491.583]: master offset         15 s2 freq    -245 path delay      1520
ptp4l[7492.584]: master offset         26 s2 freq    -229 path delay      1520
ptp4l[7493.584]: master offset        -37 s2 freq    -284 path delay      1531
ptp4l[7494.585]: master offset        -43 s2 freq    -301 path delay      1531
ptp4l[7495.586]: master offset        -14 s2 freq    -285 path delay      1532
ptp4l[7496.586]: master offset         -8 s2 freq    -284 path delay      1533
ptp4l[7497.587]: master offset        -26 s2 freq    -304 path delay      1533
ptp4l[7498.587]: master offset         22 s2 freq    -264 path delay      1533
ptp4l[7499.587]: master offset        -20 s2 freq    -299 path delay      1544
ptp4l[7500.587]: master offset         62 s2 freq    -223 path delay      1535
ptp4l[7501.588]: master offset        -12 s2 freq    -279 path delay      1535
ptp4l[7502.588]: master offset         43 s2 freq    -227 path delay      1535
ptp4l[7503.588]: master offset         -8 s2 freq    -265 path delay      1535
ptp4l[7504.589]: master offset         46 s2 freq    -214 path delay      1526
ptp4l[7505.589]: master offset          7 s2 freq    -239 path delay      1526
ptp4l[7506.589]: master offset        -10 s2 freq    -254 path delay      1526
ptp4l[7507.590]: master offset         48 s2 freq    -199 path delay      1525
ptp4l[7508.591]: master offset        -25 s2 freq    -257 path delay      1527
ptp4l[7509.591]: master offset        -85 s2 freq    -325 path delay      1527
ptp4l[7510.591]: master offset        -15 s2 freq    -280 path delay      1522
ptp4l[7511.592]: master offset        -18 s2 freq    -288 path delay      1524
ptp4l[7517.696]: port 1 (pfe0): SLAVE to LISTENING on ANNOUNCE_RECEIPT_TIMEOUT_EXPIRES
ptp4l[7517.696]: selected local clock 00049f.fffe.beef00 as best master
^Croot@s32g274ardb2:~# ethtool -s pfe0 speed 2500 duplex full autoneg on
root@s32g274ardb2:~#
root@s32g274ardb2:~# sudo ptp4l -2 -i pfe0 -s -m -H
ptp4l[7536.362]: selected /dev/ptp0 as PTP clock
ptp4l[7536.420]: port 1 (pfe0): INITIALIZING to LISTENING on INIT_COMPLETE
ptp4l[7536.420]: port 0 (/var/run/ptp4l): INITIALIZING to LISTENING on INIT_COMPLETE
ptp4l[7536.420]: port 0 (/var/run/ptp4lro): INITIALIZING to LISTENING on INIT_COMPLETE
^Croot@s32g274ardb2:~# sudo ptp4l -2 -i pfe0 -s -m -H
ptp4l[7541.150]: selected /dev/ptp0 as PTP clock
ptp4l[7541.200]: port 1 (pfe0): INITIALIZING to LISTENING on INIT_COMPLETE
ptp4l[7541.200]: port 0 (/var/run/ptp4l): INITIALIZING to LISTENING on INIT_COMPLETE
ptp4l[7541.200]: port 0 (/var/run/ptp4lro): INITIALIZING to LISTENING on INIT_COMPLETE
ptp4l[7548.022]: selected local clock 00049f.fffe.beef00 as best master
^Croot@s32g274ardb2:~# ethtool
ethtool: bad command line argument(s)
For more information run ethtool -h
root@s32g274ardb2:~# ethtool pfe0
Settings for pfe0:
        Supported ports: [ MII ]
        Supported link modes:   Not reported
        Supported pause frame use: Symmetric Receive-only
        Supports auto-negotiation: Yes
        Supported FEC modes: Not reported
        Advertised link modes:  Not reported
        Advertised pause frame use: Symmetric Receive-only
        Advertised auto-negotiation: Yes
        Advertised FEC modes: Not reported
        Speed: 2500Mb/s
        Duplex: Full
        Auto-negotiation: on
        Port: MII
        PHYAD: 0
        Transceiver: internal
        Link detected: yes
root@s32g274ardb2:~# ^C
root@s32g274ardb2:~# ethtool pfe0
Settings for pfe0:
        Supported ports: [ MII ]
        Supported link modes:   Not reported
        Supported pause frame use: Symmetric Receive-only
        Supports auto-negotiation: Yes
        Supported FEC modes: Not reported
        Advertised link modes:  Not reported
        Advertised pause frame use: Symmetric Receive-only
        Advertised auto-negotiation: Yes
        Advertised FEC modes: Not reported
        Speed: 2500Mb/s
        Duplex: Full
        Auto-negotiation: on
        Port: MII
        PHYAD: 0
        Transceiver: internal
        Link detected: yes
root@s32g274ardb2:~# ethtool pfe0
Settings for pfe0:
        Supported ports: [ MII ]
        Supported link modes:   Not reported
        Supported pause frame use: Symmetric Receive-only
        Supports auto-negotiation: Yes
        Supported FEC modes: Not reported
        Advertised link modes:  Not reported
        Advertised pause frame use: Symmetric Receive-only
        Advertised auto-negotiation: Yes
        Advertised FEC modes: Not reported
        Speed: 2500Mb/s
        Duplex: Full
        Auto-negotiation: on
        Port: MII
        PHYAD: 0
        Transceiver: internal
        Link detected: yes
root@s32g274ardb2:~# ethtool pfe0
Settings for pfe0:
        Supported ports: [ MII ]
        Supported link modes:   Not reported
        Supported pause frame use: Symmetric Receive-only
        Supports auto-negotiation: Yes
        Supported FEC modes: Not reported
        Advertised link modes:  Not reported
        Advertised pause frame use: Symmetric Receive-only
        Advertised auto-negotiation: Yes
        Advertised FEC modes: Not reported
        Speed: 2500Mb/s
        Duplex: Full
        Auto-negotiation: on
        Port: MII
        PHYAD: 0
        Transceiver: internal
        Link detected: yes
root@s32g274ardb2:~# ^C
root@s32g274ardb2:~#
root@s32g274ardb2:~#
root@s32g274ardb2:~# # PTP 마스터로 실행
root@s32g274ardb2:~# sudo ptp4l -2 -i pfe0 -m -H
ptp4l[17110.598]: selected /dev/ptp0 as PTP clock
ptp4l[17110.640]: port 1 (pfe0): INITIALIZING to LISTENING on INIT_COMPLETE
ptp4l[17110.640]: port 0 (/var/run/ptp4l): INITIALIZING to LISTENING on INIT_COMPLETE
ptp4l[17110.640]: port 0 (/var/run/ptp4lro): INITIALIZING to LISTENING on INIT_COMPLETE
ptp4l[17118.079]: port 1 (pfe0): LISTENING to MASTER on ANNOUNCE_RECEIPT_TIMEOUT_EXPIRES
ptp4l[17118.079]: selected local clock 00049f.fffe.beef00 as best master
ptp4l[17118.079]: port 1 (pfe0): assuming the grand master role
^Z
[1]+  Stopped(SIGTSTP)        sudo ptp4l -2 -i pfe0 -m -H
root@s32g274ardb2:~# sudo ptp4l -2 -i pfe0 -s -m -H
ptp4l[17172.946]: selected /dev/ptp0 as PTP clock
ptp4l[17173.000]: port 1 (pfe0): INITIALIZING to LISTENING on INIT_COMPLETE
ptp4l[17173.000]: port 0 (/var/run/ptp4l): INITIALIZING to LISTENING on INIT_COMPLETE
ptp4l[17173.000]: port 0 (/var/run/ptp4lro): INITIALIZING to LISTENING on INIT_COMPLETE
ptp4l[17180.577]: selected local clock 00049f.fffe.beef00 as best master
ptp4l[17181.877]: port 1 (pfe0): new foreign master d45d64.fffe.b25dc3-1
ptp4l[17185.877]: selected best master clock d45d64.fffe.b25dc3
ptp4l[17185.878]: port 1 (pfe0): LISTENING to UNCALIBRATED on RS_SLAVE
ptp4l[17187.878]: master offset       3130 s0 freq    -288 path delay      1537
ptp4l[17188.878]: master offset       3126 s2 freq    -292 path delay      1541
ptp4l[17188.878]: port 1 (pfe0): UNCALIBRATED to SLAVE on MASTER_CLOCK_SELECTED
ptp4l[17189.879]: master offset       3076 s2 freq   +2784 path delay      1541
ptp4l[17190.879]: master offset        -25 s2 freq    +606 path delay      1545
ptp4l[17191.879]: master offset       -952 s2 freq    -329 path delay      1545
ptp4l[17192.879]: master offset       -973 s2 freq    -635 path delay      1541
ptp4l[17193.879]: master offset       -617 s2 freq    -571 path delay      1534
ptp4l[17194.880]: master offset       -306 s2 freq    -445 path delay      1531
ptp4l[17195.879]: master offset       -116 s2 freq    -347 path delay      1524
ptp4l[17196.880]: master offset        -16 s2 freq    -282 path delay      1518
ptp4l[17197.880]: master offset        -62 s2 freq    -333 path delay      1518
ptp4l[17198.880]: master offset         -5 s2 freq    -294 path delay      1521
ptp4l[17199.880]: master offset         26 s2 freq    -265 path delay      1521
ptp4l[17200.881]: master offset         -9 s2 freq    -292 path delay      1521
ptp4l[17201.881]: master offset         35 s2 freq    -251 path delay      1521
ptp4l[17202.881]: master offset         21 s2 freq    -254 path delay      1521
ptp4l[17203.881]: master offset        -53 s2 freq    -322 path delay      1521
ptp4l[17204.881]: master offset         22 s2 freq    -263 path delay      1522
ptp4l[17205.881]: master offset        -11 s2 freq    -289 path delay      1527
ptp4l[17206.881]: master offset         -8 s2 freq    -289 path delay      1534
ptp4l[17207.881]: master offset        -90 s2 freq    -374 path delay      1542
ptp4l[17208.882]: master offset         49 s2 freq    -262 path delay      1542
ptp4l[17209.882]: master offset         31 s2 freq    -265 path delay      1542
ptp4l[17210.882]: master offset         11 s2 freq    -276 path delay      1546
ptp4l[17211.882]: master offset         14 s2 freq    -269 path delay      1540
ptp4l[17212.882]: master offset         17 s2 freq    -262 path delay      1540
ptp4l[17213.882]: master offset        -34 s2 freq    -308 path delay      1543
ptp4l[17214.883]: master offset         10 s2 freq    -274 path delay      1543
ptp4l[17215.883]: master offset        108 s2 freq    -173 path delay      1540
ptp4l[17216.883]: master offset         66 s2 freq    -183 path delay      1543
ptp4l[17217.883]: master offset         46 s2 freq    -183 path delay      1543
ptp4l[17218.883]: master offset        -12 s2 freq    -227 path delay      1545
ptp4l[17219.883]: master offset         35 s2 freq    -184 path delay      1543
ptp4l[17220.883]: master offset        -38 s2 freq    -246 path delay      1548
ptp4l[17221.884]: master offset        -24 s2 freq    -244 path delay      1548
ptp4l[17222.884]: master offset         20 s2 freq    -207 path delay      1548
ptp4l[17223.884]: master offset         20 s2 freq    -201 path delay      1548
ptp4l[17224.884]: master offset          2 s2 freq    -213 path delay      1546
ptp4l[17225.884]: master offset          3 s2 freq    -211 path delay      1542
ptp4l[17226.884]: master offset         29 s2 freq    -185 path delay      1542
ptp4l[17227.884]: master offset         44 s2 freq    -161 path delay      1542
ptp4l[17228.885]: master offset        -60 s2 freq    -252 path delay      1542
ptp4l[17229.885]: master offset         33 s2 freq    -177 path delay      1540
ptp4l[17230.885]: master offset         11 s2 freq    -189 path delay      1540
ptp4l[17231.885]: master offset        -24 s2 freq    -220 path delay      1541
ptp4l[17232.885]: master offset         32 s2 freq    -172 path delay      1541
ptp4l[17233.885]: master offset          7 s2 freq    -187 path delay      1541
ptp4l[17234.886]: master offset         35 s2 freq    -157 path delay      1540
ptp4l[17235.886]: master offset         42 s2 freq    -139 path delay      1540
ptp4l[17236.886]: master offset         91 s2 freq     -78 path delay      1540
ptp4l[17237.886]: master offset        -39 s2 freq    -181 path delay      1540
ptp4l[17238.886]: master offset          8 s2 freq    -145 path delay      1534
ptp4l[17239.886]: master offset          8 s2 freq    -143 path delay      1528
ptp4l[17240.887]: master offset          5 s2 freq    -143 path delay      1528
ptp4l[17241.887]: master offset         55 s2 freq     -92 path delay      1528
ptp4l[17242.887]: master offset        -14 s2 freq    -144 path delay      1528
ptp4l[17243.887]: master offset        -74 s2 freq    -209 path delay      1531
ptp4l[17244.887]: master offset        -17 s2 freq    -174 path delay      1528
ptp4l[17245.887]: master offset        -81 s2 freq    -243 path delay      1528
ptp4l[17246.888]: master offset        -42 s2 freq    -228 path delay      1524
ptp4l[17247.888]: master offset         25 s2 freq    -174 path delay      1524
ptp4l[17248.888]: master offset         -4 s2 freq    -195 path delay      1524
ptp4l[17249.888]: master offset         44 s2 freq    -149 path delay      1528
ptp4l[17250.888]: master offset         14 s2 freq    -165 path delay      1528
ptp4l[17251.888]: master offset        -59 s2 freq    -234 path delay      1531
ptp4l[17252.888]: master offset        -23 s2 freq    -216 path delay      1533
ptp4l[17253.888]: master offset        -13 s2 freq    -213 path delay      1533
ptp4l[17254.889]: master offset        -67 s2 freq    -271 path delay      1533
ptp4l[17255.889]: master offset         31 s2 freq    -193 path delay      1526
ptp4l[17256.889]: master offset         18 s2 freq    -196 path delay      1526
ptp4l[17257.889]: master offset        -53 s2 freq    -262 path delay      1533
ptp4l[17258.889]: master offset        -20 s2 freq    -245 path delay      1533
ptp4l[17259.889]: master offset        -24 s2 freq    -255 path delay      1533
ptp4l[17260.890]: master offset        -10 s2 freq    -248 path delay      1533
ptp4l[17261.890]: master offset         76 s2 freq    -165 path delay      1532
ptp4l[17262.890]: master offset        -11 s2 freq    -229 path delay      1538
ptp4l[17263.890]: master offset        -51 s2 freq    -273 path delay      1538
ptp4l[17264.890]: master offset        -33 s2 freq    -270 path delay      1538
