/run/media/entware-mmcblk0p4...
         Unmounting /run/media/fsl-image-auto-s-mmcblk0p3...
[  289.036939] EXT4-fs (mmcblk0p4): unmounting filesystem 4a0532f1-fd55-4906-b2cb-3b1aa8f8927b.
         Unmounting /tmp...
         Unmounting /var/[  289.055556] EXT4-fs (mmcblk0p3): unmounting filesystem c8d6bf0d-db58-4b91-9d8d-949e6b280d4a.
volatile/tmp...
[  OK  ] Unmounted /run/media/boot_s32g2-mmcblk0p2.
[  OK  ] Unmounted /run/media/entware-mmcblk0p4.
[  OK  ] Unmounted /run/media/fsl-image-auto-s-mmcblk0p3.
[  OK  ] Unmounted /tmp.
[  OK  ] Unmounted /var/volatile/tmp.
         Unmounting /var/volatile...
[  OK  ] Stopped File System Check on /dev/mmcblk0p2.
[  OK  ] Stopped File System Check on /dev/mmcblk0p3.
[  OK  ] Stopped File System Check on /dev/mmcblk0p4.
[  OK  ] Removed slice Slice /system/systemd-fsck.
[  OK  ] Unmounted /var/volatile.
[  OK  ] Stopped target Preparation for Local File Systems.
[  OK  ] Stopped target Swaps.
[  OK  ] Reached target Unmount All Filesystems.
[  OK  ] Stopped Create Static Device Nodes in /dev.
[  OK  ] Stopped Create System Users.
[  OK  ] Stopped Remount Root and Kernel File Systems.
[  OK  ] Stopped Create Static Device Nodes in /dev gracefully.
[  OK  ] Reached target System Shutdown.
[  OK  ] Reached target Late Shutdown Services.
[  OK  ] Finished System Reboot.
[  OK  ] Reached target System Reboot.
[  289.559453] watchdog: watchdog0: watchdog did not stop!
[  289.581336] systemd-shutdown[1]: Using hardware watchdog 's32cc watchdog', version 0, device /dev/watchdog0
[  289.590802] systemd-shutdown[1]: Watchdog running with a hardware timeout of 1min.
[  289.608053] systemd-shutdown[1]: Syncing filesystems and block devices.
[  289.614591] systemd-shutdown[1]: Sending SIGTERM to remaining processes...
[  289.641450] systemd-journald[115]: Received SIGTERM from PID 1 (systemd-shutdow).
[  289.674076] systemd-shutdown[1]: Sending SIGKILL to remaining processes...
[  289.695439] systemd-shutdown[1]: Unmounting file systems.
[  289.702900] (sd-remount)[527]: Remounting '/' read-only with options ''.
[  289.710127] systemd-shutdown[1]: All filesystems unmounted.
[  289.715536] systemd-shutdown[1]: Deactivating swaps.
[  289.720330] systemd-shutdown[1]: All swaps deactivated.
[  289.725751] systemd-shutdown[1]: Detaching loop devices.
[  289.731332] systemd-shutdown[1]: All loop devices detached.
[  289.736492] systemd-shutdown[1]: Stopping MD devices.
[  289.741845] systemd-shutdown[1]: All MD devices stopped.
[  289.746818] systemd-shutdown[1]: Detaching DM devices.
[  289.752232] systemd-shutdown[1]: All DM devices detached.
[  289.757322] systemd-shutdown[1]: All filesystems, swaps, loop devices, MD devices and DM devices detached.
[  289.768022] systemd-shutdown[1]: Syncing filesystems and block devices.
[  289.774347] systemd-shutdown[1]: Rebooting.
[  289.778486] pfeng 46000000.pfe: Suspending driver
[  289.783383] pfeng 46000000.pfe pfe0: Link is Down
[  289.788189] pfeng 46000000.pfe pfe0: Unregistered PTP HW clock successfully on EMAC0
[  289.808568] pfeng 46000000.pfe pfe1: Unregistered PTP HW clock successfully on EMAC0
[  289.816357] pfeng 46000000.pfe pfe2: Unregistered PTP HW clock successfully on EMAC0
[  289.823721] pfeng 46000000.pfe: HIF3 not enabled, skipped
[  289.829104] pfeng 46000000.pfe: HIF2 stopped
[  289.853970] pfeng 46000000.pfe: HIF1 stopped
[  289.869968] pfeng 46000000.pfe: HIF0 stopped
[  290.030749] pfeng 46000000.pfe: HIF2 disabled
[  290.179539] pfeng 46000000.pfe: HIF1 disabled
[  290.460989] pfeng 46000000.pfe: HIF0 disabled
[  290.464943] pfeng 46000000.pfe: Global poller finished
[  290.470096] pfeng 46000000.pfe: Removing default logical interface (emac0, parent: emac0)
[  290.478266] pfeng 46000000.pfe: emac0 (p0x000000002443731b) removed from emac0 (p0x00000000bcec2392)
[  290.487415] pfeng 46000000.pfe: Removing default logical interface (emac1, parent: emac1)
[  290.495524] pfeng 46000000.pfe: emac1 (p0x00000000546f322a) removed from emac1 (p0x000000000450c0fb)
[  290.504681] pfeng 46000000.pfe: Removing default logical interface (emac2, parent: emac2)
[  290.512797] pfeng 46000000.pfe: emac2 (p0x000000007b982afa) removed from emac2 (p0x00000000335d9c03)
[  290.521970] pfeng 46000000.pfe: Removing default logical interface (hif0, parent: hif0)
[  290.529900] pfeng 46000000.pfe: hif0 (p0x00000000de6e5330) removed from hif0 (p0x0000000006c33101)
[  290.538880] pfeng 46000000.pfe: Removing default logical interface (hif1, parent: hif1)
[  290.546822] pfeng 46000000.pfe: hif1 (p0x00000000574f6cde) removed from hif1 (p0x00000000c7c947cf)
[  290.555806] pfeng 46000000.pfe: Removing default logical interface (hif2, parent: hif2)
[  290.563748] pfeng 46000000.pfe: hif2 (p0x0000000085f68fc5) removed from hif2 (p0x000000000bccdc1f)
[  290.572732] pfeng 46000000.pfe: Removing default logical interface (hif3, parent: hif3)
[  290.580674] pfeng 46000000.pfe: hif3 (p0x00000000f44355f3) removed from hif3 (p0x00000000be4e998e)
[  290.593486] pfeng 46000000.pfe: Stopping rtable worker...
[  290.598498] pfeng 46000000.pfe: rtable worker stopped
[  290.603871] pfeng 46000000.pfe: PFE Platform stopped
[  290.608531] pfeng 46000000.pfe: PFE controller off
[  290.721714] sja1110 spi5.0: [sja1110_remove]
[  290.725739] sja1110 spi5.1: [sja1110_remove]
[  290.730509] ci_hdrc ci_hdrc.0: remove, state 4
[  290.734549] usb usb1: USB disconnect, device number 1
[  290.740288] ci_hdrc ci_hdrc.0: USB bus 1 deregistered
[  290.745830] s32cc-wdt 4010c000.watchdog: Device shutdown: Expect reboot!
[  290.752400] reboot: Restarting sysï¿½NOTICE:  Reset status: Destructive Reset (RUN)
NOTICE:  BL2: v2.10.14(release):bsp44.0_rc11-2.10.14
NOTICE:  BL2: Built : 08:13:32, May 13 2025
NOTICE:  BL2: Booting BL31


U-Boot 2022.04+g9a00323278+p0 (May 13 2025 - 06:57:56 +0000)

SoC:   NXP S32G274A rev. 2.1
CPU:   ARM Cortex-A53 r0p4 @ max 1000 MHz
Model: NXP S32G274A-RDB2
DRAM:  4 GiB
Core:  314 devices, 25 uclasses, devicetree: board
MMC:   FSL_SDHC: 0
Loading Environment from SPIFlash... SF: Detected mx25uw51245g with page size 256 Bytes, erase size 64 KiB, total 64 MiB
*** Warning - bad CRC, using default environment

s32cc_serdes_phy serdes@40480000: Using mode 0 for SerDes subsystem
pci_s32cc pcie@40400000: Could not set DEVICE ID
pci_s32cc pcie@40400000: Configuring as RootComplex
pci_s32cc pcie@40400000: Failed to get link up
In:    serial@401c8000
Out:   serial@401c8000
Err:   serial@401c8000
Board revision: RDB2/GLDBOX Revision E
PCIe:   BusDevFun       VendorId   DeviceId   Device Class       Sub-Class
__________________________________________________________________________
pcie@40400000 RootComplex
|   `-- 01:00.00        0x1957     0x4002     Bridge device           0x04
Net:
Warning: ethernet@4033c000 (eth0) using random MAC address - 52:f5:f5:44:e0:73
eth0: ethernet@4033c000
Found PFE version 0x50300 (S32G2)
pfeng pfeng-base: Uploading CLASS firmware
pfeng pfeng-base: EMAC0 block was initialized
pfeng pfeng-base: EMAC1 block was initialized
pfeng pfeng-base: EMAC2 block was initialized
pfeng pfeng-base: Enabling the CLASS block
pfeng pfeng-base: PFE Platform started successfully (mask: 7)
s32cc_serdes_phy serdes@44180000: Using mode 4 for SerDes subsystem
s32cc_serdes_phy serdes@44180000: Unstable RX detected on XPCS0
, eth1: pfe0s32cc_serdes_phy serdes@44180000: Unstable RX detected on XPCS1
, eth2: pfe1, eth3: pfe2
Hit any key to stop autoboot:  0
Booting from flash...
Reading 17629184 byte(s) at offset 0x00000000
Reading 196608 byte(s) at offset 0x00000000
Reading 32571392 byte(s) at offset 0x00000000
## Loading init Ramdisk from Legacy Image at 90000000 ...
   Image Name:   fsl-image-base-s32g274ardb2-2025
   Image Type:   AArch64 Linux RAMDisk Image (uncompressed)
   Data Size:    27190637 Bytes = 25.9 MiB
   Load Address: 00000000
   Entry Point:  00000000
   Verifying Checksum ... OK
## Flattened Device Tree blob at 83000000
   Booting using the fdt blob at 0x83000000
   Using Device Tree in place at 0000000083000000, end 0000000083011761
   fixup: pfe1: update phy addr to 0x8
Failed to configure XPCS1_1
Failed to update XPCS1 for SerDes1

Starting kernel ...

[    0.000000] Booting Linux on physical CPU 0x0000000000 [0x410fd034]
[    0.000000] Linux version 6.6.85-rt53-00977-g6208e1d0d7b5 (oe-user@oe-host) (aarch64-fsl-linux-gcc (GCC) 13.3.0, GNU ld (GNU Binutils) 2.42.0.20240723) #1 SMP PREEMPT Wed May 14 13:40:03 UTC 2025
[    0.000000] Machine model: NXP S32G2 Reference Design Board 2 (S32G-VNP-RDB2)
[    0.000000] earlycon: linflex0 at MMIO 0x00000000401c8000 (options '')
[    0.000000] printk: legacy bootconsole [linflex0] enabled
[    0.000000] OF: reserved mem: 0x0000000034000000..0x000000003407ffff (512 KiB) nomap non-reusable pfebufs@34000000
[    0.000000] OF: reserved mem: 0x0000000034080000..0x000000003409ffff (128 KiB) nomap non-reusable pfebufs@34080000
[    0.000000] Reserved memory: created DMA memory pool at 0x0000000083200000, size 3 MiB
[    0.000000] OF: reserved mem: initialized node pfebufs@83200000, compatible id shared-dma-pool
[    0.000000] OF: reserved mem: 0x0000000083200000..0x00000000835dffff (3968 KiB) nomap non-reusable pfebufs@83200000
[    0.000000] OF: reserved mem: 0x00000000835e0000..0x00000000835fffff (128 KiB) map non-reusable pfebufs@835e0000
[    0.000000] OF: reserved mem: 0x0000000084000000..0x0000000084ffffff (16384 KiB) nomap non-reusable shm@84000000
[    0.000000] OF: reserved mem: 0x00000000c0000000..0x00000000c03fffff (4096 KiB) nomap non-reusable shm@c0000000
[    0.000000] OF: reserved mem: 0x00000000c0400000..0x00000000c07fffff (4096 KiB) nomap non-reusable shm@c0400000
[    0.000000] OF: reserved mem: 0x00000000d0000000..0x00000000d000007f (0 KiB) nomap non-reusable shm@d0000000
[    0.000000] OF: reserved mem: 0x00000000d0000080..0x00000000d00000ff (0 KiB) nomap non-reusable shm@d0000080
[    0.000000] OF: reserved mem: 0x00000000ff600000..0x00000000ff7fffff (2048 KiB) nomap non-reusable atf@ff600000
[    0.000000] Zone ranges:
[    0.000000]   DMA      [mem 0x0000000080000000-0x00000000ffffffff]
[    0.000000]   DMA32    empty
[    0.000000]   Normal   [mem 0x0000000100000000-0x00000008ffffffff]
[    0.000000] Movable zone start for each node
[    0.000000] Early memory node ranges
[    0.000000]   node   0: [mem 0x0000000080000000-0x00000000831fffff]
[    0.000000]   node   0: [mem 0x0000000083200000-0x00000000835dffff]
[    0.000000]   node   0: [mem 0x00000000835e0000-0x0000000083ffffff]
[    0.000000]   node   0: [mem 0x0000000084000000-0x0000000084ffffff]
[    0.000000]   node   0: [mem 0x0000000085000000-0x00000000bfffffff]
[    0.000000]   node   0: [mem 0x00000000c0000000-0x00000000c07fffff]
[    0.000000]   node   0: [mem 0x00000000c0800000-0x00000000cfffffff]
[    0.000000]   node   0: [mem 0x00000000d0001000-0x00000000ff5fffff]
[    0.000000]   node   0: [mem 0x00000000ff600000-0x00000000ff7fffff]
[    0.000000]   node   0: [mem 0x00000000ff800000-0x00000000ffffffff]
[    0.000000]   node   0: [mem 0x0000000880000000-0x00000008ffffffff]
[    0.000000] Initmem setup node 0 [mem 0x0000000080000000-0x00000008ffffffff]
[    0.000000] On node 0, zone DMA: 1 pages in unavailable ranges
[    0.000000] cma: Reserved 256 MiB at 0x00000000ef600000 on node -1
[    0.000000] psci: probing for conduit method from DT.
[    0.000000] psci: PSCIv1.1 detected in firmware.
[    0.000000] psci: Using standard PSCI v0.2 function IDs
[    0.000000] psci: MIGRATE_INFO_TYPE not supported.
[    0.000000] psci: SMC Calling Convention v1.4
[    0.000000] percpu: Embedded 19 pages/cpu s40104 r8192 d29528 u77824
[    0.000000] Detected VIPT I-cache on CPU0
[    0.000000] CPU features: detected: GIC system register CPU interface
[    0.000000] CPU features: detected: ARM erratum 845719
[    0.000000] CPU features: detected: NXP erratum ERR050481 (TLBI by VA handled incorrectly)
[    0.000000] CPU features: detected: ARM errata 1165522, 1319367, 1530923, or 1530924
[    0.000000] alternatives: applying boot alternatives
[    0.000000] Kernel command line: console=ttyLF0,115200 root=/dev/ram rw earlycon
[    0.000000] Dentry cache hash table entries: 524288 (order: 10, 4194304 bytes, linear)
[    0.000000] Inode-cache hash table entries: 262144 (order: 9, 2097152 bytes, linear)
[    0.000000] Built 1 zonelists, mobility grouping on.  Total pages: 1032191
[    0.000000] mem auto-init: stack:all(zero), heap alloc:off, heap free:off
[    0.000000] software IO TLB: area num 4.
[    0.000000] software IO TLB: mapped [mem 0x00000000eb600000-0x00000000ef600000] (64MB)
[    0.000000] Memory: 3712652K/4194300K available (9600K kernel code, 664K rwdata, 2968K rodata, 1792K init, 221K bss, 219504K reserved, 262144K cma-reserved)
[    0.000000] SLUB: HWalign=64, Order=0-3, MinObjects=0, CPUs=4, Nodes=1
[    0.000000] rcu: Preemptible hierarchical RCU implementation.
[    0.000000] rcu:     RCU event tracing is enabled.
[    0.000000] rcu:     RCU restricting CPUs from NR_CPUS=8 to nr_cpu_ids=4.
[    0.000000]  Trampoline variant of Tasks RCU enabled.
[    0.000000]  Tracing variant of Tasks RCU enabled.
[    0.000000] rcu: RCU calculated value of scheduler-enlistment delay is 25 jiffies.
[    0.000000] rcu: Adjusting geometry for rcu_fanout_leaf=16, nr_cpu_ids=4
[    0.000000] NR_IRQS: 64, nr_irqs: 64, preallocated irqs: 0
[    0.000000] GICv3: GIC: Using split EOI/Deactivate mode
[    0.000000] GICv3: 544 SPIs implemented
[    0.000000] GICv3: 0 Extended SPIs implemented
[    0.000000] GICv3: MBI range [167:182]
[    0.000000] GICv3: Using MBI frame 0x0000000050800000
[    0.000000] Root IRQ handler: gic_handle_irq
[    0.000000] GICv3: GICv3 features: 16 PPIs
[    0.000000] GICv3: CPU0: found redistributor 0 region 0:0x0000000050880000
[    0.000000] ITS: No ITS available, not enabling LPIs
[    0.000000] rcu: srcu_init: Setting srcu_struct sizes based on contention.
[    0.000000] arch_timer: cp15 timer(s) running at 5.00MHz (phys).
[    0.000000] clocksource: arch_sys_counter: mask: 0xffffffffffffff max_cycles: 0x127350b88, max_idle_ns: 440795202120 ns
[    0.000001] sched_clock: 56 bits at 5MHz, resolution 200ns, wraps every 4398046511100ns
[    0.008459] Console: colour dummy device 80x25
[    0.012517] Calibrating delay loop (skipped), value calculated using timer frequency.. 10.00 BogoMIPS (lpj=20000)
[    0.022721] pid_max: default: 32768 minimum: 301
[    0.027440] Mount-cache hash table entries: 8192 (order: 4, 65536 bytes, linear)
[    0.034713] Mountpoint-cache hash table entries: 8192 (order: 4, 65536 bytes, linear)
[    0.044337] RCU Tasks: Setting shift to 2 and lim to 1 rcu_task_cb_adjust=1 rcu_task_cpu_ids=4.
[    0.052722] RCU Tasks Trace: Setting shift to 2 and lim to 1 rcu_task_cb_adjust=1 rcu_task_cpu_ids=4.
[    0.062055] rcu: Hierarchical SRCU implementation.
[    0.066594] rcu:     Max phase no-delay instances is 1000.
[    0.072875] smp: Bringing up secondary CPUs ...
[    0.077708] Detected VIPT I-cache on CPU1
[    0.077795] GICv3: CPU1: found redistributor 1 region 0:0x00000000508a0000
[    0.077851] CPU1: Booted secondary processor 0x0000000001 [0x410fd034]
[    0.078634] Detected VIPT I-cache on CPU2
[    0.078711] GICv3: CPU2: found redistributor 100 region 0:0x00000000508c0000
[    0.078752] CPU2: Booted secondary processor 0x0000000100 [0x410fd034]
[    0.079456] Detected VIPT I-cache on CPU3
[    0.079507] GICv3: CPU3: found redistributor 101 region 0:0x00000000508e0000
[    0.079531] CPU3: Booted secondary processor 0x0000000101 [0x410fd034]
[    0.079623] smp: Brought up 1 node, 4 CPUs
[    0.135746] SMP: Total of 4 processors activated.
[    0.140412] CPU features: detected: 32-bit EL0 Support
[    0.145556] CPU features: detected: CRC32 instructions
[    0.150740] CPU: All CPU(s) started at EL2
[    0.154750] alternatives: applying system-wide alternatives
[    0.162468] devtmpfs: initialized
[    0.176570] clocksource: jiffies: mask: 0xffffffff max_cycles: 0xffffffff, max_idle_ns: 7645041785100000 ns
[    0.185933] futex hash table entries: 1024 (order: 4, 65536 bytes, linear)
[    0.202171] pinctrl core: initialized pinctrl subsystem
[    0.207991] NET: Registered PF_NETLINK/PF_ROUTE protocol family
[    0.214601] DMA: preallocated 512 KiB GFP_KERNEL pool for atomic allocations
[    0.221496] DMA: preallocated 512 KiB GFP_KERNEL|GFP_DMA pool for atomic allocations
[    0.229292] DMA: preallocated 512 KiB GFP_KERNEL|GFP_DMA32 pool for atomic allocations
[    0.237325] thermal_sys: Registered thermal governor 'step_wise'
[    0.237466] hw-breakpoint: found 6 breakpoint and 4 watchpoint registers.
[    0.249909] ASID allocator initialised with 65536 entries
[    0.255327] Serial: AMBA PL011 UART driver
[    0.259338] scmi_core: SCMI protocol bus registered
[    0.265447] scmi_protocol scmi_dev.1: Enabled polling mode TX channel - prot_id:16
[    0.273013] arm-scmi firmware:scmi: SCMI Notifications - Core Enabled.
[    0.279182] arm-scmi firmware:scmi: SCMI Protocol v2.0 'NXP:S32G274A' Firmware version 0x0
[    0.296486] /soc/interrupt-controller@50800000: Fixed dependency cycle(s) with /soc/interrupt-controller@50800000
[    0.308690] /soc/siul2@4009c000/siul2-pinctrl@4009c240: Fixed dependency cycle(s) with /soc/siul2@4009c000/siul2-pinctrl@4009c240/jtag_pins
[    0.331436] Modules: 28928 pages in range for non-PLT usage
[    0.331460] Modules: 520448 pages in range for PLT usage
[    0.337228] HugeTLB: registered 1.00 GiB page size, pre-allocated 0 pages
[    0.348883] HugeTLB: 0 KiB vmemmap can be freed for a 1.00 GiB page
[    0.355134] HugeTLB: registered 32.0 MiB page size, pre-allocated 0 pages
[    0.361902] HugeTLB: 0 KiB vmemmap can be freed for a 32.0 MiB page
[    0.368156] HugeTLB: registered 2.00 MiB page size, pre-allocated 0 pages
[    0.374923] HugeTLB: 0 KiB vmemmap can be freed for a 2.00 MiB page
[    0.381174] HugeTLB: registered 64.0 KiB page size, pre-allocated 0 pages
[    0.387942] HugeTLB: 0 KiB vmemmap can be freed for a 64.0 KiB page
[    0.403959] SCSI subsystem initialized
[    0.407521] usbcore: registered new interface driver usbfs
[    0.412794] usbcore: registered new interface driver hub
[    0.418099] usbcore: registered new device driver usb
[    0.423839] pps_core: LinuxPPS API ver. 1 registered
[    0.428375] pps_core: Software ver. 5.3.6 - Copyright 2005-2007 Rodolfo Giometti <giometti@linux.it>
[    0.437500] PTP clock support registered
[    0.442620] vgaarb: loaded
[    0.445256] clocksource: Switched to clocksource arch_sys_counter
[    0.459268] NET: Registered PF_INET protocol family
[    0.464014] IP idents hash table entries: 65536 (order: 7, 524288 bytes, linear)
[    0.474451] tcp_listen_portaddr_hash hash table entries: 2048 (order: 3, 32768 bytes, linear)
[    0.482646] Table-perturb hash table entries: 65536 (order: 6, 262144 bytes, linear)
[    0.490287] TCP established hash table entries: 32768 (order: 6, 262144 bytes, linear)
[    0.498431] TCP bind hash table entries: 32768 (order: 8, 1048576 bytes, linear)
[    0.506706] TCP: Hash tables configured (established 32768 bind 32768)
[    0.513021] UDP hash table entries: 2048 (order: 4, 65536 bytes, linear)
[    0.519634] UDP-Lite hash table entries: 2048 (order: 4, 65536 bytes, linear)
[    0.526904] NET: Registered PF_UNIX/PF_LOCAL protocol family
[    0.532805] RPC: Registered named UNIX socket transport module.
[    0.538302] RPC: Registered udp transport module.
[    0.542982] RPC: Registered tcp transport module.
[    0.547668] RPC: Registered tcp-with-tls transport module.
[    0.553138] RPC: Registered tcp NFSv4.1 backchannel transport module.
[    0.559595] PCI: CLS 0 bytes, default 64
[    0.563821] Unpacking initramfs...
[    0.568155] workingset: timestamp_bits=62 max_order=20 bucket_order=0
[    0.575152] fuse: init (API version 7.39)
[    0.579122] NET: Registered PF_ALG protocol family
[    0.583592] Block layer SCSI generic (bsg) driver version 0.4 loaded (major 248)
[    0.590907] io scheduler mq-deadline registered
[    0.595415] io scheduler kyber registered
[    0.599423] io scheduler bfq registered
[    0.607839] s32cc-siul2-pinctrl 4009c240.siul2-pinctrl: initialized s32 pinctrl driver
[    0.617365] s32cc-siul2-gpio 4009d700.siul2-gpio: No cache defaults, reading back from HW
[    0.625320] s32cc-siul2-gpio 4009d700.siul2-gpio: No cache defaults, reading back from HW
[    0.633783] gpio gpiochip0: Static allocation of GPIO base is deprecated, use dynamic allocation.
[    0.643342] s32cc-siul2-gpio 4009d700.siul2-gpio: No cache defaults, reading back from HW
[    0.651187] s32cc-siul2-gpio 4009d700.siul2-gpio: No cache defaults, reading back from HW
[    0.671358] printk: legacy console [ttyLF0] enabled000 (irq = 23, base_baud = 7812500) is a FSL_LINFLEX
[    0.671358] printk: legacy console [ttyLF0] enabled
[    0.681267] printk: legacy bootconsole [linflex0] disabled
[    0.681267] printk: legacy bootconsole [linflex0] disabled
[    0.694219] 401cc000.serial: ttyLF1 at MMIO 0x401cc000 (irq = 24, base_baud = 7812500) is a FSL_LINFLEX
[    0.705665] s32cc_fccu 4030c000.fccu: FCCU status is 0 (normal)
[    0.714929] sja1110-sw@1 enforce active low on GPIO handle
[    0.723448] spi-nor spi6.0: mx25uw51245g (65536 Kbytes)
[    2.094149] Freeing initrd memory: 26548K
[    2.106365] 8 fixed-partitions partitions found on MTD device 0.spi
[    2.112767] Creating 8 MTD partitions on "0.spi":
[    2.117550] 0x000000000000-0x000004000000 : "Flash-Image"
[    2.123559] 0x000000000000-0x0000000d0000 : "BL2"
[    2.128668] 0x0000000d0000-0x0000002a0000 : "FIP"
[    2.133867] 0x0000002a0000-0x0000002b0000 : "U-Boot-Env"
[    2.139587] 0x0000002b0000-0x000001380000 : "Kernel"
[    2.144946] 0x000001380000-0x0000013b0000 : "DTB"
[    2.150044] 0x0000013b0000-0x0000032c0000 : "Rootfs"
[    2.155404] 0x0000032c0000-0x000004000000 : "PFE-Firmware"
[    2.163489] vcan: Virtual CAN interface driver
[    2.168022] slcan: serial line CAN interface driver
[    2.172975] CAN device driver interface
[    2.178299] flexcan 401b4000.can: device registered (reg_base=(____ptrval____), irq(s):
[    2.186444] flexcan 401b4000.can:  30
[    2.190167] flexcan 401b4000.can:  31
[    2.193884] flexcan 401b4000.can:  32
[    2.197607] flexcan 401b4000.can:  33
[    2.201322] flexcan 401b4000.can: )
[    2.205901] flexcan 401be000.can: device registered (reg_base=(____ptrval____), irq(s):
[    2.214035] flexcan 401be000.can:  34
[    2.217757] flexcan 401be000.can:  35
[    2.221489] flexcan 401be000.can:  36
[    2.225200] flexcan 401be000.can:  37
[    2.228923] flexcan 401be000.can: )
[    2.232799] e100: Intel(R) PRO/100 Network Driver
[    2.237574] e100: Copyright(c) 1999-2006 Intel Corporation
[    2.243173] e1000: Intel(R) PRO/1000 Network Driver
[    2.248122] e1000: Copyright (c) 1999-2006 Intel Corporation.
[    2.253977] e1000e: Intel(R) PRO/1000 Network Driver
[    2.259014] e1000e: Copyright(c) 1999 - 2015 Intel Corporation.
[    2.265046] igb: Intel(R) Gigabit Ethernet Network Driver
[    2.270521] igb: Copyright (c) 2007-2014 Intel Corporation.
[    2.277471] hse-uio 40210000.mu0b: firmware not found
[    2.283230] usbcore: registered new interface driver uas
[    2.288661] usbcore: registered new interface driver usb-storage
[    2.295915] imx_usb 44064000.usb: No over current polarity defined
[    2.314820] ci_hdrc ci_hdrc.0: EHCI Host Controller
[    2.320035] ci_hdrc ci_hdrc.0: new USB bus registered, assigned bus number 1
[    2.341260] ci_hdrc ci_hdrc.0: USB 2.0 started, EHCI 1.00
[    2.346934] usb usb1: New USB device found, idVendor=1d6b, idProduct=0002, bcdDevice= 6.06
[    2.355332] usb usb1: New USB device strings: Mfr=3, Product=2, SerialNumber=1
[    2.362665] usb usb1: Product: EHCI Host Controller
[    2.367617] usb usb1: Manufacturer: Linux 6.6.85-rt53-00977-g6208e1d0d7b5 ehci_hcd
[    2.375296] usb usb1: SerialNumber: ci_hdrc.0
[    2.380200] hub 1-0:1.0: USB hub found
[    2.384036] hub 1-0:1.0: 1 port detected
[    2.390054] s32cc-rtc 40060000.rtc: registered as rtc0
[    2.395315] s32cc-rtc 40060000.rtc: setting system clock to 1970-01-01T00:00:00 UTC (0)
[    2.403647] i2c_dev: i2c /dev entries driver
[    2.408583] s32cc-wdt 4010c000.watchdog: S32CC Watchdog Timer Registered. timeout=30s (nowayout=0)
[    2.418202] s32cc-wdt 40200000.watchdog: S32CC Watchdog Timer Registered. timeout=30s (nowayout=0)
[    2.427495] s32cc-wdt 40204000.watchdog: S32CC Watchdog Timer Registered. timeout=30s (nowayout=0)
[    2.436775] s32cc-wdt 40208000.watchdog: S32CC Watchdog Timer Registered. timeout=30s (nowayout=0)
[    2.447829] sdhci: Secure Digital Host Controller Interface driver
[    2.454159] sdhci: Copyright(c) Pierre Ossman
[    2.458587] sdhci-pltfm: SDHCI platform and OF driver helper
[    2.464626] SMCCC: SOC_ID: ARCH_SOC_ID not implemented, skipping ....
[    2.471728] hse 40211000.mu1b: interface mu1b not active
[    2.477775] usbcore: registered new interface driver usbhid
[    2.483440] usbhid: USB HID core driver
[    2.496983] mmc0: SDHCI controller on 402f0000.mmc [402f0000.mmc] using ADMA
[    2.504355] s32-adc 401f8000.adc: using dma0chan4 for ADC DMA transfers
[    2.511735] s32-adc 401f8000.adc: Device initialized successfully.
[    2.529552] s32-adc 402e8000.adc: using dma1chan16 for ADC DMA transfers
[    2.536956] s32-adc 402e8000.adc: Device initialized successfully.
[    2.537973] mmc0: new high speed SDHC card at address 0001
[    2.549029] hw perfevents: enabled with armv8_cortex_a53 PMU driver, 7 counters available
[    2.549494] mmcblk0: mmc0:0001 BB1QT 29.8 GiB
[    2.559165] s32-siul2-nvmem 4009c000.nvram: Initialized s32cc siul2 nvmem driver
[    2.563981]  mmcblk0: p1 p2 p3 p4
[    2.569553] s32-siul2-nvmem 44010000.nvram: Initialized s32cc siul2 nvmem driver
[    2.581175] NET: Registered PF_INET6 protocol family
[    2.587174] Segment Routing with IPv6
[    2.590952] In-situ OAM (IOAM) with IPv6
[    2.594999] sit: IPv6, IPv4 and MPLS over IPv4 tunneling driver
[    2.601578] NET: Registered PF_PACKET protocol family
[    2.606862] can: controller area network core
[    2.611333] NET: Registered PF_CAN protocol family
[    2.616199] can: raw protocol
[    2.619214] can: broadcast manager protocol
[    2.623473] can: netlink gateway - max_hops=1
[    2.627966] 8021q: 802.1Q VLAN Support v1.8
[    2.652406] i2c i2c-0: using pinctrl states for GPIO recovery
[    2.658385] i2c i2c-0: using generic GPIOs for recovery
[    2.664453] pca953x 0-0022: using AI
[    2.675065] rtc-pcf85063 0-0051: registered as rtc1
[    2.680080] i2c i2c-0: IMX I2C adapter registered
[    2.684906] i2c i2c-0: using dma0chan5 (tx) and dma0chan6 (rx) for DMA transfers
[    2.693295] i2c i2c-2: using pinctrl states for GPIO recovery
[    2.699216] i2c i2c-2: using generic GPIOs for recovery
[    2.704607] i2c i2c-2: IMX I2C adapter registered
[    2.709438] i2c i2c-2: using dma1chan17 (tx) and dma1chan18 (rx) for DMA transfers
[    2.717906] i2c i2c-4: using pinctrl states for GPIO recovery
[    2.723809] i2c i2c-4: using generic GPIOs for recovery
[    2.730723] ina2xx 4-0040: power monitor ina231 (Rshunt = 1000 uOhm)
[    2.737233] i2c i2c-4: IMX I2C adapter registered
[    2.742077] i2c i2c-4: using dma1chan19 (tx) and dma1chan20 (rx) for DMA transfers
[    2.771134] phy-s32cc-serdes 40480000.serdes: Using mode 0 for SerDes subsystem
[    2.779038] phy-s32cc-serdes 44180000.serdes: Using mode 4 for SerDes subsystem
[    3.110251] s32cc-pcie 40400000.pcie: Failed to stabilize PHY link
[    3.116535] s32cc-pcie 40400000.pcie: Configuring as RootComplex
[    3.122678] s32cc-pcie 40400000.pcie: host bridge /soc/pcie@40400000 ranges:
[    3.129862] s32cc-pcie 40400000.pcie:       IO 0x5ffffe0000..0x5ffffeffff -> 0x0000000000
[    3.138178] s32cc-pcie 40400000.pcie:      MEM 0x5800000000..0x5ffffdffff -> 0x0000000000
[    3.146496] s32cc-pcie 40400000.pcie: Memory resource size exceeds max for 32 bits
[    4.154332] s32cc-pcie 40400000.pcie: Phy link never came up
[    4.160085] s32cc-pcie 40400000.pcie: Link Up failed, EndPoint may not be connected
[    4.167878] s32cc-pcie 40400000.pcie: iATU: unroll T, 6 ob, 4 ib, align 4K, limit 1024G
[    5.176194] s32cc-pcie 40400000.pcie: Phy link never came up
[    5.181952] s32cc-pcie 40400000.pcie: Link Up failed, EndPoint may not be connected
[    6.189877] s32cc-pcie 40400000.pcie: Phy link never came up
[    6.196225] s32cc-pcie 40400000.pcie: PCI host bridge to bus 0000:00
[    6.202683] pci_bus 0000:00: root bus resource [bus 00-ff]
[    6.208259] pci_bus 0000:00: root bus resource [io  0x0000-0xffff]
[    6.214536] pci_bus 0000:00: root bus resource [mem 0x5800000000-0x5ffffdffff] (bus address [0x00000000-0x7fffdffff])
[    6.225345] pci 0000:00:00.0: [1957:4002] type 01 class 0x060400
[    6.231460] pci 0000:00:00.0: reg 0x10: [mem 0x5800000000-0x58000fffff]
[    6.238188] pci 0000:00:00.0: reg 0x38: [mem 0x5800000000-0x580000ffff pref]
[    6.245434] pci 0000:00:00.0: supports D1
[    6.249506] pci 0000:00:00.0: PME# supported from D0 D1 D3hot D3cold
[    6.259636] pci 0000:00:00.0: BAR 0: assigned [mem 0x5800000000-0x58000fffff]
[    6.266893] pci 0000:00:00.0: BAR 6: assigned [mem 0x5800100000-0x580010ffff pref]
[    6.274582] pci 0000:00:00.0: PCI bridge to [bus 01-ff]
[    6.280268] pcieport 0000:00:00.0: PME: Signaling with IRQ 51
[    6.287320] s32cc-dwmac 4033c000.ethernet: IRQ eth_wake_irq not found
[    6.293875] s32cc-dwmac 4033c000.ethernet: IRQ eth_lpi not found
[    6.300934] s32cc-dwmac 4033c000.ethernet: User ID: 0x10, Synopsys ID: 0x51
[    6.308016] s32cc-dwmac 4033c000.ethernet:   DWMAC4/5
[    6.313062] s32cc-dwmac 4033c000.ethernet: DMA HW capability register supported
[    6.320479] s32cc-dwmac 4033c000.ethernet: RX Checksum Offload Engine supported
[    6.327896] s32cc-dwmac 4033c000.ethernet: TX Checksum insertion supported
[    6.334870] s32cc-dwmac 4033c000.ethernet: Wake-Up On Lan supported
[    6.341302] s32cc-dwmac 4033c000.ethernet: Enable RX Mitigation via HW Watchdog Timer
[    6.349255] s32cc-dwmac 4033c000.ethernet: Enabled L3L4 Flow TC (entries=8)
[    6.356327] s32cc-dwmac 4033c000.ethernet: Enabled RFS Flow TC (entries=10)
[    6.363399] s32cc-dwmac 4033c000.ethernet: Enabling HW TC (entries=256, max_off=256)
[    6.371258] s32cc-dwmac 4033c000.ethernet: Using 32/32 bits DMA host/device width
[    6.434937] hwmon hwmon1: temp1_input not attached to any thermal zone
[    6.444301] qoriq_thermal 400a8000.tmu: Critical rising/falling temperature threshold = 5 degree(s)
[    6.459016] nxp_s32cc_ddr_perf 403e0000.ddr-perf: probing device
[    6.465513] nxp_s32cc_ddr_perf 403e0000.ddr-perf: device initialized successfully
[    6.473435] clk: Disabling unused clocks
[    6.479226] Freeing unused kernel memory: 1792K
[    6.483570] Run /init as init process
[    6.509454] systemd[1]: System time before build time, advancing clock.
[    6.528725] systemd[1]: systemd 255.13^ running in system mode (+PAM -AUDIT -SELINUX -APPARMOR +IMA -SMACK +SECCOMP -GCRYPT -GNUTLS -OPENSSL +ACL +BLKID -CURL -ELFUTILS -FIDO2 -IDN2 -IDN -IPTC +KMOD -LIBCRYPTSETUP +LIBFDISK -PCRE2 -PWQUALITY -P11KIT -QRENCODE -TPM2 -BZIP2 -LZ4 -XZ -ZLIB +ZSTD -BPF_FRAMEWORK +XKBCOMMON +UTMP +SYSVINIT default-hierarchy=unified)
[    6.560283] systemd[1]: Detected architecture arm64.

Welcome to Auto Linux BSP 44.0 (scarthgap)!

[    6.581479] systemd[1]: Hostname set to <s32g274ardb2>.
[    6.586614] systemd[1]: Initializing machine ID from random generator.
[    6.962652] systemd[1]: Queued start job for default target Multi-User System.
[    6.981088] systemd[1]: Created slice Slice /system/getty.
[  OK  ] Created slice Slice /system/getty.
[    7.002722] systemd[1]: Created slice Slice /system/modprobe.
[  OK  ] Created slice Slice /system/modprobe.
[    7.026677] systemd[1]: Created slice Slice /system/serial-getty.
[  OK  ] Created slice Slice /system/serial-getty.
[    7.050195] systemd[1]: Created slice User and Session Slice.
[  OK  ] Created slice User and Session Slice.
[    7.073705] systemd[1]: Started Dispatch Password Requests to Console Directory Watch.
[  OK  ] Started Dispatch Password Requests to Console Directory Watch.
[    7.101605] systemd[1]: Started Forward Password Requests to Wall Directory Watch.
[  OK  ] Started Forward Password Requests to Wall Directory Watch.
[    7.125632] systemd[1]: Reached target Path Units.
[  OK  ] Reached target Path Units.
[    7.145416] systemd[1]: Reached target Remote File Systems.
[  OK  ] Reached target Remote File Systems.
[    7.165384] systemd[1]: Reached target Slice Units.
[  OK  ] Reached target Slice Units.
[    7.185410] systemd[1]: Reached target Swaps.
[  OK  ] Reached target Swaps.
[    7.206153] systemd[1]: Listening on Syslog Socket.
[  OK  ] Listening on Syslog Socket.
[    7.225769] systemd[1]: Listening on initctl Compatibility Named Pipe.
[  OK  ] Listening on initctl Compatibility Named Pipe.
[    7.256201] systemd[1]: Journal Audit Socket was skipped because of an unmet condition check (ConditionSecurity=audit).
[    7.267282] systemd[1]: Listening on Journal Socket (/dev/log).
[  OK  ] Listening on Journal Socket (/dev/log).
[    7.290124] systemd[1]: Listening on Journal Socket.
[  OK  ] Listening on Journal Socket.
[    7.310221] systemd[1]: Listening on Network Service Netlink Socket.
[  OK  ] Listening on Network Service Netlink Socket.
[    7.334207] systemd[1]: Listening on udev Control Socket.
[  OK  ] Listening on udev Control Socket.
[    7.353944] systemd[1]: Listening on udev Kernel Socket.
[  OK  ] Listening on udev Kernel Socket.
[    7.373945] systemd[1]: Listening on User Database Manager Socket.
[  OK  ] Listening on User Database Manager Socket.
[    7.413540] systemd[1]: Mounting Huge Pages File System...
         [    7.419410] systemd[1]: POSIX Message Queue File System was skipped because of an unmet condition check (ConditionPathExists=/proc/sys/fs/mqueue).
Mounting Huge Pages File Sy[    7.435650] systemd[1]: Mounting Kernel Debug File System...
stem...
         Mounting Kernel Debug File System...
[    7.469918] systemd[1]: Kernel Trace File System was skipped because of an unmet condition check (ConditionPathExists=/sys/kernel/tracing).
[    7.482515] systemd[1]: Create List of Static Device Nodes was skipped because of an unmet condition check (ConditionFileNotEmpty=/lib/modules/6.6.85-rt53-00977-g6208e1d0d7b5/modules.devname).
[    7.502784] systemd[1]: Starting Load Kernel Module configfs...
         Starting Load Kernel Module configfs...
[    7.528875] systemd[1]: Starting Load Kernel Module drm...
         Starting Load Kernel Module drm...
[    7.557058] systemd[1]: Starting Load Kernel Module fuse...
         Starting Load Kernel Module fuse...
[    7.581651] systemd[1]: File System Check on Root Device was skipped because of an unmet condition check (ConditionPathIsReadWrite=!/).
[    7.600656] systemd[1]: Starting Journal Service...
         Starting Journal Service...
[    7.625535] systemd[1]: Starting Load Kernel Modules...
         Starting Load Kernel Modules...
[    7.648784] systemd[1]: Starting Generate network units from Kernel command line...
         Starting Generate network units from Kernel command line...
[    7.665185] sja1110: loading out-of-tree module taints kernel.
[    7.671226] SPI driver sja1110 has no spi_device_id for nxp,sja1110-switch
[    7.677695] SPI driver sja1110 has no spi_device_id for nxp,sja1110-uc
[    7.684308] sja1110 spi5.0: probing uc
[    7.688270] sja1110 spi5.1: probing switch
[    7.692388] sja1110 spi5.1: Could not get GPIO from device tree
[    7.698050] sja1110 spi5.1: [sja1110_post_probe_upload_worker] Trying to initialize switch
[    7.702892] systemd-journald[115]: Collecting audit messages is disabled.
[    7.708113] sja1110 spi5.1: Direct firmware load for sja1110_switch.bin failed with error -2
[    7.712604] systemd[1]: Starting Remount Root and Kernel File Systems...
[    7.728247] sja1110 spi5.1: request_firmware failed with -2
[    7.733593] sja1110 spi5.0: [sja1110_post_probe_upload_worker] Trying to initialize uC
 [    7.741569] sja1110 spi5.0: Direct firmware load for sja1110_uc.bin failed with error -2
 [    7.749744] sja1110 spi5.0: request_firmware failed with -2
       Starting Remount Root and Kernel File Systems...
[    7.779347] systemd[1]: Starting Create Static Device Nodes in /dev gracefully...
         Starting Create Static Device Nodes in /dev gracefully...
[    7.808906] systemd[1]: Starting Coldplug All udev Devices...
         Starting Coldplug All udev Devices...
[    7.826850] systemd[1]: Mounted Huge Pages File System.
[  O[    7.832655] systemd[1]: Started Journal Service.
K  ] Mounted Huge Pages File System.
[  OK  ] Started Journal Service.
[  OK  ] Mounted Kernel Debug File System.
[  OK  ] Finished Load Kernel Module configfs.
[  OK  ] Finished Load Kernel Module drm.
[  OK  ] Finished Load Kernel Module fuse.
[  OK  ] Finished Load Kernel Modules.
[  OK  ] Finished Generate network units from Kernel command line.
[  OK  ] Finished Remount Root and Kernel File Systems.
[  OK  ] Finished Create Static Device Nodes in /dev gracefully.
[  OK  ] Reached target Preparation for Network.
         Mounting FUSE Control File System...
         Mounting Kernel Configuration File System...
         Starting Flush Journal to Persistent Storage...
         Starting Apply Kernel Variables...
         Starting Create System Users...
[  OK  ] Mounted FUSE Control File System.
[    8.180424] systemd-journald[115]: Received client request to flush runtime journal.
[  OK  ] Mounted Kernel Configuration File System.
[  OK  ] Finished Flush Journal to Persistent Storage.
[  OK  ] Finished Apply Kernel Variables.
         Starting User Database Manager...
[  OK  ] Finished Coldplug All udev Devices.
[  OK  ] Started User Database Manager.
[  OK  ] Finished Create System Users.
         Starting Create Static Device Nodes in /dev...
[  OK  ] Finished Create Static Device Nodes in /dev.
[  OK  ] Reached target Preparation for Local File Systems.
         Mounting /tmp...
         Mounting /var/volatile...
         Starting Rule-based Manager for Device Events and Files...
[  OK  ] Mounted /tmp.
[  OK  ] Mounted /var/volatile.
         Mounting /var/volatile/tmp...
         Starting Load/Save OS Random Seed...
[  OK  ] Mounted /var/volatile/tmp.
[  OK  ] Reached target Local File Systems.
         Starting Rebuild Dynamic Linker Cache...
         Starting Create System Files and Directories...
[  OK  ] Started Rule-based Manager for Device Events and Files.
         Starting Network Configuration...
[  OK  ] Finished Rebuild Dynamic Linker Cache.
[    8.863751] s32cc-dwmac 4033c000.ethernet end0: renamed from eth0
[  OK  ] Finished Create System Files and Directories.
         Starting Rebuild Journal Catalog...
         Starting Network Name Resolution...
         Starting Network Time Synchronization...
         Starting Record System Boot/Shutdown in UTMP...
[  OK  ] Finished Rebuild Journal Catalog.
[    9.439334] pfeng 46000000.pfe: PFEng ethernet driver loading ...
[    9.461902] pfeng 46000000.pfe: Version: 1.9.0
[    9.471201] pfeng 46000000.pfe: Driver commit hash: M4_DRIVER_COMMIT_HASH
[    9.480848] pfeng 46000000.pfe: Multi instance support: disabled (standalone)
[    9.507284] pfeng 46000000.pfe: Compiled by: 13.3.0
[    9.523379] pfeng 46000000.pfe: Cbus addr 0x46000000 size 0x1000000
[    9.554126] pfeng 46000000.pfe: nxp,fw-class-name: s32g_pfe_class.fw
[    9.581509] pfeng 46000000.pfe: nxp,fw-util-name: s32g_pfe_util.fw
[    9.588069] pfeng 46000000.pfe: netif name: pfe0
[    9.592883] pfeng 46000000.pfe: DT mac addr: 00:04:9f:be:ef:00
[    9.599299] pfeng 46000000.pfe: netif(pfe0) linked phyif: 0
[    9.604593] pfeng 46000000.pfe: netif(pfe0) mode: std
[    9.613439] pfeng 46000000.pfe: netif(pfe0) HIFs: count 1 map 01
[    9.624027] pfeng 46000000.pfe: EMAC0 interface mode: 4
[    9.629363] pfeng 46000000.pfe: netif name: pfe1
[    9.633774] pfeng 46000000.pfe: DT mac addr: 00:04:9f:be:ef:01
[    9.642306] pfeng 46000000.pfe: netif(pfe1) linked phyif: 1
[  OK  [    9.649441] pfeng 46000000.pfe: netif(pfe1) mode: std
] Started     9.655547] pfeng 46000000.pfe: netif(pfe1) HIFs: count 1 map 02
;1;39mNetwork Configur[    9.663498] pfeng 46000000.pfe: EMAC1 interface mode: 4
[    9.669763] pfeng 46000000.pfe: netif name: pfe2

[    9.674664] pfeng 46000000.pfe: DT mac addr: 00:04:9f:be:ef:02
[    9.680279] pfeng 46000000.pfe: netif(pfe2) linked phyif: 2
[    9.685971] pfeng 46000000.pfe: netif(pfe2) mode: std
[    9.691027] pfeng 46000000.pfe: netif(pfe2) HIFs: count 1 map 04
[    9.696879] pfeng 46000000.pfe: EMAC2 interface mode: 10
[    9.702197] pfeng 46000000.pfe: HIF channels mask: 0x0007
[    9.707625] pfeng 46000000.pfe: PFE port coherency enabled, mask 0x1e
[    9.714228] pfeng 46000000.pfe: Clocks: sys=300MHz pe=600MHz
[    9.720163] pfeng 46000000.pfe: Interface selected: EMAC0: 0x4 EMAC1: 0x4 EMAC2: 0xa
[    9.727762] pfeng 46000000.pfe: PFE controller reset done
[    9.732989] pfeng 46000000.pfe: TX clock on EMAC0 for interface sgmii installed
[    9.740333] pfeng 46000000.pfe: RX clock on EMAC0 for interface sgmii installed
[    9.745387] s32cc-dwmac 4033c000.ethernet end0: Register MEM_TYPE_PAGE_POOL RxQ-0
[    9.747600] pfeng 46000000.pfe: TX clock on EMAC1 for interface sgmii installed
[    9.761594] s32cc-dwmac 4033c000.ethernet end0: Register MEM_TYPE_PAGE_POOL RxQ-1
[    9.762321] pfeng 46000000.pfe: RX clock on EMAC1 for interface sgmii installed
[    9.777577] s32cc-dwmac 4033c000.ethernet end0: Register MEM_TYPE_PAGE_POOL RxQ-2
[    9.783907] pfeng 46000000.pfe: TX clock on EMAC2 for interface rgmii-id installed
[    9.796341] s32cc-dwmac 4033c000.ethernet end0: Register MEM_TYPE_PAGE_POOL RxQ-3
[    9.801441] pfeng 46000000.pfe: RX clock on EMAC2 for interface rgmii-id installed
[    9.814036] s32cc-dwmac 4033c000.ethernet end0: Register MEM_TYPE_PAGE_POOL RxQ-4
[    9.821606] pfeng 46000000.pfe: assigned reserved memory node pfebufs@34000000
         S[    9.833080] pfeng 46000000.pfe: assigned reserved memory node pfebufs@34080000
tar[    9.840546] pfeng 46000000.pfe: assigned reserved memory node pfebufs@83200000
ti[    9.847947] pfeng 46000000.pfe: assigned reserved memory node pfebufs@835e0000
ng     9.855758] pfeng 46000000.pfe: Firmware: CLASS s32g_pfe_class.fw [45724 bytes]
1;39mUpdate i[    9.864118] pfeng 46000000.pfe: Firmware: UTIL s32g_pfe_util.fw [23352 bytes]
s Completed[    9.872171] pfeng 46000000.pfe: PFE CBUS p0x46000000 mapped @ v0xffffffc082000000 (0x1000000 bytes)
...
[    9.882070] pfeng 46000000.pfe: Silicon S32G2
[  OK  ] Finished     9.892262] pfeng 46000000.pfe: PFE_ERRORS:Parity instance created
;1;[    9.898741] pfeng 46000000.pfe: PFE_ERRORS:Watchdog instance created
39[    9.905225] pfeng 46000000.pfe: BMU1 buffer base: p0xc0000000
m[    9.906740] s32cc-dwmac 4033c000.ethernet end0: PHY [stmmac-0:01] driver [Micrel KSZ9031 Gigabit PHY] (irq=POLL)
Re[    9.911182] pfeng 46000000.pfe: BMU2 buffer base: p0x34000000 (0x80000 bytes)
cord Syst[    9.929268] dwmac4: Master AXI performs any burst length
e[    9.929991] pfeng 46000000.pfe: register IRQ 67 by name 'PFE BMU IRQ'
m [    9.935661] s32cc-dwmac 4033c000.ethernet end0: Enabling Safety Features
B[    9.941488] pfeng 46000000.pfe: Firmware .elf detected
o[    9.949416] s32cc-dwmac 4033c000.ethernet end0: IEEE 1588-2008 Advanced Timestamp supported
o[    9.953292] pfeng 46000000.pfe: Uploading CLASS firmware
t[    9.962119] s32cc-dwmac 4033c000.ethernet end0: registered PTP clock
/[    9.967114] pfeng 46000000.pfe: BMU_EMPTY_INT (BMU @ p0x(____ptrval____)). Pool ready.
Sh[    9.981510] pfeng 46000000.pfe: Selected FW loading OPs to load 8 PEs in parallel
u[    9.981841] s32cc-dwmac 4033c000.ethernet end0: FPE workqueue start
t[    9.993278] pfeng 46000000.pfe: BMU_EMPTY_INT (BMU @ p0x(____ptrval____)). Pool ready.
do[    9.995958] s32cc-dwmac 4033c000.ethernet end0: configuring for phy/rgmii-id link mode
wn in UTMP.
[   10.016403] 8021q: adding VLAN 0 to HW filter on device end0
[   10.022052] pfeng 46000000.pfe: pfe_ct.h file version"92367c0e25f21f49217a9b08168ad2c8"
[   10.047917] pfeng 46000000.pfe: [FW VERSION] 1.11.0, Build: May 12 2025, 12:42:24 (52549baa), ID: 0x31454650
[   10.057706] pfeng 46000000.pfe: EMAC timestamp external mode bitmap: 0
[   10.063983] pfeng 46000000.pfe: Uploading UTIL firmware
[   10.064002] pfeng 46000000.pfe: Selected FW loading OPs to load 1 PEs in parallel
[   10.066488] pfeng 46000000.pfe: pfe_ct.h file version"92367c0e25f21f49217a9b08168ad2c8"
[   10.073363] pfeng 46000000.pfe: FW feature: drv_run_on_g3
[  [   10.094041] pfeng 46000000.pfe: FW feature: jumbo_frames
OK[   10.099610] pfeng 46000000.pfe: FW feature: ptp_qos_mapping
  [   10.105295] pfeng 46000000.pfe: FW feature: software_vlan_table
   10.111464] pfeng 46000000.pfe: FW feature: timestamping
m][   10.116979] pfeng 46000000.pfe: FW feature: qos_mapping
 S[   10.122326] pfeng 46000000.pfe: FW feature: core_functionality
t[   10.128276] pfeng 46000000.pfe: FW feature: extended_features
a[   10.134066] pfeng 46000000.pfe: FW feature: flexible_router
r[   10.139706] pfeng 46000000.pfe: FW feature: validate_hif_csum
t[   10.145527] pfeng 46000000.pfe: FW feature: err051211_workaround
e[   10.151590] pfeng 46000000.pfe: FW feature: IPsec
d[   10.156359] pfeng 46000000.pfe: FW feature: l2_bridge_aging
 [   10.162024] pfeng 46000000.pfe: FW feature: receive_malformed
 pfeng 46000000.pfe: FW feature: ptp_conf_check
[[   10.173385] pfeng 46000000.pfe: FW feature: vlan_conf_check
0[   10.179026] pfeng 46000000.pfe: FW feature: hash_load_spread
;[   10.184743] pfeng 46000000.pfe: FW feature: ingress_vlan
1[   10.190134] pfeng 46000000.pfe: FW feature: safety
;39mNetwork Time Synchronizat[   10.197438] pfeng 46000000.pfe: VLAN ID incorrect or not set. Using default VLAN ID = 0x01.
i[   10.205846] pfeng 46000000.pfe: VLAN stats size incorrect or not set. Using default VLAN stats size = 20.
on[   10.215590] pfeng 46000000.pfe: Software vlan hash table @ p0x20001288
[   10.222371] pfeng 46000000.pfe: Fall-back bridge domain @ 0x20000a8c (class)
.[   10.229544] pfeng 46000000.pfe: Default bridge domain @ 0x20000a84 (class)

[   10.237049] pfeng 46000000.pfe: Routing table created, Hash Table @ p0x34080000, Pool @ p0x34088000 (65536 bytes)
[   10.247195] pfeng 46000000.pfe: Feature err051211_workaround: DISABLED
[   10.259942] pfeng 46000000.pfe: HIF0 enabled
[   10.264226] pfeng 46000000.pfe: HIF1 enabled
32m  [   10.268933] pfeng 46000000.pfe: HIF2 enabled
OK     10.273835] pfeng 46000000.pfe: HIF3 not configured, skipped
m] Started [   10.280403] pfeng 46000000.pfe: MDIO bus 0 disabled: Not found in DT
   10.287346] pfeng 46000000.pfe: MDIO bus 1 disabled: Not found in DT
9mNetwork Name Resolution.
[   10.305550] pfeng 46000000.pfe: MDIO bus 2 enabled
[   10.310130] pfeng 46000000.pfe pfe0 (uninitialized): fixed link full duplex 2500Mbps not recognised
[   10.319074] phy-s32cc-serdes 44180000.serdes: Unstable RX detected on XPCS0
[   10.325950] pfeng 46000000.pfe pfe0 (uninitialized): Subscribe to HIF0
[   10.332442] pfeng 46000000.pfe pfe0 (uninitialized): Host LLTX disabled
[   10.339201] pfeng 46000000.pfe pfe0 (uninitialized): Enable HIF0
[   10.345029] pfeng 46000000.pfe pfe0 (uninitialized): setting MAC addr: 00:04:9f:be:ef:00
[   10.353546] pfeng 46000000.pfe pfe0 (uninitialized): PTP HW addend 0x80000000, max_adj configured to 46566128 ppb
32m [   10.364081] pfeng 46000000.pfe: IEEE1588: Input Clock: 200000000Hz, Output: 100000000Hz, Accuracy: 10.0ns
 OK  ] F[   10.374754] pfeng 46000000.pfe pfe0 (uninitialized): Registered PTP HW clock successfully on EMAC0
inished Update [   10.385708] pfeng 46000000.pfe pfe0: registered
is [   10.390477] phy-s32cc-serdes 44180000.serdes: Unstable RX detected on XPCS1
C[   10.397576] pfeng 46000000.pfe pfe1 (uninitialized): Subscribe to HIF1
o[   10.404151] pfeng 46000000.pfe pfe1 (uninitialized): Host LLTX disabled
mpl[   10.411016] pfeng 46000000.pfe pfe1 (uninitialized): Enable HIF1
et[   10.417177] pfeng 46000000.pfe pfe1 (uninitialized): setting MAC addr: 00:04:9f:be:ef:01
ed[   10.425399] pfeng 46000000.pfe pfe1 (uninitialized): PTP HW addend 0x80000000, max_adj configured to 46566128 ppb
 pfeng 46000000.pfe: IEEE1588: Input Clock: 200000000Hz, Output: 100000000Hz, Accuracy: 10.0ns
[0m.
[   10.446396] pfeng 46000000.pfe pfe1 (uninitialized): Registered PTP HW clock successfully on EMAC1
[   10.456652] pfeng 46000000.pfe pfe1: registered
[   10.460874] pfeng 46000000.pfe pfe2 (uninitialized): Subscribe to HIF2
[   10.467307] pfeng 46000000.pfe pfe2 (uninitialized): Host LLTX disabled
[   10.474081] pfeng 46000000.pfe pfe2 (uninitialized): Enable HIF2
[   10.479882] pfeng 46000000.pfe pfe2 (uninitialized): setting MAC addr: 00:04:9f:be:ef:02
[   10.487970] pfeng 46000000.pfe pfe2 (uninitialized): PTP HW addend 0x80000000, max_adj configured to 46566128 ppb
[   10.498197] pfeng 46000000.pfe: IEEE1588: Input Clock: 200000000Hz, Output: 100000000Hz, Accuracy: 10.0ns
[   10.508942] pfeng 46000000.pfe pfe2 (uninitialized): Registered PTP HW clock successfully on EMAC2
[   10.519448] pfeng 46000000.pfe pfe2: registered
[  OK  ] Reached target Network.
[  OK  ] Reached target Host and Network Name Lookups.
[  OK  ] Reached target System Time Set.
         Starting Virtual Console Setup...
[   10.630843] pfeng 46000000.pfe: HIF0 started
[   10.635761] pfeng 46000000.pfe pfe0: configuring for fixed/sgmii link mode
[   10.642994] pfeng 46000000.pfe pfe0: Link is Up - 2.5Gbps/Full - flow control off
[   10.668639] pfeng 46000000.pfe: HIF2 started
[  OK  ] Finished Virtual [   10.741317] pfeng 46000000.pfe pfe2: PHY [pfeng-emac-2:04] driver [Micrel KSZ9031 Gigabit PHY] (irq=POLL)
Co[   10.751021] pfeng 46000000.pfe pfe2: configuring for phy/rgmii-id link mode
nsole Setup.
[  OK  ] Reached target System In[   10.765754] pfeng 46000000.pfe: HIF1 started
itialization.
[   10.773647] pfeng 46000000.pfe pfe1: PHY [stmmac-0:08] driver [Aquantia AQR113C] (irq=POLL)
[   10.781658] pfeng 46000000.pfe pfe1: configuring for phy/sgmii link mode
[  OK  ] Started Daily Cleanup of Temporary Directories.
[  OK  ] Reached target Timer Units.
[  OK  ] Listening on D-Bus System Message Bus Socket.
[  OK  ] Reached target Socket Units.
[  OK  ] Reached target Basic System.
[  OK  ] Started Kernel Logging Service.
[  OK  ] Started System Logging Service.
         Starting D-Bus System Message Bus...
[  OK  ] Started Hardware RNG Entropy Gatherer Daemon.
         Starting User Login Management...
         Starting Permit User Sessions...
[  OK  ] Finished Permit User Sessions.
[  OK  ] Started User Login Management.
[  OK  ] Created slice Slice /system/systemd-fsck.
[  OK  ] Started Getty on tty1.
[  OK  ] Started Serial Getty on ttyLF0.
[  OK  ] Reached target Login Prompts.
         Starting File System Check on /dev/mmcblk0p2...
         Starting File System Check on /dev/mmcblk0p3...
         Starting File System Check on /dev/mmcblk0p4...
[  OK  ] Finished File System Check on /dev/mmcblk0p2.
         Mounting /run/media/boot_s32g2-mmcblk0p2...
[  OK  ] Fin[   11.935128] FAT-fs (mmcblk0p2): Volume was not properly unmounted. Some data may be corrupt. Please run fsck.
ished File System Check on /dev/mmcblk0p3.
[  OK  ] Finished File System Check on /dev/mmcblk0p4.
[  OK  ] Mounted /run/media/boot_s32g2-mmcblk0p2.
         Mounting /run/media/entware-mmcblk0p4...
         Mounting /run/media/fsl-image-auto-s-mmcblk0p3...
[   12.233804] EXT4-fs (mmcblk0p3): mounted filesystem c8d6bf0d-db58-4b91-9d8d-949e6b280d4a r/w with ordered data mode. Quota mode: disabled.
[  OK  ] Mounted /run/media/fsl-image-auto-s-mmcblk0p3.
[   12.456612] EXT4-fs (mmcblk0p4): mounted filesystem 4a0532f1-fd55-4906-b2cb-3b1aa8f8927b r/w with ordered data mode. Quota mode: disabled.
[  OK  ] Mounted /run/media/entware-mmcblk0p4.
[   12.937283] random: crng init done
[  OK  ] Finished Load/Save OS Random Seed.
[  OK  ] Started D-Bus System Message Bus.
[  OK  ] Reached target Multi-User System.
         Starting Record Runlevel Change in UTMP...
[  OK  ] Finished Record Runlevel Change in UTMP.
[   13.098128] s32cc-dwmac 4033c000.ethernet: Setting TX clock to 125000000 Hz
[   13.104796] s32cc-dwmac 4033c000.ethernet end0: Link is Up - 1Gbps/Full - flow control off

Auto Linux BSP 44.0 s32g274ardb2 ttyLF0

s32g274ardb2 login: root
root@s32g274ardb2:~# opkg update
-sh: opkg: not found
root@s32g274ardb2:~# opkg install ethtool
-sh: opkg: not found
root@s32g274ardb2:~#
root@s32g274ardb2:~# ^C

root@s32g274ardb2:~# ls
root@s32g274ardb2:~# ls -l /opt/bin/opkg
ls: /opt/bin/opkg: No such file or directory
root@s32g274ardb2:~#
root@s32g274ardb2:~# find /opt -maxdepth 2 -type f -name opkg
root@s32g274ardb2:~#
root@s32g274ardb2:~# export PATH=/opt/bin:/opt/sbin:$PATH
root@s32g274ardb2:~# which opkg
root@s32g274ardb2:~#
root@s32g274ardb2:~# opkg update
-sh: opkg: not found
root@s32g274ardb2:~# opkg install ethtool
-sh: opkg: not found
root@s32g274ardb2:~#
root@s32g274ardb2:~# # (ë§ì½ wget ì´ ìë¤ë©´, ë¨¼ì  curl í¹ì busybox wget ë¶í° ì¤ì¹)
root@s32g274ardb2:~# wget -O - http://bin.entware.net/aarch64-k3.10/installer/generic.sh | sh
Connecting to bin.entware.net (107.189.14.230:80)
writing to stdout
-                    100% |*********************************************************************|  2774  0:00:00 ETA
written to stdout
Info: Checking for prerequisites and creating folders...
Warning: Folder /opt exists!
Info: Opkg package manager deployment...
Connecting to bin.entware.net (107.189.14.230:80)
saving to '/opt/bin/opkg'
opkg                 100% |*********************************************************************|  836k  0:00:00 ETA
'/opt/bin/opkg' saved
Connecting to bin.entware.net (107.189.14.230:80)
saving to '/opt/etc/opkg.conf'
opkg.conf            100% |*********************************************************************|   175  0:00:00 ETA
'/opt/etc/opkg.conf' saved
Info: Basic packages installation...
Downloading http://bin.entware.net/aarch64-k3.10/Packages.gz
Updated list of available packages in /opt/var/opkg-lists/entware
Installing entware-opt (227000-3) to root...
Collected errors:
 * verify_pkg_installable: Only have 0kb available on filesystem /opt, pkg entware-opt needs 30
 * opkg_install_cmd: Cannot install package entware-opt.
Info: Congratulations!
Info: If there are no errors above then Entware was successfully initialized.
Info: Add /opt/bin & /opt/sbin to $PATH variable
Info: Add "/opt/etc/init.d/rc.unslung start" to startup script for Entware services to start
Info: Found a Bug? Please report at https://github.com/Entware/Entware/issues
root@s32g274ardb2:~#
root@s32g274ardb2:~# export PATH=/opt/bin:/opt/sbin:$PATH   # ëë ë¡ê·¸ì¸ í ìë ì¤ì 
root@s32g274ardb2:~# opkg update
Downloading http://bin.entware.net/aarch64-k3.10/Packages.gz
Updated list of available packages in /opt/var/opkg-lists/entware
root@s32g274ardb2:~# opkg install ethtool
Installing ethtool (6.14-1) to root...
Collected errors:
 * verify_pkg_installable: Only have 0kb available on filesystem /opt, pkg ethtool needs 120
 * opkg_install_cmd: Cannot install package ethtool.
root@s32g274ardb2:~# ^C

root@s32g274ardb2:~# df -h /opt
Filesystem                Size      Used Available Use% Mounted on
rootfs                       0         0         0   0% /
root@s32g274ardb2:~# fdisk /dev/mmcblk1
fdisk: can't open '/dev/mmcblk1'
root@s32g274ardb2:~# # n â ì íí°ì, ì ì²´ ìì­ ì¬ì©
root@s32g274ardb2:~# # w â ê¸°ë¡íê³  ì¢ë£
root@s32g274ardb2:~# fdisk
BusyBox v1.36.1 () multi-call binary.

Usage: fdisk [-ul] [-C CYLINDERS] [-H HEADS] [-S SECTORS] [-b SSZ] DISK
root@s32g274ardb2:~# fdisk list
fdisk: can't open 'list'
root@s32g274ardb2:~# fdisk help
fdisk: can't open 'help'
root@s32g274ardb2:~# fdisk
BusyBox v1.36.1 () multi-call binary.

Usage: fdisk [-ul] [-C CYLINDERS] [-H HEADS] [-S SECTORS] [-b SSZ] DISK
root@s32g274ardb2:~# ^C

root@s32g274ardb2:~#
root@s32g274ardb2:~# lsblk
NAME        MAJ:MIN RM  SIZE RO TYPE MOUNTPOINTS
mmcblk0     179:0    0 29.8G  0 disk
|-mmcblk0p1 179:1    0    4M  0 part
|-mmcblk0p2 179:2    0   64M  0 part /run/media/boot_s32g2-mmcblk0p2
|-mmcblk0p3 179:3    0  680M  0 part /run/media/fsl-image-auto-s-mmcblk0p3
`-mmcblk0p4 179:4    0 29.1G  0 part /run/media/entware-mmcblk0p4
root@s32g274ardb2:~# # í¹ì
root@s32g274ardb2:~# fdisk -l
Disk /dev/mmcblk0: 30 GB, 32010928128 bytes, 62521344 sectors
488448 cylinders, 4 heads, 32 sectors/track
Units: sectors of 1 * 512 = 512 bytes

Device       Boot StartCHS    EndCHS        StartLBA     EndLBA    Sectors  Size Id Type
/dev/mmcblk0p1    64,0,1      127,3,32          8192      16383       8192 4096K 83 Linux
/dev/mmcblk0p2    128,0,1     1023,3,32        16384     147455     131072 64.0M  c Win95 FAT32 (LBA)
/dev/mmcblk0p3    1023,3,32   1023,3,32       147456    1540095    1392640  680M 83 Linux
/dev/mmcblk0p4    1023,3,32   1023,3,32      1540096   62521343   60981248 29.0G 83 Linux
root@s32g274ardb2:~#
root@s32g274ardb2:~#
root@s32g274ardb2:~#
root@s32g274ardb2:~# ^C

root@s32g274ardb2:~#
root@s32g274ardb2:~#
root@s32g274ardb2:~# vi /etc/fstab


















































































/dev/root            /                    auto       defaults              1  1
proc                 /proc                proc       defaults              0  0
devpts               /dev/pts             devpts     mode=0620,ptmxmode=0666,gid=5      0  0
tmpfs                /run                 tmpfs      mode=0755,nodev,nosuid,strictatime 0  0
tmpfs                /tmp                 tmpfs      defaults              0  0
tmpfs                /var/tmp             tmpfs      defaults              0  0
tmpfs                /var/volatile        tmpfs      defaults              0  0
/dev/mmcblk0p4    /opt    ext4    defaults,noatime    0 2


~
~
~
~
~
~
~
~
~
~
~
~
~
~
~
~
~
~
~
~
~
~
~
~
~
~
~
~
~
~
~
~
~
~
~
~
~
~
~
~
~
~
~
~
~
~
~
~
~
~
~
~
~
~
~
~
~
~
~
~
~
~
~
~
~
~
~
~
~
~

Connecting to bin.entware.net (107.189.14.230:80)
saving to '/opt/bin/opkg'
opkg                 100% |*********************************************************************|  836k  0:00:00 ETA
'/opt/bin/opkg' saved
Connecting to bin.entware.net (107.189.14.230:80)
saving to '/opt/etc/opkg.conf'
opkg.conf            100% |*********************************************************************|   175  0:00:00 ETA
'/opt/etc/opkg.conf' saved
Info: Basic packages installation...
Downloading http://bin.entware.net/aarch64-k3.10/Packages.gz
Updated list of available packages in /opt/var/opkg-lists/entware
Installing entware-opt (227000-3) to root...
Collected errors:
 * verify_pkg_installable: Only have 0kb available on filesystem /opt, pkg entware-opt needs 30
 * opkg_install_cmd: Cannot install package entware-opt.
Info: Congratulations!
Info: If there are no errors above then Entware was successfully initialized.
Info: Add /opt/bin & /opt/sbin to $PATH variable
Info: Add "/opt/etc/init.d/rc.unslung start" to startup script for Entware services to start
Info: Found a Bug? Please report at https://github.com/Entware/Entware/issues
root@s32g274ardb2:~#
root@s32g274ardb2:~# export PATH=/opt/bin:/opt/sbin:$PATH   # ëë ë¡ê·¸ì¸ í ìë ì¤ì 
root@s32g274ardb2:~# opkg update
Downloading http://bin.entware.net/aarch64-k3.10/Packages.gz
Updated list of available packages in /opt/var/opkg-lists/entware
root@s32g274ardb2:~# opkg install ethtool
Installing ethtool (6.14-1) to root...
Collected errors:
 * verify_pkg_installable: Only have 0kb available on filesystem /opt, pkg ethtool needs 120
 * opkg_install_cmd: Cannot install package ethtool.
root@s32g274ardb2:~# ^C

root@s32g274ardb2:~# df -h /opt
Filesystem                Size      Used Available Use% Mounted on
rootfs                       0         0         0   0% /
root@s32g274ardb2:~# fdisk /dev/mmcblk1
fdisk: can't open '/dev/mmcblk1'
root@s32g274ardb2:~# # n â ì íí°ì, ì ì²´ ìì­ ì¬ì©
root@s32g274ardb2:~# # w â ê¸°ë¡íê³  ì¢ë£
root@s32g274ardb2:~# fdisk
BusyBox v1.36.1 () multi-call binary.

Usage: fdisk [-ul] [-C CYLINDERS] [-H HEADS] [-S SECTORS] [-b SSZ] DISK
root@s32g274ardb2:~# fdisk list
fdisk: can't open 'list'
root@s32g274ardb2:~# fdisk help
fdisk: can't open 'help'
root@s32g274ardb2:~# fdisk
BusyBox v1.36.1 () multi-call binary.

Usage: fdisk [-ul] [-C CYLINDERS] [-H HEADS] [-S SECTORS] [-b SSZ] DISK
root@s32g274ardb2:~# ^C

root@s32g274ardb2:~#
root@s32g274ardb2:~# lsblk
NAME        MAJ:MIN RM  SIZE RO TYPE MOUNTPOINTS
mmcblk0     179:0    0 29.8G  0 disk
|-mmcblk0p1 179:1    0    4M  0 part
|-mmcblk0p2 179:2    0   64M  0 part /run/media/boot_s32g2-mmcblk0p2
|-mmcblk0p3 179:3    0  680M  0 part /run/media/fsl-image-auto-s-mmcblk0p3
`-mmcblk0p4 179:4    0 29.1G  0 part /run/media/entware-mmcblk0p4
root@s32g274ardb2:~# # í¹ì
root@s32g274ardb2:~# fdisk -l
Disk /dev/mmcblk0: 30 GB, 32010928128 bytes, 62521344 sectors
488448 cylinders, 4 heads, 32 sectors/track
Units: sectors of 1 * 512 = 512 bytes

Device       Boot StartCHS    EndCHS        StartLBA     EndLBA    Sectors  Size Id Type
/dev/mmcblk0p1    64,0,1      127,3,32          8192      16383       8192 4096K 83 Linux
/dev/mmcblk0p2    128,0,1     1023,3,32        16384     147455     131072 64.0M  c Win95 FAT32 (LBA)
/dev/mmcblk0p3    1023,3,32   1023,3,32       147456    1540095    1392640  680M 83 Linux
/dev/mmcblk0p4    1023,3,32   1023,3,32      1540096   62521343   60981248 29.0G 83 Linux
root@s32g274ardb2:~#
root@s32g274ardb2:~#
root@s32g274ardb2:~#
root@s32g274ardb2:~# ^C

root@s32g274ardb2:~#
root@s32g274ardb2:~#
root@s32g274ardb2:~# vi /etc/fstab
root@s32g274ardb2:~# mv /opt /opt.bak    # ê¸°ì¡´ ë´ì© ë°±ì
root@s32g274ardb2:~# mkdir /opt
root@s32g274ardb2:~#
root@s32g274ardb2:~#
root@s32g274ardb2:~#
root@s32g274ardb2:~# mount -a
root@s32g274ardb2:~# df -h /opt
Filesystem                Size      Used Available Use% Mounted on
/dev/mmcblk0p4           28.5G    198.5M     26.8G   1% /run/media/entware-mmcblk0p4
root@s32g274ardb2:~#
root@s32g274ardb2:~#
root@s32g274ardb2:~#
root@s32g274ardb2:~#
root@s32g274ardb2:~# export PATH=/opt/bin:/opt/sbin:$PATH
root@s32g274ardb2:~# opkg update
Downloading http://bin.entware.net/aarch64-k3.10/Packages.gz
Updated list of available packages in /opt/var/opkg-lists/entware
Downloading http://downloads.openwrt.org/releases/23.05.5/packages/aarch64_cortex-a53/base/Packages.gz
Updated list of available packages in /opt/var/opkg-lists/openwrt_base
Downloading http://downloads.openwrt.org/releases/23.05.5/packages/aarch64_cortex-a53/net/Packages.gz
wget: server returned error: HTTP/1.1 404 Not Found
*** Failed to download the package list from http://downloads.openwrt.org/releases/23.05.5/packages/aarch64_cortex-a53/net/Packages.gz

Downloading http://downloads.openwrt.org/releases/23.05.5/packages/aarch64_cortex-a53/luci/Packages.gz
Updated list of available packages in /opt/var/opkg-lists/openwrt_luci
Downloading http://downloads.openwrt.org/releases/23.05.5/packages/aarch64_cortex-a53/kmod/Packages.gz
wget: server returned error: HTTP/1.1 404 Not Found
*** Failed to download the package list from http://downloads.openwrt.org/releases/23.05.5/packages/aarch64_cortex-a53/kmod/Packages.gz

Collected errors:
 * opkg_download: Failed to download http://downloads.openwrt.org/releases/23.05.5/packages/aarch64_cortex-a53/net/Packages.gz, wget returned 1.
 * opkg_download: Failed to download http://downloads.openwrt.org/releases/23.05.5/packages/aarch64_cortex-a53/kmod/Packages.gz, wget returned 1.
root@s32g274ardb2:~# opkg install ethtool iperf3
Package ath10k-firmware-qca4019-ct-htt version 2020-11-08-1 has no valid architecture, ignoring.
Package ath10k-firmware-qca4019-ct version 2020-11-08-1 has no valid architecture, ignoring.
Package ath10k-firmware-qca4019 version 20230804-1 has no valid architecture, ignoring.
Package ath10k-firmware-qca9887-ct version 2020-11-08-1 has no valid architecture, ignoring.
Package ath10k-firmware-qca9887 version 20230804-1 has no valid architecture, ignoring.
Package ath10k-firmware-qca9888-ct-htt version 2020-11-08-1 has no valid architecture, ignoring.
Package ath10k-firmware-qca9888-ct version 2020-11-08-1 has no valid architecture, ignoring.
Package ath10k-firmware-qca9888 version 20230804-1 has no valid architecture, ignoring.
Package ath10k-firmware-qca988x-ct version 2020-11-08-1 has no valid architecture, ignoring.
Package ath10k-firmware-qca988x version 20230804-1 has no valid architecture, ignoring.
Package ath10k-firmware-qca9984-ct-htt version 2020-11-08-1 has no valid architecture, ignoring.
Package ath10k-firmware-qca9984-ct version 2020-11-08-1 has no valid architecture, ignoring.
Package ath10k-firmware-qca9984 version 20230804-1 has no valid architecture, ignoring.
Package ath10k-firmware-qca99x0-ct-htt version 2020-11-08-1 has no valid architecture, ignoring.
Package ath10k-firmware-qca99x0-ct version 2020-11-08-1 has no valid architecture, ignoring.
Package ath10k-firmware-qca99x0 version 20230804-1 has no valid architecture, ignoring.
Package eapol-test-wolfssl version 2023-09-08-e5ccbfc6-8 has no valid architecture, ignoring.
Package eapol-test version 2023-09-08-e5ccbfc6-8 has no valid architecture, ignoring.
Package ebtables-legacy version 2018-06-27-48cff25d-1 has no valid architecture, ignoring.
Package ethtool-full version 6.3-1 has no valid architecture, ignoring.
Package ethtool version 6.3-1 has no valid architecture, ignoring.
Package hostapd-basic-openssl version 2023-09-08-e5ccbfc6-8 has no valid architecture, ignoring.
Package hostapd-basic-wolfssl version 2023-09-08-e5ccbfc6-8 has no valid architecture, ignoring.
Package hostapd-basic version 2023-09-08-e5ccbfc6-8 has no valid architecture, ignoring.
Package hostapd-common version 2023-09-08-e5ccbfc6-8 has no valid architecture, ignoring.
Package hostapd-mini version 2023-09-08-e5ccbfc6-8 has no valid architecture, ignoring.
Package hostapd-openssl version 2023-09-08-e5ccbfc6-8 has no valid architecture, ignoring.
Package hostapd-wolfssl version 2023-09-08-e5ccbfc6-8 has no valid architecture, ignoring.
Package hostapd version 2023-09-08-e5ccbfc6-8 has no valid architecture, ignoring.
Package libbfd version 2.40-1 has no valid architecture, ignoring.
Package libblobmsg-json20230523 version 2023-05-23-75a3b870-1 has no valid architecture, ignoring.
Package libbpf1 version 1.2.2-1 has no valid architecture, ignoring.
Package libcap version 2.69-1 has no valid architecture, ignoring.
Package libdw1 version 0.189-1 has no valid architecture, ignoring.
Package libelf1 version 0.189-1 has no valid architecture, ignoring.
Package libjson-c5 version 0.16-3 has no valid architecture, ignoring.
Package libmbedtls12 version 2.28.10-1 has no valid architecture, ignoring.
Package libmnl0 version 1.0.5-1 has no valid architecture, ignoring.
Package libnetfilter-conntrack3 version 1.0.9-2 has no valid architecture, ignoring.
Package libnettle8 version 3.9.1-1 has no valid architecture, ignoring.
Package libnfnetlink0 version 1.0.2-1 has no valid architecture, ignoring.
Package libnl-genl200 version 3.7.0-1 has no valid architecture, ignoring.
Package libnl-nf200 version 3.7.0-1 has no valid architecture, ignoring.
Package libnl-route200 version 3.7.0-1 has no valid architecture, ignoring.
Package libnl-tiny1 version 2023-07-27-bc92a280-1 has no valid architecture, ignoring.
Package libopcodes version 2.40-1 has no valid architecture, ignoring.
Package libopenssl-legacy version 3.0.16-1 has no valid architecture, ignoring.
Package libopenssl3 version 3.0.16-1 has no valid architecture, ignoring.
Package libpcre2 version 10.42-1 has no valid architecture, ignoring.
Package libselinux version 3.5-1 has no valid architecture, ignoring.
Package libss2 version 1.47.0-2 has no valid architecture, ignoring.
Package libubox20230523 version 2023-05-23-75a3b870-1 has no valid architecture, ignoring.
Package libubus20230605 version 2023-06-05-f787c97b-1 has no valid architecture, ignoring.
Package libuci20130104 version 2023-08-10-5781664d-1 has no valid architecture, ignoring.
Package libucode20230711 version 2024-07-11-1a8a0bcf-3 has no valid architecture, ignoring.
Package libuuid1 version 2.39-2 has no valid architecture, ignoring.
Package libwolfssl5.7.6.e624513f version 5.7.6-stable-1 has no valid architecture, ignoring.
Package libxml2 version 2.13.6-1 has no valid architecture, ignoring.
Package musl-fts version 1.2.7-1 has no valid architecture, ignoring.
Package nftables-json version 1.0.8-1 has no valid architecture, ignoring.
Package resolveip version 2 has no valid architecture, ignoring.
Package tc-mod-iptables version 6.3.0-1 has no valid architecture, ignoring.
Package terminfo version 6.4-2 has no valid architecture, ignoring.
Package ubox version 2022-08-13-4c7b720b-2 has no valid architecture, ignoring.
Package ubus version 2023-06-05-f787c97b-1 has no valid architecture, ignoring.
Package ubusd version 2023-06-05-f787c97b-1 has no valid architecture, ignoring.
Package ucode-mod-fs version 2024-07-11-1a8a0bcf-3 has no valid architecture, ignoring.
Package ucode-mod-nl80211 version 2024-07-11-1a8a0bcf-3 has no valid architecture, ignoring.
Package ucode-mod-rtnl version 2024-07-11-1a8a0bcf-3 has no valid architecture, ignoring.
Package ucode-mod-ubus version 2024-07-11-1a8a0bcf-3 has no valid architecture, ignoring.
Package ucode-mod-uci version 2024-07-11-1a8a0bcf-3 has no valid architecture, ignoring.
Package ucode-mod-uloop version 2024-07-11-1a8a0bcf-3 has no valid architecture, ignoring.
Package ucode version 2024-07-11-1a8a0bcf-3 has no valid architecture, ignoring.
Package usign version 2020-05-23-f1f65026-1 has no valid architecture, ignoring.
Package wpa-supplicant-mesh-mbedtls version 2023-09-08-e5ccbfc6-8 has no valid architecture, ignoring.
Package wpa-supplicant-mesh-openssl version 2023-09-08-e5ccbfc6-8 has no valid architecture, ignoring.
Package wpa-supplicant-mesh-wolfssl version 2023-09-08-e5ccbfc6-8 has no valid architecture, ignoring.
Package wpa-supplicant-mini version 2023-09-08-e5ccbfc6-8 has no valid architecture, ignoring.
Package wpa-supplicant-openssl version 2023-09-08-e5ccbfc6-8 has no valid architecture, ignoring.
Package wpa-supplicant-p2p version 2023-09-08-e5ccbfc6-8 has no valid architecture, ignoring.
Package wpa-supplicant-wolfssl version 2023-09-08-e5ccbfc6-8 has no valid architecture, ignoring.
Package wpa-supplicant version 2023-09-08-e5ccbfc6-8 has no valid architecture, ignoring.
Package wpad-basic-mbedtls version 2023-09-08-e5ccbfc6-8 has no valid architecture, ignoring.
Package wpad-basic-openssl version 2023-09-08-e5ccbfc6-8 has no valid architecture, ignoring.
Package wpad-basic-wolfssl version 2023-09-08-e5ccbfc6-8 has no valid architecture, ignoring.
Package wpad-basic version 2023-09-08-e5ccbfc6-8 has no valid architecture, ignoring.
Package wpad-mbedtls version 2023-09-08-e5ccbfc6-8 has no valid architecture, ignoring.
Package wpad-mesh-mbedtls version 2023-09-08-e5ccbfc6-8 has no valid architecture, ignoring.
Package wpad-mesh-openssl version 2023-09-08-e5ccbfc6-8 has no valid architecture, ignoring.
Package wpad-mesh-wolfssl version 2023-09-08-e5ccbfc6-8 has no valid architecture, ignoring.
Package wpad-mini version 2023-09-08-e5ccbfc6-8 has no valid architecture, ignoring.
Package wpad-openssl version 2023-09-08-e5ccbfc6-8 has no valid architecture, ignoring.
Package wpad-wolfssl version 2023-09-08-e5ccbfc6-8 has no valid architecture, ignoring.
Package wpad version 2023-09-08-e5ccbfc6-8 has no valid architecture, ignoring.
Package zlib version 1.2.13-1 has no valid architecture, ignoring.
Package luci-base version git-25.163.46318-26086b5 has no valid architecture, ignoring.
Package ath10k-board-qca9887 version 20230804-1 has no valid architecture, ignoring.
Package ath10k-board-qca9888 version 20230804-1 has no valid architecture, ignoring.
Package ath10k-board-qca988x version 20230804-1 has no valid architecture, ignoring.
Package ath10k-board-qca9984 version 20230804-1 has no valid architecture, ignoring.
Package ath10k-board-qca99x0 version 20230804-1 has no valid architecture, ignoring.
Package ath10k-firmware-qca4019-ct-full-htt version 2020-11-08-1 has no valid architecture, ignoring.
Package ath10k-firmware-qca4019-ct-htt version 2020-11-08-1 has no valid architecture, ignoring.
Package ath10k-firmware-qca4019-ct version 2020-11-08-1 has no valid architecture, ignoring.
Package ath10k-firmware-qca4019 version 20230804-1 has no valid architecture, ignoring.
Package ath10k-firmware-qca9887-ct-full-htt version 2020-11-08-1 has no valid architecture, ignoring.
Package ath10k-firmware-qca9887-ct version 2020-11-08-1 has no valid architecture, ignoring.
Package ath10k-firmware-qca9887 version 20230804-1 has no valid architecture, ignoring.
Package ath10k-firmware-qca9888-ct-full-htt version 2020-11-08-1 has no valid architecture, ignoring.
Package ath10k-firmware-qca9888-ct-htt version 2020-11-08-1 has no valid architecture, ignoring.
Package ath10k-firmware-qca9888-ct version 2020-11-08-1 has no valid architecture, ignoring.
Package ath10k-firmware-qca9888 version 20230804-1 has no valid architecture, ignoring.
Package ath10k-firmware-qca988x-ct-full-htt version 2020-11-08-1 has no valid architecture, ignoring.
Package ath10k-firmware-qca988x-ct version 2020-11-08-1 has no valid architecture, ignoring.
Package ath10k-firmware-qca988x version 20230804-1 has no valid architecture, ignoring.
Package ath10k-firmware-qca9984-ct-full-htt version 2020-11-08-1 has no valid architecture, ignoring.
Package ath10k-firmware-qca9984-ct-htt version 2020-11-08-1 has no valid architecture, ignoring.
Package ath10k-firmware-qca9984-ct version 2020-11-08-1 has no valid architecture, ignoring.
Package ath10k-firmware-qca9984 version 20230804-1 has no valid architecture, ignoring.
Package ath10k-firmware-qca99x0-ct-full-htt version 2020-11-08-1 has no valid architecture, ignoring.
Package ath10k-firmware-qca99x0-ct-htt version 2020-11-08-1 has no valid architecture, ignoring.
Package ath10k-firmware-qca99x0-ct version 2020-11-08-1 has no valid architecture, ignoring.
Package ath10k-firmware-qca99x0 version 20230804-1 has no valid architecture, ignoring.
Package brcmfmac-firmware-4339-sdio version 20230804-1 has no valid architecture, ignoring.
Package cypress-firmware-43362-sdio version 5.10.9-2022_0909-1 has no valid architecture, ignoring.
Package cypress-firmware-4339-sdio version 5.10.9-2022_0909-1 has no valid architecture, ignoring.
Package cypress-firmware-43430-sdio version 5.10.9-2022_0909-1 has no valid architecture, ignoring.
Package cypress-firmware-43455-sdio version 5.10.9-2022_0909-1 has no valid architecture, ignoring.
Package eapol-test-mbedtls version 2023-09-08-e5ccbfc6-8 has no valid architecture, ignoring.
Package eapol-test-openssl version 2023-09-08-e5ccbfc6-8 has no valid architecture, ignoring.
Package eapol-test-wolfssl version 2023-09-08-e5ccbfc6-8 has no valid architecture, ignoring.
Package eapol-test version 2023-09-08-e5ccbfc6-8 has no valid architecture, ignoring.
Package ebtables-legacy version 2018-06-27-48cff25d-1 has no valid architecture, ignoring.
Package ethtool-full version 6.3-1 has no valid architecture, ignoring.
Package ethtool version 6.3-1 has no valid architecture, ignoring.
Package firewall4 version 2023-09-01-598d9fbb-1 has no valid architecture, ignoring.
Package hostapd-basic-mbedtls version 2023-09-08-e5ccbfc6-8 has no valid architecture, ignoring.
Package hostapd-basic-openssl version 2023-09-08-e5ccbfc6-8 has no valid architecture, ignoring.
Package hostapd-basic-wolfssl version 2023-09-08-e5ccbfc6-8 has no valid architecture, ignoring.
Package hostapd-basic version 2023-09-08-e5ccbfc6-8 has no valid architecture, ignoring.
Package hostapd-common version 2023-09-08-e5ccbfc6-8 has no valid architecture, ignoring.
Package hostapd-mbedtls version 2023-09-08-e5ccbfc6-8 has no valid architecture, ignoring.
Package hostapd-mini version 2023-09-08-e5ccbfc6-8 has no valid architecture, ignoring.
Package hostapd-openssl version 2023-09-08-e5ccbfc6-8 has no valid architecture, ignoring.
Package hostapd-wolfssl version 2023-09-08-e5ccbfc6-8 has no valid architecture, ignoring.
Package hostapd version 2023-09-08-e5ccbfc6-8 has no valid architecture, ignoring.
Package jansson4 version 2.14-3 has no valid architecture, ignoring.
Package jshn version 2023-05-23-75a3b870-1 has no valid architecture, ignoring.
Package jsonfilter version 2025-04-18-8a86fb78-1 has no valid architecture, ignoring.
Package libbfd version 2.40-1 has no valid architecture, ignoring.
Package libblkid1 version 2.39-2 has no valid architecture, ignoring.
Package libblobmsg-json20230523 version 2023-05-23-75a3b870-1 has no valid architecture, ignoring.
Package libbpf1 version 1.2.2-1 has no valid architecture, ignoring.
Package libbz2-1.0 version 1.0.8-1 has no valid architecture, ignoring.
Package libcap version 2.69-1 has no valid architecture, ignoring.
Package libcomerr0 version 1.47.0-2 has no valid architecture, ignoring.
Package libdw1 version 0.189-1 has no valid architecture, ignoring.
Package libelf1 version 0.189-1 has no valid architecture, ignoring.
Package libevent2-7 version 2.1.12-1 has no valid architecture, ignoring.
Package libevent2-core7 version 2.1.12-1 has no valid architecture, ignoring.
Package libevent2-extra7 version 2.1.12-1 has no valid architecture, ignoring.
Package libevent2-pthreads7 version 2.1.12-1 has no valid architecture, ignoring.
Package libgmp10 version 6.2.1-1 has no valid architecture, ignoring.
Package libiconv-full2 version 1.17-1 has no valid architecture, ignoring.
Package libintl-full8 version 0.21.1-2 has no valid architecture, ignoring.
Package libiwinfo-data version 2023-07-01-ca79f641-1 has no valid architecture, ignoring.
Package libjson-c5 version 0.16-3 has no valid architecture, ignoring.
Package libjson-script20230523 version 2023-05-23-75a3b870-1 has no valid architecture, ignoring.
Package libltdl7 version 2.4.7-1 has no valid architecture, ignoring.
Package libmbedtls12 version 2.28.10-1 has no valid architecture, ignoring.
Package libmnl0 version 1.0.5-1 has no valid architecture, ignoring.
Package libncurses6 version 6.4-2 has no valid architecture, ignoring.
Package libnetfilter-conntrack3 version 1.0.9-2 has no valid architecture, ignoring.
Package libnettle8 version 3.9.1-1 has no valid architecture, ignoring.
Package libnfnetlink0 version 1.0.2-1 has no valid architecture, ignoring.
Package libnftnl11 version 1.2.6-1 has no valid architecture, ignoring.
Package libnl-cli200 version 3.7.0-1 has no valid architecture, ignoring.
Package libnl-core200 version 3.7.0-1 has no valid architecture, ignoring.
Package libnl-genl200 version 3.7.0-1 has no valid architecture, ignoring.
Package libnl-nf200 version 3.7.0-1 has no valid architecture, ignoring.
Package libnl-route200 version 3.7.0-1 has no valid architecture, ignoring.
Package libnl-tiny1 version 2023-07-27-bc92a280-1 has no valid architecture, ignoring.
Package libopcodes version 2.40-1 has no valid architecture, ignoring.
Package libopenssl-conf version 3.0.16-1 has no valid architecture, ignoring.
Package libopenssl-legacy version 3.0.16-1 has no valid architecture, ignoring.
Package libopenssl3 version 3.0.16-1 has no valid architecture, ignoring.
Package libpcre2 version 10.42-1 has no valid architecture, ignoring.
Package libpopt0 version 1.19-1 has no valid architecture, ignoring.
Package libselinux version 3.5-1 has no valid architecture, ignoring.
Package libss2 version 1.47.0-2 has no valid architecture, ignoring.
Package libtraceevent0 version 1.7.2-1 has no valid architecture, ignoring.
Package libubox20230523 version 2023-05-23-75a3b870-1 has no valid architecture, ignoring.
Package libubus20230605 version 2023-06-05-f787c97b-1 has no valid architecture, ignoring.
Package libuci20130104 version 2023-08-10-5781664d-1 has no valid architecture, ignoring.
Package libuclient20201210 version 2023-04-13-007d9454-1 has no valid architecture, ignoring.
Package libucode20230711 version 2024-07-11-1a8a0bcf-3 has no valid architecture, ignoring.
Package libusb-1.0-0 version 1.0.26-3 has no valid architecture, ignoring.
Package libustream-openssl20201210 version 2023-02-25-498f6e26-1 has no valid architecture, ignoring.
Package libustream-wolfssl20201210 version 2023-02-25-498f6e26-1 has no valid architecture, ignoring.
Package libuuid1 version 2.39-2 has no valid architecture, ignoring.
Package libwolfssl5.7.6.e624513f version 5.7.6-stable-1 has no valid architecture, ignoring.
Package libwolfsslcpu-crypto5.7.6.e624513f version 5.7.6-stable-1 has no valid architecture, ignoring.
Package libxml2 version 2.13.6-1 has no valid architecture, ignoring.
Package musl-fts version 1.2.7-1 has no valid architecture, ignoring.
Package nftables-json version 1.0.8-1 has no valid architecture, ignoring.
Package opkg version 2022-02-24-d038e5b6-2 has no valid architecture, ignoring.
Package resolveip version 2 has no valid architecture, ignoring.
Package tc-mod-iptables version 6.3.0-1 has no valid architecture, ignoring.
Package terminfo version 6.4-2 has no valid architecture, ignoring.
Package ubox version 2022-08-13-4c7b720b-2 has no valid architecture, ignoring.
Package ubus version 2023-06-05-f787c97b-1 has no valid architecture, ignoring.
Package ubusd version 2023-06-05-f787c97b-1 has no valid architecture, ignoring.
Package ucode-mod-fs version 2024-07-11-1a8a0bcf-3 has no valid architecture, ignoring.
Package ucode-mod-nl80211 version 2024-07-11-1a8a0bcf-3 has no valid architecture, ignoring.
Package ucode-mod-rtnl version 2024-07-11-1a8a0bcf-3 has no valid architecture, ignoring.
Package ucode-mod-ubus version 2024-07-11-1a8a0bcf-3 has no valid architecture, ignoring.
Package ucode-mod-uci version 2024-07-11-1a8a0bcf-3 has no valid architecture, ignoring.
Package ucode-mod-uloop version 2024-07-11-1a8a0bcf-3 has no valid architecture, ignoring.
Package ucode version 2024-07-11-1a8a0bcf-3 has no valid architecture, ignoring.
Package usign version 2020-05-23-f1f65026-1 has no valid architecture, ignoring.
Package wireguard-tools version 1.0.20210914-2 has no valid architecture, ignoring.
Package wpa-supplicant-basic version 2023-09-08-e5ccbfc6-8 has no valid architecture, ignoring.
Package wpa-supplicant-mbedtls version 2023-09-08-e5ccbfc6-8 has no valid architecture, ignoring.
Package wpa-supplicant-mesh-mbedtls version 2023-09-08-e5ccbfc6-8 has no valid architecture, ignoring.
Package wpa-supplicant-mesh-openssl version 2023-09-08-e5ccbfc6-8 has no valid architecture, ignoring.
Package wpa-supplicant-mesh-wolfssl version 2023-09-08-e5ccbfc6-8 has no valid architecture, ignoring.
Package wpa-supplicant-mini version 2023-09-08-e5ccbfc6-8 has no valid architecture, ignoring.
Package wpa-supplicant-openssl version 2023-09-08-e5ccbfc6-8 has no valid architecture, ignoring.
Package wpa-supplicant-p2p version 2023-09-08-e5ccbfc6-8 has no valid architecture, ignoring.
Package wpa-supplicant-wolfssl version 2023-09-08-e5ccbfc6-8 has no valid architecture, ignoring.
Package wpa-supplicant version 2023-09-08-e5ccbfc6-8 has no valid architecture, ignoring.
Package wpad-basic-mbedtls version 2023-09-08-e5ccbfc6-8 has no valid architecture, ignoring.
Package wpad-basic-openssl version 2023-09-08-e5ccbfc6-8 has no valid architecture, ignoring.
Package wpad-basic-wolfssl version 2023-09-08-e5ccbfc6-8 has no valid architecture, ignoring.
Package wpad-basic version 2023-09-08-e5ccbfc6-8 has no valid architecture, ignoring.
Package wpad-mbedtls version 2023-09-08-e5ccbfc6-8 has no valid architecture, ignoring.
Package wpad-mesh-mbedtls version 2023-09-08-e5ccbfc6-8 has no valid architecture, ignoring.
Package wpad-mesh-openssl version 2023-09-08-e5ccbfc6-8 has no valid architecture, ignoring.
Package wpad-mesh-wolfssl version 2023-09-08-e5ccbfc6-8 has no valid architecture, ignoring.
Package wpad-mini version 2023-09-08-e5ccbfc6-8 has no valid architecture, ignoring.
Package wpad-openssl version 2023-09-08-e5ccbfc6-8 has no valid architecture, ignoring.
Package wpad-wolfssl version 2023-09-08-e5ccbfc6-8 has no valid architecture, ignoring.
Package wpad version 2023-09-08-e5ccbfc6-8 has no valid architecture, ignoring.
Package zlib version 1.2.13-1 has no valid architecture, ignoring.
Package luci-base version git-25.163.46318-26086b5 has no valid architecture, ignoring.
Package ath10k-board-qca9887 version 20230804-1 has no valid architecture, ignoring.
Package ath10k-board-qca9888 version 20230804-1 has no valid architecture, ignoring.
Package ath10k-board-qca988x version 20230804-1 has no valid architecture, ignoring.
Package ath10k-board-qca9984 version 20230804-1 has no valid architecture, ignoring.
Package ath10k-board-qca99x0 version 20230804-1 has no valid architecture, ignoring.
Package ath10k-firmware-qca4019-ct-full-htt version 2020-11-08-1 has no valid architecture, ignoring.
Package ath10k-firmware-qca4019-ct-htt version 2020-11-08-1 has no valid architecture, ignoring.
Package ath10k-firmware-qca4019-ct version 2020-11-08-1 has no valid architecture, ignoring.
Package ath10k-firmware-qca4019 version 20230804-1 has no valid architecture, ignoring.
Package ath10k-firmware-qca9887-ct-full-htt version 2020-11-08-1 has no valid architecture, ignoring.
Package ath10k-firmware-qca9887-ct version 2020-11-08-1 has no valid architecture, ignoring.
Package ath10k-firmware-qca9887 version 20230804-1 has no valid architecture, ignoring.
Package ath10k-firmware-qca9888-ct-full-htt version 2020-11-08-1 has no valid architecture, ignoring.
Package ath10k-firmware-qca9888-ct-htt version 2020-11-08-1 has no valid architecture, ignoring.
Package ath10k-firmware-qca9888-ct version 2020-11-08-1 has no valid architecture, ignoring.
Package ath10k-firmware-qca9888 version 20230804-1 has no valid architecture, ignoring.
Package ath10k-firmware-qca988x-ct-full-htt version 2020-11-08-1 has no valid architecture, ignoring.
Package ath10k-firmware-qca988x-ct version 2020-11-08-1 has no valid architecture, ignoring.
Package ath10k-firmware-qca988x version 20230804-1 has no valid architecture, ignoring.
Package ath10k-firmware-qca9984-ct-full-htt version 2020-11-08-1 has no valid architecture, ignoring.
Package ath10k-firmware-qca9984-ct-htt version 2020-11-08-1 has no valid architecture, ignoring.
Package ath10k-firmware-qca9984-ct version 2020-11-08-1 has no valid architecture, ignoring.
Package ath10k-firmware-qca9984 version 20230804-1 has no valid architecture, ignoring.
Package ath10k-firmware-qca99x0-ct-full-htt version 2020-11-08-1 has no valid architecture, ignoring.
Package ath10k-firmware-qca99x0-ct-htt version 2020-11-08-1 has no valid architecture, ignoring.
Package ath10k-firmware-qca99x0-ct version 2020-11-08-1 has no valid architecture, ignoring.
Package ath10k-firmware-qca99x0 version 20230804-1 has no valid architecture, ignoring.
Package brcmfmac-firmware-4339-sdio version 20230804-1 has no valid architecture, ignoring.
Package cypress-firmware-43362-sdio version 5.10.9-2022_0909-1 has no valid architecture, ignoring.
Package cypress-firmware-4339-sdio version 5.10.9-2022_0909-1 has no valid architecture, ignoring.
Package cypress-firmware-43430-sdio version 5.10.9-2022_0909-1 has no valid architecture, ignoring.
Package cypress-firmware-43455-sdio version 5.10.9-2022_0909-1 has no valid architecture, ignoring.
Package eapol-test-mbedtls version 2023-09-08-e5ccbfc6-8 has no valid architecture, ignoring.
Package eapol-test-openssl version 2023-09-08-e5ccbfc6-8 has no valid architecture, ignoring.
Package eapol-test-wolfssl version 2023-09-08-e5ccbfc6-8 has no valid architecture, ignoring.
Package eapol-test version 2023-09-08-e5ccbfc6-8 has no valid architecture, ignoring.
Package ebtables-legacy version 2018-06-27-48cff25d-1 has no valid architecture, ignoring.
Package ethtool-full version 6.3-1 has no valid architecture, ignoring.
Package ethtool version 6.3-1 has no valid architecture, ignoring.
Package firewall4 version 2023-09-01-598d9fbb-1 has no valid architecture, ignoring.
Package hostapd-basic-mbedtls version 2023-09-08-e5ccbfc6-8 has no valid architecture, ignoring.
Package hostapd-basic-openssl version 2023-09-08-e5ccbfc6-8 has no valid architecture, ignoring.
Package hostapd-basic-wolfssl version 2023-09-08-e5ccbfc6-8 has no valid architecture, ignoring.
Package hostapd-basic version 2023-09-08-e5ccbfc6-8 has no valid architecture, ignoring.
Package hostapd-common version 2023-09-08-e5ccbfc6-8 has no valid architecture, ignoring.
Package hostapd-mbedtls version 2023-09-08-e5ccbfc6-8 has no valid architecture, ignoring.
Package hostapd-mini version 2023-09-08-e5ccbfc6-8 has no valid architecture, ignoring.
Package hostapd-openssl version 2023-09-08-e5ccbfc6-8 has no valid architecture, ignoring.
Package hostapd-wolfssl version 2023-09-08-e5ccbfc6-8 has no valid architecture, ignoring.
Package hostapd version 2023-09-08-e5ccbfc6-8 has no valid architecture, ignoring.
Package ip-full version 6.3.0-1 has no valid architecture, ignoring.
Package ip-tiny version 6.3.0-1 has no valid architecture, ignoring.
Package jansson4 version 2.14-3 has no valid architecture, ignoring.
Package jshn version 2023-05-23-75a3b870-1 has no valid architecture, ignoring.
Package jsonfilter version 2025-04-18-8a86fb78-1 has no valid architecture, ignoring.
Package libbfd version 2.40-1 has no valid architecture, ignoring.
Package libblkid1 version 2.39-2 has no valid architecture, ignoring.
Package libblobmsg-json20230523 version 2023-05-23-75a3b870-1 has no valid architecture, ignoring.
Package libbpf1 version 1.2.2-1 has no valid architecture, ignoring.
Package libbz2-1.0 version 1.0.8-1 has no valid architecture, ignoring.
Package libcap version 2.69-1 has no valid architecture, ignoring.
Package libcomerr0 version 1.47.0-2 has no valid architecture, ignoring.
Package libdw1 version 0.189-1 has no valid architecture, ignoring.
Package libelf1 version 0.189-1 has no valid architecture, ignoring.
Package libevent2-7 version 2.1.12-1 has no valid architecture, ignoring.
Package libevent2-core7 version 2.1.12-1 has no valid architecture, ignoring.
Package libevent2-extra7 version 2.1.12-1 has no valid architecture, ignoring.
Package libevent2-pthreads7 version 2.1.12-1 has no valid architecture, ignoring.
Package libf2fs-selinux6 version 1.16.0-1 has no valid architecture, ignoring.
Package libgmp10 version 6.2.1-1 has no valid architecture, ignoring.
Package libiconv-full2 version 1.17-1 has no valid architecture, ignoring.
Package libintl-full8 version 0.21.1-2 has no valid architecture, ignoring.
Package libiwinfo-data version 2023-07-01-ca79f641-1 has no valid architecture, ignoring.
Package libjson-c5 version 0.16-3 has no valid architecture, ignoring.
Package libjson-script20230523 version 2023-05-23-75a3b870-1 has no valid architecture, ignoring.
Package libltdl7 version 2.4.7-1 has no valid architecture, ignoring.
Package libmbedtls12 version 2.28.10-1 has no valid architecture, ignoring.
Package libmnl0 version 1.0.5-1 has no valid architecture, ignoring.
Package libncurses6 version 6.4-2 has no valid architecture, ignoring.
Package libnetfilter-conntrack3 version 1.0.9-2 has no valid architecture, ignoring.
Package libnettle8 version 3.9.1-1 has no valid architecture, ignoring.
Package libnfnetlink0 version 1.0.2-1 has no valid architecture, ignoring.
Package libnftnl11 version 1.2.6-1 has no valid architecture, ignoring.
Package libnl-cli200 version 3.7.0-1 has no valid architecture, ignoring.
Package libnl-core200 version 3.7.0-1 has no valid architecture, ignoring.
Package libnl-genl200 version 3.7.0-1 has no valid architecture, ignoring.
Package libnl-nf200 version 3.7.0-1 has no valid architecture, ignoring.
Package libnl-route200 version 3.7.0-1 has no valid architecture, ignoring.
Package libnl-tiny1 version 2023-07-27-bc92a280-1 has no valid architecture, ignoring.
Package libopcodes version 2.40-1 has no valid architecture, ignoring.
Package libopenssl-conf version 3.0.16-1 has no valid architecture, ignoring.
Package libopenssl-legacy version 3.0.16-1 has no valid architecture, ignoring.
Package libopenssl3 version 3.0.16-1 has no valid architecture, ignoring.
Package libpcre2 version 10.42-1 has no valid architecture, ignoring.
Package libpopt0 version 1.19-1 has no valid architecture, ignoring.
Package libreadline8 version 8.2-1 has no valid architecture, ignoring.
Package libselinux version 3.5-1 has no valid architecture, ignoring.
Package libss2 version 1.47.0-2 has no valid architecture, ignoring.
Package libtraceevent0 version 1.7.2-1 has no valid architecture, ignoring.
Package libubox20230523 version 2023-05-23-75a3b870-1 has no valid architecture, ignoring.
Package libubus20230605 version 2023-06-05-f787c97b-1 has no valid architecture, ignoring.
Package libuci20130104 version 2023-08-10-5781664d-1 has no valid architecture, ignoring.
Package libuclient20201210 version 2023-04-13-007d9454-1 has no valid architecture, ignoring.
Package libucode20230711 version 2024-07-11-1a8a0bcf-3 has no valid architecture, ignoring.
Package libusb-1.0-0 version 1.0.26-3 has no valid architecture, ignoring.
Package libustream-openssl20201210 version 2023-02-25-498f6e26-1 has no valid architecture, ignoring.
Package libustream-wolfssl20201210 version 2023-02-25-498f6e26-1 has no valid architecture, ignoring.
Package libuuid1 version 2.39-2 has no valid architecture, ignoring.
Package libwolfssl5.7.6.e624513f version 5.7.6-stable-1 has no valid architecture, ignoring.
Package libwolfsslcpu-crypto5.7.6.e624513f version 5.7.6-stable-1 has no valid architecture, ignoring.
Package libxml2 version 2.13.6-1 has no valid architecture, ignoring.
Package musl-fts version 1.2.7-1 has no valid architecture, ignoring.
Package nftables-json version 1.0.8-1 has no valid architecture, ignoring.
Package opkg version 2022-02-24-d038e5b6-2 has no valid architecture, ignoring.
Package resolveip version 2 has no valid architecture, ignoring.
Package tc-mod-iptables version 6.3.0-1 has no valid architecture, ignoring.
Package terminfo version 6.4-2 has no valid architecture, ignoring.
Package ubox version 2022-08-13-4c7b720b-2 has no valid architecture, ignoring.
Package ubus version 2023-06-05-f787c97b-1 has no valid architecture, ignoring.
Package ubusd version 2023-06-05-f787c97b-1 has no valid architecture, ignoring.
Package ucode-mod-fs version 2024-07-11-1a8a0bcf-3 has no valid architecture, ignoring.
Package ucode-mod-nl80211 version 2024-07-11-1a8a0bcf-3 has no valid architecture, ignoring.
Package ucode-mod-rtnl version 2024-07-11-1a8a0bcf-3 has no valid architecture, ignoring.
Package ucode-mod-ubus version 2024-07-11-1a8a0bcf-3 has no valid architecture, ignoring.
Package ucode-mod-uci version 2024-07-11-1a8a0bcf-3 has no valid architecture, ignoring.
Package ucode-mod-uloop version 2024-07-11-1a8a0bcf-3 has no valid architecture, ignoring.
Package ucode version 2024-07-11-1a8a0bcf-3 has no valid architecture, ignoring.
Package usign version 2020-05-23-f1f65026-1 has no valid architecture, ignoring.
Package wireguard-tools version 1.0.20210914-2 has no valid architecture, ignoring.
Package wpa-supplicant-basic version 2023-09-08-e5ccbfc6-8 has no valid architecture, ignoring.
Package wpa-supplicant-mbedtls version 2023-09-08-e5ccbfc6-8 has no valid architecture, ignoring.
Package wpa-supplicant-mesh-mbedtls version 2023-09-08-e5ccbfc6-8 has no valid architecture, ignoring.
Package wpa-supplicant-mesh-openssl version 2023-09-08-e5ccbfc6-8 has no valid architecture, ignoring.
Package wpa-supplicant-mesh-wolfssl version 2023-09-08-e5ccbfc6-8 has no valid architecture, ignoring.
Package wpa-supplicant-mini version 2023-09-08-e5ccbfc6-8 has no valid architecture, ignoring.
Package wpa-supplicant-openssl version 2023-09-08-e5ccbfc6-8 has no valid architecture, ignoring.
Package wpa-supplicant-p2p version 2023-09-08-e5ccbfc6-8 has no valid architecture, ignoring.
Package wpa-supplicant-wolfssl version 2023-09-08-e5ccbfc6-8 has no valid architecture, ignoring.
Package wpa-supplicant version 2023-09-08-e5ccbfc6-8 has no valid architecture, ignoring.
Package wpad-basic-mbedtls version 2023-09-08-e5ccbfc6-8 has no valid architecture, ignoring.
Package wpad-basic-openssl version 2023-09-08-e5ccbfc6-8 has no valid architecture, ignoring.
Package wpad-basic-wolfssl version 2023-09-08-e5ccbfc6-8 has no valid architecture, ignoring.
Package wpad-basic version 2023-09-08-e5ccbfc6-8 has no valid architecture, ignoring.
Package wpad-mbedtls version 2023-09-08-e5ccbfc6-8 has no valid architecture, ignoring.
Package wpad-mesh-mbedtls version 2023-09-08-e5ccbfc6-8 has no valid architecture, ignoring.
Package wpad-mesh-openssl version 2023-09-08-e5ccbfc6-8 has no valid architecture, ignoring.
Package wpad-mesh-wolfssl version 2023-09-08-e5ccbfc6-8 has no valid architecture, ignoring.
Package wpad-mini version 2023-09-08-e5ccbfc6-8 has no valid architecture, ignoring.
Package wpad-openssl version 2023-09-08-e5ccbfc6-8 has no valid architecture, ignoring.
Package wpad-wolfssl version 2023-09-08-e5ccbfc6-8 has no valid architecture, ignoring.
Package wpad version 2023-09-08-e5ccbfc6-8 has no valid architecture, ignoring.
Package zlib version 1.2.13-1 has no valid architecture, ignoring.
Package luci-base version git-25.163.46318-26086b5 has no valid architecture, ignoring.
Installing ethtool (6.14-1) to root...
Package iperf3 (3.18-1) installed in root is up to date.
Collected errors:
 * check_conflicts_for: The following packages conflict with ethtool:
 * check_conflicts_for:         ethtool-full *
 * opkg_install_cmd: Cannot install package ethtool.
root@s32g274ardb2:~#
root@s32g274ardb2:~#
root@s32g274ardb2:~# ip link show pfe0
ethtool pfe16: pfe0: <BROADCAST,MULTICAST,UP,LOWER_UP> mtu 1500 qdisc pfifo_fast state UP mode DEFAULT group default qlen 1000
    link/ether 00:04:9f:be:ef:00 brd ff:ff:ff:ff:ff:ff
root@s32g274ardb2:~# ip link show pfe1
7: pfe1: <NO-CARRIER,BROADCAST,MULTICAST,UP> mtu 1500 qdisc pfifo_fast state DOWN mode DEFAULT group default qlen 1000
    link/ether 00:04:9f:be:ef:01 brd ff:ff:ff:ff:ff:ff
root@s32g274ardb2:~# ethtool pfe0
Settings for pfe0:
        Supported ports: [ MII ]
        Supported link modes:   Not reported
        Supported pause frame use: Symmetric Receive-only
        Supports auto-negotiation: Yes
        Supported FEC modes: Not reported
        Advertised link modes:  Not reported
        Advertised pause frame use: Symmetric Receive-only
        Advertised auto-negotiation: Yes
        Advertised FEC modes: Not reported
        Speed: 2500Mb/s
        Duplex: Full
        Auto-negotiation: on
        Port: MII
        PHYAD: 0
        Transceiver: internal
        Link detected: yes
root@s32g274ardb2:~# ethtool pfe1
Settings for pfe1:
        Supported ports: [  ]
        Supported link modes:   100baseT/Half 100baseT/Full
                                1000baseT/Full
                                1000baseKX/Full
        Supported pause frame use: Symmetric Receive-only
        Supports auto-negotiation: Yes
        Supported FEC modes: Not reported
        Advertised link modes:  100baseT/Half 100baseT/Full
                                1000baseT/Full
                                1000baseKX/Full
        Advertised pause frame use: Symmetric Receive-only
        Advertised auto-negotiation: Yes
        Advertised FEC modes: Not reported
        Speed: Unknown!
        Duplex: Unknown! (255)
        Auto-negotiation: on
        Port: Twisted Pair
        PHYAD: 8
