bootloader 0x2 ComDal_Init() done.
bootloader 0x2 Bootloader safety checks finished
bootloader 0x2 Bootloader secure boot is enabled.
bootloader 0x2 Bootloader initialization complete.
bootloader 0x2 Application 0 image fragment 0 of size 225280 was loaded from QSPI, address 0
bootloader 0x2 Application 0 image fragment 0 was loaded in 10.326 milliseconds.
bootloader 0x2 Application A53_0 was loaded.
bootloader 0x2 Application 1 image fragment 0 of size 3145728 was loaded from QSPI, address
bootloader 0x2 Application 1 image fragment 0 was loaded in 22.396 milliseconds.
bootloader 0x2 Application M7_0 was loaded.
NOTICE:  Reset status: Power-On Reset
NOTICE:  BL2: v2.10.14(release):bsp44.0_rc10-2.10.14-1-gc9a7f8123-dirty
NOTICE:  BL2: Built : 08:13:32, May 13 2025
NOTICE:  BL2: Booting BL31
I/TC:
I/TC: Non-secure external DT found
I/TC: OP-TEE version: bsp44.0_rc10-4.0-dev (gcc version 13.3.0 (GCC)) #1 Mon Mar 24 14:10:41
I/TC: WARNING: This OP-TEE configuration might be insecure!
I/TC: WARNING: Please check https://optee.readthedocs.io/en/latest/architecture/porting_guid
I/TC: Primary CPU initializing
I/TC: Initializing virtualization support
I/TC: Primary CPU switching to normal world boot
I/TC: WARNING: Using fixed value for stack canary


U-Boot 2022.04+g9a00323278+p0 (May 13 2025 - 06:57:56 +0000)

SoC:   NXP S32G274A rev. 2.1
CPU:   ARM Cortex-A53 r0p4 @ max 1000 MHz
Model: NXP S32G2XX
DRAM:  4 GiB
Core:  312 devices, 24 uclasses, devicetree: board
MMC:   FSL_SDHC: 0
Loading Environment from MMC... OK
pci_s32cc pcie@40400000: Failed to get PHY 'serdes_lane0'
In:    serial@401c8000
Out:   serial@401c8000
Err:   serial@401c8000
Board revision: RDB2/GLDBOX Revision E
Net:
Warning: ethernet@4033c000 (eth0) using random MAC address - 62:e8:de:bb:90:70
eth0: ethernet@4033c000, eth4: pfe0sl, eth5: pfe1sl, eth6: pfe2sl
Hit any key to stop autoboot:  0
1772 bytes read in 5 ms (345.7 KiB/s)
## Executing script at 80200000
17002504 bytes read in 680 ms (23.8 MiB/s)
1146888 bytes read in 47 ms (23.3 MiB/s)
60923 bytes read in 8 ms (7.3 MiB/s)
## Flattened Device Tree blob at 86a00000
   Booting using the fdt blob at 0x86a00000
   Using Device Tree in place at 0000000086a00000, end 0000000086a12fff
   fixup: pfe1: update phy addr to 0x8
Disabling XPCS1_0
Disabling XPCS1_1

Starting kernel ...

- UART enabled -
- Boot CPU booting -
- Current EL 0000000000000008 -
- Initialize CPU -
- Turning on paging -
- Zero BSS -
- Ready -
(XEN) Checking for initrd in /chosen
(XEN) RAM: 0000000080000000 - 00000000ffffffff
(XEN) RAM: 0000000880000000 - 00000008ffffffff
(XEN)
(XEN) MODULE[0]: 0000000086800000 - 0000000086965000 Xen
(XEN) MODULE[1]: 0000000086a00000 - 0000000086a10000 Device Tree
(XEN) MODULE[2]: 0000000085600000 - 0000000086637008 Kernel
(XEN)  RESVD[0]: 00000000ff600000 - 00000000ff7fffff
(XEN)  RESVD[1]: 00000000ff400000 - 00000000ff5fffff
(XEN)  RESVD[2]: 00000000fe000000 - 00000000ff3fffff
(XEN)  RESVD[3]: 0000000084000000 - 0000000084ffffff
(XEN)  RESVD[4]: 00000000c0000000 - 00000000c03fffff
(XEN)  RESVD[5]: 00000000c0400000 - 00000000c07fffff
(XEN)  RESVD[6]: 00000000d0000000 - 00000000d000007f
(XEN)  RESVD[7]: 00000000d0000080 - 00000000d00000ff
(XEN)  RESVD[8]: 0000000083200000 - 00000000835dffff
(XEN)  RESVD[9]: 00000000835e0000 - 00000000835fffff
(XEN)  RESVD[10]: 0000000083600000 - 000000008360ffff
(XEN)  RESVD[11]: 0000000034400000 - 000000003447ffff
(XEN)  RESVD[12]: 0000000034480000 - 000000003449ffff
(XEN)  RESVD[13]: 0000000034520000 - 00000000345fffff
(XEN)
(XEN)
(XEN) Command line: dom0_mem=1G dom0_max_vcpus=4 bootscrub=0 dom0_vcpus_pin
(XEN) PFN compression on bits 20...22
(XEN) Domain heap initialised
(XEN) Booting using Device Tree
(XEN) Platform: NXP S32CC
(XEN) No dtuart path configured
(XEN) Bad console= option 'dtuart'
 Xen 4.18.2
(XEN) Xen version 4.18.2 (nxf65897@swis.ro-buh01.nxp.com) (aarch64-fsl-linux-gcc (GCC) 13.3.
(XEN) Latest ChangeSet: Thu Feb 20 15:08:45 2025 +0200 git:e4f37269c3-dirty
(XEN) build-id: aeb32f714cb175b3debed511648f1980021f0631
(XEN) Processor: 00000000410fd034: "ARM Limited", variant: 0x0, part 0xd03,rev 0x4
(XEN) 64-bit Execution:
(XEN)   Processor Features: 0000000001002222 0000000000000000
(XEN)     Exception Levels: EL3:64+32 EL2:64+32 EL1:64+32 EL0:64+32
(XEN)     Extensions: FloatingPoint AdvancedSIMD GICv3-SysReg
(XEN)   Debug Features: 0000000010305106 0000000000000000
(XEN)   Auxiliary Features: 0000000000000000 0000000000000000
(XEN)   Memory Model Features: 0000000000001122 0000000000000000
(XEN)   ISA Features:  0000000000011120 0000000000000000
(XEN) 32-bit Execution:
(XEN)   Processor Features: 0000000000000131:0000000010011011
(XEN)     Instruction Sets: AArch32 A32 Thumb Thumb-2 Jazelle
(XEN)     Extensions: GenericTimer Security
(XEN)   Debug Features: 0000000003010066
(XEN)   Auxiliary Features: 0000000000000000
(XEN)   Memory Model Features: 0000000010201105 0000000040000000
(XEN)                          0000000001260000 0000000002102211
(XEN)   ISA Features: 0000000002101110 0000000013112111 0000000021232042
(XEN)                 0000000001112131 0000000000011142 0000000000011121
(XEN) Using SMC Calling Convention v1.4
(XEN) Using PSCI v1.1
(XEN) SMP: Allowing 4 CPUs
(XEN) enabled workaround for: ARM erratum 1530924
(XEN) enabled workaround for: NXP ERRATUM ERR050481 (TLBI handled incorrectly)
(XEN) Generic Timer IRQ: phys=30 hyp=26 virt=27 Freq: 5000 KHz
(XEN) GICv3 initialization:
(XEN)       gic_dist_addr=0x00000050800000
(XEN)       gic_maintenance_irq=25
(XEN)       gic_rdist_stride=0
(XEN)       gic_rdist_regions=1
(XEN)       redistributor regions:
(XEN)         - region 0: 0x00000050880000 - 0x00000050900000
(XEN) GICv3 compatible with GICv2 cbase 0x00000050400000 vbase 0x00000050420000
(XEN) GICv3: 576 lines, (IID 0001143b).
(XEN) GICv3: CPU0: Found redistributor in region 0 @000002004001a000
(XEN) XSM Framework v1.0.1 initialized
(XEN) Initialising XSM SILO mode
(XEN) Using scheduler: SMP Credit Scheduler rev2 (credit2)
(XEN) Initializing Credit2 scheduler
(XEN)  load_precision_shift: 18
(XEN)  load_window_shift: 30
(XEN)  underload_balance_tolerance: 0
(XEN)  overload_balance_tolerance: -3
(XEN)  runqueues arrangement: socket
(XEN)  cap enforcement granularity: 10ms
(XEN) load tracking window length 1073741824 ns
(XEN) Allocated console ring of 32 KiB.
(XEN) CPU0: Guest atomics will try 11 times before pausing the domain
(XEN) Bringing up CPU1
I/TC: Secondary CPU 1 initializing
I/TC: Secondary CPU 1 switching to normal world boot
- CPU 0000000000000001 booting -
- Current EL 0000000000000008 -
- Initialize CPU -
- Turning on paging -
- Ready -
(XEN) GICv3: CPU1: Found redistributor in region 0 @000002004003a000
(XEN) CPU1: Guest atomics will try 9 times before pausing the domain
(XEN) CPU 1 booted.
(XEN) Bringing up CPU2
I/TC: Secondary CPU 2 initializing
I/TC: Secondary CPU 2 switching to normal world boot
- CPU 0000000000000100 booting -
- Current EL 0000000000000008 -
- Initialize CPU -
- Turning on paging -
- Ready -
(XEN) GICv3: CPU2: Found redistributor in region 0 @000002004005a000
(XEN) CPU2: Guest atomics will try 11 times before pausing the domain
(XEN) CPU 2 booted.
(XEN) Bringing up CPU3
I/TC: Secondary CPU 3 initializing
I/TC: Secondary CPU 3 switching to normal world boot
- CPU 0000000000000101 booting -
- Current EL 0000000000000008 -
- Initialize CPU -
- Turning on paging -
- Ready -
(XEN) GICv3: CPU3: Found redistributor in region 0 @000002004007a000
(XEN) CPU3: Guest atomics will try 11 times before pausing the domain
(XEN) Brought up 4 CPUs
(XEN) CPU 3 booted.
(XEN) I/O virtualisation disabled
(XEN) P2M: 40-bit IPA with 40-bit PA and 8-bit VMID
(XEN) P2M: 3 levels with order-1 root, VTCR 0x0000000080023558
(XEN) Scheduling granularity: cpu, 1 CPU per sched-resource
(XEN) Initializing Credit2 scheduler
(XEN)  load_precision_shift: 18
(XEN)  load_window_shift: 30
(XEN)  underload_balance_tolerance: 0
(XEN)  overload_balance_tolerance: -3
(XEN)  runqueues arrangement: socket
(XEN)  cap enforcement granularity: 10ms
(XEN) load tracking window length 1073741824 ns
(XEN) Adding cpu 0 to runqueue 0
(XEN)  First cpu on runqueue, activating
(XEN) Adding cpu 1 to runqueue 0
(XEN) Adding cpu 2 to runqueue 0
(XEN) Adding cpu 3 to runqueue 0
(XEN) OP-TEE supports 4 simultaneous threads per guest.
I/TC: Removing guest 0
E/TC:0   virt_guest_destroyed:353 Client with id 0 is not found
(XEN) Using TEE mediator for OP-TEE
(XEN) alternatives: Patching with alt table 00000200002edc18 -> 00000200002eefbc
I/TC: Added guest 1
(XEN) *** LOADING DOMAIN 0 ***
(XEN) Loading d0 kernel from boot module @ 0000000085600000
(XEN) Allocating 1:1 mappings totalling 1024MB for dom0:
(XEN) BANK[0] 0x00000090000000-0x000000c0000000 (768MB)
(XEN) BANK[1] 0x000000e0000000-0x000000f0000000 (256MB)
(XEN) Grant table range: 0x00000086800000-0x00000086840000
(XEN) Allocating PPI 16 for event channel interrupt
(XEN) d0: extended region 0: 0x86a00000->0x8fe00000
(XEN) d0: extended region 1: 0xc0800000->0xcfe00000
(XEN) d0: extended region 2: 0xd0200000->0xdfe00000
(XEN) d0: extended region 3: 0xf0000000->0xfde00000
(XEN) d0: extended region 4: 0x880000000->0x8ffe00000
(XEN) Loading zImage from 0000000085600000 to 0000000090000000-0000000091037008
(XEN) Loading d0 DTB to 0x0000000098000000-0x000000009800ee65
(XEN) Initial low memory virq threshold set at 0x4000 pages.
(XEN) Std. Loglevel: All
(XEN) Guest Loglevel: All
(XEN) *** Serial input to DOM0 (type 'CTRL-a' three times to switch input)
(XEN) Freed 360kB init memory.
(XEN) d0v0 Unhandled SMC/HVC: 0x84000050
(XEN) d0v0 Unhandled SMC/HVC: 0x8600ff01
(XEN) d0v0: vGICD: RAZ on reserved register offset 0x00000c
(XEN) d0v0: vGICD: unhandled word write 0x000000ffffffff to ICACTIVER4
(XEN) d0v0: vGICD: unhandled word write 0x000000ffffffff to ICACTIVER8
(XEN) d0v0: vGICD: unhandled word write 0x000000ffffffff to ICACTIVER12
(XEN) d0v0: vGICD: unhandled word write 0x000000ffffffff to ICACTIVER16
(XEN) d0v0: vGICD: unhandled word write 0x000000ffffffff to ICACTIVER20
(XEN) d0v0: vGICD: unhandled word write 0x000000ffffffff to ICACTIVER24
(XEN) d0v0: vGICD: unhandled word write 0x000000ffffffff to ICACTIVER28
(XEN) d0v0: vGICD: unhandled word write 0x000000ffffffff to ICACTIVER32
(XEN) d0v0: vGICD: unhandled word write 0x000000ffffffff to ICACTIVER36
(XEN) d0v0: vGICD: unhandled word write 0x000000ffffffff to ICACTIVER40
(XEN) d0v0: vGICD: unhandled word write 0x000000ffffffff to ICACTIVER44
(XEN) d0v0: vGICD: unhandled word write 0x000000ffffffff to ICACTIVER48
(XEN) d0v0: vGICD: unhandled word write 0x000000ffffffff to ICACTIVER52
(XEN) d0v0: vGICD: unhandled word write 0x000000ffffffff to ICACTIVER56
(XEN) d0v0: vGICD: unhandled word write 0x000000ffffffff to ICACTIVER60
(XEN) d0v0: vGICD: unhandled word write 0x000000ffffffff to ICACTIVER64
(XEN) d0v0: vGICD: unhandled word write 0x000000ffffffff to ICACTIVER68
(XEN) d0v0: vGICR: SGI: unhandled word write 0x000000ffffffff to ICACTIVER0
(XEN) d0v1: vGICR: SGI: unhandled word write 0x000000ffffffff to ICACTIVER0
(XEN) d0v2: vGICR: SGI: unhandled word write 0x000000ffffffff to ICACTIVER0
(XEN) d0v3: vGICR: SGI: unhandled word write 0x000000ffffffff to ICACTIVER0
[    0.000000] Booting Linux on physical CPU 0x0000000000 [0x410fd034]
[    0.000000] Linux version 6.6.85-rt53-00977-g6208e1d0d7b5-dirty (oe-user@oe-host) (aarch6                        3.0, GNU ld (GNU Binutils) 2.42.0.20240723) #1 SMP PREEMPT Wed May 14 13:40:03 UTC 2025
[    0.000000] OF: fdt: Ignoring memory block 0xd0000000 - 0xd0000080
[    0.000000] OF: fdt: Ignoring memory block 0xd0000080 - 0xd0000100
[    0.000000] Machine model: NXP S32G2 Reference Design Board 2 (S32G-VNP-RDB2)
[    0.000000] Xen 4.18 support found
[    0.000000] OF: reserved mem: 0x0000000034400000..0x000000003447ffff (512 KiB) nomap non-
[    0.000000] OF: reserved mem: 0x0000000034480000..0x000000003449ffff (128 KiB) nomap non-
[    0.000000] OF: reserved mem: 0x0000000034520000..0x00000000345fffff (896 KiB) nomap non-                        0
[    0.000000] Reserved memory: created DMA memory pool at 0x0000000083200000, size 3 MiB
[    0.000000] OF: reserved mem: initialized node pfebufs@83200000, compatible id shared-dma
[    0.000000] OF: reserved mem: 0x0000000083200000..0x00000000835dffff (3968 KiB) nomap non                        0
[    0.000000] OF: reserved mem: 0x00000000835e0000..0x00000000835fffff (128 KiB) map non-re
[    0.000000] OF: reserved mem: 0x0000000083600000..0x000000008360ffff (64 KiB) map non-reu
[    0.000000] OF: reserved mem: 0x0000000084000000..0x0000000084ffffff (16384 KiB) nomap no
[    0.000000] OF: reserved mem: 0x00000000c0000000..0x00000000c03fffff (4096 KiB) nomap non
[    0.000000] OF: reserved mem: 0x00000000c0400000..0x00000000c07fffff (4096 KiB) nomap non
[    0.000000] OF: reserved mem: 0x00000000d0000000..0x00000000d000007f (0 KiB) nomap non-re
[    0.000000] OF: reserved mem: 0x00000000d0000080..0x00000000d00000ff (0 KiB) nomap non-re
[    0.000000] OF: reserved mem: 0x00000000fe000000..0x00000000ff3fffff (20480 KiB) nomap no                        00000
[    0.000000] OF: reserved mem: 0x00000000ff400000..0x00000000ff5fffff (2048 KiB) nomap non                        000
[    0.000000] OF: reserved mem: 0x00000000ff600000..0x00000000ff7fffff (2048 KiB) nomap non
[    0.000000] Zone ranges:
[    0.000000]   DMA      [mem 0x0000000034400000-0x00000000ff7fffff]
[    0.000000]   DMA32    empty
[    0.000000]   Normal   empty
[    0.000000] Movable zone start for each node
[    0.000000] Early memory node ranges
[    0.000000]   node   0: [mem 0x0000000034400000-0x000000003449ffff]
[    0.000000]   node   0: [mem 0x0000000034520000-0x00000000345fffff]
[    0.000000]   node   0: [mem 0x0000000083200000-0x00000000835dffff]
[    0.000000]   node   0: [mem 0x00000000835e0000-0x000000008360ffff]
[    0.000000]   node   0: [mem 0x0000000084000000-0x0000000084ffffff]
[    0.000000]   node   0: [mem 0x0000000090000000-0x00000000bfffffff]
[    0.000000]   node   0: [mem 0x00000000c0000000-0x00000000c07fffff]
[    0.000000]   node   0: [mem 0x00000000e0000000-0x00000000efffffff]
[    0.000000]   node   0: [mem 0x00000000fe000000-0x00000000ff7fffff]
[    0.000000] Initmem setup node 0 [mem 0x0000000034400000-0x00000000ff7fffff]
[    0.000000] On node 0, zone DMA: 17408 pages in unavailable ranges
[    0.000000] On node 0, zone DMA: 128 pages in unavailable ranges
[    0.000000] On node 0, zone DMA: 27648 pages in unavailable ranges
[    0.000000] On node 0, zone DMA: 2544 pages in unavailable ranges
[    0.000000] On node 0, zone DMA: 12288 pages in unavailable ranges
[    0.000000] On node 0, zone DMA: 30720 pages in unavailable ranges
[    0.000000] On node 0, zone DMA: 24576 pages in unavailable ranges
[    0.000000] On node 0, zone DMA: 2048 pages in unavailable ranges
[    0.000000] cma: Reserved 256 MiB at 0x00000000b0000000 on node -1
[    0.000000] psci: probing for conduit method from DT.
[    0.000000] psci: PSCIv1.1 detected in firmware.
[    0.000000] psci: Using standard PSCI v0.2 function IDs
[    0.000000] psci: Trusted OS migration not required
[    0.000000] psci: SMC Calling Convention v1.2
[    0.000000] percpu: Embedded 20 pages/cpu s41768 r8192 d31960 u81920
[    0.000000] Detected VIPT I-cache on CPU0
[    0.000000] CPU features: detected: GIC system register CPU interface
[    0.000000] CPU features: detected: ARM erratum 845719
[    0.000000] CPU features: detected: NXP erratum ERR050481 (TLBI by VA handled incorrectly
[    0.000000] CPU features: detected: ARM errata 1165522, 1319367, 1530923, or 1530924
[    0.000000] alternatives: applying boot alternatives
[    0.000000] Kernel command line: console=ttyLF0,115200 earlycon=xen earlyprintk=xen root=                        w clk_ignore_unused
[    0.000000] Unknown kernel command line parameters "earlyprintk=xen", will be passed to u
[    0.000000] Dentry cache hash table entries: 262144 (order: 9, 2097152 bytes, linear)
[    0.000000] Inode-cache hash table entries: 131072 (order: 8, 1048576 bytes, linear)
[    0.000000] Built 1 zonelists, mobility grouping on.  Total pages: 271545
[    0.000000] mem auto-init: stack:all(zero), heap alloc:off, heap free:off
[    0.000000] software IO TLB: area num 4.
[    0.000000] software IO TLB: mapped [mem 0x00000000ea200000-0x00000000ee200000] (64MB)
[    0.000000] Memory: 672768K/1103424K available (10560K kernel code, 732K rwdata, 3200K ro                        s, 168512K reserved, 262144K cma-reserved)
[    0.000000] SLUB: HWalign=64, Order=0-3, MinObjects=0, CPUs=4, Nodes=1
[    0.000000] rcu: Preemptible hierarchical RCU implementation.
[    0.000000] rcu:     RCU event tracing is enabled.
[    0.000000] rcu:     RCU restricting CPUs from NR_CPUS=8 to nr_cpu_ids=4.
[    0.000000]  Trampoline variant of Tasks RCU enabled.
[    0.000000]  Tracing variant of Tasks RCU enabled.
[    0.000000] rcu: RCU calculated value of scheduler-enlistment delay is 25 jiffies.
[    0.000000] rcu: Adjusting geometry for rcu_fanout_leaf=16, nr_cpu_ids=4
[    0.000000] NR_IRQS: 64, nr_irqs: 64, preallocated irqs: 0
[    0.000000] GICv3: 544 SPIs implemented
[    0.000000] GICv3: 0 Extended SPIs implemented
[    0.000000] Root IRQ handler: gic_handle_irq
[    0.000000] GICv3: GICv3 features: 16 PPIs
[    0.000000] GICv3: CPU0: found redistributor 0 region 0:0x0000000050880000
[    0.000000] rcu: srcu_init: Setting srcu_struct sizes based on contention.
[    0.000000] arch_timer: cp15 timer(s) running at 5.00MHz (virt).
[    0.000000] clocksource: arch_sys_counter: mask: 0xffffffffffffff max_cycles: 0x127350b88                        20 ns
[    0.000001] sched_clock: 56 bits at 5MHz, resolution 200ns, wraps every 4398046511100ns
[    0.000502] Console: colour dummy device 80x25
[    0.000547] Calibrating delay loop (skipped), value calculated using timer frequency.. 10
[    0.000562] pid_max: default: 32768 minimum: 301
[    0.000640] LSM: initializing lsm=capability,integrity
[    0.000764] Mount-cache hash table entries: 4096 (order: 3, 32768 bytes, linear)
[    0.000782] Mountpoint-cache hash table entries: 4096 (order: 3, 32768 bytes, linear)
[    0.001869] cacheinfo: Unable to detect cache hierarchy for CPU 0
[    0.002889] RCU Tasks: Setting shift to 2 and lim to 1 rcu_task_cb_adjust=1 rcu_task_cpu_
[    0.003001] RCU Tasks Trace: Setting shift to 2 and lim to 1 rcu_task_cb_adjust=1 rcu_tas
[    0.003741] xen:grant_table: Grant tables using version 1 layout
[    0.003790] Grant table initialized
[    0.003829] xen:events: Using FIFO-based ABI
[    0.003958] Xen: initializing cpu0
[    0.004159] rcu: Hierarchical SRCU implementation.
[    0.004163] rcu:     Max phase no-delay instances is 1000.
[    0.005370] smp: Bringing up secondary CPUs ...
[    0.006144] Detected VIPT I-cache on CPU1
[    0.006245] GICv3: CPU1: found redistributor 1 region 0:0x00000000508a0000
[    0.012703] Xen: initializing cpu1
[    0.012765] CPU1: Booted secondary processor 0x0000000001 [0x410fd034]
[    0.013709] Detected VIPT I-cache on CPU2
[    0.013805] GICv3: CPU2: found redistributor 2 region 0:0x00000000508c0000
[    0.020234] Xen: initializing cpu2
[    0.020293] CPU2: Booted secondary processor 0x0000000002 [0x410fd034]
[    0.021152] Detected VIPT I-cache on CPU3
[    0.021209] GICv3: CPU3: found redistributor 3 region 0:0x00000000508e0000
[    0.027618] Xen: initializing cpu3
[    0.027664] CPU3: Booted secondary processor 0x0000000003 [0x410fd034]
[    0.027822] smp: Brought up 1 node, 4 CPUs
[    0.027834] SMP: Total of 4 processors activated.
[    0.027839] CPU features: detected: 32-bit EL0 Support
[    0.027845] CPU features: detected: CRC32 instructions
[    0.027971] CPU: All CPU(s) started at EL1
[    0.027976] alternatives: applying system-wide alternatives
[    0.029613] devtmpfs: initialized
[    0.041212] clocksource: jiffies: mask: 0xffffffff max_cycles: 0xffffffff, max_idle_ns: 7
[    0.041245] futex hash table entries: 1024 (order: 4, 65536 bytes, linear)
[    0.050754] pinctrl core: initialized pinctrl subsystem
[    0.051882] NET: Registered PF_NETLINK/PF_ROUTE protocol family
[    0.053147] DMA: preallocated 128 KiB GFP_KERNEL pool for atomic allocations
[    0.053257] DMA: preallocated 128 KiB GFP_KERNEL|GFP_DMA pool for atomic allocations
[    0.053367] DMA: preallocated 128 KiB GFP_KERNEL|GFP_DMA32 pool for atomic allocations
[    0.054459] thermal_sys: Registered thermal governor 'step_wise'
[    0.054633] hw-breakpoint: found 6 breakpoint and 4 watchpoint registers.
[    0.054965] ASID allocator initialised with 65536 entries
[    0.055186] Serial: AMBA PL011 UART driver
[    0.055246] scmi_core: SCMI protocol bus registered
[    0.056701] scmi_protocol scmi_dev.1: Enabled polling mode TX channel - prot_id:16
[    0.057259] arm-scmi firmware:scmi: SCMI Notifications - Core Enabled.
[    0.057356] arm-scmi firmware:scmi: SCMI Protocol v2.0 'NXP:S32G274A' Firmware version 0x
[    0.068284] /soc/siul2@4009c000/siul2-pinctrl@4009c240: Fixed dependency cycle(s) with /s                        inctrl@4009c240/jtag_pins
[    0.079038] Modules: 28544 pages in range for non-PLT usage
[    0.079053] Modules: 520064 pages in range for PLT usage
[    0.079953] HugeTLB: registered 1.00 GiB page size, pre-allocated 0 pages
[    0.079963] HugeTLB: 0 KiB vmemmap can be freed for a 1.00 GiB page
[    0.079970] HugeTLB: registered 32.0 MiB page size, pre-allocated 0 pages
[    0.079974] HugeTLB: 0 KiB vmemmap can be freed for a 32.0 MiB page
[    0.079979] HugeTLB: registered 2.00 MiB page size, pre-allocated 0 pages
[    0.079984] HugeTLB: 0 KiB vmemmap can be freed for a 2.00 MiB page
[    0.079989] HugeTLB: registered 64.0 KiB page size, pre-allocated 0 pages
[    0.079994] HugeTLB: 0 KiB vmemmap can be freed for a 64.0 KiB page
[    0.091829] xen:balloon: Initialising balloon driver
[    0.092691] SCSI subsystem initialized
[    0.092899] usbcore: registered new interface driver usbfs
[    0.092930] usbcore: registered new interface driver hub
[    0.092971] usbcore: registered new device driver usb
[    0.093905] pps_core: LinuxPPS API ver. 1 registered
[    0.093911] pps_core: Software ver. 5.3.6 - Copyright 2005-2007 Rodolfo Giometti <giomett
[    0.093928] PTP clock support registered
[    0.095459] vgaarb: loaded
[    0.095994] clocksource: Switched to clocksource arch_sys_counter
[    0.107298] NET: Registered PF_INET protocol family
[    0.107544] IP idents hash table entries: 32768 (order: 6, 262144 bytes, linear)
[    0.109618] tcp_listen_portaddr_hash hash table entries: 1024 (order: 2, 16384 bytes, lin
[    0.109651] Table-perturb hash table entries: 65536 (order: 6, 262144 bytes, linear)
[    0.109667] TCP established hash table entries: 16384 (order: 5, 131072 bytes, linear)
[    0.109855] TCP bind hash table entries: 16384 (order: 7, 524288 bytes, linear)
[    0.110447] TCP: Hash tables configured (established 16384 bind 16384)
[    0.110601] UDP hash table entries: 1024 (order: 3, 32768 bytes, linear)
[    0.110655] UDP-Lite hash table entries: 1024 (order: 3, 32768 bytes, linear)
[    0.110902] NET: Registered PF_UNIX/PF_LOCAL protocol family
[    0.111529] RPC: Registered named UNIX socket transport module.
[    0.111535] RPC: Registered udp transport module.
[    0.111539] RPC: Registered tcp transport module.
[    0.111542] RPC: Registered tcp-with-tls transport module.
[    0.111546] RPC: Registered tcp NFSv4.1 backchannel transport module.
[    0.111564] PCI: CLS 0 bytes, default 64
[    0.113196] Initialise system trusted keyrings
[    0.113430] workingset: timestamp_bits=46 max_order=18 bucket_order=0
[    0.114228] fuse: init (API version 7.39)
[    0.114597] NET: Registered PF_ALG protocol family
[    0.114612] Key type asymmetric registered
[    0.114619] Asymmetric key parser 'x509' registered
[    0.114665] Block layer SCSI generic (bsg) driver version 0.4 loaded (major 247)
[    0.114860] io scheduler mq-deadline registered
[    0.114866] io scheduler kyber registered
[    0.114891] io scheduler bfq registered
[    0.119355] s32cc-siul2-pinctrl 4009c240.siul2-pinctrl: initialized s32 pinctrl driver
[    0.121202] s32cc-siul2-gpio 4009d700.siul2-gpio: No cache defaults, reading back from HW
[    0.121361] s32cc-siul2-gpio 4009d700.siul2-gpio: No cache defaults, reading back from HW
[    0.121888] gpio gpiochip0: Static allocation of GPIO base is deprecated, use dynamic all
[    0.123083] s32cc-siul2-gpio 4009d700.siul2-gpio: No cache defaults, reading back from HW
[    0.123162] s32cc-siul2-gpio 4009d700.siul2-gpio: No cache defaults, reading back from HW
[    0.125203] xen:xen_evtchn: Event-channel device installed
[    0.128747] 401c8000.serial: ttyLF0 at MMIO 0x401c8000 (irq = 22, base_baud = 7812500) is
[    0.128817] printk: legacy console [ttyLF0] enabled
[    1.384025] 401cc000.serial: ttyLF1 at MMIO 0x401cc000 (irq = 23, base_baud = 7812500) is
[    1.396056] s32cc_fccu 4030c000.fccu: FCCU status is 0 (normal)
[    1.405225] sja1110-sw@1 enforce active low on GPIO handle
[    1.414311] spi-nor spi6.0: mx25uw51245g (65536 Kbytes)
[    1.420482] 8 fixed-partitions partitions found on MTD device 0.spi
[    1.426863] Creating 8 MTD partitions on "0.spi":
[    1.431655] 0x000000000000-0x000004000000 : "Flash-Image"
[    1.437692] 0x000000000000-0x0000000d0000 : "BL2"
[    1.442907] 0x0000000d0000-0x0000002a0000 : "FIP"
[    1.448154] 0x0000002a0000-0x0000002b0000 : "U-Boot-Env"
[    1.453981] 0x0000002b0000-0x000001380000 : "Kernel"
[    1.459496] 0x000001380000-0x0000013b0000 : "DTB"
[    1.464714] 0x0000013b0000-0x0000032c0000 : "Rootfs"
[    1.470186] 0x0000032c0000-0x000004000000 : "PFE-Firmware"
[    1.478481] vcan: Virtual CAN interface driver
[    1.483041] slcan: serial line CAN interface driver
[    1.488006] CAN device driver interface
[    1.493334] flexcan 401b4000.can: device registered (reg_base=(____ptrval____), irq(s):
[    1.501494] flexcan 401b4000.can:  28
[    1.505224] flexcan 401b4000.can:  29
[    1.508943] flexcan 401b4000.can:  30
[    1.512666] flexcan 401b4000.can:  31
[    1.516386] flexcan 401b4000.can: )
[    1.521059] flexcan 401be000.can: device registered (reg_base=(____ptrval____), irq(s):
[    1.529196] flexcan 401be000.can:  32
[    1.532923] flexcan 401be000.can:  33
[    1.536640] flexcan 401be000.can:  34
[    1.540365] flexcan 401be000.can:  35
[    1.544098] flexcan 401be000.can: )
[    1.548053] e100: Intel(R) PRO/100 Network Driver
[    1.552835] e100: Copyright(c) 1999-2006 Intel Corporation
[    1.558445] e1000: Intel(R) PRO/1000 Network Driver
[    1.563398] e1000: Copyright (c) 1999-2006 Intel Corporation.
[    1.569262] e1000e: Intel(R) PRO/1000 Network Driver
[    1.574298] e1000e: Copyright(c) 1999 - 2015 Intel Corporation.
[    1.580329] igb: Intel(R) Gigabit Ethernet Network Driver
[    1.585811] igb: Copyright (c) 2007-2014 Intel Corporation.
[    1.592055] xen_netfront: Initialising Xen virtual ethernet driver
[    1.599634] hse-uio 40210000.mu0b: standard firmware, version 2.64.0
[    1.606130] hse-uio 40210000.mu0b: successfully registered device
[    1.612977] usbcore: registered new interface driver uas
[    1.618429] usbcore: registered new interface driver usb-storage
[    1.625717] imx_usb 44064000.usb: No over current polarity defined
[    1.633171] ci_hdrc ci_hdrc.0: EHCI Host Controller
[    1.638394] ci_hdrc ci_hdrc.0: new USB bus registered, assigned bus number 1
[    1.660005] ci_hdrc ci_hdrc.0: USB 2.0 started, EHCI 1.00
[    1.665957] usb usb1: New USB device found, idVendor=1d6b, idProduct=0002, bcdDevice= 6.0
[    1.674387] usb usb1: New USB device strings: Mfr=3, Product=2, SerialNumber=1
[    1.681724] usb usb1: Product: EHCI Host Controller
[    1.686678] usb usb1: Manufacturer: Linux 6.6.85-rt53-00977-g6208e1d0d7b5-dirty ehci_hcd
[    1.694894] usb usb1: SerialNumber: ci_hdrc.0
[    1.700016] hub 1-0:1.0: USB hub found
[    1.703883] hub 1-0:1.0: 1 port detected
[    1.710216] s32cc-rtc 40060000.rtc: registered as rtc0
[    1.715510] s32cc-rtc 40060000.rtc: setting system clock to 1970-01-01T00:00:00 UTC (0)
[    1.723854] i2c_dev: i2c /dev entries driver
[    1.728903] s32cc-wdt 4010c000.watchdog: S32CC Watchdog Timer Registered. timeout=30s (no
[    1.738831] s32cc-wdt 40200000.watchdog: S32CC Watchdog Timer Registered. timeout=30s (no
[    1.748211] s32cc-wdt 40204000.watchdog: S32CC Watchdog Timer Registered. timeout=30s (no
[    1.757541] s32cc-wdt 40208000.watchdog: S32CC Watchdog Timer Registered. timeout=30s (no
[    1.767165] scmi-cpufreq scmi_dev.5: scmi_cpufreq_probe: registering cpufreq failed, err:
[    1.776437] sdhci: Secure Digital Host Controller Interface driver
[    1.782723] sdhci: Copyright(c) Pierre Ossman
[    1.787158] sdhci-pltfm: SDHCI platform and OF driver helper
[    1.793345] SMCCC: SOC_ID: ARCH_SOC_ID not implemented, skipping ....
[    1.800147] usbcore: registered new interface driver usbhid
[    1.805809] usbhid: USB HID core driver
[    1.822460] s32-adc 401f8000.adc: using dma0chan4 for ADC DMA transfers
[    1.824011] mmc0: SDHCI controller on 402f0000.mmc [402f0000.mmc] using ADMA
[    1.829958] s32-adc 401f8000.adc: Device initialized successfully.
[    1.850237] s32-adc 402e8000.adc: using dma1chan16 for ADC DMA transfers
[    1.857744] s32-adc 402e8000.adc: Device initialized successfully.
[    1.866076] s32-siul2-nvmem 4009c000.nvram: Initialized s32cc siul2 nvmem driver
[    1.873877] s32-siul2-nvmem 44010000.nvram: Initialized s32cc siul2 nvmem driver
[    1.881709] optee: probing for conduit method.
I/dr
    [   1.886305] optee: revision 4.0
[    1.887059] optee: dynamic shared memory is enabled
[    1.895843] optee: initialized driver
[    1.900508] NET: Registered PF_INET6 protocol family
[    1.906782] Segment Routing with IPv6
[    1.910615] In-situ OAM (IOAM) with IPv6
[    1.914750] sit: IPv6, IPv4 and MPLS over IPv4 tunneling driver
[    1.920986] mmc0: new high speed SDHC card at address 0001
[    1.921442] NET: Registered PF_PACKET protocol family
[    1.927400] mmcblk0: mmc0:0001 BB1QT 29.8 GiB
[    1.931777] Bridge firewalling registered
[    1.940522] can: controller area network core
[    1.945057] NET: Registered PF_CAN protocol family
[    1.949977] can: raw protocol
[    1.949995]  mmcblk0: p1 p2 p3 p4 < p5 p6 >
[    1.953001] can: broadcast manager protocol
[    1.953016] can: netlink gateway - max_hops=1
[    1.966207] 8021q: 802.1Q VLAN Support v1.8
[    1.978464] Loading compiled-in X.509 certificates
[    1.999279] i2c i2c-0: using pinctrl states for GPIO recovery
[    2.005257] i2c i2c-0: using generic GPIOs for recovery
[    2.011332] pca953x 0-0022: using AI
[    2.024431] rtc-pcf85063 0-0051: registered as rtc1
[    2.029476] i2c i2c-0: IMX I2C adapter registered
[    2.034312] i2c i2c-0: using dma0chan5 (tx) and dma0chan6 (rx) for DMA transfers
[    2.042826] i2c i2c-2: using pinctrl states for GPIO recovery
[    2.048784] i2c i2c-2: using generic GPIOs for recovery
[    2.054188] i2c i2c-2: IMX I2C adapter registered
[    2.059023] i2c i2c-2: using dma1chan17 (tx) and dma1chan18 (rx) for DMA transfers
[    2.067632] i2c i2c-4: using pinctrl states for GPIO recovery
[    2.073563] i2c i2c-4: using generic GPIOs for recovery
[    2.080826] ina2xx 4-0040: power monitor ina231 (Rshunt = 1000 uOhm)
[    2.087341] i2c i2c-4: IMX I2C adapter registered
[    2.092201] i2c i2c-4: using dma1chan19 (tx) and dma1chan20 (rx) for DMA transfers
[    2.100604] phy-s32cc-serdes 40480000.serdes: Using mode 0 for SerDes subsystem
[    2.310048] s32cc-pcie 40400000.pcie: Failed to stabilize PHY link
[    2.316337] s32cc-pcie 40400000.pcie: Configuring as RootComplex
[    2.322659] s32cc-pcie 40400000.pcie: Allocated line 0 for interrupt 46 (msi)
[    2.330002] s32cc-pcie 40400000.pcie: host bridge /soc/pcie@40400000 ranges:
[    2.337199] s32cc-pcie 40400000.pcie:       IO 0x5ffffe0000..0x5ffffeffff -> 0x0000000000
[    2.345523] s32cc-pcie 40400000.pcie:      MEM 0x5800000000..0x5ffffdffff -> 0x0000000000
[    2.353850] s32cc-pcie 40400000.pcie: Memory resource size exceeds max for 32 bits
[    3.361882] s32cc-pcie 40400000.pcie: Phy link never came up
[    3.367655] s32cc-pcie 40400000.pcie: Link Up failed, EndPoint may not be connected
[    3.375543] s32cc-pcie 40400000.pcie: iATU: unroll T, 6 ob, 4 ib, align 4K, limit 1024G
[    4.384068] s32cc-pcie 40400000.pcie: Phy link never came up
[    4.389839] s32cc-pcie 40400000.pcie: Link Up failed, EndPoint may not be connected
[    5.392325] s32cc-pcie 40400000.pcie: Phy link never came up
[    5.398699] s32cc-pcie 40400000.pcie: PCI host bridge to bus 0000:00
[    5.405170] pci_bus 0000:00: root bus resource [bus 00-ff]
[    5.410746] pci_bus 0000:00: root bus resource [io  0x0000-0xffff]
[    5.417026] pci_bus 0000:00: root bus resource [mem 0x5800000000-0x5ffffdffff] (bus addre                        f])
[    5.427836] pci 0000:00:00.0: [1957:4002] type 01 class 0x060400
[    5.433957] pci 0000:00:00.0: reg 0x10: [mem 0x5800000000-0x58000fffff]
[    5.440689] pci 0000:00:00.0: reg 0x38: [mem 0x5800000000-0x580000ffff pref]
[    5.447940] pci 0000:00:00.0: supports D1
[    5.452014] pci 0000:00:00.0: PME# supported from D0 D1 D3hot D3cold
(XEN) xen-source/xen/arch/arm/physdev.c:20:d0v3 PHYSDEVOP cmd=25: not implemented
(XEN) xen-source/xen/arch/arm/physdev.c:20:d0v3 PHYSDEVOP cmd=15: not implemented
[    5.473455] pci 0000:00:00.0: Failed to add - passthrough or MSI/MSI-X might fail!
[    5.484770] pci 0000:00:00.0: BAR 0: assigned [mem 0x5800000000-0x58000fffff]
[    5.492033] pci 0000:00:00.0: BAR 6: assigned [mem 0x5800100000-0x580010ffff pref]
[    5.499725] pci 0000:00:00.0: PCI bridge to [bus 01-ff]
[    5.505449] pcieport 0000:00:00.0: PME: Signaling with IRQ 47
[    5.512837] s32cc-dwmac 4033c000.ethernet: IRQ eth_wake_irq not found
[    5.519410] s32cc-dwmac 4033c000.ethernet: IRQ eth_lpi not found
[    5.526569] s32cc-dwmac 4033c000.ethernet: User ID: 0x10, Synopsys ID: 0x51
[    5.533668] s32cc-dwmac 4033c000.ethernet:   DWMAC4/5
[    5.538717] s32cc-dwmac 4033c000.ethernet: DMA HW capability register supported
[    5.546143] s32cc-dwmac 4033c000.ethernet: RX Checksum Offload Engine supported
[    5.553564] s32cc-dwmac 4033c000.ethernet: TX Checksum insertion supported
[    5.560541] s32cc-dwmac 4033c000.ethernet: Wake-Up On Lan supported
[    5.566970] s32cc-dwmac 4033c000.ethernet: Enable RX Mitigation via HW Watchdog Timer
[    5.574919] s32cc-dwmac 4033c000.ethernet: Enabled L3L4 Flow TC (entries=8)
[    5.581987] s32cc-dwmac 4033c000.ethernet: Enabled RFS Flow TC (entries=10)
[    5.589061] s32cc-dwmac 4033c000.ethernet: Enabling HW TC (entries=256, max_off=256)
[    5.596925] s32cc-dwmac 4033c000.ethernet: Using 32/32 bits DMA host/device width
[    5.612883] hwmon hwmon1: temp1_input not attached to any thermal zone
[    5.622536] qoriq_thermal 400a8000.tmu: Critical rising/falling temperature threshold = 5
[    5.637289] nxp_s32cc_ddr_perf 403e0000.ddr-perf: probing device
[    5.643890] nxp_s32cc_ddr_perf 403e0000.ddr-perf: device initialized successfully
[    5.651914] clk: Not disabling unused clocks
[    6.960608] EXT4-fs (mmcblk0p3): recovery complete
[    6.966795] EXT4-fs (mmcblk0p3): mounted filesystem 265fab8b-a7f9-460c-9401-783470da9e9a                         e. Quota mode: disabled.
[    6.978908] VFS: Mounted root (ext4 filesystem) on device 179:3.
[    6.985604] devtmpfs: mounted
[    6.989111] Freeing unused kernel memory: 1984K
[    6.993550] Run /sbin/init as init process
INIT: version 3.04 booting
Starting udev
[    7.805697] udevd[132]: starting version 3.2.14
[   14.960007] random: crng init done
[   15.004283] udevd[133]: starting eudev-3.2.14
[   15.188776] hse 40211000.mu1b: standard firmware, version 0.0.0
[   15.194526] hse 40211000.mu1b: registered algs sha1,hmac(sha1)
[   15.200706] hse 40211000.mu1b: registered algs sha224,hmac(sha224)
[   15.204677] pfeng_slave: loading out-of-tree module taints kernel.
[   15.209662] hse 40211000.mu1b: registered algs sha256,hmac(sha256)
[   15.220816] hse 40211000.mu1b: registered algs sha384,hmac(sha384)
[   15.230475] pfeng-slave 46000000.pfe_slave: PFEng ethernet driver loading ...
[   15.232721] hse 40211000.mu1b: registered algs sha512,hmac(sha512)
[   15.238429] pfeng-slave 46000000.pfe_slave: Version: 1.9.0
[   15.245076] hse 40211000.mu1b: registered alg ctr(aes)
[   15.252730] pfeng-slave 46000000.pfe_slave: Driver commit hash: M4_DRIVER_COMMIT_HASH
[   15.256964] hse 40211000.mu1b: registered alg cbc(aes)
[   15.261822] pfeng-slave 46000000.pfe_slave: Multi instance support: SLAVE/mdetect=on
[   15.261845] pfeng-slave 46000000.pfe_slave: Compiled by: 13.3.0
[   15.262301] pfeng-slave 46000000.pfe_slave: Cbus addr 0x46000000 size 0x1000000
[   15.267200] hse 40211000.mu1b: registered alg ecb(aes)
[   15.274638] pfeng-slave 46000000.pfe_slave: IHC channel: 3
[   15.274654] pfeng-slave 46000000.pfe_slave: MASTER IHC channel: 0
[   15.274672] pfeng-slave 46000000.pfe_slave: netif name: pfe0sl
[   15.274682] pfeng-slave 46000000.pfe_slave: DT mac addr: 00:04:9f:be:ff:00
[   15.274694] pfeng-slave 46000000.pfe_slave: netif(pfe0sl) linked phyif: 0
[   15.280596] hse 40211000.mu1b: registered alg cfb(aes)
[   15.287819] pfeng-slave 46000000.pfe_slave: netif(pfe0sl) mode: std
[   15.288001] pfeng-slave 46000000.pfe_slave: netif(pfe0sl) HIFs: count 1 map 08
[   15.293210] hse 40211000.mu1b: registered alg ofb(aes)
[   15.298424] pfeng-slave 46000000.pfe_slave: netif name: pfe1sl
[   15.298435] pfeng-slave 46000000.pfe_slave: DT mac addr: 00:04:9f:be:ff:01
[   15.298447] pfeng-slave 46000000.pfe_slave: netif(pfe1sl) linked phyif: 1
[   15.298456] pfeng-slave 46000000.pfe_slave: netif(pfe1sl) mode: std
[   15.304506] hse 40211000.mu1b: registered alg gcm(aes)
[   15.310310] pfeng-slave 46000000.pfe_slave: netif(pfe1sl) HIFs: count 1 map 08
[   15.310329] pfeng-slave 46000000.pfe_slave: netif name: pfe2sl
[   15.310337] pfeng-slave 46000000.pfe_slave: DT mac addr: 00:04:9f:be:ff:02
[   15.318960] hse 40211000.mu1b: registered hwrng-hse
[   15.323978] pfeng-slave 46000000.pfe_slave: netif(pfe2sl) linked phyif: 2
[   15.329109] hse 40211000.mu1b: device ready, status 0x4F20
[   15.335306] pfeng-slave 46000000.pfe_slave: netif(pfe2sl) mode: std
[   15.335318] pfeng-slave 46000000.pfe_slave: netif(pfe2sl) HIFs: count 1 map 08
[   15.335339] pfeng-slave 46000000.pfe_slave: netif name: aux0sl
[   15.434714] pfeng-slave 46000000.pfe_slave: DT mac addr: 00:04:9f:be:ff:80
[   15.441567] pfeng-slave 46000000.pfe_slave: netif(aux0sl) no linked phyif in AUX mode
[   15.449456] pfeng-slave 46000000.pfe_slave: netif(aux0sl) mode: aux
[   15.455610] pfeng-slave 46000000.pfe_slave: netif(aux0sl) HIFs: count 1 map 08
[   15.462866] pfeng-slave 46000000.pfe_slave: HIF channels mask: 0x0008
[   15.469289] pfeng-slave 46000000.pfe_slave: Wait for PFE controller UP ...
[   15.476148] pfeng-slave 46000000.pfe_slave: PFE controller UP detected
[   15.482673] pfeng-slave 46000000.pfe_slave: PFE port coherency enabled, mask 0x1e
[   15.490196] pfeng-slave 46000000.pfe_slave: assigned reserved memory node pfebufs@8360000
[   15.498358] pfeng-slave 46000000.pfe_slave: PFE CBUS p0x00000000a22f6c8f mapped @ v0xffff
[   15.507557] pfeng-slave 46000000.pfe_slave: Wait for Master UP ...
[   15.513725] pfeng-slave 46000000.pfe_slave: Detected Master UP
[   15.519510] pfeng-slave 46000000.pfe_slave: HIF3 is in clean state
[   15.525925] pfeng-slave 46000000.pfe_slave: HIF0 not configured, skipped
[   15.532368] pfeng-slave 46000000.pfe_slave: HIF1 not configured, skipped
[   15.539019] pfeng-slave 46000000.pfe_slave: HIF2 not configured, skipped
[   15.546185] pfeng-slave 46000000.pfe_slave: HIF3 enabled
[   15.551107] pfeng-slave 46000000.pfe_slave: HIF3 started
[   15.556385] pfeng-slave 46000000.pfe_slave: IDEX-slave @ master-interface 6
[   15.563349] pfeng-slave 46000000.pfe_slave: IHC client registered
[   15.605472] pfeng-slave 46000000.pfe_slave: IDEX: v2 protocol used, Resend:count=10,delay
[   15.614153] pfeng-slave 46000000.pfe_slave: IDEX RPC installed on HIF3
[   15.620656] pfeng-slave 46000000.pfe_slave: MDIO bus 0 disabled: Not found in DT
[   15.628024] pfeng-slave 46000000.pfe_slave: MDIO bus 1 disabled: Not found in DT
[   15.635428] pfeng-slave 46000000.pfe_slave: MDIO bus 2 disabled: Not found in DT
[   15.642836] pfeng-slave 46000000.pfe_slave pfe0sl (uninitialized): Subscribe to HIF3
[   15.650584] pfeng-slave 46000000.pfe_slave pfe1sl (uninitialized): Subscribe to HIF3
[   15.650601] pfeng-slave 46000000.pfe_slave pfe0sl (uninitialized): Host LLTX disabled
[   15.658284] pfeng-slave 46000000.pfe_slave pfe2sl (uninitialized): Subscribe to HIF3
[   15.658319] pfeng-slave 46000000.pfe_slave aux0sl (uninitialized): Subscribe to HIF3
[   15.778113] pfeng-slave 46000000.pfe_slave pfe0sl (uninitialized): Enable HIF3
[   15.784989] pfeng-slave 46000000.pfe_slave pfe0sl (uninitialized): setting MAC addr: 00:0
[   15.864395] EXT4-fs (mmcblk0p3): re-mounted 265fab8b-a7f9-460c-9401-783470da9e9a r/w. Quo
[   15.950595] pfeng-slave 46000000.pfe_slave pfe0sl (uninitialized): PTP HW addend 0x800000                         46566128 ppb
[   15.961705] pfeng-slave 46000000.pfe_slave: IEEE1588: Input Clock: 200000000Hz, Output: 1                        0ns
[   15.974282] pfeng-slave 46000000.pfe_slave: ERR: (DRIVER) event 1 - Driver runtime error:                         to register PTP clock on EMAC0
[   15.988178] pfeng-slave 46000000.pfe_slave pfe0sl: registered
[   15.993586] pfeng-slave 46000000.pfe_slave pfe1sl (uninitialized): Host LLTX disabled
[   16.052914] cfg80211: Loading compiled-in X.509 certificates for regulatory database
[   16.065658] pfeng-slave 46000000.pfe_slave pfe1sl (uninitialized): Enable HIF3
[   16.072550] pfeng-slave 46000000.pfe_slave pfe1sl (uninitialized): setting MAC addr: 00:0
[   16.075951] Loaded X.509 cert 'sforshee: 00b28ddf47aef9cea7'
[   16.088366] Loaded X.509 cert 'wens: 61c038651aabdcf94bd0ac7ff06c7248db18c600'
[   16.230295] wlan: Loading MWLAN driver
[   16.234426] wlan: Register to Bus Driver...
[   16.238376] wlan: Register to Bus Driver Done
[   16.242531] wlan: Driver loaded successfully
[   16.274598] SPI driver sja1110 has no spi_device_id for nxp,sja1110-switch
[   16.281111] SPI driver sja1110 has no spi_device_id for nxp,sja1110-uc
[   16.287713] sja1110 spi5.0: probing uc
[   16.291509] sja1110 spi5.1: probing switch
[   16.295823] sja1110 spi5.1: Could not get GPIO from device tree
[   16.302770] sja1110 spi5.1: [sja1110_post_probe_upload_worker] Trying to initialize switc
[   16.311635] sja1110 spi5.1: [sja1110_init_hw] loaded fw 'sja1110_switch.bin'
[   16.318550] sja1110 spi5.1: [sja1110_pre_switch_upload] Found switch config of size 2236
[   16.326740] sja1110 spi5.1: Uploading config...
[   16.351109] pfeng-slave 46000000.pfe_slave pfe1sl (uninitialized): PTP HW addend 0x800000                         46566128 ppb
[   16.362273] pfeng-slave 46000000.pfe_slave: IEEE1588: Input Clock: 200000000Hz, Output: 1                        0ns
[   16.367401] sja1110 spi5.1: Successfully configured!
[   16.374784] pfeng-slave 46000000.pfe_slave: ERR: (DRIVER) event 1 - Driver runtime error:                         to register PTP clock on EMAC1
[   16.377819] sja1110 spi5.0: [sja1110_post_probe_upload_worker] Trying to initialize uC
[   16.391619] pfeng-slave 46000000.pfe_slave pfe1sl: registered
[   16.404423] pfeng-slave 46000000.pfe_slave pfe2sl (uninitialized): Host LLTX disabled
[   16.414141] sja1110 spi5.0: [sja1110_init_hw] loaded fw 'sja1110_uc.bin'
[   16.420611] sja1110 spi5.0: [sja1110_pre_uc_upload] Found firmware of size 320280
[   16.428083] sja1110 spi5.0: [sja1110_pre_uc_upload] firmware appears to be valid
[   16.435404] sja1110 spi5.0: [sja1110_pre_uc_upload] µC not ready for download (Status=0x3
[   16.444145] sja1110 spi5.0: Uploading firmware...
Tue Jun 17 09:10:00 UTC 2025
[   16.523420] pfeng-slave 46000000.pfe_slave pfe2sl (uninitialized): Enable HIF3
[   16.530272] pfeng-slave 46000000.pfe_slave pfe2sl (uninitialized): setting MAC addr: 00:0
[   16.752909] pfeng-slave 46000000.pfe_slave pfe2sl (uninitialized): PTP HW addend 0x800000                         46566128 ppb
[   16.764031] pfeng-slave 46000000.pfe_slave: IEEE1588: Input Clock: 200000000Hz, Output: 1                        0ns
[   16.776598] pfeng-slave 46000000.pfe_slave: ERR: (DRIVER) event 1 - Driver runtime error:                         to register PTP clock on EMAC2
[   16.790164] pfeng-slave 46000000.pfe_slave pfe2sl: registered
[   16.795564] pfeng-slave 46000000.pfe_slave aux0sl (uninitialized): Host LLTX disabled
[   16.867798] pfeng-slave 46000000.pfe_slave aux0sl (uninitialized): Enable HIF3
[   16.875191] pfeng-slave 46000000.pfe_slave aux0sl: checksum offload not possible for AUX
[   16.884235] pfeng-slave 46000000.pfe_slave aux0sl: registered
INIT: Entering runlevel: 5
Configuring network interfaces... ifup: interface lo already configured
[   17.605039] sja1110 spi5.0: Upload successfully verified!
[   17.697408] s32cc-dwmac 4033c000.ethernet eth0: Register MEM_TYPE_PAGE_POOL RxQ-0
[   17.704967] s32cc-dwmac 4033c000.ethernet eth0: Register MEM_TYPE_PAGE_POOL RxQ-1
[   17.712443] s32cc-dwmac 4033c000.ethernet eth0: Register MEM_TYPE_PAGE_POOL RxQ-2
[   17.719988] s32cc-dwmac 4033c000.ethernet eth0: Register MEM_TYPE_PAGE_POOL RxQ-3
[   17.727470] s32cc-dwmac 4033c000.ethernet eth0: Register MEM_TYPE_PAGE_POOL RxQ-4
[   17.803186] s32cc-dwmac 4033c000.ethernet eth0: PHY [stmmac-0:01] driver [Micrel KSZ9031
[   17.823033] dwmac4: Master AXI performs any burst length
[   17.828050] s32cc-dwmac 4033c000.ethernet eth0: Enabling Safety Features
[   17.834724] s32cc-dwmac 4033c000.ethernet eth0: IEEE 1588-2008 Advanced Timestamp support
[   17.843344] s32cc-dwmac 4033c000.ethernet eth0: registered PTP clock
[   17.850117] s32cc-dwmac 4033c000.ethernet eth0: FPE workqueue start
[   17.856002] s32cc-dwmac 4033c000.ethernet eth0: configuring for phy/rgmii-id link mode
[   17.867491] 8021q: adding VLAN 0 to HW filter on device eth0
[   17.940792] xenbr0: port 1(eth0) entered blocking state
[   17.945834] xenbr0: port 1(eth0) entered disabled state
[   17.950942] s32cc-dwmac 4033c000.ethernet eth0: entered allmulticast mode
[   17.958116] s32cc-dwmac 4033c000.ethernet eth0: entered promiscuous mode
dhcpcd-10.0.6 starting
DUID 00:01:00:01:2f:cc:1a:71:0e:f4:7d:fd:96:bd
[   18.527030] pfeng-slave 46000000.pfe_slave aux0sl: HIF3 already enabled
done.
Starting system message bus: dbus.
Starting OP-TEE Supplicant: tee-supplicant.
Starting OpenBSD Secure Shell server: sshd
Starting rpcbind daemon...done.
starting statd: done.
done
Starting atd: OK
Error: There is no config file for conntrackd
starting DNS forwarder and DHCP server: dnsmasq... done.
Starting irqbalance: done
Starting network benchmark server: netserver.
Starting ntpd: done
Starting system log daemon...0
Starting internet superserver: xinetd.
Starting random number generator daemon.
Starting telemetry service
Starting /usr/sbin/xenstored...
Setting domain 0 name, domid and JSON config...
Done setting up Dom0
Starting xenconsoled...
Starting QEMU as disk backend for dom0
qemu-system-aarch64: unsupported machine type
Use -machine help to list supported machines
Starting domain watchdog daemon: xenwatchdogd startup

Starting auto Xen domains: V2Xdomu.cfgI/TC: Added guest 2
(XEN) xen-source/xen/common/memory.c:278:d0v1 Could not allocate order=18 extent: id=1 memfl
(XEN) xen-source/xen/common/memory.c:278:d0v1 Could not allocate order=18 extent: id=1 memfl
(XEN) d1v0 Unhandled SMC/HVC: 0x84000050
(XEN) d1v0 Unhandled SMC/HVC: 0x8600ff01
(XEN) d1v0: vGICD: RAZ on reserved register offset 0x00000c
(XEN) d1v0: vGICR: SGI: unhandled word write 0x000000ffffffff to ICACTIVER0
(XEN) d1v1: vGICR: SGI: unhandled word write 0x000000ffffffff to ICACTIVER0
(XEN) xen-source/xen/commoTC: aes_raele.ca1909:dmo1  isaenanl d1
                                                                grTnt tybaeif oh r d  e frym

xpaTd: gsy1cgrono sablt froa 2ons a f dieabl 9na1le
                                            d
(XEN) xen-source/xen/common/grant_table.c:1909:d1v1 Expanding d1 grant table from 3 to 4 fra
(XEN) xen-source/xen/common/grant_table.c:1909:d1v1 Expanding d1 grant table from 4 to 5 fra
(XEN) gnttab_mark_dirty not implemented yet
[done]
Configuring the PFE physical and logical interfaces
Starting AVTP listener service
Initializing all CAN interfaces
Starting crond: OK
Starting the k3s agent
Starting aws-iot-fleetwise-edge service

Go
  dVIP 1.14.0 (basedsen Auto Linux BSP 44.0) s32g274ardb2 hvc0tyLF0

s32g27432db2 login: login: (XEN) xen-source/xen/common/grant_table.c:1909:d1v0 Expanding d1                         rames
(XEN) xen-source/xen/common/grant_table.c:1909:d1v0 Expanding d1 grant table from 6 to 7 fra
(XEN) xen-source/xen/common/grant_table.c:1909:d1v1 Expanding d1 grant table from 7 to 8 fra

s32g274ardb2 login:
s32g274ardb2 login: root
root@s32g274ardb2:~# tcpdump
tcpdump: verbose output suppressed, use -v[v]... for full protocol decode
listening on can0, link-type CAN_SOCKETCAN (CAN-bus with SocketCAN headers), snapshot length                         262144 bytes

^C
0 packets captured
0 packets received by filter
0 packets dropped by kernel
root@s32g274ardb2:~# cat << 'EOF' > /home/root/frer_talker.sh
> #!/bin/sh
>
> # =============================================================
> #           S32G FRER - 송신측(Talker) 설정 스크립트
> # =============================================================
>
> # 변수 설정
> STREAM_ID=1
> VLAN_ID=200
> TARGET_IP="192.168.200.2"
> MY_IP="192.168.200.1"
> HIF0_ID=4
> PORT_MASK=3 # emac0(bit0) + emac1(bit1)
>
> echo "=====[1/5] 이전 설정 초기화 및 인터페이스 활성화 ====="
> ip link del hif0.200 >/dev/null 2>&1
> libfci_cli bd-remif --vlan=$VLAN_ID --interface=hif0 >/dev/null 2>&1
> libfci_cli bd-remif --vlan=$VLAN_ID --interface=emac0 >/dev/null 2>&1
> libfci_cli bd-remif --vlan=$VLAN_ID --interface=emac1 >/dev/null 2>&1
> libfci_cli bd-del --vlan=$VLAN_ID >/dev/null 2>&1
> libfci_cli phyif-update --interface=hif0 --enable
> libfci_cli phyif-update --interface=emac0 --enable
> libfci_cli phyif-update --interface=emac1 --enable
> echo "OK"
>
> echo "\n=====[2/5] FRER 관련 기능 활성화 ====="
> libfci_cli fwfeat-set --feature=stream-identification --enable
> libfci_cli fwfeat-set --feature=stream-splitting --enable
> libfci_cli fwfeat-set --feature=tagging --enable
> echo "OK"
>
> echo "\n=====[3/5] 복제할 스트림 식별 규칙 설정 (VLAN ID 기반) ====="
> libfci_cli fwfeat-el-set --feature=stream-identification --element=handle_table --pos=$STR                        EAM_ID --us=4 --payload=$STREAM_ID
> libfci_cli fwfeat-el-set --feature=stream-identification --element=iport_table --pos=$STRE                        AM_ID --us=1 --payload=$HIF0_ID
> libfci_cli fwfeat-el-set --feature=stream-identification --element=vlanid_table --pos=$STR                        EAM_ID --us=2 --payload=$VLAN_ID
> echo "OK"
>
> echo "\n=====[4/5] 스트림 복제 및 시퀀스 태깅 설정 ====="
> libfci_cli fwfeat-el-set --feature=stream-splitting --element=port_mask_table --pos=$STREA                        M_ID --us=1 --payload=$PORT_MASK
> libfci_cli fwfeat-el-set --feature=tagging --element=tag_en_table --pos=$STREAM_ID --us=1                         --payload=1
> echo "OK"
>
> echo "\n=====[5/5] 트래픽 전달을 위한 L2 브릿지 및 네트워크 설정 ====="
> libfci_cli bd-add --vlan=$VLAN_ID
> libfci_cli bd-insif --vlan=$VLAN_ID --interface=hif0
> libfci_cli bd-insif --vlan=$VLAN_ID --interface=emac0
> libfci_cli bd-insif --vlan=$VLAN_ID --interface=emac1
> libfci_cli bd-update --vlan=$VLAN_ID --ucast-miss=FLOOD
> ip link add link hif0 name hif0.$VLAN_ID type vlan id $VLAN_ID
> ip addr add $MY_IP/24 dev hif0.$VLAN_ID
> ip link set hif0.$VLAN_ID up
> echo "OK"
>
> echo "\n[성공] 송신측(Talker) 설정이 완료되었습니다."
> echo "이제 'ping $TARGET_IP' 명령어로 테스트를 시작하세요."
> EOF
root@s32g274ardb2:~# chmod +x /home/root/frer_talker.sh
root@s32g274ardb2:~# /home/root/frer_talker.sh
=====[1/5] 이전 설정 초기화 및 인터페이스 활성화 =====
DISCLAIMER: This is a DEMO application. It is not part of the production code deliverables.
Command successfully executed.
DISCLAIMER: This is a DEMO application. It is not part of the production code deliverables.
ERROR (-110): demo_phy_if_get_by_name() failed!
ERROR (-110): demo_phy_if_update() failed!
ERROR (-110)
Something unexpected happened during execution of the command.
Check your input and try again.
DISCLAIMER: This is a DEMO application. It is not part of the production code deliverables.
Command successfully executed.
OK
\n=====[2/5] FRER 관련 기능 활성화 =====
DISCLAIMER: This is a DEMO application. It is not part of the production code deliverables.
ERROR (62033): demo_fwfeat_set() failed!
ERROR (62033): FPP_ERR_FW_FEATURE_NOT_FOUND
Requested FW feature not found.
Is the FW feature name correct?
DISCLAIMER: This is a DEMO application. It is not part of the production code deliverables.
ERROR (62033): demo_fwfeat_set() failed!
ERROR (62033): FPP_ERR_FW_FEATURE_NOT_FOUND
Requested FW feature not found.
Is the FW feature name correct?
DISCLAIMER: This is a DEMO application. It is not part of the production code deliverables.
ERROR (62033): demo_fwfeat_set() failed!
ERROR (62033): FPP_ERR_FW_FEATURE_NOT_FOUND
Requested FW feature not found.
Is the FW feature name correct?
OK
\n=====[3/5] 복제할 스트림 식별 규칙 설정 (VLAN ID 기반) =====
DISCLAIMER: This is a DEMO application. It is not part of the production code deliverables.
ERROR (62034): demo_fwfeat_el_get_by_name() failed!
ERROR (62034): FPP_ERR_FW_FEATURE_NOT_AVAILABLE
Requested FW feature is not available (not enabled) for the currently loaded FW.
This can apply either to the whole FCI command or just to some property of the command.
Use fwfeat-print to see a list of all FW features.
DISCLAIMER: This is a DEMO application. It is not part of the production code deliverables.
ERROR (62034): demo_fwfeat_el_get_by_name() failed!
ERROR (62034): FPP_ERR_FW_FEATURE_NOT_AVAILABLE
Requested FW feature is not available (not enabled) for the currently loaded FW.
This can apply either to the whole FCI command or just to some property of the command.
Use fwfeat-print to see a list of all FW features.
DISCLAIMER: This is a DEMO application. It is not part of the production code deliverables.
ERROR (62034): demo_fwfeat_el_get_by_name() failed!
ERROR (62034): FPP_ERR_FW_FEATURE_NOT_AVAILABLE
Requested FW feature is not available (not enabled) for the currently loaded FW.
This can apply either to the whole FCI command or just to some property of the command.
Use fwfeat-print to see a list of all FW features.
OK
\n=====[4/5] 스트림 복제 및 시퀀스 태깅 설정 =====
DISCLAIMER: This is a DEMO application. It is not part of the production code deliverables.
ERROR (62034): demo_fwfeat_el_get_by_name() failed!
ERROR (62034): FPP_ERR_FW_FEATURE_NOT_AVAILABLE
Requested FW feature is not available (not enabled) for the currently loaded FW.
This can apply either to the whole FCI command or just to some property of the command.
Use fwfeat-print to see a list of all FW features.
DISCLAIMER: This is a DEMO application. It is not part of the production code deliverables.
ERROR (62034): demo_fwfeat_el_get_by_name() failed!
ERROR (62034): FPP_ERR_FW_FEATURE_NOT_AVAILABLE
Requested FW feature is not available (not enabled) for the currently loaded FW.
This can apply either to the whole FCI command or just to some property of the command.
Use fwfeat-print to see a list of all FW features.
OK
\n=====[5/5] 트래픽 전달을 위한 L2 브릿지 및 네트워크 설정 =====
DISCLAIMER: This is a DEMO application. It is not part of the production code deliverables.
Command successfully executed.
DISCLAIMER: This is a DEMO application. It is not part of the production code deliverables.
Command successfully executed.
DISCLAIMER: This is a DEMO application. It is not part of the production code deliverables.
Command successfully executed.
DISCLAIMER: This is a DEMO application. It is not part of the production code deliverables.
Command successfully executed.
DISCLAIMER: This is a DEMO application. It is not part of the production code deliverables.
Command successfully executed.
Cannot find device "hif0"
Cannot find device "hif0.200"
Cannot find device "hif0.200"
OK
\n[성공] 송신측(Talker) 설정이 완료되었습니다.
이제 'ping 192.168.200.2' 명령어로 테스트를 시작하세요.
root@s32g274ardb2:~#
root@s32g274ardb2:~# ping 192.168.200.2
PING 192.168.200.2 (192.168.200.2) 56(84) bytes of data.


^C
--- 192.168.200.2 ping statistics ---
135 packets transmitted, 0 received, 100% packet loss, time 137056ms

root@s32g274ardb2:~# ifconfig
aux0sl: flags=4163<UP,BROADCAST,RUNNING,MULTICAST>  mtu 1500
        inet6 fe80::204:9fff:febe:ff80  prefixlen 64  scopeid 0x20<link>
        ether 00:04:9f:be:ff:80  txqueuelen 1000  (Ethernet)
        RX packets 0  bytes 0 (0.0 B)
        RX errors 0  dropped 0  overruns 0  frame 0
        TX packets 17  bytes 1326 (1.2 KiB)
        TX errors 0  dropped 0 overruns 0  carrier 0  collisions 0
        device memory 0x46000000-46ffffff

can0: flags=193<UP,RUNNING,NOARP>  mtu 72
        unspec 00-00-00-00-00-00-00-00-00-00-00-00-00-00-00-00  txqueuelen 1000  (UNSPEC)
        RX packets 0  bytes 0 (0.0 B)
        RX errors 0  dropped 0  overruns 0  frame 0
        TX packets 0  bytes 0 (0.0 B)
        TX errors 0  dropped 0 overruns 0  carrier 0  collisions 0

can1: flags=193<UP,RUNNING,NOARP>  mtu 72
        unspec 00-00-00-00-00-00-00-00-00-00-00-00-00-00-00-00  txqueuelen 1000  (UNSPEC)
        RX packets 0  bytes 0 (0.0 B)
        RX errors 0  dropped 0  overruns 0  frame 0
        TX packets 0  bytes 0 (0.0 B)
        TX errors 0  dropped 0 overruns 0  carrier 0  collisions 0

dummy0: flags=195<UP,BROADCAST,RUNNING,NOARP>  mtu 1500
        inet 10.255.255.254  netmask 255.255.255.0  broadcast 0.0.0.0
        inet6 fe80::d00c:9aff:feba:f54d  prefixlen 64  scopeid 0x20<link>
        ether d2:0c:9a:ba:f5:4d  txqueuelen 1000  (Ethernet)
        RX packets 0  bytes 0 (0.0 B)
        RX errors 0  dropped 0  overruns 0  frame 0
        TX packets 187  bytes 17710 (17.2 KiB)
        TX errors 0  dropped 0 overruns 0  carrier 0  collisions 0

eth0: flags=4099<UP,BROADCAST,MULTICAST>  mtu 1500
        ether 62:e8:de:bb:90:70  txqueuelen 1000  (Ethernet)
        RX packets 0  bytes 0 (0.0 B)
        RX errors 0  dropped 0  overruns 0  frame 0
        TX packets 0  bytes 0 (0.0 B)
        TX errors 0  dropped 0 overruns 0  carrier 0  collisions 0
        device interrupt 50  base 0x6000

flannel.1: flags=4163<UP,BROADCAST,RUNNING,MULTICAST>  mtu 1450
        inet 10.42.0.0  netmask 255.255.255.255  broadcast 0.0.0.0
        inet6 fe80::68b7:fcff:fe29:6eee  prefixlen 64  scopeid 0x20<link>
        ether 6a:b7:fc:29:6e:ee  txqueuelen 0  (Ethernet)
        RX packets 0  bytes 0 (0.0 B)
        RX errors 0  dropped 0  overruns 0  frame 0
        TX packets 0  bytes 0 (0.0 B)
        TX errors 0  dropped 5 overruns 0  carrier 0  collisions 0

lo: flags=73<UP,LOOPBACK,RUNNING>  mtu 65536
        inet 127.0.0.1  netmask 255.0.0.0
        inet6 ::1  prefixlen 128  scopeid 0x10<host>
        loop  txqueuelen 1000  (Local Loopback)
        RX packets 12498  bytes 4561785 (4.3 MiB)
        RX errors 0  dropped 0  overruns 0  frame 0
        TX packets 12498  bytes 4561785 (4.3 MiB)
        TX errors 0  dropped 0 overruns 0  carrier 0  collisions 0

pfe0sl: flags=4163<UP,BROADCAST,RUNNING,MULTICAST>  mtu 1500
        inet6 fe80::204:9fff:febe:ff00  prefixlen 64  scopeid 0x20<link>
        ether 00:04:9f:be:ff:00  txqueuelen 1000  (Ethernet)
        RX packets 13824531  bytes 4645042416 (4.3 GiB)
        RX errors 0  dropped 0  overruns 0  frame 0
        TX packets 18  bytes 1396 (1.3 KiB)
        TX errors 0  dropped 0 overruns 0  carrier 0  collisions 0
        device memory 0x46000000-46ffffff

pfe1sl: flags=4163<UP,BROADCAST,RUNNING,MULTICAST>  mtu 1500
        inet6 fe80::204:9fff:febe:ff01  prefixlen 64  scopeid 0x20<link>
        ether 00:04:9f:be:ff:01  txqueuelen 1000  (Ethernet)
        RX packets 0  bytes 0 (0.0 B)
        RX errors 0  dropped 0  overruns 0  frame 0
        TX packets 16  bytes 1256 (1.2 KiB)
        TX errors 0  dropped 0 overruns 0  carrier 0  collisions 0
        device memory 0x46000000-46ffffff

pfe2sl: flags=4163<UP,BROADCAST,RUNNING,MULTICAST>  mtu 1500
        inet6 fe80::204:9fff:febe:ff02  prefixlen 64  scopeid 0x20<link>
        ether 00:04:9f:be:ff:02  txqueuelen 1000  (Ethernet)
        RX packets 0  bytes 0 (0.0 B)
        RX errors 0  dropped 0  overruns 0  frame 0
        TX packets 18  bytes 1396 (1.3 KiB)
        TX errors 0  dropped 0 overruns 0  carrier 0  collisions 0
        device memory 0x46000000-46ffffff

v2xbr: flags=4163<UP,BROADCAST,RUNNING,MULTICAST>  mtu 1500
        inet 10.0.100.10  netmask 255.255.255.0  broadcast 0.0.0.0
        inet6 fe80::e06e:a5ff:fec4:bf7b  prefixlen 64  scopeid 0x20<link>
        ether fe:ff:ff:ff:ff:ff  txqueuelen 1000  (Ethernet)
        RX packets 8988  bytes 3611481 (3.4 MiB)
        RX errors 0  dropped 0  overruns 0  frame 0
        TX packets 16971  bytes 9192697 (8.7 MiB)
        TX errors 0  dropped 0 overruns 0  carrier 0  collisions 0

vif1.0: flags=4163<UP,BROADCAST,RUNNING,MULTICAST>  mtu 1500
        inet6 fe80::fcff:ffff:feff:ffff  prefixlen 64  scopeid 0x20<link>
        ether fe:ff:ff:ff:ff:ff  txqueuelen 1000  (Ethernet)
        RX packets 70  bytes 19852 (19.3 KiB)
        RX errors 0  dropped 0  overruns 0  frame 0
        TX packets 83  bytes 21878 (21.3 KiB)
        TX errors 0  dropped 0 overruns 0  carrier 0  collisions 0

vif1.1: flags=4163<UP,BROADCAST,RUNNING,MULTICAST>  mtu 1500
        inet6 fe80::fcff:ffff:feff:ffff  prefixlen 64  scopeid 0x20<link>
        ether fe:ff:ff:ff:ff:ff  txqueuelen 1000  (Ethernet)
        RX packets 8988  bytes 3611481 (3.4 MiB)
        RX errors 0  dropped 0  overruns 0  frame 0
        TX packets 16975  bytes 9192889 (8.7 MiB)
        TX errors 0  dropped 0 overruns 0  carrier 0  collisions 0

xenbr0: flags=4163<UP,BROADCAST,RUNNING,MULTICAST>  mtu 1500
        inet6 fe80::54f3:a2ae:da54:7fb4  prefixlen 64  scopeid 0x20<link>
        ether 62:e8:de:bb:90:70  txqueuelen 1000  (Ethernet)
        RX packets 70  bytes 19852 (19.3 KiB)
        RX errors 0  dropped 0  overruns 0  frame 0
        TX packets 68  bytes 20732 (20.2 KiB)
        TX errors 0  dropped 0 overruns 0  carrier 0  collisions 0

root@s32g274ardb2:~# # === [보드 B: G3 / Listener] 1단계: PFE L2 브릿지 설정 ===
root@s32g274ardb2:~# echo "== [보드 B] 설정 시작 =="
== [보드 B] 설정 시작 ==
root@s32g274ardb2:~# libfci_cli bd-del --vlan=1 >/dev/null 2>&1
libfci_cli bd-add --vlan=1
libfci_cli bd-insif --vlan=1 --interface=hif0 --tag=OFF
libfci_cli bd-insif --vlan=1 --interface=emac0 --tag=OFF
libfci_cli bd-update --vlan=1 --ucast-miss=FLOOD
echo "[성공] 보드 B의 PFE 브릿지 설정 완료."root@s32g274ardb2:~# libfci_cli phyif-update --interface=hif0 --enable
DISCLAIMER: This is a DEMO application. It is not part of the production code deliverables.

Command successfully executed.
root@s32g274ardb2:~# libfci_cli phyif-update --interface=emac0 --enable
DISCLAIMER: This is a DEMO application. It is not part of the production code deliverables.
ERROR (-110): demo_phy_if_get_by_name() failed!
ERROR (-110)
Something unexpected happened during execution of the command.
Check your input and try again.
root@s32g274ardb2:~# libfci_cli bd-add --vlan=1
DISCLAIMER: This is a DEMO application. It is not part of the production code deliverables.
ERROR (3): demo_l2_bd_add() failed!
ERROR (3): FPP_ERR_WRONG_COMMAND_PARAM
Some parameter of the command is wrong or invalid.
Check your input and try again.
root@s32g274ardb2:~# libfci_cli bd-insif --vlan=1 --interface=hif0 --tag=OFF
DISCLAIMER: This is a DEMO application. It is not part of the production code deliverables.
ERROR (-110): demo_l2_bd_get_by_vlan() failed!
ERROR (-110)
Something unexpected happened during execution of the command.
Check your input and try again.
root@s32g274ardb2:~# libfci_cli bd-insif --vlan=1 --interface=emac0 --tag=OFF
DISCLAIMER: This is a DEMO application. It is not part of the production code deliverables.
ERROR (-110): demo_l2_bd_get_by_vlan() failed!
ERROR (-110)
Something unexpected happened during execution of the command.
Check your input and try again.
root@s32g274ardb2:~# libfci_cli bd-update --vlan=1 --ucast-miss=FLOOD
DISCLAIMER: This is a DEMO application. It is not part of the production code deliverables.
Command successfully executed.
root@s32g274ardb2:~# echo "[성공] 보드 B의 PFE 브릿지 설정 완료."
[성공] 보드 B의 PFE 브릿지 설정 완료.
root@s32g274ardb2:~# # === [보드 B: G3 / Listener] 2단계: IP 설정 ===
root@s32g274ardb2:~# ip addr flush dev hif0
Device "hif0" does not exist.
root@s32g274ardb2:~# ip addr add 192.168.200.2/24 dev hif0
Cannot find device "hif0"
root@s32g274ardb2:~# ip link set hif0 up
echo ""
echo "보드 B(Listener) IP: 192.168.200.2"
echo "아래 명령어로 통신을 확인하세요:"
echo "ping 192.168.200.1"
echo ""Cannot find device "hif0"
root@s32g274ardb2:~# echo ""

root@s32g274ardb2:~# echo "보드 B(Listener) IP: 192.168.200.2"
보드 B(Listener) IP: 192.168.200.2
root@s32g274ardb2:~# echo "아래 명령어로 통신을 확인하세요:"
아래 명령어로 통신을 확인하세요:
root@s32g274ardb2:~# echo "ping 192.168.200.1"
ping 192.168.200.1
root@s32g274ardb2:~# echo ""

root@s32g274ardb2:~# ping 192.168.200.1
PING 192.168.200.1 (192.168.200.1) 56(84) bytes of data.
^C
--- 192.168.200.1 ping statistics ---
4 packets transmitted, 0 received, 100% packet loss, time 3080ms

root@s32g274ardb2:~# ifconfig -a
aux0sl: flags=4163<UP,BROADCAST,RUNNING,MULTICAST>  mtu 1500
        inet6 fe80::204:9fff:febe:ff80  prefixlen 64  scopeid 0x20<link>
        ether 00:04:9f:be:ff:80  txqueuelen 1000  (Ethernet)
        RX packets 0  bytes 0 (0.0 B)
        RX errors 0  dropped 0  overruns 0  frame 0
        TX packets 17  bytes 1326 (1.2 KiB)
        TX errors 0  dropped 0 overruns 0  carrier 0  collisions 0
        device memory 0x46000000-46ffffff

can0: flags=193<UP,RUNNING,NOARP>  mtu 72
        unspec 00-00-00-00-00-00-00-00-00-00-00-00-00-00-00-00  txqueuelen 1000  (UNSPEC)
        RX packets 0  bytes 0 (0.0 B)
        RX errors 0  dropped 0  overruns 0  frame 0
        TX packets 0  bytes 0 (0.0 B)
        TX errors 0  dropped 0 overruns 0  carrier 0  collisions 0

can1: flags=193<UP,RUNNING,NOARP>  mtu 72
        unspec 00-00-00-00-00-00-00-00-00-00-00-00-00-00-00-00  txqueuelen 1000  (UNSPEC)
        RX packets 0  bytes 0 (0.0 B)
        RX errors 0  dropped 0  overruns 0  frame 0
        TX packets 0  bytes 0 (0.0 B)
        TX errors 0  dropped 0 overruns 0  carrier 0  collisions 0

dummy0: flags=195<UP,BROADCAST,RUNNING,NOARP>  mtu 1500
        inet 10.255.255.254  netmask 255.255.255.0  broadcast 0.0.0.0
        inet6 fe80::d00c:9aff:feba:f54d  prefixlen 64  scopeid 0x20<link>
        ether d2:0c:9a:ba:f5:4d  txqueuelen 1000  (Ethernet)
        RX packets 0  bytes 0 (0.0 B)
        RX errors 0  dropped 0  overruns 0  frame 0
        TX packets 195  bytes 18442 (18.0 KiB)
        TX errors 0  dropped 0 overruns 0  carrier 0  collisions 0

eth0: flags=4099<UP,BROADCAST,MULTICAST>  mtu 1500
        ether 62:e8:de:bb:90:70  txqueuelen 1000  (Ethernet)
        RX packets 0  bytes 0 (0.0 B)
        RX errors 0  dropped 0  overruns 0  frame 0
        TX packets 0  bytes 0 (0.0 B)
        TX errors 0  dropped 0 overruns 0  carrier 0  collisions 0
        device interrupt 50  base 0x6000

flannel.1: flags=4163<UP,BROADCAST,RUNNING,MULTICAST>  mtu 1450
        inet 10.42.0.0  netmask 255.255.255.255  broadcast 0.0.0.0
        inet6 fe80::68b7:fcff:fe29:6eee  prefixlen 64  scopeid 0x20<link>
        ether 6a:b7:fc:29:6e:ee  txqueuelen 0  (Ethernet)
        RX packets 0  bytes 0 (0.0 B)
        RX errors 0  dropped 0  overruns 0  frame 0
        TX packets 0  bytes 0 (0.0 B)
        TX errors 0  dropped 5 overruns 0  carrier 0  collisions 0

lo: flags=73<UP,LOOPBACK,RUNNING>  mtu 65536
        inet 127.0.0.1  netmask 255.0.0.0
        inet6 ::1  prefixlen 128  scopeid 0x10<host>
        loop  txqueuelen 1000  (Local Loopback)
        RX packets 13617  bytes 4932265 (4.7 MiB)
        RX errors 0  dropped 0  overruns 0  frame 0
        TX packets 13617  bytes 4932265 (4.7 MiB)
        TX errors 0  dropped 0 overruns 0  carrier 0  collisions 0

pfe0sl: flags=4163<UP,BROADCAST,RUNNING,MULTICAST>  mtu 1500
        inet6 fe80::204:9fff:febe:ff00  prefixlen 64  scopeid 0x20<link>
        ether 00:04:9f:be:ff:00  txqueuelen 1000  (Ethernet)
        RX packets 37136516  bytes 12477869376 (11.6 GiB)
        RX errors 0  dropped 0  overruns 0  frame 0
        TX packets 18  bytes 1396 (1.3 KiB)
        TX errors 0  dropped 0 overruns 0  carrier 0  collisions 0
        device memory 0x46000000-46ffffff

pfe1sl: flags=4163<UP,BROADCAST,RUNNING,MULTICAST>  mtu 1500
        inet6 fe80::204:9fff:febe:ff01  prefixlen 64  scopeid 0x20<link>
        ether 00:04:9f:be:ff:01  txqueuelen 1000  (Ethernet)
        RX packets 0  bytes 0 (0.0 B)
        RX errors 0  dropped 0  overruns 0  frame 0
        TX packets 16  bytes 1256 (1.2 KiB)
        TX errors 0  dropped 0 overruns 0  carrier 0  collisions 0
        device memory 0x46000000-46ffffff

pfe2sl: flags=4163<UP,BROADCAST,RUNNING,MULTICAST>  mtu 1500
        inet6 fe80::204:9fff:febe:ff02  prefixlen 64  scopeid 0x20<link>
        ether 00:04:9f:be:ff:02  txqueuelen 1000  (Ethernet)
        RX packets 0  bytes 0 (0.0 B)
        RX errors 0  dropped 0  overruns 0  frame 0
        TX packets 18  bytes 1396 (1.3 KiB)
        TX errors 0  dropped 0 overruns 0  carrier 0  collisions 0
        device memory 0x46000000-46ffffff

sit0: flags=128<NOARP>  mtu 1480
        unspec 00-00-00-00-00-00-C4-9A-00-00-00-00-00-00-00-00  txqueuelen 1000  (UNSPEC)
        RX packets 0  bytes 0 (0.0 B)
        RX errors 0  dropped 0  overruns 0  frame 0
        TX packets 0  bytes 0 (0.0 B)
        TX errors 0  dropped 0 overruns 0  carrier 0  collisions 0

v2xbr: flags=4163<UP,BROADCAST,RUNNING,MULTICAST>  mtu 1500
        inet 10.0.100.10  netmask 255.255.255.0  broadcast 0.0.0.0
        inet6 fe80::e06e:a5ff:fec4:bf7b  prefixlen 64  scopeid 0x20<link>
        ether fe:ff:ff:ff:ff:ff  txqueuelen 1000  (Ethernet)
        RX packets 9863  bytes 3905816 (3.7 MiB)
        RX errors 0  dropped 0  overruns 0  frame 0
        TX packets 18697  bytes 10176778 (9.7 MiB)
        TX errors 0  dropped 0 overruns 0  carrier 0  collisions 0

vif1.0: flags=4163<UP,BROADCAST,RUNNING,MULTICAST>  mtu 1500
        inet6 fe80::fcff:ffff:feff:ffff  prefixlen 64  scopeid 0x20<link>
        ether fe:ff:ff:ff:ff:ff  txqueuelen 1000  (Ethernet)
        RX packets 76  bytes 21820 (21.3 KiB)
        RX errors 0  dropped 0  overruns 0  frame 0
        TX packets 89  bytes 23930 (23.3 KiB)
        TX errors 0  dropped 0 overruns 0  carrier 0  collisions 0

vif1.1: flags=4163<UP,BROADCAST,RUNNING,MULTICAST>  mtu 1500
        inet6 fe80::fcff:ffff:feff:ffff  prefixlen 64  scopeid 0x20<link>
        ether fe:ff:ff:ff:ff:ff  txqueuelen 1000  (Ethernet)
        RX packets 9863  bytes 3905816 (3.7 MiB)
        RX errors 0  dropped 0  overruns 0  frame 0
        TX packets 18701  bytes 10176970 (9.7 MiB)
        TX errors 0  dropped 0 overruns 0  carrier 0  collisions 0

xenbr0: flags=4163<UP,BROADCAST,RUNNING,MULTICAST>  mtu 1500
        inet6 fe80::54f3:a2ae:da54:7fb4  prefixlen 64  scopeid 0x20<link>
        ether 62:e8:de:bb:90:70  txqueuelen 1000  (Ethernet)
        RX packets 76  bytes 21820 (21.3 KiB)
        RX errors 0  dropped 0  overruns 0  frame 0
        TX packets 74  bytes 22784 (22.2 KiB)
        TX errors 0  dropped 0 overruns 0  carrier 0  collisions 0

root@s32g274ardb2:~# # === [보드 B: G2] 설정 초기화 ===
root@s32g274ardb2:~# echo "== [보드 B] 기존 설정을 모두 초기화합니다... =="
== [보드 B] 기존 설정을 모두 초기화합니다... ==
root@s32g274ardb2:~# ip link set hif0 down
Cannot find device "hif0"
root@s32g274ardb2:~# ip addr flush dev hif0
libfci_cli bd-del --vlan=1 >/dev/null 2>&1
echo "[완료] 보드 B 초기화 완료."
echo ""Device "hif0" does not exist.
root@s32g274ardb2:~# libfci_cli bd-remif --vlan=1 --interface=hif0 >/dev/null 2>&1
root@s32g274ardb2:~# libfci_cli bd-remif --vlan=1 --interface=emac0 >/dev/null 2>&1
root@s32g274ardb2:~# libfci_cli bd-del --vlan=1 >/dev/null 2>&1
root@s32g274ardb2:~# echo "[완료] 보드 B 초기화 완료."
[완료] 보드 B 초기화 완료.
root@s32g274ardb2:~# echo ""

root@s32g274ardb2:~# # === [보드 B: G2] L2 스위치 설정 ===
root@s32g274ardb2:~# echo "== [보드 B] PFE를 L2 스위치로 설정합니다... =="
== [보드 B] PFE를 L2 스위치로 설정합니다... ==
root@s32g274ardb2:~# libfci_cli phyif-update --interface=hif0 --enable
DISCLAIMER: This is a DEMO application. It is not part of the production code deliverables.
libfci_cli bd-insif --vlan=1 --interface=hif0 --tag=OFF
libfci_cli bd-insif --vlan=1 --interface=emac0 --tag=OFF
libfci_cli bd-update --vlan=1 --ucast-miss=FLOOD
echo "[완료] 보드 B 스위치 설정 완료."
echo ""
ERROR (-110): demo_phy_if_get_by_name() failed!
ERROR (-110)
Something unexpected happened during execution of the command.
Check your input and try again.
root@s32g274ardb2:~# libfci_cli phyif-update --interface=emac0 --enable
DISCLAIMER: This is a DEMO application. It is not part of the production code deliverables.
ERROR (-110): demo_phy_if_update() failed!
ERROR (-110)
Something unexpected happened during execution of the command.
Check your input and try again.
root@s32g274ardb2:~# libfci_cli bd-add --vlan=1
DISCLAIMER: This is a DEMO application. It is not part of the production code deliverables.
ERROR (3): demo_l2_bd_add() failed!
ERROR (3): FPP_ERR_WRONG_COMMAND_PARAM
Some parameter of the command is wrong or invalid.
Check your input and try again.
root@s32g274ardb2:~# libfci_cli bd-insif --vlan=1 --interface=hif0 --tag=OFF
DISCLAIMER: This is a DEMO application. It is not part of the production code deliverables.
Command successfully executed.
root@s32g274ardb2:~# libfci_cli bd-insif --vlan=1 --interface=emac0 --tag=OFF
DISCLAIMER: This is a DEMO application. It is not part of the production code deliverables.
ERROR (-110): demo_l2_bd_get_by_vlan() failed!
ERROR (-110)
Something unexpected happened during execution of the command.
Check your input and try again.
root@s32g274ardb2:~# libfci_cli bd-update --vlan=1 --ucast-miss=FLOOD
DISCLAIMER: This is a DEMO application. It is not part of the production code deliverables.
ERROR (-110): demo_l2_bd_get_by_vlan() failed!
ERROR (-110)
Something unexpected happened during execution of the command.
Check your input and try again.
root@s32g274ardb2:~# echo "[완료] 보드 B 스위치 설정 완료."
[완료] 보드 B 스위치 설정 완료.
root@s32g274ardb2:~# echo ""

root@s32g274ardb2:~# # === [보드 B: G2] IP 주소 할당 ===
root@s32g274ardb2:~# echo "== [보드 B] IP 주소를 할당합니다... =="
== [보드 B] IP 주소를 할당합니다... ==
root@s32g274ardb2:~# ip addr add 192.168.200.2/24 dev hif0
Cannot find device "hif0"
root@s32g274ardb2:~# ip link set hif0 up
Cannot find device "hif0"
root@s32g274ardb2:~# echo "[완료] 보드 B IP: 192.168.200.2"
[완료] 보드 B IP: 192.168.200.2
root@s32g274ardb2:~# echo "--- 현재 라우팅 테이블 ---"
--- 현재 라우팅 테이블 ---
root@s32g274ardb2:~# ip route
default via 10.255.255.1 dev dummy0 metric 1023
10.0.100.0/24 dev v2xbr proto kernel scope link src 10.0.100.10
10.42.1.0/24 via 10.42.1.0 dev flannel.1 onlink
10.255.255.0/24 dev dummy0 proto kernel scope link src 10.255.255.254
root@s32g274ardb2:~# echo "--------------------------"
--------------------------
root@s32g274ardb2:~# echo ""

root@s32g274ardb2:~# ping -c 4 192.168.200.1
PING 192.168.200.1 (192.168.200.1) 56(84) bytes of data.

--- 192.168.200.1 ping statistics ---
4 packets transmitted, 0 received, 100% packet loss, time 3064ms

root@s32g274ardb2:~# ifconfig -a
aux0sl: flags=4163<UP,BROADCAST,RUNNING,MULTICAST>  mtu 1500
        inet6 fe80::204:9fff:febe:ff80  prefixlen 64  scopeid 0x20<link>
        ether 00:04:9f:be:ff:80  txqueuelen 1000  (Ethernet)
        RX packets 0  bytes 0 (0.0 B)
        RX errors 0  dropped 0  overruns 0  frame 0
        TX packets 17  bytes 1326 (1.2 KiB)
        TX errors 0  dropped 0 overruns 0  carrier 0  collisions 0
        device memory 0x46000000-46ffffff

can0: flags=193<UP,RUNNING,NOARP>  mtu 72
        unspec 00-00-00-00-00-00-00-00-00-00-00-00-00-00-00-00  txqueuelen 1000  (UNSPEC)
        RX packets 0  bytes 0 (0.0 B)
        RX errors 0  dropped 0  overruns 0  frame 0
        TX packets 0  bytes 0 (0.0 B)
        TX errors 0  dropped 0 overruns 0  carrier 0  collisions 0

can1: flags=193<UP,RUNNING,NOARP>  mtu 72
        unspec 00-00-00-00-00-00-00-00-00-00-00-00-00-00-00-00  txqueuelen 1000  (UNSPEC)
        RX packets 0  bytes 0 (0.0 B)
        RX errors 0  dropped 0  overruns 0  frame 0
        TX packets 0  bytes 0 (0.0 B)
        TX errors 0  dropped 0 overruns 0  carrier 0  collisions 0

dummy0: flags=195<UP,BROADCAST,RUNNING,NOARP>  mtu 1500
        inet 10.255.255.254  netmask 255.255.255.0  broadcast 0.0.0.0
        inet6 fe80::d00c:9aff:feba:f54d  prefixlen 64  scopeid 0x20<link>
        ether d2:0c:9a:ba:f5:4d  txqueuelen 1000  (Ethernet)
        RX packets 0  bytes 0 (0.0 B)
        RX errors 0  dropped 0  overruns 0  frame 0
        TX packets 199  bytes 18834 (18.3 KiB)
        TX errors 0  dropped 0 overruns 0  carrier 0  collisions 0

eth0: flags=4099<UP,BROADCAST,MULTICAST>  mtu 1500
        ether 62:e8:de:bb:90:70  txqueuelen 1000  (Ethernet)
        RX packets 0  bytes 0 (0.0 B)
        RX errors 0  dropped 0  overruns 0  frame 0
        TX packets 0  bytes 0 (0.0 B)
        TX errors 0  dropped 0 overruns 0  carrier 0  collisions 0
        device interrupt 50  base 0x6000

flannel.1: flags=4163<UP,BROADCAST,RUNNING,MULTICAST>  mtu 1450
        inet 10.42.0.0  netmask 255.255.255.255  broadcast 0.0.0.0
        inet6 fe80::68b7:fcff:fe29:6eee  prefixlen 64  scopeid 0x20<link>
        ether 6a:b7:fc:29:6e:ee  txqueuelen 0  (Ethernet)
        RX packets 0  bytes 0 (0.0 B)
        RX errors 0  dropped 0  overruns 0  frame 0
        TX packets 0  bytes 0 (0.0 B)
        TX errors 0  dropped 5 overruns 0  carrier 0  collisions 0

lo: flags=73<UP,LOOPBACK,RUNNING>  mtu 65536
        inet 127.0.0.1  netmask 255.0.0.0
        inet6 ::1  prefixlen 128  scopeid 0x10<host>
        loop  txqueuelen 1000  (Local Loopback)
        RX packets 14003  bytes 5052883 (4.8 MiB)
        RX errors 0  dropped 0  overruns 0  frame 0
        TX packets 14003  bytes 5052883 (4.8 MiB)
        TX errors 0  dropped 0 overruns 0  carrier 0  collisions 0

pfe0sl: flags=4163<UP,BROADCAST,RUNNING,MULTICAST>  mtu 1500
        inet6 fe80::204:9fff:febe:ff00  prefixlen 64  scopeid 0x20<link>
        ether 00:04:9f:be:ff:00  txqueuelen 1000  (Ethernet)
        RX packets 46133054  bytes 15500706144 (14.4 GiB)
        RX errors 0  dropped 0  overruns 0  frame 0
        TX packets 18  bytes 1396 (1.3 KiB)
        TX errors 0  dropped 0 overruns 0  carrier 0  collisions 0
        device memory 0x46000000-46ffffff

pfe1sl: flags=4163<UP,BROADCAST,RUNNING,MULTICAST>  mtu 1500
        inet6 fe80::204:9fff:febe:ff01  prefixlen 64  scopeid 0x20<link>
        ether 00:04:9f:be:ff:01  txqueuelen 1000  (Ethernet)
        RX packets 0  bytes 0 (0.0 B)
        RX errors 0  dropped 0  overruns 0  frame 0
        TX packets 17  bytes 1326 (1.2 KiB)
        TX errors 0  dropped 0 overruns 0  carrier 0  collisions 0
        device memory 0x46000000-46ffffff

pfe2sl: flags=4163<UP,BROADCAST,RUNNING,MULTICAST>  mtu 1500
        inet6 fe80::204:9fff:febe:ff02  prefixlen 64  scopeid 0x20<link>
        ether 00:04:9f:be:ff:02  txqueuelen 1000  (Ethernet)
        RX packets 0  bytes 0 (0.0 B)
        RX errors 0  dropped 0  overruns 0  frame 0
        TX packets 18  bytes 1396 (1.3 KiB)
        TX errors 0  dropped 0 overruns 0  carrier 0  collisions 0
        device memory 0x46000000-46ffffff

sit0: flags=128<NOARP>  mtu 1480
        unspec 00-00-00-00-00-00-C4-9A-00-00-00-00-00-00-00-00  txqueuelen 1000  (UNSPEC)
        RX packets 0  bytes 0 (0.0 B)
        RX errors 0  dropped 0  overruns 0  frame 0
        TX packets 0  bytes 0 (0.0 B)
        TX errors 0  dropped 0 overruns 0  carrier 0  collisions 0

v2xbr: flags=4163<UP,BROADCAST,RUNNING,MULTICAST>  mtu 1500
        inet 10.0.100.10  netmask 255.255.255.0  broadcast 0.0.0.0
        inet6 fe80::e06e:a5ff:fec4:bf7b  prefixlen 64  scopeid 0x20<link>
        ether fe:ff:ff:ff:ff:ff  txqueuelen 1000  (Ethernet)
        RX packets 10156  bytes 4001701 (3.8 MiB)
        RX errors 0  dropped 0  overruns 0  frame 0
        TX packets 19269  bytes 10502675 (10.0 MiB)
        TX errors 0  dropped 0 overruns 0  carrier 0  collisions 0

vif1.0: flags=4163<UP,BROADCAST,RUNNING,MULTICAST>  mtu 1500
        inet6 fe80::fcff:ffff:feff:ffff  prefixlen 64  scopeid 0x20<link>
        ether fe:ff:ff:ff:ff:ff  txqueuelen 1000  (Ethernet)
        RX packets 78  bytes 22476 (21.9 KiB)
        RX errors 0  dropped 0  overruns 0  frame 0
        TX packets 91  bytes 24614 (24.0 KiB)
        TX errors 0  dropped 0 overruns 0  carrier 0  collisions 0

vif1.1: flags=4163<UP,BROADCAST,RUNNING,MULTICAST>  mtu 1500
        inet6 fe80::fcff:ffff:feff:ffff  prefixlen 64  scopeid 0x20<link>
        ether fe:ff:ff:ff:ff:ff  txqueuelen 1000  (Ethernet)
        RX packets 10156  bytes 4001701 (3.8 MiB)
        RX errors 0  dropped 0  overruns 0  frame 0
        TX packets 19273  bytes 10502867 (10.0 MiB)
        TX errors 0  dropped 0 overruns 0  carrier 0  collisions 0

xenbr0: flags=4163<UP,BROADCAST,RUNNING,MULTICAST>  mtu 1500
        inet6 fe80::54f3:a2ae:da54:7fb4  prefixlen 64  scopeid 0x20<link>
        ether 62:e8:de:bb:90:70  txqueuelen 1000  (Ethernet)
        RX packets 78  bytes 22476 (21.9 KiB)
        RX errors 0  dropped 0  overruns 0  frame 0
        TX packets 76  bytes 23468 (22.9 KiB)
        TX errors 0  dropped 0 overruns 0  carrier 0  collisions 0

root@s32g274ardb2:~# ^C
 ... =="
-sh: $'== [\353\263\264\353\223\234 B] \353\252\250\353\223\240 \352\260\200\354\203\201 \354\235\270\355\204\260\35\216\230\354\235\264\354\212\244\353\245\274 \353\202\264\353\246\254\352\263\240 \354\204\244\354\240\225\354\235\24 \354\264\210 ... ==': command not found
root@s32g274ardb2:~# ifconfig flannel.1 down
ip addr flush dev hif0
ip addr flush dev emac0
libfci_cli route-and-cntk-reset --all >/dev/null 2>&1
libfci_cli bd-flush -a >/dev/null 2>&1
libfci_cli bd-del --vlan=1 >/dev/null 2>&1
echo "초기화 완료."

root@s32g274ardb2:~# ifconfig v2xbr down
root@s32g274ardb2:~# ifconfig xenbr0 down
root@s32g274ardb2:~# ifconfig dummy0 down
root@s32g274ardb2:~# ip link del flannel.1 >/dev/null 2>&1
echo "PFE L2 브릿지를 설정합니다..."
libfci_cli phyif-update --interface=hif0 --enable
libfci_cli phyif-update --interface=emac0 --enable
libfci_cli bd-add --vlan=1
root@s32g274ardb2:~#
root@s32g274ardb2:~# ip addr flush dev hif0
Device "hif0" does not exist.
root@s32g274ardb2:~# ip addr flush dev emac0
Device "emac0" does not exist.
libfci_cli bd-insif --vlan=1 --interface=hif0 --tag=OFF
libfci_cli bd-insif --vlan=1 --interface=emac0 --tag=OFF
libfci_cli bd-update --vlan=1 --ucast-miss=FLOOD
echo "브릿지 설정 완료."

root@s32g274ardb2:~# libfci_cli route-and-cntk-reset --all >/dev/null 2>&1
echo "IP 주소를 할당합니다..."
ip addr add 192.168.200.2/24 dev hif0
ip link set hif0 up
echo "[성공] 보드 B 설정 완료. IP: 192.168.200.2"root@s32g274ardb2:~# libfci_cli bd-flush -a >/dev/null 2>&1
root@s32g274ardb2:~# libfci_cli bd-del --vlan=1 >/dev/null 2>&1
root@s32g274ardb2:~# echo "초기화 완료."
초기화 완료.
root@s32g274ardb2:~#
root@s32g274ardb2:~# echo "PFE L2 브릿지를 설정합니다..."
PFE L2 브릿지를 설정합니다...
root@s32g274ardb2:~# libfci_cli phyif-update --interface=hif0 --enable
DISCLAIMER: This is a DEMO application. It is not part of the production code deliverables.
ERROR (-110)
Something unexpected happened during execution of the command.
Check your input and try again.
root@s32g274ardb2:~# libfci_cli phyif-update --interface=emac0 --enable
DISCLAIMER: This is a DEMO application. It is not part of the production code deliverables.
ERROR (-110): demo_phy_if_get_by_name() failed!
ERROR (-110)
Something unexpected happened during execution of the command.
Check your input and try again.
root@s32g274ardb2:~# libfci_cli bd-add --vlan=1
DISCLAIMER: This is a DEMO application. It is not part of the production code deliverables.
ERROR (61712): demo_l2_bd_add() failed!
ERROR (61712): FPP_ERR_IF_RESOURCE_ALREADY_LOCKED
The interface database is already locked by some party for exclusive access.
HINT: The party that might currently hold the lock may be:
  [*] This FCI client, if it already holds the database lock but is trying to lock the database yet again.
  [*] Some other FCI client.
  [*] The PFE driver itself.
  [*] Some other PFE driver in the Master-Slave setup.
root@s32g274ardb2:~# libfci_cli bd-insif --vlan=1 --interface=hif0 --tag=OFF
DISCLAIMER: This is a DEMO application. It is not part of the production code deliverables.
ERROR (61712): demo_l2_bd_get_by_vlan() failed!
ERROR (61712): FPP_ERR_IF_RESOURCE_ALREADY_LOCKED
The interface database is already locked by some party for exclusive access.
HINT: The party that might currently hold the lock may be:
  [*] This FCI client, if it already holds the database lock but is trying to lock the database yet again.
  [*] Some other FCI client.
  [*] The PFE driver itself.
  [*] Some other PFE driver in the Master-Slave setup.
root@s32g274ardb2:~# libfci_cli bd-insif --vlan=1 --interface=emac0 --tag=OFF
DISCLAIMER: This is a DEMO application. It is not part of the production code deliverables.
ERROR (61712): demo_l2_bd_get_by_vlan() failed!
ERROR (61712): FPP_ERR_IF_RESOURCE_ALREADY_LOCKED
The interface database is already locked by some party for exclusive access.
HINT: The party that might currently hold the lock may be:
  [*] This FCI client, if it already holds the database lock but is trying to lock the database yet again.
  [*] Some other FCI client.
  [*] The PFE driver itself.
  [*] Some other PFE driver in the Master-Slave setup.
root@s32g274ardb2:~# libfci_cli bd-update --vlan=1 --ucast-miss=FLOOD
DISCLAIMER: This is a DEMO application. It is not part of the production code deliverables.
ERROR (61712): demo_l2_bd_get_by_vlan() failed!
ERROR (61712): FPP_ERR_IF_RESOURCE_ALREADY_LOCKED
The interface database is already locked by some party for exclusive access.
HINT: The party that might currently hold the lock may be:
  [*] This FCI client, if it already holds the database lock but is trying to lock the database yet again.
  [*] Some other FCI client.
  [*] The PFE driver itself.
  [*] Some other PFE driver in the Master-Slave setup.
root@s32g274ardb2:~# echo "브릿지 설정 완료."
브릿지 설정 완료.
root@s32g274ardb2:~#
root@s32g274ardb2:~# echo "IP 주소를 할당합니다..."
IP 주소를 할당합니다...
root@s32g274ardb2:~# ip addr add 192.168.200.2/24 dev hif0
Cannot find device "hif0"
root@s32g274ardb2:~# ip link set hif0 up
Cannot find device "hif0"
root@s32g274ardb2:~# echo "[성공] 보드 B 설정 완료. IP: 192.168.200.2"
[성공] 보드 B 설정 완료. IP: 192.168.200.2
root@s32g274ardb2:~# ping -c 4 192.168.200.1
ping: connect: Network is unreachable
root@s32g274ardb2:~# ifconfig pfe0sl down
[ 4232.596657] pfeng-slave 46000000.pfe_slave: ERR: (DRIVER) event 1 - Driver runtime error: [pfe_phy_if_slave.c:66]Unable to lock interface DB: 110

[ 4234.786324] pfeng-slave 46000000.pfe_slave: ERR: (DRIVER) event 1 - Driver runtime error: [pfe_phy_if_slave.c:79]Unable to unlock interface DB: 110
[ 4236.029517] pfeng-slave 46000000.pfe_slave: ERR: (DRIVER) event 1 - Driver runtime error: [pfe_phy_if_slave.c:66]Unable to lock interface DB: 110
[ 4236.252966] pfeng-slave 46000000.pfe_slave: ERR: (DRIVER) event 1 - Driver runtime error: [pfe_phy_if_slave.c:79]Unable to unlock interface DB: 11
root@s32g274ardb2:~#
root@s32g274ardb2:~# ifconfig pfe1sl down
[ 4239.009131] pfeng-slave 46000000.pfe_slave: ERR: (DRIVER) event 1 - Driver runtime error: [pfe_phy_if_slave.c:66]Unable to lock interface DB: 110
[ 4239.844723] pfeng-slave 46000000.pfe_slave: ERR: (DRIVER) event 1 - Driver runtime error: [pfe_phy_if_slave.c:79]Unable to unlock interface DB: 11
[ 4241.275054] pfeng-slave 46000000.pfe_slave: ERR: (DRIVER) event 1 - Driver runtime error: [pfe_phy_if_slave.c:66]Unable to lock interface DB: 110
[ 4243.902333] pfeng-slave 46000000.pfe_slave: ERR: (DRIVER) event 1 - Driver runtime error: [pfe_phy_if_slave.c:79]Unable to unlock interface DB: 110
root@s32g274ardb2:~# ifconfig br0 down >/dev/null 2>&1
root@s32g274ardb2:~# brctl delif br0 pfe0sl >/dev/null 2>&1
root@s32g274ardb2:~# brctl delif br0 pfe1sl >/dev/null 2>&1
root@s32g274ardb2:~# brctl delbr br0 >/dev/null 2>&1
root@s32g274ardb2:~# echo "기존 브릿지 설정을 제거했습니다."
기존 브릿지 설정을 제거했습니다.
root@s32g274ardb2:~# brctl addbr br0
echo "pfe0sl 인터페이스를 활성화��root@s32g274ardb2:~# echo "소프트웨어 브릿지 'br0'를 생성했습니다."
소프트웨어 브릿지 'br0'를 생성했습니다.
root@s32g274ardb2:~# brctl addif br0 pfe0sl
root@s32g274ardb2:~# echo "br0에 pfe0sl 포트를 연결했습니다."
br0에 pfe0sl 포트를 연결했습니다.
root@s32g274ardb2:~# ip link set pfe0sl up
�습니다."
ip link set br0 up
echo "br0 브릿지를 활성화했습니다."


[ 4300.819478] pfeng-slave 46000000.pfe_slave: ERR: (DRIVER) event 1 - Driver runtime error: [pfe_phy_if_slave.c:66]Unable to lock interface DB: 11
[ 4300.834280] pfeng-slave 46000000.pfe_slave: ERR: (DRIVER) event 1 - Driver runtime error: [pfe_phy_if_slave.c:568 PFE_PLATFORM_RPC_PFE_PHY_IF_ENABLE failed: 2
[ 4301.250159] pfeng-slave 46000000.pfe_slave: ERR: (DRIVER) event 1 - Driver runtime error: [pfe_phy_if_slave.c:79]Unable to unlock interface DB: 11
[ 4301.263014] pfeng-slave 46000000.pfe_slave pfe0sl: ERR: (DRIVER) event 1 - Driver runtime error: [pfeng-netif.c:10] Cannot enable EMAC: 2
root@s32g274ardb2:~# echo "pfe0sl 인터페이스를 활성화했습니다."
pfe0sl 인터페이스를 활성화했습니다.
root@s32g274ardb2:~# ip link set br0 up
root@s32g274ardb2:~# echo "br0 브릿지를 활성화했습니다."
br0 브릿지를 활성화했습니다.
root@s32g274ardb2:~#
root@s32g274ardb2:~#
root@s32g274ardb2:~# ip addr flush dev br0
root@s32g274ardb2:~# ip addr add 192.168.200.2/24 dev br0
root@s32g274ardb2:~# echo "보드 B(G2)의 br0에 IP(192.168.200.2)를 할당했습니다."
보드 B(G2)의 br0에 IP(192.168.200.2)를 할당했습니다.
root@s32g274ardb2:~# ip route
192.168.200.0/24 dev br0 proto kernel scope link src 192.168.200.2 linkdown
root@s32g274ardb2:~# ping -c 4 192.168.200.1
PING 192.168.200.1 (192.168.200.1) 56(84) bytes of data.
From 192.168.200.2 icmp_seq=1 Destination Host Unreachable
From 192.168.200.2 icmp_seq=2 Destination Host Unreachable
From 192.168.200.2 icmp_seq=3 Destination Host Unreachable
From 192.168.200.2 icmp_seq=4 Destination Host Unreachable

--- 192.168.200.1 ping statistics ---
4 packets transmitted, 0 received, +4 errors, 100% packet loss, time 3055ms
pipe 4
root@s32g274ardb2:~# ^C
root@s32g274ardb2:~# ethtool
ethtool: bad command line argument(s)
For more information run ethtool -h
root@s32g274ardb2:~# ethtool pfe0sl
Settings for pfe0sl:
        Link detected: no
root@s32g274ardb2:~# ethtool pfe1sl
Settings for pfe1sl:
        Link detected: no
root@s32g274ardb2:~# reboot

Broadcast message from root@s32g274ardb2 (ttyLF0) (Tue Jun 17 10:24:34 2025):

The system is going down for reboot NOW!
INIT: Sending processes configured via /etc/inittab the TERM signal
root@s32g274ardb2:~# Stopping atd: OK
Error: There is no config file for conntrackd
Stopping OpenBSD Secure Shell server: sshdstopped /usr/sbin/sshd (pid 620)
.
Stopping system message bus: dbus.
stopping DNS forwarder and DHCP server: dnsmasq... stopped /usr/bin/dnsmasq (pid 629)
done.
Shutting down irqbalance: stopped irqbalance (pid 638)
done
Stopping network benchmark server: netserverstopped /usr/sbin/netserver (pid 636)
.
Stopping ntpd: done
Stopping system log daemon...0
Stopping internet superserver: xinetd.
stopping statd: done
Stopping random number generator daemon.
Unmounting remote filesystems...
Stopping crond: OK
Stopping rpcbind daemon...
done.
Stopping telemetry service
Deconfiguring network interfaces... sending signal ALRM to pid 522
waiting for pid 522 to exit
done.
Stopping xenconsoled
Stopping QEMU
WARNING: Not stopping xenstored, as it cannot be restarted.
Stopping domain watchdog daemon: xenwatchdogd stop

Shutting down Xen domains: v2xdomu(save)
An error occurred while saving domain:
command not implemented

!
(shut)........ SHUTDOWN_ALL I/TC: Removing guest 2
[done]
Usage: /etc/init.d/pfe-slave-setup start
Stopping AVTP listener service
De-initializing all CAN interfaces
Stopping the k3s agent
Stopping OP-TEE Supplicant: tee-supplicant.
Stopping aws-iot-fleetwise-edge service
Sending all processes the TERM signal...
Sending all processes the KILL signal...
Deactivating swap...
Unmounting local filesystems...
Rebooting... [ 4517.644602] pfeng-slave 46000000.pfe_slave: ERR: (DRIVER) event 1 - Driver runtime error: [pfe_phy_i_slave.c:66] Unable to lock interface DB: 11
[ 4517.658279] pfeng-slave 46000000.pfe_slave: ERR: (DRIVER) event 1 - Driver runtime error: [pfe_phy_if_slave.c:605 PFE_PLATFORM_RPC_PFE_PHY_IF_DISABLE failed: 2
[ 4517.673226] pfeng-slave 46000000.pfe_slave: ERR: (DRIVER) event 1 - Driver runtime error: [pfe_phy_if_slave.c:79]Unable to unlock interface DB: 11
[ 4518.124220] pfeng-slave 46000000.pfe_slave: ERR: (DRIVER) event 1 - Driver runtime error: [pfe_phy_if_slave.c:66]Unable to lock interface DB: 11
[ 4518.137895] pfeng-slave 46000000.pfe_slave: ERR: (DRIVER) event 1 - Driver runtime error: [pfe_phy_if_slave.c:605 PFE_PLATFORM_RPC_PFE_PHY_IF_DISABLE failed: 2
[ 4518.152854] pfeng-slave 46000000.pfe_slave: ERR: (DRIVER) event 1 - Driver runtime error: [pfe_phy_if_slave.c:79]Unable to unlock interface DB: 11
[ 4518.589576] pfeng-slave 46000000.pfe_slave: ERR: (DRIVER) event 1 - Driver runtime error: [pfe_phy_if_slave.c:66]Unable to lock interface DB: 11
[ 4518.604285] pfeng-slave 46000000.pfe_slave: ERR: (DRIVER) event 1 - Driver runtime error: [pfe_phy_if_slave.c:79]Unable to unlock interface DB: 11
[ 4519.040848] pfeng-slave 46000000.pfe_slave: ERR: (DRIVER) event 1 - Driver runtime error: [pfe_phy_if_slave.c:66]Unable to lock interface DB: 11
[ 4519.055546] pfeng-slave 46000000.pfe_slave: ERR: (DRIVER) event 1 - Driver runtime error: [pfe_phy_if_slave.c:79]Unable to unlock interface DB: 11
[ 4519.508369] pfeng-slave 46000000.pfe_slave: ERR: (DRIVER) event 1 - Driver runtime error: [pfe_phy_if_slave.c:66]Unable to lock interface DB: 11
[ 4519.522055] pfeng-slave 46000000.pfe_slave: ERR: (DRIVER) event 1 - Driver runtime error: [pfe_phy_if_slave.c:605 PFE_PLATFORM_RPC_PFE_PHY_IF_DISABLE failed: 2
[ 4519.537015] pfeng-slave 46000000.pfe_slave: ERR: (DRIVER) event 1 - Driver runtime error: [pfe_phy_if_slave.c:79]Unable to unlock interface DB: 11
[ 4519.988275] pfeng-slave 46000000.pfe_slave: ERR: (DRIVER) event 1 - Driver runtime error: [pfe_phy_if_slave.c:66]Unable to lock interface DB: 11
[ 4520.001953] pfeng-slave 46000000.pfe_slave: ERR: (DRIVER) event 1 - Driver runtime error: [pfe_phy_if_slave.c:605 PFE_PLATFORM_RPC_PFE_PHY_IF_DISABLE failed: 2
[ 4520.016908] pfeng-slave 46000000.pfe_slave: ERR: (DRIVER) event 1 - Driver runtime error: [pfe_phy_if_slave.c:79]Unable to unlock interface DB: 11
[ 4520.378068] reboot: Restarting system
(XEN) Hardware Dom0 shutdown: rebooting machine
bootloader 0x2 ComDal_Init() done.
bootloader 0x2 Bootloader safety checks finished
bootloader 0x2 Bootloader secure boot is enabled.
bootloader 0x2 Bootloader initialization complete.
bootloader 0x2 Application 0 image fragment 0 of size 225280 was loaded from QSPI, address 0x201240.
bootloader 0x2 Application 0 image fragment 0 was loaded in 10.326 milliseconds.
bootloader 0x2 Application A53_0 was loaded.
bootloader 0x2 Application 1 image fragment 0 of size 3145728 was loaded from QSPI, address 0x400000.
bootloader 0x2 Application 1 image fragment 0 was loaded in 22.396 milliseconds.
bootloader 0x2 Application M7_0 was loaded.
NOTICE:  Reset status: Destructive Reset (RUN)
NOTICE:  BL2: v2.10.14(release):bsp44.0_rc10-2.10.14-1-gc9a7f8123-dirty
NOTICE:  BL2: Built : 08:13:32, May 13 2025
NOTICE:  BL2: Booting BL31
I/TC:
I/TC: Non-secure external DT found
I/TC: OP-TEE version: bsp44.0_rc10-4.0-dev (gcc version 13.3.0 (GCC)) #1 Mon Mar 24 14:10:41 UTC 2025 aarch64
I/TC: WARNING: This OP-TEE configuration might be insecure!
I/TC: WARNING: Please check https://optee.readthedocs.io/en/latest/architecture/porting_guidelines.html
I/TC: Primary CPU initializing
I/TC: Initializing virtualization support
I/TC: Primary CPU switching to normal world boot
I/TC: WARNING: Using fixed value for stack canary


U-Boot 2022.04+g9a00323278+p0 (May 13 2025 - 06:57:56 +0000)

SoC:   NXP S32G274A rev. 2.1
CPU:   ARM Cortex-A53 r0p4 @ max 1000 MHz
Model: NXP S32G2XX
DRAM:  4 GiB
Core:  312 devices, 24 uclasses, devicetree: board
MMC:   FSL_SDHC: 0
Loading Environment from MMC... OK
pci_s32cc pcie@40400000: Failed to get PHY 'serdes_lane0'
In:    serial@401c8000
Out:   serial@401c8000
Err:   serial@401c8000
Board revision: RDB2/GLDBOX Revision E
Net:
Warning: ethernet@4033c000 (eth0) using random MAC address - 32:1d:a2:dd:a7:ed
eth0: ethernet@4033c000, eth4: pfe0sl, eth5: pfe1sl, eth6: pfe2sl
Hit any key to stop autoboot:  0
1772 bytes read in 5 ms (345.7 KiB/s)
## Executing script at 80200000
17002504 bytes read in 680 ms (23.8 MiB/s)
1146888 bytes read in 47 ms (23.3 MiB/s)
60923 bytes read in 8 ms (7.3 MiB/s)
## Flattened Device Tree blob at 86a00000
   Booting using the fdt blob at 0x86a00000
   Using Device Tree in place at 0000000086a00000, end 0000000086a12fff
   fixup: pfe1: update phy addr to 0x8
Disabling XPCS1_0
Disabling XPCS1_1

Starting kernel ...

- UART enabled -
- Boot CPU booting -
- Current EL 0000000000000008 -
- Initialize CPU -
- Turning on paging -
- Zero BSS -
- Ready -
(XEN) Checking for initrd in /chosen
(XEN) RAM: 0000000080000000 - 00000000ffffffff
(XEN) RAM: 0000000880000000 - 00000008ffffffff
(XEN)
(XEN) MODULE[0]: 0000000086800000 - 0000000086965000 Xen
(XEN) MODULE[1]: 0000000086a00000 - 0000000086a10000 Device Tree
(XEN) MODULE[2]: 0000000085600000 - 0000000086637008 Kernel
(XEN)  RESVD[0]: 00000000ff600000 - 00000000ff7fffff
(XEN)  RESVD[1]: 00000000ff400000 - 00000000ff5fffff
(XEN)  RESVD[2]: 00000000fe000000 - 00000000ff3fffff
(XEN)  RESVD[3]: 0000000084000000 - 0000000084ffffff
(XEN)  RESVD[4]: 00000000c0000000 - 00000000c03fffff
(XEN)  RESVD[5]: 00000000c0400000 - 00000000c07fffff
(XEN)  RESVD[6]: 00000000d0000000 - 00000000d000007f
(XEN)  RESVD[7]: 00000000d0000080 - 00000000d00000ff
(XEN)  RESVD[8]: 0000000083200000 - 00000000835dffff
(XEN)  RESVD[9]: 00000000835e0000 - 00000000835fffff
(XEN)  RESVD[10]: 0000000083600000 - 000000008360ffff
(XEN)  RESVD[11]: 0000000034400000 - 000000003447ffff
(XEN)  RESVD[12]: 0000000034480000 - 000000003449ffff
(XEN)  RESVD[13]: 0000000034520000 - 00000000345fffff
(XEN)
(XEN)
(XEN) Command line: dom0_mem=1G dom0_max_vcpus=4 bootscrub=0 dom0_vcpus_pin
(XEN) PFN compression on bits 20...22
(XEN) Domain heap initialised
(XEN) Booting using Device Tree
(XEN) Platform: NXP S32CC
(XEN) No dtuart path configured
(XEN) Bad console= option 'dtuart'
 Xen 4.18.2
(XEN) Xen version 4.18.2 (nxf65897@swis.ro-buh01.nxp.com) (aarch64-fsl-linux-gcc (GCC) 13.3.0) debug=y 2025-03-14
(XEN) Latest ChangeSet: Thu Feb 20 15:08:45 2025 +0200 git:e4f37269c3-dirty
(XEN) build-id: aeb32f714cb175b3debed511648f1980021f0631
(XEN) Processor: 00000000410fd034: "ARM Limited", variant: 0x0, part 0xd03,rev 0x4
(XEN) 64-bit Execution:
(XEN)   Processor Features: 0000000001002222 0000000000000000
(XEN)     Exception Levels: EL3:64+32 EL2:64+32 EL1:64+32 EL0:64+32
(XEN)     Extensions: FloatingPoint AdvancedSIMD GICv3-SysReg
(XEN)   Debug Features: 0000000010305106 0000000000000000
(XEN)   Auxiliary Features: 0000000000000000 0000000000000000
(XEN)   Memory Model Features: 0000000000001122 0000000000000000
(XEN)   ISA Features:  0000000000011120 0000000000000000
(XEN) 32-bit Execution:
(XEN)   Processor Features: 0000000000000131:0000000010011011
(XEN)     Instruction Sets: AArch32 A32 Thumb Thumb-2 Jazelle
