(XEN) MODULE[1]: 0000000086a00000 - 0000000086a10000 Device Tree
(XEN) MODULE[2]: 0000000085600000 - 0000000086637008 Kernel
(XEN)  RESVD[0]: 00000000ff600000 - 00000000ff7fffff
(XEN)  RESVD[1]: 00000000ff400000 - 00000000ff5fffff
(XEN)  RESVD[2]: 00000000fe000000 - 00000000ff3fffff
(XEN)  RESVD[3]: 0000000084000000 - 0000000084ffffff
(XEN)  RESVD[4]: 00000000c0000000 - 00000000c03fffff
(XEN)  RESVD[5]: 00000000c0400000 - 00000000c07fffff
(XEN)  RESVD[6]: 00000000d0000000 - 00000000d000007f
(XEN)  RESVD[7]: 00000000d0000080 - 00000000d00000ff
(XEN)  RESVD[8]: 0000000083200000 - 00000000835dffff
(XEN)  RESVD[9]: 00000000835e0000 - 00000000835fffff
(XEN)  RESVD[10]: 0000000083600000 - 000000008360ffff
(XEN)  RESVD[11]: 0000000034400000 - 000000003447ffff
(XEN)  RESVD[12]: 0000000034480000 - 000000003449ffff
(XEN)  RESVD[13]: 0000000034520000 - 00000000345fffff
(XEN)
(XEN)
(XEN) Command line: dom0_mem=1G dom0_max_vcpus=8 bootscrub=0 dom0_vcpus_pin
(XEN) PFN compression on bits 20...22
(XEN) Domain heap initialised
(XEN) Booting using Device Tree
(XEN) Platform: NXP S32CC
(XEN) No dtuart path configured
(XEN) Bad console= option 'dtuart'
 Xen 4.18.2
(XEN) Xen version 4.18.2 (nxf65897@swis.ro-buh01.nxp.com) (aarch64-fsl-linux-gcc (GCC) 13.3.0) debug=y 2025-03-14
(XEN) Latest ChangeSet: Thu Feb 20 15:08:45 2025 +0200 git:e4f37269c3-dirty
(XEN) build-id: 3b1b73eeb1de56ee9807e4e98a36ec2eb863f03f
(XEN) Processor: 00000000410fd034: "ARM Limited", variant: 0x0, part 0xd03,rev 0x4
(XEN) 64-bit Execution:
(XEN)   Processor Features: 0000000001002222 0000000000000000
(XEN)     Exception Levels: EL3:64+32 EL2:64+32 EL1:64+32 EL0:64+32
(XEN)     Extensions: FloatingPoint AdvancedSIMD GICv3-SysReg
(XEN)   Debug Features: 0000000010305106 0000000000000000
(XEN)   Auxiliary Features: 0000000000000000 0000000000000000
(XEN)   Memory Model Features: 0000000000001122 0000000000000000
(XEN)   ISA Features:  0000000000011120 0000000000000000
(XEN) 32-bit Execution:
(XEN)   Processor Features: 0000000000000131:0000000010011011
(XEN)     Instruction Sets: AArch32 A32 Thumb Thumb-2 Jazelle
(XEN)     Extensions: GenericTimer Security
(XEN)   Debug Features: 0000000003010066
(XEN)   Auxiliary Features: 0000000000000000
(XEN)   Memory Model Features: 0000000010201105 0000000040000000
(XEN)                          0000000001260000 0000000002102211
(XEN)   ISA Features: 0000000002101110 0000000013112111 0000000021232042
(XEN)                 0000000001112131 0000000000011142 0000000000011121
(XEN) Using SMC Calling Convention v1.4
(XEN) Using PSCI v1.1
(XEN) SMP: Allowing 8 CPUs
(XEN) enabled workaround for: ARM erratum 1530924
(XEN) Generic Timer IRQ: phys=30 hyp=26 virt=27 Freq: 5000 KHz
(XEN) GICv3 initialization:
(XEN)       gic_dist_addr=0x00000050800000
(XEN)       gic_maintenance_irq=25
(XEN)       gic_rdist_stride=0
(XEN)       gic_rdist_regions=1
(XEN)       redistributor regions:
(XEN)         - region 0: 0x00000050900000 - 0x00000050b00000
(XEN) GICv3 compatible with GICv2 cbase 0x00000050400000 vbase 0x00000050420000
(XEN) GICv3: 576 lines, (IID 0001143b).
(XEN) GICv3: CPU0: Found redistributor in region 0 @000002004001a000
(XEN) XSM Framework v1.0.1 initialized
(XEN) Initialising XSM SILO mode
(XEN) Using scheduler: SMP Credit Scheduler rev2 (credit2)
(XEN) Initializing Credit2 scheduler
(XEN)  load_precision_shift: 18
(XEN)  load_window_shift: 30
(XEN)  underload_balance_tolerance: 0
(XEN)  overload_balance_tolerance: -3
(XEN)  runqueues arrangement: socket
(XEN)  cap enforcement granularity: 10ms
(XEN) load tracking window length 1073741824 ns
(XEN) Allocated console ring of 64 KiB.
(XEN) CPU0: Guest atomics will try 14 times before pausing the domain
(XEN) Bringing up CPU1
I/TC: Secondary CPU 1 initializing
I/TC: Secondary CPU 1 switching to normal world boot
- CPU 0000000000000001 booting -
- Current EL 0000000000000008 -
- Initialize CPU -
- Turning on paging -
- Ready -
(XEN) GICv3: CPU1: Found redistributor in region 0 @000002004003a000
(XEN) CPU1: Guest atomics will try 13 times before pausing the domain
(XEN) CPU 1 booted.
(XEN) Bringing up CPU2
I/TC: Secondary CPU 2 initializing
I/TC: Secondary CPU 2 switching to normal world boot
- CPU 0000000000000002 booting -
- Current EL 0000000000000008 -
- Initialize CPU -
- Turning on paging -
- Ready -
(XEN) GICv3: CPU2: Found redistributor in region 0 @000002004005a000
(XEN) CPU2: Guest atomics will try 13 times before pausing the domain
(XEN) CPU 2 booted.
(XEN) Bringing up CPU3
I/TC: Secondary CPU 3 initializing
I/TC: Secondary CPU 3 switching to normal world boot
- CPU 0000000000000003 booting -
- Current EL 0000000000000008 -
- Initialize CPU -
- Turning on paging -
- Ready -
(XEN) GICv3: CPU3: Found redistributor in region 0 @000002004007a000
(XEN) CPU3: Guest atomics will try 13 times before pausing the domain
(XEN) CPU 3 booted.
(XEN) Bringing up CPU4
I/TC: Secondary CPU 4 initializing
I/TC: Secondary CPU 4 switching to normal world boot
- CPU 0000000000000100 booting -
- Current EL 0000000000000008 -
- Initialize CPU -
- Turning on paging -
- Ready -
(XEN) GICv3: CPU4: Found redistributor in region 0 @000002004009a000
(XEN) CPU4: Guest atomics will try 15 times before pausing the domain
(XEN) CPU 4 booted.
(XEN) Bringing up CPU5
I/TC: Secondary CPU 5 initializing
I/TC: Secondary CPU 5 switching to normal world boot
- CPU 0000000000000101 booting -
- Current EL 0000000000000008 -
- Initialize CPU -
- Turning on paging -
- Ready -
(XEN) GICv3: CPU5: Found redistributor in region 0 @00000200400ba000
(XEN) CPU5: Guest atomics will try 13 times before pausing the domain
(XEN) CPU 5 booted.
(XEN) Bringing up CPU6
I/TC: Secondary CPU 6 initializing
I/TC: Secondary CPU 6 switching to normal world boot
- CPU 0000000000000102 booting -
- Current EL 0000000000000008 -
- Initialize CPU -
- Turning on paging -
- Ready -
(XEN) GICv3: CPU6: Found redistributor in region 0 @00000200400da000
(XEN) CPU6: Guest atomics will try 14 times before pausing the domain
(XEN) CPU 6 booted.
(XEN) Bringing up CPU7
I/TC: Secondary CPU 7 initializing
I/TC: Secondary CPU 7 switching to normal world boot
- CPU 0000000000000103 booting -
- Current EL 0000000000000008 -
- Initialize CPU -
- Turning on paging -
- Ready -
(XEN) GICv3: CPU7: Found redistributor in region 0 @00000200400fa000
(XEN) CPU7: Guest atomics will try 13 times before pausing the domain
(XEN) Brought up 8 CPUs
(XEN) CPU 7 booted.
(XEN) I/O virtualisation disabled
(XEN) P2M: 40-bit IPA with 40-bit PA and 8-bit VMID
(XEN) P2M: 3 levels with order-1 root, VTCR 0x0000000080023558
(XEN) Scheduling granularity: cpu, 1 CPU per sched-resource
(XEN) Initializing Credit2 scheduler
(XEN)  load_precision_shift: 18
(XEN)  load_window_shift: 30
(XEN)  underload_balance_tolerance: 0
(XEN)  overload_balance_tolerance: -3
(XEN)  runqueues arrangement: socket
(XEN)  cap enforcement granularity: 10ms
(XEN) load tracking window length 1073741824 ns
(XEN) Adding cpu 0 to runqueue 0
(XEN)  First cpu on runqueue, activating
(XEN) Adding cpu 1 to runqueue 0
(XEN) Adding cpu 2 to runqueue 0
(XEN) Adding cpu 3 to runqueue 0
(XEN) Adding cpu 4 to runqueue 0
(XEN) Adding cpu 5 to runqueue 0
(XEN) Adding cpu 6 to runqueue 0
(XEN) Adding cpu 7 to runqueue 0
(XEN) OP-TEE supports 8 simultaneous threads per guest.
I/TC: Removing guest 0
E/TC:0   virt_guest_destroyed:353 Client with id 0 is not found
(XEN) Using TEE mediator for OP-TEE
(XEN) alternatives: Patching with alt table 00000200002edc18 -> 00000200002eefbc
I/TC: Added guest 1
(XEN) *** LOADING DOMAIN 0 ***
(XEN) Loading d0 kernel from boot module @ 0000000085600000
(XEN) Allocating 1:1 mappings totalling 1024MB for dom0:
(XEN) BANK[0] 0x00000090000000-0x000000c0000000 (768MB)
(XEN) BANK[1] 0x000000e0000000-0x000000f0000000 (256MB)
(XEN) Grant table range: 0x00000086800000-0x00000086840000
(XEN) Allocating PPI 16 for event channel interrupt
(XEN) d0: extended region 0: 0x86a00000->0x8fe00000
(XEN) d0: extended region 1: 0xc0800000->0xcfe00000
(XEN) d0: extended region 2: 0xd0200000->0xdfe00000
(XEN) d0: extended region 3: 0xf0000000->0xfde00000
(XEN) d0: extended region 4: 0x880000000->0x8ffe00000
(XEN) Loading zImage from 0000000085600000 to 0000000090000000-0000000091037008
(XEN) Loading d0 DTB to 0x0000000098000000-0x000000009800f59e
(XEN) Initial low memory virq threshold set at 0x4000 pages.
(XEN) Std. Loglevel: All
(XEN) Guest Loglevel: All
(XEN) *** Serial input to DOM0 (type 'CTRL-a' three times to switch input)
(XEN) Freed 360kB init memory.
(XEN) d0v0 Unhandled SMC/HVC: 0x84000050
(XEN) d0v0 Unhandled SMC/HVC: 0x8600ff01
(XEN) d0v0: vGICD: RAZ on reserved register offset 0x00000c
(XEN) d0v0: vGICD: unhandled word write 0x000000ffffffff to ICACTIVER4
(XEN) d0v0: vGICD: unhandled word write 0x000000ffffffff to ICACTIVER8
(XEN) d0v0: vGICD: unhandled word write 0x000000ffffffff to ICACTIVER12
(XEN) d0v0: vGICD: unhandled word write 0x000000ffffffff to ICACTIVER16
(XEN) d0v0: vGICD: unhandled word write 0x000000ffffffff to ICACTIVER20
(XEN) d0v0: vGICD: unhandled word write 0x000000ffffffff to ICACTIVER24
(XEN) d0v0: vGICD: unhandled word write 0x000000ffffffff to ICACTIVER28
(XEN) d0v0: vGICD: unhandled word write 0x000000ffffffff to ICACTIVER32
(XEN) d0v0: vGICD: unhandled word write 0x000000ffffffff to ICACTIVER36
(XEN) d0v0: vGICD: unhandled word write 0x000000ffffffff to ICACTIVER40
(XEN) d0v0: vGICD: unhandled word write 0x000000ffffffff to ICACTIVER44
(XEN) d0v0: vGICD: unhandled word write 0x000000ffffffff to ICACTIVER48
(XEN) d0v0: vGICD: unhandled word write 0x000000ffffffff to ICACTIVER52
(XEN) d0v0: vGICD: unhandled word write 0x000000ffffffff to ICACTIVER56
(XEN) d0v0: vGICD: unhandled word write 0x000000ffffffff to ICACTIVER60
(XEN) d0v0: vGICD: unhandled word write 0x000000ffffffff to ICACTIVER64
(XEN) d0v0: vGICD: unhandled word write 0x000000ffffffff to ICACTIVER68
(XEN) d0v0: vGICR: SGI: unhandled word write 0x000000ffffffff to ICACTIVER0
(XEN) d0v1: vGICR: SGI: unhandled word write 0x000000ffffffff to ICACTIVER0
(XEN) d0v2: vGICR: SGI: unhandled word write 0x000000ffffffff to ICACTIVER0
(XEN) d0v3: vGICR: SGI: unhandled word write 0x000000ffffffff to ICACTIVER0
(XEN) d0v4: vGICR: SGI: unhandled word write 0x000000ffffffff to ICACTIVER0
(XEN) d0v5: vGICR: SGI: unhandled word write 0x000000ffffffff to ICACTIVER0
(XEN) d0v6: vGICR: SGI: unhandled word write 0x000000ffffffff to ICACTIVER0
(XEN) d0v7: vGICR: SGI: unhandled word write 0x000000ffffffff to ICACTIVER0
[    0.000000] Booting Linux on physical CPU 0x0000000000 [0x410fd034]
[    0.000000] Linux version 6.6.85-rt53-00977-g6208e1d0d7b5-dirty (oe-user@oe-host) (aarch64-fsl-linux-gcc (GCC) 13.3.0, GNU ld (GNU Binutils) 2.42.0.20240723) #1 SMP PREEMPT Wed May 14 13:40:03 UTC 2025
[    0.000000] OF: fdt: Ignoring memory block 0xd0000000 - 0xd0000080
[    0.000000] OF: fdt: Ignoring memory block 0xd0000080 - 0xd0000100
[    0.000000] Machine model: NXP S32G3 Reference Design Board (S32G-VNP-RDB3)
[    0.000000] Xen 4.18 support found
[    0.000000] OF: reserved mem: 0x0000000034400000..0x000000003447ffff (512 KiB) nomap non-reusable pfebufs@34400000
[    0.000000] OF: reserved mem: 0x0000000034480000..0x000000003449ffff (128 KiB) nomap non-reusable pfebufs@34480000
[    0.000000] OF: reserved mem: 0x0000000034520000..0x00000000345fffff (896 KiB) nomap non-reusable ipcf_shm@34520000
[    0.000000] Reserved memory: created DMA memory pool at 0x0000000083200000, size 3 MiB
[    0.000000] OF: reserved mem: initialized node pfebufs@83200000, compatible id shared-dma-pool
[    0.000000] OF: reserved mem: 0x0000000083200000..0x00000000835dffff (3968 KiB) nomap non-reusable pfebufs@83200000
[    0.000000] OF: reserved mem: 0x00000000835e0000..0x00000000835fffff (128 KiB) map non-reusable pfebufs@835e0000
[    0.000000] OF: reserved mem: 0x0000000083600000..0x000000008360ffff (64 KiB) map non-reusable pfebufs@83600000
[    0.000000] OF: reserved mem: 0x0000000084000000..0x0000000084ffffff (16384 KiB) nomap non-reusable shm@84000000
[    0.000000] OF: reserved mem: 0x00000000c0000000..0x00000000c03fffff (4096 KiB) nomap non-reusable shm@c0000000
[    0.000000] OF: reserved mem: 0x00000000c0400000..0x00000000c07fffff (4096 KiB) nomap non-reusable shm@c0400000
[    0.000000] OF: reserved mem: 0x00000000d0000000..0x00000000d000007f (0 KiB) nomap non-reusable shm@d0000000
[    0.000000] OF: reserved mem: 0x00000000d0000080..0x00000000d00000ff (0 KiB) nomap non-reusable shm@d0000080
[    0.000000] OF: reserved mem: 0x00000000fe000000..0x00000000ff3fffff (20480 KiB) nomap non-reusable optee_core@fe000000
[    0.000000] OF: reserved mem: 0x00000000ff400000..0x00000000ff5fffff (2048 KiB) nomap non-reusable optee_shm@ff400000
[    0.000000] OF: reserved mem: 0x00000000ff600000..0x00000000ff7fffff (2048 KiB) nomap non-reusable atf@ff600000
[    0.000000] Zone ranges:
[    0.000000]   DMA      [mem 0x0000000034400000-0x00000000ff7fffff]
[    0.000000]   DMA32    empty
[    0.000000]   Normal   empty
[    0.000000] Movable zone start for each node
[    0.000000] Early memory node ranges
[    0.000000]   node   0: [mem 0x0000000034400000-0x000000003449ffff]
[    0.000000]   node   0: [mem 0x0000000034520000-0x00000000345fffff]
[    0.000000]   node   0: [mem 0x0000000083200000-0x00000000835dffff]
[    0.000000]   node   0: [mem 0x00000000835e0000-0x000000008360ffff]
[    0.000000]   node   0: [mem 0x0000000084000000-0x0000000084ffffff]
[    0.000000]   node   0: [mem 0x0000000090000000-0x00000000bfffffff]
[    0.000000]   node   0: [mem 0x00000000c0000000-0x00000000c07fffff]
[    0.000000]   node   0: [mem 0x00000000e0000000-0x00000000efffffff]
[    0.000000]   node   0: [mem 0x00000000fe000000-0x00000000ff7fffff]
[    0.000000] Initmem setup node 0 [mem 0x0000000034400000-0x00000000ff7fffff]
[    0.000000] On node 0, zone DMA: 17408 pages in unavailable ranges
[    0.000000] On node 0, zone DMA: 128 pages in unavailable ranges
[    0.000000] On node 0, zone DMA: 27648 pages in unavailable ranges
[    0.000000] On node 0, zone DMA: 2544 pages in unavailable ranges
[    0.000000] On node 0, zone DMA: 12288 pages in unavailable ranges
[    0.000000] On node 0, zone DMA: 30720 pages in unavailable ranges
[    0.000000] On node 0, zone DMA: 24576 pages in unavailable ranges
[    0.000000] On node 0, zone DMA: 2048 pages in unavailable ranges
[    0.000000] cma: Reserved 256 MiB at 0x00000000b0000000 on node -1
[    0.000000] psci: probing for conduit method from DT.
[    0.000000] psci: PSCIv1.1 detected in firmware.
[    0.000000] psci: Using standard PSCI v0.2 function IDs
[    0.000000] psci: Trusted OS migration not required
[    0.000000] psci: SMC Calling Convention v1.2
[    0.000000] percpu: Embedded 20 pages/cpu s41768 r8192 d31960 u81920
[    0.000000] Detected VIPT I-cache on CPU0
[    0.000000] CPU features: detected: GIC system register CPU interface
[    0.000000] CPU features: detected: ARM erratum 845719
[    0.000000] CPU features: detected: ARM errata 1165522, 1319367, 1530923, or 1530924
[    0.000000] alternatives: applying boot alternatives
[    0.000000] Kernel command line: console=ttyLF0,115200 earlycon=xen earlyprintk=xen root=/dev/mmcblk0p3 rootwait rw clk_ignore_unused
[    0.000000] Unknown kernel command line parameters "earlyprintk=xen", will be passed to user space.
[    0.000000] Dentry cache hash table entries: 262144 (order: 9, 2097152 bytes, linear)
[    0.000000] Inode-cache hash table entries: 131072 (order: 8, 1048576 bytes, linear)
[    0.000000] Built 1 zonelists, mobility grouping on.  Total pages: 271545
[    0.000000] mem auto-init: stack:all(zero), heap alloc:off, heap free:off
[    0.000000] software IO TLB: area num 8.
[    0.000000] software IO TLB: mapped [mem 0x00000000ea100000-0x00000000ee100000] (64MB)
[    0.000000] Memory: 672436K/1103424K available (10560K kernel code, 732K rwdata, 3200K rodata, 1984K init, 261K bss, 168844K reserved, 262144K cma-reserved)
[    0.000000] SLUB: HWalign=64, Order=0-3, MinObjects=0, CPUs=8, Nodes=1
[    0.000000] rcu: Preemptible hierarchical RCU implementation.
[    0.000000] rcu:     RCU event tracing is enabled.
[    0.000000]  Trampoline variant of Tasks RCU enabled.
[    0.000000]  Tracing variant of Tasks RCU enabled.
[    0.000000] rcu: RCU calculated value of scheduler-enlistment delay is 25 jiffies.
[    0.000000] NR_IRQS: 64, nr_irqs: 64, preallocated irqs: 0
[    0.000000] GICv3: 544 SPIs implemented
[    0.000000] GICv3: 0 Extended SPIs implemented
[    0.000000] Root IRQ handler: gic_handle_irq
[    0.000000] GICv3: GICv3 features: 16 PPIs
[    0.000000] GICv3: CPU0: found redistributor 0 region 0:0x0000000050900000
[    0.000000] rcu: srcu_init: Setting srcu_struct sizes based on contention.
[    0.000000] arch_timer: cp15 timer(s) running at 5.00MHz (virt).
[    0.000000] clocksource: arch_sys_counter: mask: 0xffffffffffffff max_cycles: 0x127350b88, max_idle_ns: 440795202120 ns
[    0.000001] sched_clock: 56 bits at 5MHz, resolution 200ns, wraps every 4398046511100ns
[    0.000401] Console: colour dummy device 80x25
[    0.000438] Calibrating delay loop (skipped), value calculated using timer frequency.. 10.00 BogoMIPS (lpj=20000)
[    0.000448] pid_max: default: 32768 minimum: 301
[    0.000509] LSM: initializing lsm=capability,integrity
[    0.000604] Mount-cache hash table entries: 4096 (order: 3, 32768 bytes, linear)
[    0.000617] Mountpoint-cache hash table entries: 4096 (order: 3, 32768 bytes, linear)
[    0.001547] cacheinfo: Unable to detect cache hierarchy for CPU 0
[    0.002345] RCU Tasks: Setting shift to 3 and lim to 1 rcu_task_cb_adjust=1 rcu_task_cpu_ids=8.
[    0.002435] RCU Tasks Trace: Setting shift to 3 and lim to 1 rcu_task_cb_adjust=1 rcu_task_cpu_ids=8.
[    0.002732] xen:grant_table: Grant tables using version 1 layout
[    0.002767] Grant table initialized
[    0.002811] xen:events: Using FIFO-based ABI
[    0.002837] Xen: initializing cpu0
[    0.002981] rcu: Hierarchical SRCU implementation.
[    0.002984] rcu:     Max phase no-delay instances is 1000.
[    0.003750] smp: Bringing up secondary CPUs ...
[    0.004399] Detected VIPT I-cache on CPU1
[    0.004464] GICv3: CPU1: found redistributor 1 region 0:0x0000000050920000
[    0.010879] Xen: initializing cpu1
[    0.010921] CPU1: Booted secondary processor 0x0000000001 [0x410fd034]
[    0.011575] Detected VIPT I-cache on CPU2
[    0.011616] GICv3: CPU2: found redistributor 2 region 0:0x0000000050940000
[    0.018010] Xen: initializing cpu2
[    0.018048] CPU2: Booted secondary processor 0x0000000002 [0x410fd034]
[    0.018646] Detected VIPT I-cache on CPU3
[    0.018688] GICv3: CPU3: found redistributor 3 region 0:0x0000000050960000
[    0.025081] Xen: initializing cpu3
[    0.025120] CPU3: Booted secondary processor 0x0000000003 [0x410fd034]
[    0.025746] Detected VIPT I-cache on CPU4
[    0.025818] GICv3: CPU4: found redistributor 4 region 0:0x0000000050980000
[    0.032223] Xen: initializing cpu4
[    0.032268] CPU4: Booted secondary processor 0x0000000004 [0x410fd034]
[    0.032918] Detected VIPT I-cache on CPU5
[    0.032971] GICv3: CPU5: found redistributor 5 region 0:0x00000000509a0000
[    0.039363] Xen: initializing cpu5
[    0.039401] CPU5: Booted secondary processor 0x0000000005 [0x410fd034]
[    0.040032] Detected VIPT I-cache on CPU6
[    0.040088] GICv3: CPU6: found redistributor 6 region 0:0x00000000509c0000
[    0.046480] Xen: initializing cpu6
[    0.046515] CPU6: Booted secondary processor 0x0000000006 [0x410fd034]
[    0.047136] Detected VIPT I-cache on CPU7
[    0.047196] GICv3: CPU7: found redistributor 7 region 0:0x00000000509e0000
[    0.053588] Xen: initializing cpu7
[    0.053625] CPU7: Booted secondary processor 0x0000000007 [0x410fd034]
[    0.053752] smp: Brought up 1 node, 8 CPUs
[    0.053759] SMP: Total of 8 processors activated.
[    0.053764] CPU features: detected: 32-bit EL0 Support
[    0.053768] CPU features: detected: CRC32 instructions
[    0.053892] CPU: All CPU(s) started at EL1
[    0.053895] alternatives: applying system-wide alternatives
[    0.055223] devtmpfs: initialized
[    0.064094] clocksource: jiffies: mask: 0xffffffff max_cycles: 0xffffffff, max_idle_ns: 7645041785100000 ns
[    0.064114] futex hash table entries: 2048 (order: 5, 131072 bytes, linear)
[    0.072533] pinctrl core: initialized pinctrl subsystem
[    0.073527] NET: Registered PF_NETLINK/PF_ROUTE protocol family
[    0.074651] DMA: preallocated 128 KiB GFP_KERNEL pool for atomic allocations
[    0.074735] DMA: preallocated 128 KiB GFP_KERNEL|GFP_DMA pool for atomic allocations
[    0.074823] DMA: preallocated 128 KiB GFP_KERNEL|GFP_DMA32 pool for atomic allocations
[    0.075632] thermal_sys: Registered thermal governor 'step_wise'
[    0.075750] hw-breakpoint: found 6 breakpoint and 4 watchpoint registers.
[    0.076249] ASID allocator initialised with 65536 entries
[    0.076426] Serial: AMBA PL011 UART driver
[    0.076469] scmi_core: SCMI protocol bus registered
[    0.077621] scmi_protocol scmi_dev.1: Enabled polling mode TX channel - prot_id:16
[    0.077970] arm-scmi firmware:scmi: SCMI Notifications - Core Enabled.
[    0.078046] arm-scmi firmware:scmi: SCMI Protocol v2.0 'NXP:S32G399A' Firmware version 0x0
[    0.086362] /soc/siul2@4009c000/siul2-pinctrl@4009c240: Fixed dependency cycle(s) with /soc/siul2@4009c000/siul2-pinctrl@4009c240/jtag_pins
[    0.095036] Modules: 28544 pages in range for non-PLT usage
[    0.095042] Modules: 520064 pages in range for PLT usage
[    0.095754] HugeTLB: registered 1.00 GiB page size, pre-allocated 0 pages
[    0.095759] HugeTLB: 0 KiB vmemmap can be freed for a 1.00 GiB page
[    0.095763] HugeTLB: registered 32.0 MiB page size, pre-allocated 0 pages
[    0.095766] HugeTLB: 0 KiB vmemmap can be freed for a 32.0 MiB page
[    0.095770] HugeTLB: registered 2.00 MiB page size, pre-allocated 0 pages
[    0.095775] HugeTLB: 0 KiB vmemmap can be freed for a 2.00 MiB page
[    0.095779] HugeTLB: registered 64.0 KiB page size, pre-allocated 0 pages
[    0.095782] HugeTLB: 0 KiB vmemmap can be freed for a 64.0 KiB page
[    0.104922] xen:balloon: Initialising balloon driver
[    0.105489] SCSI subsystem initialized
[    0.105647] usbcore: registered new interface driver usbfs
[    0.105671] usbcore: registered new interface driver hub
[    0.105708] usbcore: registered new device driver usb
[    0.106276] pps_core: LinuxPPS API ver. 1 registered
[    0.106280] pps_core: Software ver. 5.3.6 - Copyright 2005-2007 Rodolfo Giometti <giometti@linux.it>
[    0.106292] PTP clock support registered
[    0.107463] vgaarb: loaded
[    0.107846] clocksource: Switched to clocksource arch_sys_counter
[    0.116573] NET: Registered PF_INET protocol family
[    0.116746] IP idents hash table entries: 32768 (order: 6, 262144 bytes, linear)
[    0.118318] tcp_listen_portaddr_hash hash table entries: 1024 (order: 2, 16384 bytes, linear)
[    0.118345] Table-perturb hash table entries: 65536 (order: 6, 262144 bytes, linear)
[    0.118357] TCP established hash table entries: 16384 (order: 5, 131072 bytes, linear)
[    0.118504] TCP bind hash table entries: 16384 (order: 7, 524288 bytes, linear)
[    0.119042] TCP: Hash tables configured (established 16384 bind 16384)
[    0.119148] UDP hash table entries: 1024 (order: 3, 32768 bytes, linear)
[    0.119189] UDP-Lite hash table entries: 1024 (order: 3, 32768 bytes, linear)
[    0.119349] NET: Registered PF_UNIX/PF_LOCAL protocol family
[    0.119809] RPC: Registered named UNIX socket transport module.
[    0.119850] RPC: Registered udp transport module.
[    0.119854] RPC: Registered tcp transport module.
[    0.119856] RPC: Registered tcp-with-tls transport module.
[    0.119859] RPC: Registered tcp NFSv4.1 backchannel transport module.
[    0.119873] PCI: CLS 0 bytes, default 64
[    0.121477] Initialise system trusted keyrings
[    0.121646] workingset: timestamp_bits=46 max_order=18 bucket_order=0
[    0.122240] fuse: init (API version 7.39)
[    0.122503] NET: Registered PF_ALG protocol family
[    0.122514] Key type asymmetric registered
[    0.122521] Asymmetric key parser 'x509' registered
[    0.122559] Block layer SCSI generic (bsg) driver version 0.4 loaded (major 247)
[    0.122705] io scheduler mq-deadline registered
[    0.122711] io scheduler kyber registered
[    0.122729] io scheduler bfq registered
[    0.126264] s32cc-siul2-pinctrl 4009c240.siul2-pinctrl: initialized s32 pinctrl driver
[    0.127423] s32cc-siul2-gpio 4009d700.siul2-gpio: No cache defaults, reading back from HW
[    0.127535] s32cc-siul2-gpio 4009d700.siul2-gpio: No cache defaults, reading back from HW
[    0.128087] gpio gpiochip0: Static allocation of GPIO base is deprecated, use dynamic allocation.
[    0.128960] s32cc-siul2-gpio 4009d700.siul2-gpio: No cache defaults, reading back from HW
[    0.129015] s32cc-siul2-gpio 4009d700.siul2-gpio: No cache defaults, reading back from HW
[    0.130462] xen:xen_evtchn: Event-channel device installed
[    0.133099] 401c8000.serial: ttyLF0 at MMIO 0x401c8000 (irq = 22, base_baud = 7812500) is a FSL_LINFLEX
[    0.133156] printk: legacy console [ttyLF0] enabled
[    1.448608] 401cc000.serial: ttyLF1 at MMIO 0x401cc000 (irq = 23, base_baud = 7812500) is a FSL_LINFLEX
[    1.460501] s32cc_fccu 4030c000.fccu: FCCU status is 0 (normal)
[    1.468675] sja1110-sw@1 enforce active low on GPIO handle
[    1.476847] spi-nor spi6.0: mx25uw51245g (65536 Kbytes)
[    1.482749] 8 fixed-partitions partitions found on MTD device 0.spi
[    1.489117] Creating 8 MTD partitions on "0.spi":
[    1.493896] 0x000000000000-0x000004000000 : "Flash-Image"
[    1.499730] 0x000000000000-0x0000000d0000 : "BL2"
[    1.504837] 0x0000000d0000-0x0000002a0000 : "FIP"
[    1.509932] 0x0000002a0000-0x0000002b0000 : "U-Boot-Env"
[    1.515656] 0x0000002b0000-0x000001380000 : "Kernel"
[    1.521008] 0x000001380000-0x0000013b0000 : "DTB"
[    1.526100] 0x0000013b0000-0x0000032c0000 : "Rootfs"
[    1.531450] 0x0000032c0000-0x000004000000 : "PFE-Firmware"
[    1.538922] vcan: Virtual CAN interface driver
[    1.543445] slcan: serial line CAN interface driver
[    1.548401] CAN device driver interface
[    1.553283] flexcan 401b4000.can: device registered (reg_base=(____ptrval____), irq(s):
[    1.561418] flexcan 401b4000.can:  28
[    1.565142] flexcan 401b4000.can:  29
[    1.568857] flexcan 401b4000.can:  30
[    1.572573] flexcan 401b4000.can:  31
[    1.576286] flexcan 401b4000.can: )
[    1.580543] flexcan 401be000.can: device registered (reg_base=(____ptrval____), irq(s):
[    1.588675] flexcan 401be000.can:  32
[    1.592398] flexcan 401be000.can:  33
[    1.596114] flexcan 401be000.can:  34
[    1.599830] flexcan 401be000.can:  35
[    1.603541] flexcan 401be000.can: )
[    1.607300] e100: Intel(R) PRO/100 Network Driver
[    1.612074] e100: Copyright(c) 1999-2006 Intel Corporation
[    1.617666] e1000: Intel(R) PRO/1000 Network Driver
[    1.622615] e1000: Copyright (c) 1999-2006 Intel Corporation.
[    1.628462] e1000e: Intel(R) PRO/1000 Network Driver
[    1.633500] e1000e: Copyright(c) 1999 - 2015 Intel Corporation.
[    1.639523] igb: Intel(R) Gigabit Ethernet Network Driver
[    1.644999] igb: Copyright (c) 2007-2014 Intel Corporation.
[    1.651020] xen_netfront: Initialising Xen virtual ethernet driver
[    1.658180] hse-uio 40210000.mu0b: standard firmware, version 2.64.0
[    1.664646] hse-uio 40210000.mu0b: successfully registered device
[    1.671253] usbcore: registered new interface driver uas
[    1.676677] usbcore: registered new interface driver usb-storage
[    1.683689] imx_usb 44064000.usb: No over current polarity defined
[    1.690602] ci_hdrc ci_hdrc.0: EHCI Host Controller
[    1.695732] ci_hdrc ci_hdrc.0: new USB bus registered, assigned bus number 1
[    1.715849] ci_hdrc ci_hdrc.0: USB 2.0 started, EHCI 1.00
[    1.721504] usb usb1: New USB device found, idVendor=1d6b, idProduct=0002, bcdDevice= 6.06
[    1.729906] usb usb1: New USB device strings: Mfr=3, Product=2, SerialNumber=1
[    1.737242] usb usb1: Product: EHCI Host Controller
[    1.742198] usb usb1: Manufacturer: Linux 6.6.85-rt53-00977-g6208e1d0d7b5-dirty ehci_hcd
[    1.750406] usb usb1: SerialNumber: ci_hdrc.0
[    1.755242] hub 1-0:1.0: USB hub found
[    1.759075] hub 1-0:1.0: 1 port detected
[    1.764566] s32cc-rtc 40060000.rtc: registered as rtc0
[    1.769819] s32cc-rtc 40060000.rtc: setting system clock to 1970-01-01T00:00:00 UTC (0)
[    1.778036] i2c_dev: i2c /dev entries driver
[    1.782838] s32cc-wdt 4010c000.watchdog: S32CC Watchdog Timer Registered. timeout=30s (nowayout=0)
[    1.792157] s32cc-wdt 40200000.watchdog: S32CC Watchdog Timer Registered. timeout=30s (nowayout=0)
[    1.801450] s32cc-wdt 40204000.watchdog: S32CC Watchdog Timer Registered. timeout=30s (nowayout=0)
[    1.810713] s32cc-wdt 40208000.watchdog: S32CC Watchdog Timer Registered. timeout=30s (nowayout=0)
[    1.820014] s32cc-wdt 40500000.watchdog: S32CC Watchdog Timer Registered. timeout=30s (nowayout=0)
[    1.829282] s32cc-wdt 40504000.watchdog: S32CC Watchdog Timer Registered. timeout=30s (nowayout=0)
[    1.838553] s32cc-wdt 40508000.watchdog: S32CC Watchdog Timer Registered. timeout=30s (nowayout=0)
[    1.847834] s32cc-wdt 4050c000.watchdog: S32CC Watchdog Timer Registered. timeout=30s (nowayout=0)
[    1.857268] scmi-cpufreq scmi_dev.5: scmi_cpufreq_probe: registering cpufreq failed, err: -19
[    1.866304] sdhci: Secure Digital Host Controller Interface driver
[    1.872584] sdhci: Copyright(c) Pierre Ossman
[    1.877009] sdhci-pltfm: SDHCI platform and OF driver helper
[    1.883141] SMCCC: SOC_ID: ARCH_SOC_ID not implemented, skipping ....
[    1.889847] usbcore: registered new interface driver usbhid
[    1.895501] usbhid: USB HID core driver
[    1.912156] s32-adc 401f8000.adc: using dma0chan4 for ADC DMA transfers
[    1.915069] mmc0: SDHCI controller on 402f0000.mmc [402f0000.mmc] using ADMA
[    1.919352] s32-adc 401f8000.adc: Device initialized successfully.
[    1.937968] s32-adc 402e8000.adc: using dma1chan16 for ADC DMA transfers
[    1.945204] s32-adc 402e8000.adc: Device initialized successfully.
[    1.952945] s32-siul2-nvmem 4009c000.nvram: Initialized s32cc siul2 nvmem driver
[    1.960388] mmc0: new high speed SDHC card at address 0001
[    1.960630] s32-siul2-nvmem 44010000.nvram: Initialized s32cc siul2 nvmem driver
[    1.966630] mmcblk0: mmc0:0001 BB1QT 29.8 GiB
[    1.973741] optee: probing for conduit method.
[    1.981054]  mmcblk0: p1 p2 p3 p4 < p5 p6 >
I/ t[   1.982492] optee: revision 4.0
[    1.987296] optee: dynamic shared memory is enabled
[    1.995881] optee: initialized driver
[    2.000365] NET: Registered PF_INET6 protocol family
[    2.006283] Segment Routing with IPv6
[    2.010037] In-situ OAM (IOAM) with IPv6
[    2.014083] sit: IPv6, IPv4 and MPLS over IPv4 tunneling driver
[    2.020540] NET: Registered PF_PACKET protocol family
[    2.025701] Bridge firewalling registered
[    2.029922] can: controller area network core
[    2.034382] NET: Registered PF_CAN protocol family
[    2.039248] can: raw protocol
[    2.042268] can: broadcast manager protocol
[    2.046516] can: netlink gateway - max_hops=1
[    2.051123] 8021q: 802.1Q VLAN Support v1.8
[    2.061784] Loading compiled-in X.509 certificates
[    2.078948] i2c i2c-0: using pinctrl states for GPIO recovery
[    2.084895] i2c i2c-0: using generic GPIOs for recovery
[    2.090797] pca953x 0-0022: using AI
[    2.102350] rtc-pcf85063 0-0051: registered as rtc1
[    2.107349] i2c i2c-0: IMX I2C adapter registered
[    2.112168] i2c i2c-0: using dma0chan5 (tx) and dma0chan6 (rx) for DMA transfers
[    2.120338] i2c i2c-2: using pinctrl states for GPIO recovery
[    2.126215] i2c i2c-2: using generic GPIOs for recovery
[    2.131589] i2c i2c-2: IMX I2C adapter registered
[    2.136401] i2c i2c-2: using dma1chan17 (tx) and dma1chan18 (rx) for DMA transfers
[    2.144662] i2c i2c-4: using pinctrl states for GPIO recovery
[    2.150545] i2c i2c-4: using generic GPIOs for recovery
[    2.157512] ina2xx 4-0040: power monitor ina231 (Rshunt = 1000 uOhm)
[    2.163994] i2c i2c-4: IMX I2C adapter registered
[    2.168810] i2c i2c-4: using dma1chan19 (tx) and dma1chan20 (rx) for DMA transfers
[    2.177002] phy-s32cc-serdes 40480000.serdes: Using mode 0 for SerDes subsystem
[    2.389757] s32cc-pcie 40400000.pcie: Failed to stabilize PHY link
[    2.396041] s32cc-pcie 40400000.pcie: Configuring as RootComplex
[    2.402239] s32cc-pcie 40400000.pcie: Allocated line 0 for interrupt 46 (msi)
[    2.409522] s32cc-pcie 40400000.pcie: host bridge /soc/pcie@40400000 ranges:
[    2.416698] s32cc-pcie 40400000.pcie:       IO 0x5ffffe0000..0x5ffffeffff -> 0x0000000000
[    2.425013] s32cc-pcie 40400000.pcie:      MEM 0x5800000000..0x5ffffdffff -> 0x0000000000
[    2.433324] s32cc-pcie 40400000.pcie: Memory resource size exceeds max for 32 bits
[    3.441260] s32cc-pcie 40400000.pcie: Phy link never came up
[    3.447034] s32cc-pcie 40400000.pcie: Link Up failed, EndPoint may not be connected
[    3.454887] s32cc-pcie 40400000.pcie: iATU: unroll T, 6 ob, 4 ib, align 4K, limit 1024G
[    3.463075] s32cc-pcie 40400000.pcie: eDMA: unroll T, 4 wr, 4 rd
[    4.469488] s32cc-pcie 40400000.pcie: Phy link never came up
[    4.475244] s32cc-pcie 40400000.pcie: Link Up failed, EndPoint may not be connected
[    5.483262] s32cc-pcie 40400000.pcie: Phy link never came up
[    5.489519] s32cc-pcie 40400000.pcie: PCI host bridge to bus 0000:00
[    5.495992] pci_bus 0000:00: root bus resource [bus 00-ff]
[    5.501564] pci_bus 0000:00: root bus resource [io  0x0000-0xffff]
[    5.507837] pci_bus 0000:00: root bus resource [mem 0x5800000000-0x5ffffdffff] (bus address [0x00000000-0x7fffdffff])
[    5.518635] pci 0000:00:00.0: [1957:4300] type 01 class 0x060400
[    5.524749] pci 0000:00:00.0: reg 0x10: [mem 0x5800000000-0x58000fffff]
[    5.531476] pci 0000:00:00.0: reg 0x38: [mem 0x5800000000-0x580000ffff pref]
[    5.538729] pci 0000:00:00.0: supports D1
[    5.542800] pci 0000:00:00.0: PME# supported from D0 D1 D3hot D3cold
(XEN) xen-source/xen/arch/arm/physdev.c:20:d0v2 PHYSDEVOP cmd=25: not implemented
(XEN) xen-source/xen/arch/arm/physdev.c:20:d0v2 PHYSDEVOP cmd=15: not implemented
[    5.564165] pci 0000:00:00.0: Failed to add - passthrough or MSI/MSI-X might fail!
[    5.574575] pci 0000:00:00.0: BAR 0: assigned [mem 0x5800000000-0x58000fffff]
[    5.581827] pci 0000:00:00.0: BAR 6: assigned [mem 0x5800100000-0x580010ffff pref]
[    5.589514] pci 0000:00:00.0: PCI bridge to [bus 01-ff]
[    5.595092] pcieport 0000:00:00.0: PME: Signaling with IRQ 48
[    5.602002] s32cc-dwmac 4033c000.ethernet: IRQ eth_wake_irq not found
[    5.608547] s32cc-dwmac 4033c000.ethernet: IRQ eth_lpi not found
[    5.615450] s32cc-dwmac 4033c000.ethernet: User ID: 0x10, Synopsys ID: 0x52
[    5.622529] s32cc-dwmac 4033c000.ethernet:   DWMAC4/5
[    5.627573] s32cc-dwmac 4033c000.ethernet: DMA HW capability register supported
[    5.634989] s32cc-dwmac 4033c000.ethernet: RX Checksum Offload Engine supported
[    5.642402] s32cc-dwmac 4033c000.ethernet: TX Checksum insertion supported
[    5.649374] s32cc-dwmac 4033c000.ethernet: Wake-Up On Lan supported
[    5.655777] s32cc-dwmac 4033c000.ethernet: Enable RX Mitigation via HW Watchdog Timer
[    5.663726] s32cc-dwmac 4033c000.ethernet: Enabled L3L4 Flow TC (entries=8)
[    5.670793] s32cc-dwmac 4033c000.ethernet: Enabled RFS Flow TC (entries=10)
[    5.677865] s32cc-dwmac 4033c000.ethernet: Enabling HW TC (entries=256, max_off=256)
[    5.685726] s32cc-dwmac 4033c000.ethernet: Using 32/32 bits DMA host/device width
[    5.700723] hwmon hwmon1: temp1_input not attached to any thermal zone
[    5.709854] qoriq_thermal 400a8000.tmu: Critical rising/falling temperature threshold = 5 degree(s)
[    5.722905] nxp_s32cc_ddr_perf 403e0000.ddr-perf: probing device
[    5.729271] nxp_s32cc_ddr_perf 403e0000.ddr-perf: device initialized successfully
[    5.737140] clk: Not disabling unused clocks
[    5.757978] EXT4-fs (mmcblk0p3): warning: mounting fs with errors, running e2fsck is recommended
[    5.876467] EXT4-fs (mmcblk0p3): mounted filesystem 6db84903-6132-4144-af27-5002bf6d4f87 r/w with ordered data mode. Quota mode: disabled.
[    5.888561] VFS: Mounted root (ext4 filesystem) on device 179:3.
[    5.895161] devtmpfs: mounted
[    5.898478] Freeing unused kernel memory: 1984K
[    5.902703] Run /sbin/init as init process
INIT: version 3.04 booting
Starting udev
[    6.679729] udevd[155]: starting version 3.2.14
[   15.943857] random: crng init done
[   15.982989] udevd[158]: starting eudev-3.2.14
[   16.107654] hse 40211000.mu1b: standard firmware, version 0.0.0
[   16.113443] hse 40211000.mu1b: registered algs sha1,hmac(sha1)
[   16.119053] hse 40211000.mu1b: registered algs sha224,hmac(sha224)
[   16.125198] hse 40211000.mu1b: registered algs sha256,hmac(sha256)
[   16.127478] pfeng_slave: loading out-of-tree module taints kernel.
[   16.132004] hse 40211000.mu1b: registered algs sha384,hmac(sha384)
[   16.143972] hse 40211000.mu1b: registered algs sha512,hmac(sha512)
[   16.144593] pfeng-slave 46000000.pfe_slave: PFEng ethernet driver loading ...
[   16.149807] hse 40211000.mu1b: registered alg ctr(aes)
[   16.156951] pfeng-slave 46000000.pfe_slave: Version: 1.9.0
[   16.162052] hse 40211000.mu1b: registered alg cbc(aes)
[   16.167508] pfeng-slave 46000000.pfe_slave: Driver commit hash: M4_DRIVER_COMMIT_HASH
[   16.172630] hse 40211000.mu1b: registered alg ecb(aes)
[   16.180439] pfeng-slave 46000000.pfe_slave: Multi instance support: SLAVE/mdetect=on
[   16.185563] hse 40211000.mu1b: registered alg cfb(aes)
[   16.193293] pfeng-slave 46000000.pfe_slave: Compiled by: 13.3.0
[   16.198433] hse 40211000.mu1b: registered alg ofb(aes)
[   16.204724] pfeng-slave 46000000.pfe_slave: Cbus addr 0x46000000 size 0x1000000
[   16.209447] hse 40211000.mu1b: registered alg gcm(aes)
[   16.216752] pfeng-slave 46000000.pfe_slave: IHC channel: 3
[   16.222049] hse 40211000.mu1b: registered hwrng-hse
[   16.227410] pfeng-slave 46000000.pfe_slave: MASTER IHC channel: 0
[   16.232182] hse 40211000.mu1b: device ready, status 0x4F20
[   16.238262] pfeng-slave 46000000.pfe_slave: netif name: pfe0sl
[   16.249538] pfeng-slave 46000000.pfe_slave: DT mac addr: 00:04:9f:be:ff:00
[   16.256391] pfeng-slave 46000000.pfe_slave: netif(pfe0sl) linked phyif: 0
[   16.263182] pfeng-slave 46000000.pfe_slave: netif(pfe0sl) mode: std
[   16.269551] pfeng-slave 46000000.pfe_slave: netif(pfe0sl) HIFs: count 1 map 08
[   16.276649] pfeng-slave 46000000.pfe_slave: netif name: pfe1sl
[   16.282432] pfeng-slave 46000000.pfe_slave: DT mac addr: 00:04:9f:be:ff:01
[   16.289292] pfeng-slave 46000000.pfe_slave: netif(pfe1sl) linked phyif: 1
[   16.296078] pfeng-slave 46000000.pfe_slave: netif(pfe1sl) mode: std
[   16.302326] pfeng-slave 46000000.pfe_slave: netif(pfe1sl) HIFs: count 1 map 08
[   16.309546] pfeng-slave 46000000.pfe_slave: netif name: pfe2sl
[   16.315331] pfeng-slave 46000000.pfe_slave: DT mac addr: 00:04:9f:be:ff:02
[   16.322209] pfeng-slave 46000000.pfe_slave: netif(pfe2sl) linked phyif: 2
[   16.328969] pfeng-slave 46000000.pfe_slave: netif(pfe2sl) mode: std
[   16.335230] pfeng-slave 46000000.pfe_slave: netif(pfe2sl) HIFs: count 1 map 08
[   16.342455] pfeng-slave 46000000.pfe_slave: netif name: aux0sl
[   16.348256] pfeng-slave 46000000.pfe_slave: DT mac addr: 00:04:9f:be:ff:80
[   16.355082] pfeng-slave 46000000.pfe_slave: netif(aux0sl) no linked phyif in AUX mode
[   16.362899] pfeng-slave 46000000.pfe_slave: netif(aux0sl) mode: aux
[   16.369146] pfeng-slave 46000000.pfe_slave: netif(aux0sl) HIFs: count 1 map 08
[   16.376350] pfeng-slave 46000000.pfe_slave: HIF channels mask: 0x0008
[   16.382782] pfeng-slave 46000000.pfe_slave: Wait for PFE controller UP ...
[   16.389646] pfeng-slave 46000000.pfe_slave: PFE controller UP detected
[   16.396172] pfeng-slave 46000000.pfe_slave: PFE port coherency enabled, mask 0x1e
[   16.403661] pfeng-slave 46000000.pfe_slave: assigned reserved memory node pfebufs@83600000
[   16.411859] pfeng-slave 46000000.pfe_slave: PFE CBUS p0x000000002d65a8af mapped @ v0xffffffc082000000
[   16.421051] pfeng-slave 46000000.pfe_slave: Wait for Master UP ...
[   16.427221] pfeng-slave 46000000.pfe_slave: Detected Master UP
[   16.433043] pfeng-slave 46000000.pfe_slave: HIF3 is in clean state
[   16.439386] pfeng-slave 46000000.pfe_slave: HIF0 not configured, skipped
[   16.445875] pfeng-slave 46000000.pfe_slave: HIF1 not configured, skipped
[   16.452567] pfeng-slave 46000000.pfe_slave: HIF2 not configured, skipped
[   16.459606] pfeng-slave 46000000.pfe_slave: HIF3 enabled
[   16.464545] pfeng-slave 46000000.pfe_slave: HIF3 started
[   16.469831] pfeng-slave 46000000.pfe_slave: IDEX-slave @ master-interface 6
[   16.476780] pfeng-slave 46000000.pfe_slave: IHC client registered
[   16.502899] pfeng-slave 46000000.pfe_slave: IDEX: v2 protocol used, Resend:count=10,delay=100,100ms
[   16.511518] pfeng-slave 46000000.pfe_slave: IDEX RPC installed on HIF3
[   16.518034] pfeng-slave 46000000.pfe_slave: MDIO bus 0 disabled: Not found in DT
[   16.525413] pfeng-slave 46000000.pfe_slave: MDIO bus 1 disabled: Not found in DT
[   16.532782] pfeng-slave 46000000.pfe_slave: MDIO bus 2 disabled: Not found in DT
[   16.540184] pfeng-slave 46000000.pfe_slave pfe0sl (uninitialized): Subscribe to HIF3
[   16.547904] pfeng-slave 46000000.pfe_slave pfe1sl (uninitialized): Subscribe to HIF3
[   16.547919] pfeng-slave 46000000.pfe_slave pfe0sl (uninitialized): Host LLTX disabled
[   16.555617] pfeng-slave 46000000.pfe_slave pfe2sl (uninitialized): Subscribe to HIF3
[   16.555632] pfeng-slave 46000000.pfe_slave aux0sl (uninitialized): Subscribe to HIF3
[   16.684529] pfeng-slave 46000000.pfe_slave pfe0sl (uninitialized): Enable HIF3
[   16.691342] pfeng-slave 46000000.pfe_slave pfe0sl (uninitialized): setting MAC addr: 00:04:9f:be:ff:00
[   17.045964] pfeng-slave 46000000.pfe_slave pfe0sl (uninitialized): PTP HW addend 0x80000000, max_adj configured to 46566128 ppb
[   17.057100] pfeng-slave 46000000.pfe_slave: IEEE1588: Input Clock: 200000000Hz, Output: 100000000Hz, Accuracy: 10.0ns
[   17.069602] pfeng-slave 46000000.pfe_slave: ERR: (DRIVER) event 1 - Driver runtime error: [pfeng-ptp.c:241] Failed to register PTP clock on EMAC0
[   17.082962] pfeng-slave 46000000.pfe_slave pfe0sl: registered
[   17.088386] pfeng-slave 46000000.pfe_slave pfe1sl (uninitialized): Host LLTX disabled
[   17.164132] EXT4-fs (mmcblk0p3): re-mounted 6db84903-6132-4144-af27-5002bf6d4f87 r/w. Quota mode: disabled.
[   17.291720] cfg80211: Loading compiled-in X.509 certificates for regulatory database
[   17.310860] Loaded X.509 cert 'sforshee: 00b28ddf47aef9cea7'
[   17.316348] pfeng-slave 46000000.pfe_slave pfe1sl (uninitialized): Enable HIF3
[   17.316826] Loaded X.509 cert 'wens: 61c038651aabdcf94bd0ac7ff06c7248db18c600'
[   17.323325] pfeng-slave 46000000.pfe_slave pfe1sl (uninitialized): setting MAC addr: 00:04:9f:be:ff:01
[   17.466200] wlan: Loading MWLAN driver
[   17.470183] wlan: Register to Bus Driver...
[   17.474082] wlan: Register to Bus Driver Done
[   17.478279] wlan: Driver loaded successfully
[   17.503999] SPI driver sja1110 has no spi_device_id for nxp,sja1110-switch
[   17.510500] SPI driver sja1110 has no spi_device_id for nxp,sja1110-uc
[   17.517083] sja1110 spi5.0: probing uc
[   17.520855] sja1110 spi5.1: probing switch
[   17.525099] sja1110 spi5.1: Could not get GPIO from device tree
[   17.531684] sja1110 spi5.1: [sja1110_post_probe_upload_worker] Trying to initialize switch
[   17.540653] sja1110 spi5.1: [sja1110_init_hw] loaded fw 'sja1110_switch.bin'
[   17.547447] sja1110 spi5.1: [sja1110_pre_switch_upload] Found switch config of size 2236
[   17.555683] sja1110 spi5.1: Uploading config...
[   17.592017] sja1110 spi5.1: Successfully configured!
[   17.596623] sja1110 spi5.0: [sja1110_post_probe_upload_worker] Trying to initialize uC
Tue Jun 17 18:26:45 UTC 2025
[   17.619208] sja1110 spi5.0: [sja1110_init_hw] loaded fw 'sja1110_uc.bin'
[   17.625516] sja1110 spi5.0: [sja1110_pre_uc_upload] Found firmware of size 320280
[   17.633066] sja1110 spi5.0: [sja1110_pre_uc_upload] firmware appears to be valid
[   17.640445] sja1110 spi5.0: [sja1110_pre_uc_upload] ÂµC not ready for download (Status=0x31)
[   17.649007] sja1110 spi5.0: Uploading firmware...
[   17.678245] pfeng-slave 46000000.pfe_slave pfe1sl (uninitialized): PTP HW addend 0x80000000, max_adj configured to 46566128 ppb
[   17.689442] pfeng-slave 46000000.pfe_slave: IEEE1588: Input Clock: 200000000Hz, Output: 100000000Hz, Accuracy: 10.0ns
[   17.702166] pfeng-slave 46000000.pfe_slave: ERR: (DRIVER) event 1 - Driver runtime error: [pfeng-ptp.c:241] Failed to register PTP clock on EMAC1
[   17.716502] pfeng-slave 46000000.pfe_slave pfe1sl: registered
[   17.722162] pfeng-slave 46000000.pfe_slave pfe2sl (uninitialized): Host LLTX disabled
[   17.860536] pfeng-slave 46000000.pfe_slave pfe2sl (uninitialized): Enable HIF3
[   17.867617] pfeng-slave 46000000.pfe_slave pfe2sl (uninitialized): setting MAC addr: 00:04:9f:be:ff:02
[   18.311004] pfeng-slave 46000000.pfe_slave pfe2sl (uninitialized): PTP HW addend 0x80000000, max_adj configured to 46566128 ppb
[   18.322137] pfeng-slave 46000000.pfe_slave: IEEE1588: Input Clock: 200000000Hz, Output: 100000000Hz, Accuracy: 10.0ns
[   18.334726] pfeng-slave 46000000.pfe_slave: ERR: (DRIVER) event 1 - Driver runtime error: [pfeng-ptp.c:241] Failed to register PTP clock on EMAC2
[   18.348774] pfeng-slave 46000000.pfe_slave pfe2sl: registered
[   18.354132] pfeng-slave 46000000.pfe_slave aux0sl (uninitialized): Host LLTX disabled
[   18.582889] pfeng-slave 46000000.pfe_slave aux0sl (uninitialized): Enable HIF3
[   18.590607] pfeng-slave 46000000.pfe_slave aux0sl: checksum offload not possible for AUX interface
[   18.599733] pfeng-slave 46000000.pfe_slave aux0sl: registered
[   18.752410] sja1110 spi5.0: Upload successfully verified!
INIT: Entering runlevel: 5
Configuring network interfaces... ifup: interface lo already configured
[   19.798390] s32cc-dwmac 4033c000.ethernet eth0: Register MEM_TYPE_PAGE_POOL RxQ-0
[   19.805797] s32cc-dwmac 4033c000.ethernet eth0: Register MEM_TYPE_PAGE_POOL RxQ-1
[   19.813252] s32cc-dwmac 4033c000.ethernet eth0: Register MEM_TYPE_PAGE_POOL RxQ-2
[   19.820780] s32cc-dwmac 4033c000.ethernet eth0: Register MEM_TYPE_PAGE_POOL RxQ-3
[   19.828188] s32cc-dwmac 4033c000.ethernet eth0: Register MEM_TYPE_PAGE_POOL RxQ-4
[   19.902760] s32cc-dwmac 4033c000.ethernet eth0: PHY [stmmac-0:01] driver [Micrel KSZ9031 Gigabit PHY] (irq=POLL)
[   19.922578] dwmac4: Master AXI performs any burst length
[   19.927562] s32cc-dwmac 4033c000.ethernet eth0: Enabling Safety Features
[   19.934239] s32cc-dwmac 4033c000.ethernet eth0: IEEE 1588-2008 Advanced Timestamp supported
[   19.942786] s32cc-dwmac 4033c000.ethernet eth0: registered PTP clock
[   19.949394] s32cc-dwmac 4033c000.ethernet eth0: FPE workqueue start
[   19.955249] s32cc-dwmac 4033c000.ethernet eth0: configuring for phy/rgmii-id link mode
[   19.966425] 8021q: adding VLAN 0 to HW filter on device eth0
[   20.212313] pfeng-slave 46000000.pfe_slave aux0sl: HIF3 already enabled
[   20.423607] xenbr0: port 1(eth0) entered blocking state
[   20.428468] xenbr0: port 1(eth0) entered disabled state
[   20.433712] s32cc-dwmac 4033c000.ethernet eth0: entered allmulticast mode
[   20.440881] s32cc-dwmac 4033c000.ethernet eth0: entered promiscuous mode
dhcpcd-10.0.6 starting
DUID 00:01:00:01:2f:cc:1e:10:32:96:4c:0e:cf:32
done.
Starting system message bus: dbus.
Starting OP-TEE Supplicant: tee-supplicant.
Starting OpenBSD Secure Shell server: sshd
Starting rpcbind daemon...done.
starting statd: done.
done
Starting atd: OK
Error: There is no config file for conntrackd
starting DNS forwarder and DHCP server: dnsmasq... done.
Starting irqbalance: done
Starting network benchmark server: netserver.
Starting ntpd: done
Starting system log daemon...0
Starting internet superserver: xinetd.
Starting random number generator daemon.
Starting telemetry service
Starting /usr/sbin/xenstored...
Setting domain 0 name, domid and JSON config...
Done setting up Dom0
Starting xenconsoled...
Starting QEMU as disk backend for dom0
qemu-system-aarch64: unsupported machine type
Use -machine help to list supported machines
Starting domain watchdog daemon: xenwatchdogd startup

Starting auto Xen domains: V2Xdomu.cfgI/TC: Added guest 2
(XEN) xen-source/xen/common/memory.c:278:d0v0 Could not allocate order=18 extent: id=1 memflags=0xc0 (1 of 2)
(XEN) xen-source/xen/common/memory.c:278:d0v0 Could not allocate order=18 extent: id=1 memflags=0xc0 (0 of 1)
(XEN) d1v0 Unhandled SMC/HVC: 0x84000050
(XEN) d1v0 Unhandled SMC/HVC: 0x8600ff01
(XEN) d1v0: vGICD: RAZ on reserved register offset 0x00000c
(XEN) d1v0: vGICR: SGI: unhandled word write 0x000000ffffffff to ICACTIVER0
(XEN) d1v1: vGICR: SGI: unhandled word write 0x000000ffffffff to ICACTIVER0
(XEN) xen-source/xen/comm/TCg Rnt_tvbd sha1e0 mdmv1  ip ndibged
nablXdDanae f sha1 d m2 orames
I/Ten sorrae/xen/c vmon/grina_ion s.ppo9t :s1v1 Elpd
sabledAgrach tnble fooifictoions amesd
(XEN) xen-source/xen/common/grant_table.c:1909:d1v1 Expanding d1 grant table from 3 to 4 frames
(XEN) xen-source/xen/common/grant_table.c:1909:d1v1 Expanding d1 grant table from 4 to 5 frames
(XEN) gnttab_mark_dirty not implemented yet
[done]
Configuring the PFE physical and logical interfaces
Starting AVTP listener service
Initializing all CAN interfaces
Starting crond: OK
Starting the k3s agent
Starting aws-iot-fleetwise-edge service

GoldVIP 1.14.0 (based on Auto Linux BSP 44.0) s32g399ardb3 hvc0

s32g399ardb3 login:
GoldVIP 1.14.0 (based on Auto Linux BSP 44.0) s32g399ardb3 ttyLF0

s32g399ardb3 login: root
root@s32g399ardb3:~# #!/bin/bash
root@s32g399ardb3:~#
root@s32g399ardb3:~# # --- 1. Full System Reset ---
root@s32g399ardb3:~# echo "### G3: Full System Reset for P2A/P2B Bridge ###"
### G3: Full System Reset for P2A/P2B Bridge ###
root@s32g399ardb3:~# service k3s-agent stop 2>/dev/null; service xencommons stop 2>/dev/null
Stopping the k3s agent
iptables -X
ip link set br0 down 2>/dev/null; brctl delbr br0 2>/dev/null
for iface in $(ip -o link show | awk -F': ' '{print $2}'); do if [ "$iface" != "lo" ]; then ip addr flush dev "$iface"; fi; done
sleep 1

# --- 2. P2A/P2B Bridge Configuration ---
echo "### G3: Configuring P2A/P2B Bridge (br0) ###"
brctl addbr br0
ip link set pfe0sl up
brctl addif br0 pfe0sl
ip link set br0 up
ip addr add 192.168.100.1/24 dev br0
echo "--- G3 Network Ready. Bridge MAC: $(ip link show br0 | grep ether) ---"
sleep 2

# --- 3. Verify Connectivity ---
echo "### G3: Verifying Connectivity to G2 ###"
ping -c 2 -W 2 192.168.100.2
if [ $? -ne 0 ]; then
    echo "!!! CRITICAL ERROR: Ping to G2 failed. Aborting. !!!"
    exit 1
fi
echo "--- Ping to G2 Successful ---"

# --- 4. Start Applications ---
echo "### G3: Starting PTP Master and iperf3 Client ###"
# PTP Master (background)
ptp4l -i br0 -m -S &
PTP_PID=$!
sleep 3

# iperf3 Client (foreground)
echo "--- Starting iperf3 test to G2 for 3600 seconds ---"
iperf3 -c 192.168.100.2 -t 3600 -i 2

# --- Cleanup on Exit ---
Stopping xenconsoled
kill $PTP_PID
echo "G3 Test Finished."Stopping QEMU
WARNING: Not stopping xenstored, as it cannot be restarted.
root@s32g399ardb3:~# killall iperf3 2>/dev/null; killall ptp4l 2>/dev/null
root@s32g399ardb3:~# iptables -P INPUT ACCEPT; iptables -P OUTPUT ACCEPT; iptables -P FORWARD ACCEPT
root@s32g399ardb3:~# iptables -F; iptables -X
root@s32g399ardb3:~# ip link set br0 down 2>/dev/null; brctl delbr br0 2>/dev/null
root@s32g399ardb3:~# for iface in $(ip -o link show | awk -F': ' '{print $2}'); do if [ "$iface" != "lo" ]; then ip addr flush dev "$iface"; fi; done
Device "sit0@NONE" does not exist.
root@s32g399ardb3:~# sleep 1
root@s32g399ardb3:~#
root@s32g399ardb3:~# # --- 2. P2A/P2B Bridge Configuration ---
root@s32g399ardb3:~# echo "### G3: Configuring P2A/P2B Bridge (br0) ###"
### G3: Configuring P2A/P2B Bridge (br0) ###
root@s32g399ardb3:~# brctl addbr br0
root@s32g399ardb3:~# ip link set pfe0sl up
root@s32g399ardb3:~# brctl addif br0 pfe0sl
root@s32g399ardb3:~# ip link set br0 up
root@s32g399ardb3:~# ip addr add 192.168.100.1/24 dev br0
root@s32g399ardb3:~# echo "--- G3 Network Ready. Bridge MAC: $(ip link show br0 | grep ether) ---"
--- G3 Network Ready. Bridge MAC:     link/ether 00:04:9f:be:ff:00 brd ff:ff:ff:ff:ff:ff ---
root@s32g399ardb3:~# sleep 2
root@s32g399ardb3:~#
root@s32g399ardb3:~# # --- 3. Verify Connectivity ---
root@s32g399ardb3:~# echo "### G3: Verifying Connectivity to G2 ###"
### G3: Verifying Connectivity to G2 ###
root@s32g399ardb3:~# ping -c 2 -W 2 192.168.100.2
PING 192.168.100.2 (192.168.100.2) 56(84) bytes of data.

--- 192.168.100.2 ping statistics ---
2 packets transmitted, 0 received, 100% packet loss, time 1008ms

root@s32g399ardb3:~# if [ $? -ne 0 ]; then
>     echo "!!! CRITICAL ERROR: Ping to G2 failed. Aborting. !!!"
>     exit 1
> fi
!!! CRITICAL ERROR: Ping to G2 failed. Aborting. !!!
logout

GoldVIP 1.14.0 (based on Auto Linux BSP 44.0) s32g399ardb3 ttyLF0

s32g399ardb3 login: (XEN) xen-source/xen/common/grant_table.c:1909:d1v1 Expanding d1 grant table from 5 to 6 frames
(XEN) xen-source/xen/common/grant_table.c:1909:d1v1 Expanding d1 grant table from 6 to 7 frames
root
root@s32g399ardb3:~# #!/bin/bash
root@s32g399ardb3:~#
root@s32g399ardb3:~# # --- 1. Full System Reset ---
root@s32g399ardb3:~# echo "### G3: Full System Reset for P2A/P2B Bridge ###"
### G3: Full System Reset for P2A/P2B Bridge ###
root@s32g399ardb3:~# service k3s-agent stop 2>/dev/null; service xencommons stop 2>/dev/null
Stopping the k3s agent
null
for iface in $(ip -o link show | awk -F': ' '{print $2}'); do if [ "$iface" != "lo" ]; then ip addr flush dev "$iface"; fi; done
sleep 1

# --- 2. P2A/P2B Bridge Configuration ---
echo "### G3: Configuring P2A/P2B Bridge (br0) ###"
brctl addbr br0
ip link set pfe0sl up
brctl addif br0 pfe0sl
ip link set br0 up
ip addr add 192.168.100.1/24 dev br0
echo "--- G3 Network Ready. Bridge MAC: $(ip link show br0 | grep ether) ---"
sleep 2

# --- 3. Verify Connectivity ---
echo "### G3: Verifying Connectivity to G2 ###"
ping -c 2 -W 2 192.168.100.2
if [ $? -ne 0 ]; then
    echo "!!! CRITICAL ERROR: Ping to G2 failed. Aborting. !!!"
    exit 1
fi
echo "--- Ping to G2 Successful ---"

Stopping xenconsoled
Stopping QEMU
WARNING: Not stopping xenstored, as it cannot be restarted.
root@s32g399ardb3:~# killall iperf3 2>/dev/null; killall ptp4l 2>/dev/null
root@s32g399ardb3:~# iptables -P INPUT ACCEPT; iptables -P OUTPUT ACCEPT; iptables -P FORWARD ACCEPT
root@s32g399ardb3:~# iptables -F; iptables -X
root@s32g399ardb3:~# ip link set br0 down 2>/dev/null; brctl delbr br0 2>/dev/null
# iperf3 Client (foreground)
echo "--- Starting iperf3 test to G2 for 3600 seconds ---"
iperf3 -c 192.168.100.2 -t 3600 -i 2

# --- Cleanup on Exit ---root@s32g399ardb3:~# for iface in $(ip -o link show | awk -F': ' '{print $2}'); do if [ "$ifddr flush dev "$iface"; fi; done

kill $PTP_PID
echo "G3 Test Finished."Device "sit0@NONE" does not exist.
root@s32g399ardb3:~# sleep 1
root@s32g399ardb3:~#
root@s32g399ardb3:~# # --- 2. P2A/P2B Bridge Configuration ---
root@s32g399ardb3:~# echo "### G3: Configuring P2A/P2B Bridge (br0) ###"
### G3: Configuring P2A/P2B Bridge (br0) ###
root@s32g399ardb3:~# brctl addbr br0
root@s32g399ardb3:~# ip link set pfe0sl up
root@s32g399ardb3:~# brctl addif br0 pfe0sl
root@s32g399ardb3:~# ip link set br0 up
root@s32g399ardb3:~# ip addr add 192.168.100.1/24 dev br0
root@s32g399ardb3:~# echo "--- G3 Network Ready. Bridge MAC: $(ip link show br0 | grep ether) ---"
--- G3 Network Ready. Bridge MAC:     link/ether 00:04:9f:be:ff:00 brd ff:ff:ff:ff:ff:ff ---
root@s32g399ardb3:~# sleep 2
root@s32g399ardb3:~#
root@s32g399ardb3:~# # --- 3. Verify Connectivity ---
root@s32g399ardb3:~# echo "### G3: Verifying Connectivity to G2 ###"
### G3: Verifying Connectivity to G2 ###
root@s32g399ardb3:~# ping -c 2 -W 2 192.168.100.2
PING 192.168.100.2 (192.168.100.2) 56(84) bytes of data.

--- 192.168.100.2 ping statistics ---
2 packets transmitted, 0 received, 100% packet loss, time 1013ms

root@s32g399ardb3:~# if [ $? -ne 0 ]; then
>     echo "!!! CRITICAL ERROR: Ping to G2 failed. Aborting. !!!"
>     exit 1
> fi
!!! CRITICAL ERROR: Ping to G2 failed. Abort
GoldVIP 1.14.0 (based on Auto Linux BSP 44.0) s32g399ardb3 ttyLF0

s32g399ardb3 login: root
root@s32g399ardb3:~# ^C
root@s32g399ardb3:~# # --- Full Reset for Routing Mode ---
root@s32g399ardb3:~# service k3s-agent stop 2>/dev/null; service xencommons stop 2>/dev/null
Stopping the k3s agent
T; iptables -P OUTPUT ACCEPT; iptables -P FORWARD ACCEPT
iptables -F; iptables -X
ip link set br0 down 2>/dev/null; brctl delbr br0 2>/dev/null
for iface in $(ip -o link show | awk -F': ' '{print $2}'); do if [ "$iface" != "lo" ]; then ip addr flush dev "$iface"; fi; done
libfci_cli phyif-update -i emac2 --mode=DEFAULT -E
ip link set eth0 up
ip link set pfe2sl up
sleep 1Stopping xenconsoled
Stopping QEMU
WARNING: Not stopping xenstored, as it cannot be restarted.
root@s32g399ardb3:~# iptables -P INPUT ACCEPT; iptables -P OUTPUT ACCEPT; iptables -P FORWARD ACCEPT
root@s32g399ardb3:~# iptables -F; iptables -X
root@s32g399ardb3:~# ip link set br0 down 2>/dev/null; brctl delbr br0 2>/dev/null
root@s32g399ardb3:~# for iface in $(ip -o link show | awk -F': ' '{print $2}'); do if [ "$iface" != "lo" ]; then ip addr flush dev "$iface"; fi; done
Device "sit0@NONE" does not exist.
root@s32g399ardb3:~# libfci_cli phyif-update -i emac2 --mode=DEFAULT -E
DISCLAIMER: This is a DEMO application. It is not part of the production code deliverables.
ERROR (-110): demo_phy_if_get_by_name() failed!
ERROR (-110)
Something unexpected happened during execution of the command.
Check your input and try again.
root@s32g399ardb3:~# ip link set eth0 up
root@s32g399ardb3:~# ip link set pfe2sl up
root@s32g399ardb3:~# sleep 1
root@s32g399ardb3:~# echo "--- Full Reset & Activating PFE L2 Hardware Bridge ---"
--- Full Reset & Activating PFE L2 Hardware Bridge ---
root@s32g399ardb3:~# # ëª¨ë  ìë¹ì¤ ë° ë¤í¸ìí¬ ì´ê¸°í
root@s32g399ardb3:~# service k3s-agent stop 2>/dev/null; service xencommons stop 2>/dev/null
Stopping the k3s agent
sleep 1

# --- PFEë¥¼ L2 ë¸ë¦¿ì§ë¡ ì¤ì  (íµì¬ ë¨ê³) ---
# PFE íì¨ì´ìê² VLAN 0 ê¸°ë°ì ë¸ë¦¿ì§ë¥¼ ì¬ì©íë¼ê³  ì§ì
# emac0 (SJA1110 ì¤ìì¹ ì°ê²° íµë¡)ì hif3 (ë¦¬ëì¤ ì°ê²° íµë¡)ë¥¼ ë¸ë¦¿ì§ì í¬í¨
libfci_cli bd-update --vlan=0 --uh=FORWARD --um=FLOOD --mh=FORWARD --mm=FLOOD
libfci_cli bd-insif --vlan=0 -i emac0 --tag=OFF
# G2ìì ì¤í¨íë hif3ë¥¼ ì ì¸íê³  ìë
# libfci_cli bd-insif --vlan=0 -i hif3 --tag=OFF
libfci_cli phyif-update -i emac0 --mode=VLAN_BRIDGE -E
# libfci_cli phyif-update -i hif3 --mode=VLAN_BRIDGE -E

# --- ë¦¬ëì¤ ì¸í°íì´ì¤ ì¤ì  ---
ip link set pfe0sl up
# G2ì MAC ì£¼ì ë³ê²½
if [ "$(hostname)" == "s32g274ardb2" ]; then
    ip link set pfe0sl down
Stopping xenconsoled
Stopping QEMU
WARNING: Not stopping xenstored, as it cannot be restarted.
    ip link set dev pfe0sl address 00:04:9f:be:ff:11
    ip link set pfe0sl up
fi
echo "--- Network Setup Complete. Assigning IPs... ---"

# IP í ë¹
root@s32g399ardb3:~# iptables -P INPUT ACCEPT; iptables -P OUTPUT ACCEPT; iptables -P FORWARD ACCEPT
root@s32g399ardb3:~# iptables -F; iptables -X
root@s32g399ardb3:~# for iface in $(ip -o link show | awk -F': ' '{print $2}'); do ip link set $iface down 2>/dev/null; ip addr flush dev "$iface"; done
Device "sit0@NONE" does not exist.
[  863.541361] s32cc-dwmac 4033c000.ethernet eth0: Timeout accessing MAC_VLAN_Tag_Filter
[  864.771509] pfeng-slave 46000000.pfe_slave: ERR: (DRIVER) event 1 - Driver runtime error: [pfe_phy_if_slave.c:79] Unable to unlock interface DB: 110
[  865.785103] pfeng-slave 46000000.pfe_slave: ERR: (DRIVER) event 1 - Driver runtime error: [pfe_phy_if_slave.c:66] Unable to lock interface DB: 110
[  868.325930] pfeng-slave 46000000.pfe_slave: ERR: (DRIVER) event 1 - Driver runtime error: [pfe_phy_if_slave.c:66] Unable to lock interface DB: 110
[  869.846254] pfeng-slave 46000000.pfe_slave: ERR: (DRIVER) event 1 - Driver runtime error: [pfe_phy_if_slave.c:79] Unable to unlock interface DB: 11
[  875.684248] pfeng-slave 46000000.pfe_slave: ERR: (DRIVER) event 1 - Driver runtime error: [pfe_phy_if_slave.c:66] Unable to lock interface DB: 110
[  877.745744] pfeng-slave 46000000.pfe_slave: ERR: (DRIVER) event 1 - Driver runtime error: [pfe_phy_if_slave.c:79] Unable to unlock interface DB: 11
Traceback (most recent call last):
  File "/home/root/can-gw/avtp_listener.py", line 99, in <module>
    main()
  File "/home/root/can-gw/avtp_listener.py", line 95, in main
    raw_packet = raw_socket.recv(MAX_SOCK_BUFF_SIZE_BYTES)
                 ^^^^^^^^^^^^^^^^^^^^^^^^^^^^^^^^^^^^^^^^^
OSError: [Errno 100] Network is down
root@s32g399ardb3:~# brctl delbr br0 2>/dev/null
root@s32g399ardb3:~# sleep 1
root@s32g399ardb3:~#
root@s32g399ardb3:~# # --- PFEë¥¼ L2 ë¸ë¦¿ì§ë¡ ì¤ì  (íµì¬ ë¨ê³) ---
root@s32g399ardb3:~# # PFE íì¨ì´ìê² VLAN 0 ê¸°ë°ì ë¸ë¦¿ì§ë¥¼ ì¬ì©íë¼ê³  ì§ì
ï¿½ï¿½@s32g399ardb3:~# # emac0 (SJA1110 ì¤ìì¹ ì°ê²° íµë¡)ì hif3 (ë¦¬ëì¤ ì°ê²° íµë¡)ë¥¼ ë¸ë¦¿ì§ì í¬ï¿½ï¿½
root@s32g399ardb3:~# libfci_cli bd-update --vlan=0 --uh=FORWARD --um=FLOOD --mh=FORWARD --mm=FLOOD
DISCLAIMER: This is a DEMO application. It is not part of the production code deliverables.
ERROR (-126)
Failed to connect to libfci_cli daemon. errno=  101
root@s32g399ardb3:~# libfci_cli bd-insif --vlan=0 -i emac0 --tag=OFF
DISCLAIMER: This is a DEMO application. It is not part of the production code deliverables.
ERROR (-126)
Failed to connect to libfci_cli daemon. errno=  101
root@s32g399ardb3:~# # G2ìì ì¤í¨íë hif3ë¥¼ ì ì¸íê³  ìë
root@s32g399ardb3:~# # libfci_cli bd-insif --vlan=0 -i hif3 --tag=OFF
root@s32g399ardb3:~# libfci_cli phyif-update -i emac0 --mode=VLAN_BRIDGE -E
DISCLAIMER: This is a DEMO application. It is not part of the production code deliverables.
ERROR (-126)
Failed to connect to libfci_cli daemon. errno=  101
root@s32g399ardb3:~# # libfci_cli phyif-update -i hif3 --mode=VLAN_BRIDGE -E
root@s32g399ardb3:~#
root@s32g399ardb3:~# # --- ë¦¬ëì¤ ì¸í°íì´ì¤ ì¤ì  ---
root@s32g399ardb3:~# ip link set pfe0sl up
[  880.451727] pfeng-slave 46000000.pfe_slave: ERR: (DRIVER) event 1 - Driver runtime error: [pfe_phy_if_slave.c:66] Unable to lock interface DB: 110
[  881.670929] pfeng-slave 46000000.pfe_slave: ERR: (DRIVER) event 1 - Driver runtime error: [pfe_phy_if_slave.c:79] Unable to unlock interface DB: 11
[  881.683760] pfeng-slave 46000000.pfe_slave pfe0sl: ERR: (DRIVER) event 1 - Driver runtime error: [pfeng-netif.c:65] failed to flush multicast MAC addresses
root@s32g399ardb3:~# # G2ì MAC ì£¼ì ë³ê²½
root@s32g399ardb3:~# if [ "$(hostname)" == "s32g274ardb2" ]; then
>     ip link set pfe0sl down
>     ip link set dev pfe0sl address 00:04:9f:be:ff:11
>     ip link set pfe0sl up
> fi
root@s32g399ardb3:~# echo "--- Network Setup Complete. Assigning IPs... ---"
--- Network Setup Complete. Assigning IPs... ---
root@s32g399ardb3:~#
root@s32g399ardb3:~# # IP í ë¹
root@s32g399ardb3:~# if [ "$(hostname)" == "s32g399ardb3" ]; then
>     ip addr add 192.168.100.1/24 dev pfe0sl
> else
>     ip addr add 192.168.100.2/24 dev pfe0sl
> fi
root@s32g399ardb3:~# ./p2_cb_engine G3

========== 802.1CB (P2A/P2B Bridge) Dashboard (Role: G3) ==========
  STATUS: PATH FAILED
----------------------------------------------------------------------
               |   TX (Sent from node)   |   RX (Received by node)
----------------------------------------------------------------------
 VALID Packets   | 100                     | 0
 DUPLICATE Packets | (N/A, Tx sends 2x)      | 0
----------------------------------------------------------------------



































========== 802.1CB (P2A/P2B Bridge) Dashboard (Role: G3) ==========
  STATUS: PATH FAILED
----------------------------------------------------------------------
               |   TX (Sent from node)   |   RX (Received by node)
----------------------------------------------------------------------
 VALID Packets   | 100                     | 0
 DUPLICATE Packets | (N/A, Tx sends 2x)      | 0
----------------------------------------------------------------------



































========== 802.1CB (P2A/P2B Bridge) Dashboard (Role: G3) ==========
  STATUS: PATH FAILED
----------------------------------------------------------------------
               |   TX (Sent from node)   |   RX (Received by node)
----------------------------------------------------------------------
 VALID Packets   | 98                      | 0
 DUPLICATE Packets | (N/A, Tx sends 2x)      | 0
----------------------------------------------------------------------



































========== 802.1CB (P2A/P2B Bridge) Dashboard (Role: G3) ==========
  STATUS: PATH FAILED
----------------------------------------------------------------------
               |   TX (Sent from node)   |   RX (Received by node)
----------------------------------------------------------------------
 VALID Packets   | 98                      | 0
 DUPLICATE Packets | (N/A, Tx sends 2x)      | 0
----------------------------------------------------------------------



































========== 802.1CB (P2A/P2B Bridge) Dashboard (Role: G3) ==========
  STATUS: PATH FAILED
----------------------------------------------------------------------
               |   TX (Sent from node)   |   RX (Received by node)
----------------------------------------------------------------------
 VALID Packets   | 98                      | 0
 DUPLICATE Packets | (N/A, Tx sends 2x)      | 0
----------------------------------------------------------------------



































========== 802.1CB (P2A/P2B Bridge) Dashboard (Role: G3) ==========
  STATUS: PATH FAILED
----------------------------------------------------------------------
               |   TX (Sent from node)   |   RX (Received by node)
----------------------------------------------------------------------
 VALID Packets   | 98                      | 0
 DUPLICATE Packets | (N/A, Tx sends 2x)      | 0
----------------------------------------------------------------------



































========== 802.1CB (P2A/P2B Bridge) Dashboard (Role: G3) ==========
  STATUS: PATH FAILED
----------------------------------------------------------------------
               |   TX (Sent from node)   |   RX (Received by node)
----------------------------------------------------------------------
 VALID Packets   | 98                      | 0
 DUPLICATE Packets | (N/A, Tx sends 2x)      | 0
----------------------------------------------------------------------



































========== 802.1CB (P2A/P2B Bridge) Dashboard (Role: G3) ==========
  STATUS: PATH FAILED
----------------------------------------------------------------------
               |   TX (Sent from node)   |   RX (Received by node)
----------------------------------------------------------------------
 VALID Packets   | 98                      | 0
 DUPLICATE Packets | (N/A, Tx sends 2x)      | 0
----------------------------------------------------------------------



































========== 802.1CB (P2A/P2B Bridge) Dashboard (Role: G3) ==========
  STATUS: PATH FAILED
----------------------------------------------------------------------
               |   TX (Sent from node)   |   RX (Received by node)
----------------------------------------------------------------------
 VALID Packets   | 98                      | 0
 DUPLICATE Packets | (N/A, Tx sends 2x)      | 0
----------------------------------------------------------------------



































========== 802.1CB (P2A/P2B Bridge) Dashboard (Role: G3) ==========
  STATUS: PATH FAILED
----------------------------------------------------------------------
               |   TX (Sent from node)   |   RX (Received by node)
----------------------------------------------------------------------
 VALID Packets   | 96                      | 0
 DUPLICATE Packets | (N/A, Tx sends 2x)      | 0
----------------------------------------------------------------------



































========== 802.1CB (P2A/P2B Bridge) Dashboard (Role: G3) ==========
  STATUS: PATH FAILED
----------------------------------------------------------------------
               |   TX (Sent from node)   |   RX (Received by node)
----------------------------------------------------------------------
 VALID Packets   | 98                      | 0
 DUPLICATE Packets | (N/A, Tx sends 2x)      | 0
----------------------------------------------------------------------



































========== 802.1CB (P2A/P2B Bridge) Dashboard (Role: G3) ==========
  STATUS: PATH FAILED
----------------------------------------------------------------------
               |   TX (Sent from node)   |   RX (Received by node)
----------------------------------------------------------------------
 VALID Packets   | 98                      | 0
 DUPLICATE Packets | (N/A, Tx sends 2x)      | 0
----------------------------------------------------------------------



































========== 802.1CB (P2A/P2B Bridge) Dashboard (Role: G3) ==========
  STATUS: PATH FAILED
----------------------------------------------------------------------
               |   TX (Sent from node)   |   RX (Received by node)
----------------------------------------------------------------------
 VALID Packets   | 98                      | 0
 DUPLICATE Packets | (N/A, Tx sends 2x)      | 0
----------------------------------------------------------------------



































========== 802.1CB (P2A/P2B Bridge) Dashboard (Role: G3) ==========
  STATUS: PATH FAILED
----------------------------------------------------------------------
               |   TX (Sent from node)   |   RX (Received by node)
----------------------------------------------------------------------
 VALID Packets   | 96                      | 0
 DUPLICATE Packets | (N/A, Tx sends 2x)      | 0
----------------------------------------------------------------------



































========== 802.1CB (P2A/P2B Bridge) Dashboard (Role: G3) ==========
  STATUS: PATH FAILED
----------------------------------------------------------------------
               |   TX (Sent from node)   |   RX (Received by node)
----------------------------------------------------------------------
 VALID Packets   | 98                      | 0
 DUPLICATE Packets | (N/A, Tx sends 2x)      | 0
----------------------------------------------------------------------



































========== 802.1CB (P2A/P2B Bridge) Dashboard (Role: G3) ==========
  STATUS: PATH FAILED
----------------------------------------------------------------------
               |   TX (Sent from node)   |   RX (Received by node)
----------------------------------------------------------------------
 VALID Packets   | 100                     | 0
 DUPLICATE Packets | (N/A, Tx sends 2x)      | 0
----------------------------------------------------------------------



































========== 802.1CB (P2A/P2B Bridge) Dashboard (Role: G3) ==========
  STATUS: PATH FAILED
----------------------------------------------------------------------
               |   TX (Sent from node)   |   RX (Received by node)
----------------------------------------------------------------------
 VALID Packets   | 98                      | 0
 DUPLICATE Packets | (N/A, Tx sends 2x)      | 0
----------------------------------------------------------------------



































========== 802.1CB (P2A/P2B Bridge) Dashboard (Role: G3) ==========
  STATUS: PATH FAILED
----------------------------------------------------------------------
               |   TX (Sent from node)   |   RX (Received by node)
----------------------------------------------------------------------
 VALID Packets   | 100                     | 0
 DUPLICATE Packets | (N/A, Tx sends 2x)      | 0
----------------------------------------------------------------------



































========== 802.1CB (P2A/P2B Bridge) Dashboard (Role: G3) ==========
  STATUS: PATH FAILED
----------------------------------------------------------------------
               |   TX (Sent from node)   |   RX (Received by node)
----------------------------------------------------------------------
 VALID Packets   | 98                      | 0
 DUPLICATE Packets | (N/A, Tx sends 2x)      | 0
----------------------------------------------------------------------



































========== 802.1CB (P2A/P2B Bridge) Dashboard (Role: G3) ==========
  STATUS: PATH FAILED
----------------------------------------------------------------------
               |   TX (Sent from node)   |   RX (Received by node)
----------------------------------------------------------------------
 VALID Packets   | 100                     | 0
 DUPLICATE Packets | (N/A, Tx sends 2x)      | 0
----------------------------------------------------------------------



































========== 802.1CB (P2A/P2B Bridge) Dashboard (Role: G3) ==========
  STATUS: PATH FAILED
----------------------------------------------------------------------
               |   TX (Sent from node)   |   RX (Received by node)
----------------------------------------------------------------------
 VALID Packets   | 94                      | 0
 DUPLICATE Packets | (N/A, Tx sends 2x)      | 0
----------------------------------------------------------------------



































========== 802.1CB (P2A/P2B Bridge) Dashboard (Role: G3) ==========
  STATUS: PATH FAILED
----------------------------------------------------------------------
               |   TX (Sent from node)   |   RX (Received by node)
----------------------------------------------------------------------
 VALID Packets   | 100                     | 0
 DUPLICATE Packets | (N/A, Tx sends 2x)      | 0
----------------------------------------------------------------------



































========== 802.1CB (P2A/P2B Bridge) Dashboard (Role: G3) ==========
  STATUS: PATH FAILED
----------------------------------------------------------------------
               |   TX (Sent from node)   |   RX (Received by node)
----------------------------------------------------------------------
 VALID Packets   | 98                      | 0
 DUPLICATE Packets | (N/A, Tx sends 2x)      | 0
----------------------------------------------------------------------
^C
root@s32g399ardb3:~# echo "--- Full Reset & Activating PFE L2 Hardware Bridge ---"
--- Full Reset & Activating PFE L2 Hardware Bridge ---
root@s32g399ardb3:~# # ëª¨ë  ìë¹ì¤ ë° ë¤í¸ìí¬ ì´ê¸°í
root@s32g399ardb3:~# service k3s-agent stop 2>/dev/null; service xencommons stop 2>/dev/null
Stopping the k3s agent
sleep 1

# --- PFEë¥¼ L2 ë¸ë¦¿ì§ë¡ ì¤ì  (íµì¬ ë¨ê³) ---
# PFE íì¨ì´ìê² VLAN 0 ê¸°ë°ì ë¸ë¦¿ì§ë¥¼ ì¬ì©íë¼ê³  ì§ì
# emac0 (SJA1110 ì¤ìì¹ ì°ê²° íµë¡)ì hif3 (ë¦¬ëì¤ ì°ê²° íµë¡)ë¥¼ ë¸ë¦¿ì§ì í¬í¨
libfci_cli bd-update --vlan=0 --uh=FORWARD --um=FLOOD --mh=FORWARD --mm=FLOOD
libfci_cli bd-insif --vlan=0 -i emac0 --tag=OFF
# G2ìì ì¤í¨íë hif3ë¥¼ ì ì¸íê³  ìë
# libfci_cli bd-insif --vlan=0 -i hif3 --tag=OFF
libfci_cli phyif-update -i emac0 --mode=VLAN_BRIDGE -E
# libfci_cli phyif-update -i hif3 --mode=VLAN_BRIDGE -E

# --- ë¦¬ëì¤ ì¸í°íì´ì¤ ì¤ì  ---
ip link set pfe0sl up
# G2ì MAC ì£¼ì ë³ê²½
if [ "$(hostname)" == "s32g274ardb2" ]; then
    ip link set pfe0sl down
    ip link set dev pfe0sl address 00:04:9f:be:ff:11
    ip linStopping xenconsoled
Stopping QEMU
WARNING: Not stopping xenstored, as it cannot be restarted.
root@s32g399ardb3:~# iptables -P INPUT ACCEPT; iptables -P OUTPUT ACCEPT; iptables -P FORWARD ACCEPT
root@s32g399ardb3:~# iptables -F; iptables -X
root@s32g399ardb3:~# for iface in $(ip -o link show | awk -F': ' '{print $2}'); do ip link set $iface down 2>/dev/null; ip addr flush dev "$iface"; done
Device "sit0@NONE" does not exist.
168.100.1/24 dev pfe0sl
else
    ip addr add 192.168.100.2/24 dev pfe0sl
firoot@s32g399ardb3:~# brctl delbr br0 2>/dev/null
root@s32g399ardb3:~# sleep 1
root@s32g399ardb3:~#
root@s32g399ardb3:~# # --- PFEë¥¼ L2 ë¸ë¦¿ì§ë¡ ì¤ì  (íµì¬ ë¨ê³) ---
root@s32g399ardb3:~# # PFE íì¨ì´ìê² VLAN 0 ê¸°ë°ì ë¸ë¦¿ì§ë¥¼ ì¬ì©íë¼ê³  ì§ì
ï¿½ï¿½@s32g399ardb3:~# # emac0 (SJA1110 ì¤ìì¹ ì°ê²° íµë¡)ì hif3 (ë¦¬ëì¤ ì°ê²° íµë¡)ë¥¼ ë¸ë¦¿ì§ì í¬ï¿½ï¿½
root@s32g399ardb3:~# libfci_cli bd-update --vlan=0 --uh=FORWARD --um=FLOOD --mh=FORWARD --mm=FLOOD
DISCLAIMER: This is a DEMO application. It is not part of the production code deliverables.
ERROR (-126)
Failed to connect to libfci_cli daemon. errno=  101
root@s32g399ardb3:~# libfci_cli bd-insif --vlan=0 -i emac0 --tag=OFF
DISCLAIMER: This is a DEMO application. It is not part of the production code deliverables.
ERROR (-126)
Failed to connect to libfci_cli daemon. errno=  101
root@s32g399ardb3:~# # G2ìì ì¤í¨íë hif3ë¥¼ ì ì¸íê³  ìë
root@s32g399ardb3:~# # libfci_cli bd-insif --vlan=0 -i hif3 --tag=OFF
root@s32g399ardb3:~# libfci_cli phyif-update -i emac0 --mode=VLAN_BRIDGE -E
DISCLAIMER: This is a DEMO application. It is not part of the production code deliverables.
ERROR (-126)
Failed to connect to libfci_cli daemon. errno=  101
root@s32g399ardb3:~# # libfci_cli phyif-update -i hif3 --mode=VLAN_BRIDGE -E
root@s32g399ardb3:~#
root@s32g399ardb3:~# # --- ë¦¬ëì¤ ì¸í°íì´ì¤ ì¤ì  ---
root@s32g399ardb3:~# ip link set pfe0sl up
[  936.017590] pfeng-slave 46000000.pfe_slave: ERR: (DRIVER) event 1 - Driver runtime error: [pfe_phy_if_slave.c:66] Unable to lock interface DB: 110
[  936.636588] pfeng-slave 46000000.pfe_slave: ERR: (DRIVER) event 1 - Driver runtime error: [pfe_phy_if_slave.c:79] Unable to unlock interface DB: 11
[  936.649411] pfeng-slave 46000000.pfe_slave pfe0sl: ERR: (DRIVER) event 1 - Driver runtime error: [pfeng-netif.c:72] failed to add 00:04:9f:be:ff:00 to emac0: 2
root@s32g399ardb3:~# # G2ì MAC ì£¼ì ë³ê²½
root@s32g399ardb3:~# if [ "$(hostname)" == "s32g274ardb2" ]; then
>     ip link set pfe0sl down
>     ip link set dev pfe0sl address 00:04:9f:be:ff:11
>     ip link set pfe0sl up
> fi
root@s32g399ardb3:~# echo "--- Network Setup Complete. Assigning IPs... ---"
--- Network Setup Complete. Assigning IPs... ---
root@s32g399ardb3:~#
root@s32g399ardb3:~# # IP í ë¹
root@s32g399ardb3:~# if [ "$(hostname)" == "s32g399ardb3" ]; then
>     ip addr add 192.168.100.1/24 dev pfe0sl
> else
>     ip addr add 192.168.100.2/24 dev pfe0sl
> fi
root@s32g399ardb3:~# ^C
root@s32g399ardb3:~# reboot

Broadcast message from root@s32g399ardb3 (ttyLF0) (Tue Jun 17 18:44:00 2025):

The system is going down for reboot NOW!
INIT: Sitchiroot@s32g399ardb3:~# Stopping atd: OK
Stopping OpenBSD Secure Shell server: sshdError: There is no config file for conntrackd
stopped /usr/sbin/sshd (pid 656)
.
Stopping system message bus: dbus.
stopping DNS forwarder and DHCP server: dnsmasq... stopped /usr/bin/dnsmasq (pid 665)
done.
Shutting down irqbalance: stopped irqbalance (pid 675)
done
Stopping network benchmark server: netserverstopped /usr/sbin/netserver (pid 672)
.
Stopping ntpd: done
Stopping system log daemon...0
Stopping internet superserver: xinetd.
stopping statd: done
Stopping random number generator daemon.
Unmounting remote filesystems...
Stopping crond: OK
Stopping rpcbind daemon...
done.
Stopping telemetry service
Deconfiguring network interfaces... sending signal ALRM to pid 602
waiting for pid 602 to exit
done.
Stopping xenconsoled
Stopping QEMU
WARNING: Not stopping xenstored, as it cannot be restarted.
Stopping domain watchdog daemon: xenwatchdogd stop

Shutting down Xen domains: v2xdomu(save)
An error occurred while saving domain:
command not implemented

!
(shut)....... SHUTDOWN_ALL I/TC: Removing guest 2
[done]
Usage: /etc/init.d/pfe-slave-setup start
Stopping AVTP listener service
De-initializing all CAN interfaces
Stopping the k3s agent
Stopping OP-TEE Supplicant: tee-supplicant.
Stopping aws-iot-fleetwise-edge service
Sending all processes the TERM signal...
Sending all processes the KILL signal...
Deactivating swap...
Unmounting local filesystems...
Rebooting... [ 1072.218958] pfeng-slave 46000000.pfe_slave: ERR: (DRIVER) event 1 - Driver runtime error: [pfe_phy_if_slave.c:66] Unable to lock interface DB: 110
[ 1072.231683] pfeng-slave 46000000.pfe_slave: ERR: (DRIVER) event 1 - Driver runtime error: [pfe_phy_if_slave.c:79] Unable to unlock interface DB: 1
[ 1072.244771] pfeng-slave 46000000.pfe_slave: ERR: (DRIVER) event 1 - Driver runtime error: [pfe_phy_if_slave.c:66] Unable to lock interface DB: 1
[ 1072.257712] pfeng-slave 46000000.pfe_slave: ERR: (DRIVER) event 1 - Driver runtime error: [pfe_phy_if_slave.c:79] Unable to unlock interface DB: 1
[ 1072.283899] pfeng-slave 46000000.pfe_slave: ERR: (DRIVER) event 1 - Driver runtime error: [pfe_phy_if_slave.c:66] Unable to lock interface DB: 1
[ 1072.296438] pfeng-slave 46000000.pfe_slave: ERR: (DRIVER) event 1 - Driver runtime error: [pfe_phy_if_slave.c:605] PFE_PLATFORM_RPC_PFE_PHY_IF_DISABLE failed: 1
[ 1072.310750] pfeng-slave 46000000.pfe_slave: ERR: (DRIVER) event 1 - Driver runtime error: [pfe_phy_if_slave.c:79] Unable to unlock interface DB: 1
[ 1072.339870] pfeng-slave 46000000.pfe_slave: ERR: (DRIVER) event 1 - Driver runtime error: [pfe_phy_if_slave.c:66] Unable to lock interface DB: 1
[ 1072.352400] pfeng-slave 46000000.pfe_slave: ERR: (DRIVER) event 1 - Driver runtime error: [pfe_phy_if_slave.c:605] PFE_PLATFORM_RPC_PFE_PHY_IF_DISABLE failed: 1
[ 1072.366719] pfeng-slave 46000000.pfe_slave: ERR: (DRIVER) event 1 - Driver runtime error: [pfe_phy_if_slave.c:79] Unable to unlock interface DB: 1
[ 1072.395864] pfeng-slave 46000000.pfe_slave: ERR: (DRIVER) event 1 - Driver runtime error: [pfe_phy_if_slave.c:66] Unable to lock interface DB: 1
[ 1072.408395] pfeng-slave 46000000.pfe_slave: ERR: (DRIVER) event 1 - Driver runtime error: [pfe_phy_if_slave.c:605] PFE_PLATFORM_RPC_PFE_PHY_IF_DISABLE failed: 1
[ 1072.422721] pfeng-slave 46000000.pfe_slave: ERR: (DRIVER) event 1 - Driver runtime error: [pfe_phy_if_slave.c:79] Unable to unlock interface DB: 1
[ 1072.451864] pfeng-slave 46000000.pfe_slave: ERR: (DRIVER) event 1 - Driver runtime error: [pfe_phy_if_slave.c:66] Unable to lock interface DB: 1
[ 1072.464402] pfeng-slave 46000000.pfe_slave: ERR: (DRIVER) event 1 - Driver runtime error: [pfe_phy_if_slave.c:605] PFE_PLATFORM_RPC_PFE_PHY_IF_DISABLE failed: 1
[ 1072.478715] pfeng-slave 46000000.pfe_slave: ERR: (DRIVER) event 1 - Driver runtime error: [pfe_phy_if_slave.c:79] Unable to unlock interface DB: 1
[ 1072.809904] reboot: Restarting system
(XEN) Hardware Dom0 shutdown: rebooting machine
bootloader 0x2 ComDal_Init() done.
bootloader 0x2 Bootloader safety checks finished
bootloader 0x2 Bootloader secure boot is enabled.
bootloader 0x2 Bootloader initialization complete.
bootloader 0x2 Application 0 image fragment 0 of size 229376 was loaded from QSPI, address 0x201240.
bootloader 0x2 Application 0 image fragment 0 was loaded in 10.399 milliseconds.
bootloader 0x2 Application A53_0 was loaded.
bootloader 0x2 Application 1 image fragment 0 of size 4194304 was loaded from QSPI, address 0x400000.
bootloader 0x2 Application 1 image fragment 0 was loaded in 26.776 milliseconds.
bootloader 0x2 Application M7_0 was loaded.
I/TC:
I/TC: Non-secure external DT found
I/TC: OP-TEE version: bsp44.0_rc11-4.0-dev (gcc version 13.3.0 (GCC)) #1 Mon Mar 24 14:10:41 UTC 2025 aarch64
I/TC: WARNING: This OP-TEE configuration might be insecure!
I/TC: WARNING: Please check https://optee.readthedocs.io/en/latest/architecture/porting_guidelines.html
I/TC: Primary CPU initializing
I/TC: Initializing virtualization support
I/TC: Primary CPU switching to normal world boot
I/TC: WARNING: Using fixed value for stack canary


U-Boot 2022.04+g9a00323278+p0 (May 13 2025 - 06:57:56 +0000)

SoC:   NXP S32G399A rev. 1.1
CPU:   ARM Cortex-A53 r0p4 @ max 1300 MHz
Model: NXP S32G3XX
DRAM:  4 GiB
Core:  312 devices, 24 uclasses, devicetree: board
MMC:   FSL_SDHC: 0
Loading Environment from MMC... OK
pci_s32cc pcie@40400000: Failed to get PHY 'serdes_lane0'
In:    serial@401c8000
Out:   serial@401c8000
Err:   serial@401c8000
Board revision: RDB3 Revision F
Net:
Warning: ethernet@4033c000 (eth0) using random MAC address - aa:aa:6f:7e:4a:2e
eth0: ethernet@4033c000, eth4: pfe0sl, eth5: pfe1sl, eth6: pfe2sl
Hit any key to stop autoboot:  0
1772 bytes read in 5 ms (345.7 KiB/s)
## Executing script at 80200000
17002504 bytes read in 679 ms (23.9 MiB/s)
1146888 bytes read in 48 ms (22.8 MiB/s)
63164 bytes read in 8 ms (7.5 MiB/s)
## Flattened Device Tree blob at 86a00000
   Booting using the fdt blob at 0x86a00000
   Using Device Tree in place at 0000000086a00000, end 0000000086a13fff
   fixup: pfe1: update phy addr to 0x8
Disabling XPCS1_0
Disabling XPCS1_1

Starting kernel ...

- UART enabled -
- Boot CPU booting -
- Current EL 0000000000000008 -
- Initialize CPU -
- Turning on paging -
- Zero BSS -
- Ready -
(XEN) Checking for initrd in /chosen
(XEN) RAM: 0000000080000000 - 00000000ffffffff
(XEN) RAM: 0000000880000000 - 00000008ffffffff
(XEN)
(XEN) MODULE[0]: 0000000086800000 - 0000000086965000 Xen
(XEN) MODULE[1]: 0000000086a00000 - 0000000086a10000 Device Tree
(XEN) MODULE[2]: 0000000085600000 - 0000000086637008 Kernel
(XEN)  RESVD[0]: 00000000ff600000 - 00000000ff7fffff
(XEN)  RESVD[1]: 00000000ff400000 - 00000000ff5fffff
(XEN)  RESVD[2]: 00000000fe000000 - 00000000ff3fffff
(XEN)  RESVD[3]: 0000000084000000 - 0000000084ffffff
(XEN)  RESVD[4]: 00000000c0000000 - 00000000c03fffff
(XEN)  RESVD[5]: 00000000c0400000 - 00000000c07fffff
(XEN)  RESVD[6]: 00000000d0000000 - 00000000d000007f
(XEN)  RESVD[7]: 00000000d0000080 - 00000000d00000ff
(XEN)  RESVD[8]: 0000000083200000 - 00000000835dffff
(XEN)  RESVD[9]: 00000000835e0000 - 00000000835fffff
(XEN)  RESVD[10]: 0000000083600000 - 000000008360ffff
(XEN)  RESVD[11]: 0000000034400000 - 000000003447ffff
(XEN)  RESVD[12]: 0000000034480000 - 000000003449ffff
(XEN)  RESVD[13]: 0000000034520000 - 00000000345fffff
(XEN)
(XEN)
(XEN) Command line: dom0_mem=1G dom0_max_vcpus=8 bootscrub=0 dom0_vcpus_pin
(XEN) PFN compression on bits 20...22
(XEN) Domain heap initialised
(XEN) Booting using Device Tree
(XEN) Platform: NXP S32CC
(XEN) No dtuart path configured
(XEN) Bad console= option 'dtuart'
 Xen 4.18.2
(XEN) Xen version 4.18.2 (nxf65897@swis.ro-buh01.nxp.com) (aarch64-fsl-linux-gcc (GCC) 13.3.0) debug=y 2025-03-14
(XEN) Latest ChangeSet: Thu Feb 20 15:08:45 2025 +0200 git:e4f37269c3-dirty
(XEN) build-id: 3b1b73eeb1de56ee9807e4e98a36ec2eb863f03f
(XEN) Processor: 00000000410fd034: "ARM Limited", variant: 0x0, part 0xd03,rev 0x4
(XEN) 64-bit Execution:
(XEN)   Processor Features: 0000000001002222 0000000000000000
(XEN)     Exception Levels: EL3:64+32 EL2:64+32 EL1:64+32 EL0:64+32
(XEN)     Extensions: FloatingPoint AdvancedSIMD GICv3-SysReg
(XEN)   Debug Features: 0000000010305106 0000000000000000
(XEN)   Auxiliary Features: 0000000000000000 0000000000000000
(XEN)   Memory Model Features: 0000000000001122 0000000000000000
(XEN)   ISA Features:  0000000000011120 0000000000000000
(XEN) 32-bit Execution:
(XEN)   Processor Features: 0000000000000131:0000000010011011
(XEN)     Instruction Sets: AArch32 A32 Thumb Thumb-2 Jazelle
(XEN)     Extensions: GenericTimer Security
(XEN)   Debug Features: 0000000003010066
(XEN)   Auxiliary Features: 0000000000000000
(XEN)   Memory Model Features: 0000000010201105 0000000040000000
(XEN)                          0000000001260000 0000000002102211
(XEN)   ISA Features: 0000000002101110 0000000013112111 0000000021232042
(XEN)                 0000000001112131 0000000000011142 0000000000011121
(XEN) Using SMC Calling Convention v1.4
(XEN) Using PSCI v1.1
(XEN) SMP: Allowing 8 CPUs
(XEN) enabled workaround for: ARM erratum 1530924
(XEN) Generic Timer IRQ: phys=30 hyp=26 virt=27 Freq: 5000 KHz
(XEN) GICv3 initialization:
(XEN)       gic_dist_addr=0x00000050800000
(XEN)       gic_maintenance_irq=25
(XEN)       gic_rdist_stride=0
(XEN)       gic_rdist_regions=1
(XEN)       redistributor regions:
(XEN)         - region 0: 0x00000050900000 - 0x00000050b00000
(XEN) GICv3 compatible with GICv2 cbase 0x00000050400000 vbase 0x00000050420000
(XEN) GICv3: 576 lines, (IID 0001143b).
(XEN) GICv3: CPU0: Found redistributor in region 0 @000002004001a000
(XEN) XSM Framework v1.0.1 initialized
(XEN) Initialising XSM SILO mode
(XEN) Using scheduler: SMP Credit Scheduler rev2 (credit2)
(XEN) Initializing Credit2 scheduler
(XEN)  load_precision_shift: 18
(XEN)  load_window_shift: 30
(XEN)  underload_balance_tolerance: 0
(XEN)  overload_balance_tolerance: -3
(XEN)  runqueues arrangement: socket
(XEN)  cap enforcement granularity: 10ms
(XEN) load tracking window length 1073741824 ns
(XEN) Allocated console ring of 64 KiB.
(XEN) CPU0: Guest atomics will try 14 times before pausing the domain
(XEN) Bringing up CPU1
I/TC: Secondary CPU 1 initializing
I/TC: Secondary CPU 1 switching to normal world boot
- CPU 0000000000000001 booting -
- Current EL 0000000000000008 -
- Initialize CPU -
- Turning on paging -
- Ready -
(XEN) GICv3: CPU1: Found redistributor in region 0 @000002004003a000
(XEN) CPU1: Guest atomics will try 13 times before pausing the domain
(XEN) CPU 1 booted.
(XEN) Bringing up CPU2
I/TC: Secondary CPU 2 initializing
I/TC: Secondary CPU 2 switching to normal world boot
- CPU 0000000000000002 booting -
- Current EL 0000000000000008 -
- Initialize CPU -
- Turning on paging -
- Ready -
(XEN) GICv3: CPU2: Found redistributor in region 0 @000002004005a000
(XEN) CPU2: Guest atomics will try 12 times before pausing the domain
(XEN) CPU 2 booted.
(XEN) Bringing up CPU3
I/TC: Secondary CPU 3 initializing
I/TC: Secondary CPU 3 switching to normal world boot
- CPU 0000000000000003 booting -
- Current EL 0000000000000008 -
- Initialize CPU -
- Turning on paging -
- Ready -
(XEN) GICv3: CPU3: Found redistributor in region 0 @000002004007a000
(XEN) CPU3: Guest atomics will try 15 times before pausing the domain
(XEN) CPU 3 booted.
(XEN) Bringing up CPU4
I/TC: Secondary CPU 4 initializing
I/TC: Secondary CPU 4 switching to normal world boot
- CPU 0000000000000100 booting -
- Current EL 0000000000000008 -
- Initialize CPU -
- Turning on paging -
- Ready -
(XEN) GICv3: CPU4: Found redistributor in region 0 @000002004009a000
(XEN) CPU4: Guest atomics will try 13 times before pausing the domain
(XEN) CPU 4 booted.
(XEN) Bringing up CPU5
I/TC: Secondary CPU 5 initializing
I/TC: Secondary CPU 5 switching to normal world boot
- CPU 0000000000000101 booting -
- Current EL 0000000000000008 -
- Initialize CPU -
- Turning on paging -
- Ready -
(XEN) GICv3: CPU5: Found redistributor in region 0 @00000200400ba000
(XEN) CPU5: Guest atomics will try 14 times before pausing the domain
(XEN) CPU 5 booted.
(XEN) Bringing up CPU6
I/TC: Secondary CPU 6 initializing
I/TC: Secondary CPU 6 switching to normal world boot
- CPU 0000000000000102 booting -
- Current EL 0000000000000008 -
- Initialize CPU -
- Turning on paging -
- Ready -
(XEN) GICv3: CPU6: Found redistributor in region 0 @00000200400da000
(XEN) CPU6: Guest atomics will try 15 times before pausing the domain
(XEN) CPU 6 booted.
(XEN) Bringing up CPU7
I/TC: Secondary CPU 7 initializing
I/TC: Secondary CPU 7 switching to normal world boot
- CPU 0000000000000103 booting -
- Current EL 0000000000000008 -
- Initialize CPU -
- Turning on paging -
- Ready -
(XEN) GICv3: CPU7: Found redistributor in region 0 @00000200400fa000
(XEN) CPU7: Guest atomics will try 12 times before pausing the domain
(XEN) Brought up 8 CPUs
(XEN) CPU 7 booted.
(XEN) I/O virtualisation disabled
(XEN) P2M: 40-bit IPA with 40-bit PA and 8-bit VMID
(XEN) P2M: 3 levels with order-1 root, VTCR 0x0000000080023558
(XEN) Scheduling granularity: cpu, 1 CPU per sched-resource
(XEN) Initializing Credit2 scheduler
(XEN)  load_precision_shift: 18
(XEN)  load_window_shift: 30
(XEN)  underload_balance_tolerance: 0
(XEN)  overload_balance_tolerance: -3
(XEN)  runqueues arrangement: socket
(XEN)  cap enforcement granularity: 10ms
(XEN) load tracking window length 1073741824 ns
(XEN) Adding cpu 0 to runqueue 0
(XEN)  First cpu on runqueue, activating
(XEN) Adding cpu 1 to runqueue 0
(XEN) Adding cpu 2 to runqueue 0
(XEN) Adding cpu 3 to runqueue 0
(XEN) Adding cpu 4 to runqueue 0
(XEN) Adding cpu 5 to runqueue 0
(XEN) Adding cpu 6 to runqueue 0
(XEN) Adding cpu 7 to runqueue 0
(XEN) OP-TEE supports 8 simultaneous threads per guest.
I/TC: Removing guest 0
E/TC:0   virt_guest_destroyed:353 Client with id 0 is not found
(XEN) Using TEE mediator for OP-TEE
(XEN) alternatives: Patching with alt table 00000200002edc18 -> 00000200002eefbc
I/TC: Added guest 1
(XEN) *** LOADING DOMAIN 0 ***
(XEN) Loading d0 kernel from boot module @ 0000000085600000
(XEN) Allocating 1:1 mappings totalling 1024MB for dom0:
(XEN) BANK[0] 0x00000090000000-0x000000c0000000 (768MB)
(XEN) BANK[1] 0x000000e0000000-0x000000f0000000 (256MB)
(XEN) Grant table range: 0x00000086800000-0x00000086840000
(XEN) Allocating PPI 16 for event channel interrupt
(XEN) d0: extended region 0: 0x86a00000->0x8fe00000
(XEN) d0: extended region 1: 0xc0800000->0xcfe00000
(XEN) d0: extended region 2: 0xd0200000->0xdfe00000
(XEN) d0: extended region 3: 0xf0000000->0xfde00000
(XEN) d0: extended region 4: 0x880000000->0x8ffe00000
(XEN) Loading zImage from 0000000085600000 to 0000000090000000-0000000091037008
(XEN) Loading d0 DTB to 0x0000000098000000-0x000000009800f59e
(XEN) Initial low memory virq threshold set at 0x4000 pages.
(XEN) Std. Loglevel: All
(XEN) Guest Loglevel: All
(XEN) *** Serial input to DOM0 (type 'CTRL-a' three times to switch input)
(XEN) Freed 360kB init memory.
(XEN) d0v0 Unhandled SMC/HVC: 0x84000050
(XEN) d0v0 Unhandled SMC/HVC: 0x8600ff01
(XEN) d0v0: vGICD: RAZ on reserved register offset 0x00000c
(XEN) d0v0: vGICD: unhandled word write 0x000000ffffffff to ICACTIVER4
(XEN) d0v0: vGICD: unhandled word write 0x000000ffffffff to ICACTIVER8
(XEN) d0v0: vGICD: unhandled word write 0x000000ffffffff to ICACTIVER12
(XEN) d0v0: vGICD: unhandled word write 0x000000ffffffff to ICACTIVER16
(XEN) d0v0: vGICD: unhandled word write 0x000000ffffffff to ICACTIVER20
(XEN) d0v0: vGICD: unhandled word write 0x000000ffffffff to ICACTIVER24
(XEN) d0v0: vGICD: unhandled word write 0x000000ffffffff to ICACTIVER28
(XEN) d0v0: vGICD: unhandled word write 0x000000ffffffff to ICACTIVER32
(XEN) d0v0: vGICD: unhandled word write 0x000000ffffffff to ICACTIVER36
(XEN) d0v0: vGICD: unhandled word write 0x000000ffffffff to ICACTIVER40
(XEN) d0v0: vGICD: unhandled word write 0x000000ffffffff to ICACTIVER44
(XEN) d0v0: vGICD: unhandled word write 0x000000ffffffff to ICACTIVER48
(XEN) d0v0: vGICD: unhandled word write 0x000000ffffffff to ICACTIVER52
(XEN) d0v0: vGICD: unhandled word write 0x000000ffffffff to ICACTIVER56
(XEN) d0v0: vGICD: unhandled word write 0x000000ffffffff to ICACTIVER60
(XEN) d0v0: vGICD: unhandled word write 0x000000ffffffff to ICACTIVER64
(XEN) d0v0: vGICD: unhandled word write 0x000000ffffffff to ICACTIVER68
(XEN) d0v0: vGICR: SGI: unhandled word write 0x000000ffffffff to ICACTIVER0
(XEN) d0v1: vGICR: SGI: unhandled word write 0x000000ffffffff to ICACTIVER0
(XEN) d0v2: vGICR: SGI: unhandled word write 0x000000ffffffff to ICACTIVER0
(XEN) d0v3: vGICR: SGI: unhandled word write 0x000000ffffffff to ICACTIVER0
(XEN) d0v4: vGICR: SGI: unhandled word write 0x000000ffffffff to ICACTIVER0
(XEN) d0v5: vGICR: SGI: unhandled word write 0x000000ffffffff to ICACTIVER0
(XEN) d0v6: vGICR: SGI: unhandled word write 0x000000ffffffff to ICACTIVER0
(XEN) d0v7: vGICR: SGI: unhandled word write 0x000000ffffffff to ICACTIVER0
[    0.000000] Booting Linux on physical CPU 0x0000000000 [0x410fd034]
[    0.000000] Linux version 6.6.85-rt53-00977-g6208e1d0d7b5-dirty (oe-user@oe-host) (aarch64-fsl-linux-gcc (GCC) 13.3.0, GNU ld (GNU Binutils) 2.42.0.20240723) #1 SMP PREEMPT Wed May 14 13:40:03 UTC 2025
[    0.000000] OF: fdt: Ignoring memory block 0xd0000000 - 0xd0000080
[    0.000000] OF: fdt: Ignoring memory block 0xd0000080 - 0xd0000100
[    0.000000] Machine model: NXP S32G3 Reference Design Board (S32G-VNP-RDB3)
[    0.000000] Xen 4.18 support found
[    0.000000] OF: reserved mem: 0x0000000034400000..0x000000003447ffff (512 KiB) nomap non-reusable pfebufs@34400000
[    0.000000] OF: reserved mem: 0x0000000034480000..0x000000003449ffff (128 KiB) nomap non-reusable pfebufs@34480000
[    0.000000] OF: reserved mem: 0x0000000034520000..0x00000000345fffff (896 KiB) nomap non-reusable ipcf_shm@34520000
[    0.000000] Reserved memory: created DMA memory pool at 0x0000000083200000, size 3 MiB
[    0.000000] OF: reserved mem: initialized node pfebufs@83200000, compatible id shared-dma-pool
[    0.000000] OF: reserved mem: 0x0000000083200000..0x00000000835dffff (3968 KiB) nomap non-reusable pfebufs@83200000
[    0.000000] OF: reserved mem: 0x00000000835e0000..0x00000000835fffff (128 KiB) map non-reusable pfebufs@835e0000
[    0.000000] OF: reserved mem: 0x0000000083600000..0x000000008360ffff (64 KiB) map non-reusable pfebufs@83600000
[    0.000000] OF: reserved mem: 0x0000000084000000..0x0000000084ffffff (16384 KiB) nomap non-reusable shm@84000000
[    0.000000] OF: reserved mem: 0x00000000c0000000..0x00000000c03fffff (4096 KiB) nomap non-reusable shm@c0000000
[    0.000000] OF: reserved mem: 0x00000000c0400000..0x00000000c07fffff (4096 KiB) nomap non-reusable shm@c0400000
[    0.000000] OF: reserved mem: 0x00000000d0000000..0x00000000d000007f (0 KiB) nomap non-reusable shm@d0000000
[    0.000000] OF: reserved mem: 0x00000000d0000080..0x00000000d00000ff (0 KiB) nomap non-reusable shm@d0000080
[    0.000000] OF: reserved mem: 0x00000000fe000000..0x00000000ff3fffff (20480 KiB) nomap non-reusable optee_core@fe000000
[    0.000000] OF: reserved mem: 0x00000000ff400000..0x00000000ff5fffff (2048 KiB) nomap non-reusable optee_shm@ff400000
[    0.000000] OF: reserved mem: 0x00000000ff600000..0x00000000ff7fffff (2048 KiB) nomap non-reusable atf@ff600000
[    0.000000] Zone ranges:
[    0.000000]   DMA      [mem 0x0000000034400000-0x00000000ff7fffff]
[    0.000000]   DMA32    empty
[    0.000000]   Normal   empty
[    0.000000] Movable zone start for each node
[    0.000000] Early memory node ranges
[    0.000000]   node   0: [mem 0x0000000034400000-0x000000003449ffff]
[    0.000000]   node   0: [mem 0x0000000034520000-0x00000000345fffff]
[    0.000000]   node   0: [mem 0x0000000083200000-0x00000000835dffff]
[    0.000000]   node   0: [mem 0x00000000835e0000-0x000000008360ffff]
[    0.000000]   node   0: [mem 0x0000000084000000-0x0000000084ffffff]
[    0.000000]   node   0: [mem 0x0000000090000000-0x00000000bfffffff]
[    0.000000]   node   0: [mem 0x00000000c0000000-0x00000000c07fffff]
[    0.000000]   node   0: [mem 0x00000000e0000000-0x00000000efffffff]
[    0.000000]   node   0: [mem 0x00000000fe000000-0x00000000ff7fffff]
[    0.000000] Initmem setup node 0 [mem 0x0000000034400000-0x00000000ff7fffff]
[    0.000000] On node 0, zone DMA: 17408 pages in unavailable ranges
[    0.000000] On node 0, zone DMA: 128 pages in unavailable ranges
[    0.000000] On node 0, zone DMA: 27648 pages in unavailable ranges
