
root@s32g274ardb2:/lib/firmware#
root@s32g274ardb2:/lib/firmware# ls
s32g_pfe_class.fw  s32g_pfe_util.fw  sja1110_switch.bin  sja1110_uc.bin
root@s32g274ardb2:/lib/firmware# ^C
root@s32g274ardb2:/lib/firmware# NOTICE:  Reset status: External Reset: RESET_B (RUN)
NOTICE:  BL2: v2.10.14(release):bsp44.0_rc11-2.10.14
NOTICE:  BL2: Built : 08:13:32, May 13 2025
NOTICE:  BL2: Booting BL31


U-Boot 2022.04+g9a00323278+p0 (May 13 2025 - 06:57:56 +0000)

SoC:   NXP S32G274A rev. 2.1
CPU:   ARM Cortex-A53 r0p4 @ max 1000 MHz
Model: NXP S32G274A-RDB2
DRAM:  4 GiB
Core:  314 devices, 25 uclasses, devicetree: board
MMC:   FSL_SDHC: 0
Loading Environment from MMC... OK
s32cc_serdes_phy serdes@40480000: Using mode 0 for SerDes subsystem
pci_s32cc pcie@40400000: Could not set DEVICE ID
pci_s32cc pcie@40400000: Configuring as RootComplex
pci_s32cc pcie@40400000: Failed to get link up
In:    serial@401c8000
Out:   serial@401c8000
Err:   serial@401c8000
Board revision: RDB2/GLDBOX Revision E
PCIe:   BusDevFun       VendorId   DeviceId   Device Class       Sub-Class
__________________________________________________________________________
pcie@40400000 RootComplex
|   `-- 01:00.00        0x1957     0x4002     Bridge device           0x04
Net:
Warning: ethernet@4033c000 (eth0) using random MAC address - 2a:cc:83:b7:f3:f4
eth0: ethernet@4033c000
Found PFE version 0x50300 (S32G2)
pfeng pfeng-base: Uploading CLASS firmware
pfeng pfeng-base: EMAC0 block was initialized
pfeng pfeng-base: EMAC1 block was initialized
pfeng pfeng-base: EMAC2 block was initialized
pfeng pfeng-base: Enabling the CLASS block
pfeng pfeng-base: PFE Platform started successfully (mask: 7)
s32cc_serdes_phy serdes@44180000: Using mode 4 for SerDes subsystem
s32cc_serdes_phy serdes@44180000: Unstable RX detected on XPCS0
, eth1: pfe0s32cc_serdes_phy serdes@44180000: Unstable RX detected on XPCS1
, eth2: pfe1, eth3: pfe2
Hit any key to stop autoboot:  0
=>
=>
=> => setenv sja1110_dsa yes
Unknown command '=>' - try 'help'
=> => setenv sja1110_dsa yes
Unknown command '=>' - try 'help'
=> setenv sja1110_dsa yes
=> setenv hwconfig "serdes0:mode=pcie,clock=ext;pcie0:mode=rc;serdes1:mode=xpcs0,clock=ext,fmhz=125;xpcs1_0:speed=2G5"
=> saveenv
Saving Environment to MMC... Writing to MMC(0)... OK
=> boot
switch to partitions #0, OK
mmc0 is current device
15491080 bytes read in 650 ms (22.7 MiB/s)
Booting from mmc ...
59234 bytes read in 7 ms (8.1 MiB/s)
## Flattened Device Tree blob at 83000000
   Booting using the fdt blob at 0x83000000
   Using Device Tree in place at 0000000083000000, end 0000000083011761
   fixup: pfe1: update phy addr to 0x8
Disabling XPCS1_1

Starting kernel ...

[    0.000000] Booting Linux on physical CPU 0x0000000000 [0x410fd034]
[    0.000000] Linux version 6.6.85-rt53-00977-g6208e1d0d7b5 (oe-user@oe-host) (aarch64-fsl-linux-gcc (GCC) 13.3.0, GNU ld (GNU Binutils) 2.42.0.20240723) #1 SMP PREEMPT Wed May 14 13:40:03 UTC 2025
[    0.000000] Machine model: NXP S32G2 Reference Design Board 2 (S32G-VNP-RDB2)
[    0.000000] earlycon: linflex0 at MMIO 0x00000000401c8000 (options '')
[    0.000000] printk: legacy bootconsole [linflex0] enabled
[    0.000000] OF: reserved mem: 0x0000000034000000..0x000000003407ffff (512 KiB) nomap non-reusable pfebufs@34000000
[    0.000000] OF: reserved mem: 0x0000000034080000..0x000000003409ffff (128 KiB) nomap non-reusable pfebufs@34080000
[    0.000000] Reserved memory: created DMA memory pool at 0x0000000083200000, size 3 MiB
[    0.000000] OF: reserved mem: initialized node pfebufs@83200000, compatible id shared-dma-pool
[    0.000000] OF: reserved mem: 0x0000000083200000..0x00000000835dffff (3968 KiB) nomap non-reusable pfebufs@83200000
[    0.000000] OF: reserved mem: 0x00000000835e0000..0x00000000835fffff (128 KiB) map non-reusable pfebufs@835e0000
[    0.000000] OF: reserved mem: 0x0000000084000000..0x0000000084ffffff (16384 KiB) nomap non-reusable shm@84000000
[    0.000000] OF: reserved mem: 0x00000000c0000000..0x00000000c03fffff (4096 KiB) nomap non-reusable shm@c0000000
[    0.000000] OF: reserved mem: 0x00000000c0400000..0x00000000c07fffff (4096 KiB) nomap non-reusable shm@c0400000
[    0.000000] OF: reserved mem: 0x00000000d0000000..0x00000000d000007f (0 KiB) nomap non-reusable shm@d0000000
[    0.000000] OF: reserved mem: 0x00000000d0000080..0x00000000d00000ff (0 KiB) nomap non-reusable shm@d0000080
[    0.000000] OF: reserved mem: 0x00000000ff600000..0x00000000ff7fffff (2048 KiB) nomap non-reusable atf@ff600000
[    0.000000] Zone ranges:
[    0.000000]   DMA      [mem 0x0000000080000000-0x00000000ffffffff]
[    0.000000]   DMA32    empty
[    0.000000]   Normal   [mem 0x0000000100000000-0x00000008ffffffff]
[    0.000000] Movable zone start for each node
[    0.000000] Early memory node ranges
[    0.000000]   node   0: [mem 0x0000000080000000-0x00000000831fffff]
[    0.000000]   node   0: [mem 0x0000000083200000-0x00000000835dffff]
[    0.000000]   node   0: [mem 0x00000000835e0000-0x0000000083ffffff]
[    0.000000]   node   0: [mem 0x0000000084000000-0x0000000084ffffff]
[    0.000000]   node   0: [mem 0x0000000085000000-0x00000000bfffffff]
[    0.000000]   node   0: [mem 0x00000000c0000000-0x00000000c07fffff]
[    0.000000]   node   0: [mem 0x00000000c0800000-0x00000000cfffffff]
[    0.000000]   node   0: [mem 0x00000000d0001000-0x00000000ff5fffff]
[    0.000000]   node   0: [mem 0x00000000ff600000-0x00000000ff7fffff]
[    0.000000]   node   0: [mem 0x00000000ff800000-0x00000000ffffffff]
[    0.000000]   node   0: [mem 0x0000000880000000-0x00000008ffffffff]
[    0.000000] Initmem setup node 0 [mem 0x0000000080000000-0x00000008ffffffff]
[    0.000000] On node 0, zone DMA: 1 pages in unavailable ranges
[    0.000000] cma: Reserved 256 MiB at 0x00000000ef600000 on node -1
[    0.000000] psci: probing for conduit method from DT.
[    0.000000] psci: PSCIv1.1 detected in firmware.
[    0.000000] psci: Using standard PSCI v0.2 function IDs
[    0.000000] psci: MIGRATE_INFO_TYPE not supported.
[    0.000000] psci: SMC Calling Convention v1.4
[    0.000000] percpu: Embedded 19 pages/cpu s40104 r8192 d29528 u77824
[    0.000000] Detected VIPT I-cache on CPU0
[    0.000000] CPU features: detected: GIC system register CPU interface
[    0.000000] CPU features: detected: ARM erratum 845719
[    0.000000] CPU features: detected: NXP erratum ERR050481 (TLBI by VA handled incorrectly)
[    0.000000] CPU features: detected: ARM errata 1165522, 1319367, 1530923, or 1530924
[    0.000000] alternatives: applying boot alternatives
[    0.000000] Kernel command line: console=ttyLF0,115200 root=/dev/mmcblk0p3 rootwait rw earlycon
[    0.000000] Dentry cache hash table entries: 524288 (order: 10, 4194304 bytes, linear)
[    0.000000] Inode-cache hash table entries: 262144 (order: 9, 2097152 bytes, linear)
[    0.000000] Built 1 zonelists, mobility grouping on.  Total pages: 1032191
[    0.000000] mem auto-init: stack:all(zero), heap alloc:off, heap free:off
[    0.000000] software IO TLB: area num 4.
[    0.000000] software IO TLB: mapped [mem 0x00000000eb600000-0x00000000ef600000] (64MB)
[    0.000000] Memory: 3739212K/4194300K available (9600K kernel code, 664K rwdata, 2968K rodata, 1792K init, 221K bss, 192944K reserved, 262144K cma-reserved)
[    0.000000] SLUB: HWalign=64, Order=0-3, MinObjects=0, CPUs=4, Nodes=1
[    0.000000] rcu: Preemptible hierarchical RCU implementation.
[    0.000000] rcu:     RCU event tracing is enabled.
[    0.000000] rcu:     RCU restricting CPUs from NR_CPUS=8 to nr_cpu_ids=4.
[    0.000000]  Trampoline variant of Tasks RCU enabled.
[    0.000000]  Tracing variant of Tasks RCU enabled.
[    0.000000] rcu: RCU calculated value of scheduler-enlistment delay is 25 jiffies.
[    0.000000] rcu: Adjusting geometry for rcu_fanout_leaf=16, nr_cpu_ids=4
[    0.000000] NR_IRQS: 64, nr_irqs: 64, preallocated irqs: 0
[    0.000000] GICv3: GIC: Using split EOI/Deactivate mode
[    0.000000] GICv3: 544 SPIs implemented
[    0.000000] GICv3: 0 Extended SPIs implemented
[    0.000000] GICv3: MBI range [167:182]
[    0.000000] GICv3: Using MBI frame 0x0000000050800000
[    0.000000] Root IRQ handler: gic_handle_irq
[    0.000000] GICv3: GICv3 features: 16 PPIs
[    0.000000] GICv3: CPU0: found redistributor 0 region 0:0x0000000050880000
[    0.000000] ITS: No ITS available, not enabling LPIs
[    0.000000] rcu: srcu_init: Setting srcu_struct sizes based on contention.
[    0.000000] arch_timer: cp15 timer(s) running at 5.00MHz (phys).
[    0.000000] clocksource: arch_sys_counter: mask: 0xffffffffffffff max_cycles: 0x127350b88, max_idle_ns: 440795202120 ns
[    0.000001] sched_clock: 56 bits at 5MHz, resolution 200ns, wraps every 4398046511100ns
[    0.008476] Console: colour dummy device 80x25
[    0.012533] Calibrating delay loop (skipped), value calculated using timer frequency.. 10.00 BogoMIPS (lpj=20000)
[    0.022738] pid_max: default: 32768 minimum: 301
[    0.027461] Mount-cache hash table entries: 8192 (order: 4, 65536 bytes, linear)
[    0.034728] Mountpoint-cache hash table entries: 8192 (order: 4, 65536 bytes, linear)
[    0.044351] RCU Tasks: Setting shift to 2 and lim to 1 rcu_task_cb_adjust=1 rcu_task_cpu_ids=4.
[    0.052733] RCU Tasks Trace: Setting shift to 2 and lim to 1 rcu_task_cb_adjust=1 rcu_task_cpu_ids=4.
[    0.062067] rcu: Hierarchical SRCU implementation.
[    0.066609] rcu:     Max phase no-delay instances is 1000.
[    0.072903] smp: Bringing up secondary CPUs ...
[    0.077732] Detected VIPT I-cache on CPU1
[    0.077822] GICv3: CPU1: found redistributor 1 region 0:0x00000000508a0000
[    0.077879] CPU1: Booted secondary processor 0x0000000001 [0x410fd034]
[    0.078668] Detected VIPT I-cache on CPU2
[    0.078746] GICv3: CPU2: found redistributor 100 region 0:0x00000000508c0000
[    0.078786] CPU2: Booted secondary processor 0x0000000100 [0x410fd034]
[    0.079491] Detected VIPT I-cache on CPU3
[    0.079540] GICv3: CPU3: found redistributor 101 region 0:0x00000000508e0000
[    0.079564] CPU3: Booted secondary processor 0x0000000101 [0x410fd034]
[    0.079656] smp: Brought up 1 node, 4 CPUs
[    0.135778] SMP: Total of 4 processors activated.
[    0.140447] CPU features: detected: 32-bit EL0 Support
[    0.145590] CPU features: detected: CRC32 instructions
[    0.150772] CPU: All CPU(s) started at EL2
[    0.154782] alternatives: applying system-wide alternatives
[    0.162471] devtmpfs: initialized
[    0.176507] clocksource: jiffies: mask: 0xffffffff max_cycles: 0xffffffff, max_idle_ns: 7645041785100000 ns
[    0.185868] futex hash table entries: 1024 (order: 4, 65536 bytes, linear)
[    0.202100] pinctrl core: initialized pinctrl subsystem
[    0.207925] NET: Registered PF_NETLINK/PF_ROUTE protocol family
[    0.214539] DMA: preallocated 512 KiB GFP_KERNEL pool for atomic allocations
[    0.221432] DMA: preallocated 512 KiB GFP_KERNEL|GFP_DMA pool for atomic allocations
[    0.229226] DMA: preallocated 512 KiB GFP_KERNEL|GFP_DMA32 pool for atomic allocations
[    0.237249] thermal_sys: Registered thermal governor 'step_wise'
[    0.237417] hw-breakpoint: found 6 breakpoint and 4 watchpoint registers.
[    0.249861] ASID allocator initialised with 65536 entries
[    0.255283] Serial: AMBA PL011 UART driver
[    0.259285] scmi_core: SCMI protocol bus registered
[    0.265470] scmi_protocol scmi_dev.1: Enabled polling mode TX channel - prot_id:16
[    0.273041] arm-scmi firmware:scmi: SCMI Notifications - Core Enabled.
[    0.279211] arm-scmi firmware:scmi: SCMI Protocol v2.0 'NXP:S32G274A' Firmware version 0x0
[    0.296655] /soc/interrupt-controller@50800000: Fixed dependency cycle(s) with /soc/interrupt-controller@50800000
[    0.308811] /soc/siul2@4009c000/siul2-pinctrl@4009c240: Fixed dependency cycle(s) with /soc/siul2@4009c000/siul2-pinctrl@4009c240/jtag_pins
[    0.331594] Modules: 28928 pages in range for non-PLT usage
[    0.331618] Modules: 520448 pages in range for PLT usage
[    0.337374] HugeTLB: registered 1.00 GiB page size, pre-allocated 0 pages
[    0.349028] HugeTLB: 0 KiB vmemmap can be freed for a 1.00 GiB page
[    0.355281] HugeTLB: registered 32.0 MiB page size, pre-allocated 0 pages
[    0.362047] HugeTLB: 0 KiB vmemmap can be freed for a 32.0 MiB page
[    0.368300] HugeTLB: registered 2.00 MiB page size, pre-allocated 0 pages
[    0.375067] HugeTLB: 0 KiB vmemmap can be freed for a 2.00 MiB page
[    0.381319] HugeTLB: registered 64.0 KiB page size, pre-allocated 0 pages
[    0.388087] HugeTLB: 0 KiB vmemmap can be freed for a 64.0 KiB page
[    0.404182] SCSI subsystem initialized
[    0.407742] usbcore: registered new interface driver usbfs
[    0.413021] usbcore: registered new interface driver hub
[    0.418323] usbcore: registered new device driver usb
[    0.424137] pps_core: LinuxPPS API ver. 1 registered
[    0.428673] pps_core: Software ver. 5.3.6 - Copyright 2005-2007 Rodolfo Giometti <giometti@linux.it>
[    0.437797] PTP clock support registered
[    0.442913] vgaarb: loaded
[    0.445535] clocksource: Switched to clocksource arch_sys_counter
[    0.459492] NET: Registered PF_INET protocol family
[    0.464246] IP idents hash table entries: 65536 (order: 7, 524288 bytes, linear)
[    0.474681] tcp_listen_portaddr_hash hash table entries: 2048 (order: 3, 32768 bytes, linear)
[    0.482875] Table-perturb hash table entries: 65536 (order: 6, 262144 bytes, linear)
[    0.490515] TCP established hash table entries: 32768 (order: 6, 262144 bytes, linear)
[    0.498660] TCP bind hash table entries: 32768 (order: 8, 1048576 bytes, linear)
[    0.506941] TCP: Hash tables configured (established 32768 bind 32768)
[    0.513252] UDP hash table entries: 2048 (order: 4, 65536 bytes, linear)
[    0.519872] UDP-Lite hash table entries: 2048 (order: 4, 65536 bytes, linear)
[    0.527134] NET: Registered PF_UNIX/PF_LOCAL protocol family
[    0.533029] RPC: Registered named UNIX socket transport module.
[    0.538528] RPC: Registered udp transport module.
[    0.543207] RPC: Registered tcp transport module.
[    0.547894] RPC: Registered tcp-with-tls transport module.
[    0.553363] RPC: Registered tcp NFSv4.1 backchannel transport module.
[    0.559821] PCI: CLS 0 bytes, default 64
[    0.565203] workingset: timestamp_bits=62 max_order=20 bucket_order=0
[    0.571852] fuse: init (API version 7.39)
[    0.575647] NET: Registered PF_ALG protocol family
[    0.580267] Block layer SCSI generic (bsg) driver version 0.4 loaded (major 248)
[    0.587597] io scheduler mq-deadline registered
[    0.592102] io scheduler kyber registered
[    0.596103] io scheduler bfq registered
[    0.604651] s32cc-siul2-pinctrl 4009c240.siul2-pinctrl: initialized s32 pinctrl driver
[    0.614034] s32cc-siul2-gpio 4009d700.siul2-gpio: No cache defaults, reading back from HW
[    0.621906] s32cc-siul2-gpio 4009d700.siul2-gpio: No cache defaults, reading back from HW
[    0.630474] gpio gpiochip0: Static allocation of GPIO base is deprecated, use dynamic allocation.
[    0.639959] s32cc-siul2-gpio 4009d700.siul2-gpio: No cache defaults, reading back from HW
[    0.647791] s32cc-siul2-gpio 4009d700.siul2-gpio: No cache defaults, reading back from HW
[    0.667940] printk: legacy console [ttyLF0] enabled000 (irq = 23, base_baud = 7812500) is a FSL_LINFLEX
[    0.667940] printk: legacy console [ttyLF0] enabled
[    0.677852] printk: legacy bootconsole [linflex0] disabled
[    0.677852] printk: legacy bootconsole [linflex0] disabled
[    0.690410] 401cc000.serial: ttyLF1 at MMIO 0x401cc000 (irq = 24, base_baud = 7812500) is a FSL_LINFLEX
[    0.701783] s32cc_fccu 4030c000.fccu: FCCU status is 0 (normal)
[    0.711100] ethernet-switch@1 enforce active low on GPIO handle
[    0.720075] spi-nor spi6.0: mx25uw51245g (65536 Kbytes)
[    0.726074] 8 fixed-partitions partitions found on MTD device 0.spi
[    0.732458] Creating 8 MTD partitions on "0.spi":
[    0.737244] 0x000000000000-0x000004000000 : "Flash-Image"
[    0.743123] 0x000000000000-0x0000000d0000 : "BL2"
[    0.748234] 0x0000000d0000-0x0000002a0000 : "FIP"
[    0.753343] 0x0000002a0000-0x0000002b0000 : "U-Boot-Env"
[    0.759070] 0x0000002b0000-0x000001380000 : "Kernel"
[    0.764465] 0x000001380000-0x0000013b0000 : "DTB"
[    0.769592] 0x0000013b0000-0x0000032c0000 : "Rootfs"
[    0.774970] 0x0000032c0000-0x000004000000 : "PFE-Firmware"
[    0.783081] vcan: Virtual CAN interface driver
[    0.787611] slcan: serial line CAN interface driver
[    0.792567] CAN device driver interface
[    0.797884] flexcan 401b4000.can: device registered (reg_base=(____ptrval____), irq(s):
[    0.806029] flexcan 401b4000.can:  30
[    0.809751] flexcan 401b4000.can:  31
[    0.813463] flexcan 401b4000.can:  32
[    0.817183] flexcan 401b4000.can:  33
[    0.820902] flexcan 401b4000.can: )
[    0.825466] flexcan 401be000.can: device registered (reg_base=(____ptrval____), irq(s):
[    0.833612] flexcan 401be000.can:  34
[    0.837325] flexcan 401be000.can:  35
[    0.841052] flexcan 401be000.can:  36
[    0.844771] flexcan 401be000.can:  37
[    0.848499] flexcan 401be000.can: )
[    0.852706] sja1105 spi5.1: Probed switch chip: SJA1110A
[    0.858134] sja1105 spi5.1: Port 2 interpreting RGMII delay settings based on "phy-mode" property, please update device tree to specify "rx-internal-delay-ps" and "tx-internal-delay-ps"
[    0.874901] sja1105 spi5.1: Port 3 interpreting RGMII delay settings based on "phy-mode" property, please update device tree to specify "rx-internal-delay-ps" and "tx-internal-delay-ps"
[    0.891764] e100: Intel(R) PRO/100 Network Driver
[    0.896544] e100: Copyright(c) 1999-2006 Intel Corporation
[    0.902143] e1000: Intel(R) PRO/1000 Network Driver
[    0.907098] e1000: Copyright (c) 1999-2006 Intel Corporation.
[    0.912961] e1000e: Intel(R) PRO/1000 Network Driver
[    0.918001] e1000e: Copyright(c) 1999 - 2015 Intel Corporation.
[    0.924034] igb: Intel(R) Gigabit Ethernet Network Driver
[    0.929515] igb: Copyright (c) 2007-2014 Intel Corporation.
[    0.936529] hse-uio 40210000.mu0b: firmware not found
[    0.942244] usbcore: registered new interface driver uas
[    0.947683] usbcore: registered new interface driver usb-storage
[    0.955009] imx_usb 44064000.usb: No over current polarity defined
[    0.973954] ci_hdrc ci_hdrc.0: EHCI Host Controller
[    0.979090] ci_hdrc ci_hdrc.0: new USB bus registered, assigned bus number 1
[    1.001547] ci_hdrc ci_hdrc.0: USB 2.0 started, EHCI 1.00
[    1.007241] usb usb1: New USB device found, idVendor=1d6b, idProduct=0002, bcdDevice= 6.06
[    1.015650] usb usb1: New USB device strings: Mfr=3, Product=2, SerialNumber=1
[    1.022988] usb usb1: Product: EHCI Host Controller
[    1.027944] usb usb1: Manufacturer: Linux 6.6.85-rt53-00977-g6208e1d0d7b5 ehci_hcd
[    1.035627] usb usb1: SerialNumber: ci_hdrc.0
[    1.040561] hub 1-0:1.0: USB hub found
[    1.044404] hub 1-0:1.0: 1 port detected
[    1.050367] s32cc-rtc 40060000.rtc: registered as rtc0
[    1.055627] s32cc-rtc 40060000.rtc: setting system clock to 1970-01-01T00:00:00 UTC (0)
[    1.063965] i2c_dev: i2c /dev entries driver
[    1.068900] s32cc-wdt 4010c000.watchdog: S32CC Watchdog Timer Registered. timeout=30s (nowayout=0)
[    1.078240] s32cc-wdt 40200000.watchdog: S32CC Watchdog Timer Registered. timeout=30s (nowayout=0)
[    1.087546] s32cc-wdt 40204000.watchdog: S32CC Watchdog Timer Registered. timeout=30s (nowayout=0)
[    1.096828] s32cc-wdt 40208000.watchdog: S32CC Watchdog Timer Registered. timeout=30s (nowayout=0)
[    1.107852] sdhci: Secure Digital Host Controller Interface driver
[    1.114179] sdhci: Copyright(c) Pierre Ossman
[    1.118609] sdhci-pltfm: SDHCI platform and OF driver helper
[    1.124714] SMCCC: SOC_ID: ARCH_SOC_ID not implemented, skipping ....
[    1.131880] hse 40211000.mu1b: interface mu1b not active
[    1.137968] usbcore: registered new interface driver usbhid
[    1.143648] usbhid: USB HID core driver
[    1.157174] mmc0: SDHCI controller on 402f0000.mmc [402f0000.mmc] using ADMA
[    1.164500] s32-adc 401f8000.adc: using dma0chan4 for ADC DMA transfers
[    1.171813] s32-adc 401f8000.adc: Device initialized successfully.
[    1.189800] s32-adc 402e8000.adc: using dma1chan16 for ADC DMA transfers
[    1.197152] s32-adc 402e8000.adc: Device initialized successfully.
[    1.198541] mmc0: new high speed SDHC card at address 0001
[    1.209268] hw perfevents: enabled with armv8_cortex_a53 PMU driver, 7 counters available
[    1.209699] mmcblk0: mmc0:0001 BB1QT 29.8 GiB
[    1.219536] s32-siul2-nvmem 4009c000.nvram: Initialized s32cc siul2 nvmem driver
[    1.223852]  mmcblk0: p1 p2 p3
[    1.229793] s32-siul2-nvmem 44010000.nvram: Initialized s32cc siul2 nvmem driver
[    1.241164] NET: Registered PF_INET6 protocol family
[    1.247174] Segment Routing with IPv6
[    1.250993] In-situ OAM (IOAM) with IPv6
[    1.255041] sit: IPv6, IPv4 and MPLS over IPv4 tunneling driver
[    1.261638] NET: Registered PF_PACKET protocol family
[    1.266935] can: controller area network core
[    1.271405] NET: Registered PF_CAN protocol family
[    1.276274] can: raw protocol
[    1.279291] can: broadcast manager protocol
[    1.283546] can: netlink gateway - max_hops=1
[    1.288041] 8021q: 802.1Q VLAN Support v1.8
[    1.311767] i2c i2c-0: using pinctrl states for GPIO recovery
[    1.317740] i2c i2c-0: using generic GPIOs for recovery
[    1.323815] pca953x 0-0022: using AI
[    1.334382] rtc-pcf85063 0-0051: registered as rtc1
[    1.339417] i2c i2c-0: IMX I2C adapter registered
[    1.344249] i2c i2c-0: using dma0chan5 (tx) and dma0chan6 (rx) for DMA transfers
[    1.352623] i2c i2c-2: using pinctrl states for GPIO recovery
[    1.358551] i2c i2c-2: using generic GPIOs for recovery
[    1.363948] i2c i2c-2: IMX I2C adapter registered
[    1.368774] i2c i2c-2: using dma1chan17 (tx) and dma1chan18 (rx) for DMA transfers
[    1.377148] i2c i2c-4: using pinctrl states for GPIO recovery
[    1.383052] i2c i2c-4: using generic GPIOs for recovery
[    1.389958] ina2xx 4-0040: power monitor ina231 (Rshunt = 1000 uOhm)
[    1.396468] i2c i2c-4: IMX I2C adapter registered
[    1.401304] i2c i2c-4: using dma1chan19 (tx) and dma1chan20 (rx) for DMA transfers
[    1.430058] phy-s32cc-serdes 40480000.serdes: Using mode 0 for SerDes subsystem
[    1.437986] phy-s32cc-serdes 44180000.serdes: Using mode 4 for SerDes subsystem
[    1.768425] s32cc-pcie 40400000.pcie: Failed to stabilize PHY link
[    1.774714] s32cc-pcie 40400000.pcie: Configuring as RootComplex
[    1.780865] s32cc-pcie 40400000.pcie: host bridge /soc/pcie@40400000 ranges:
[    1.788056] s32cc-pcie 40400000.pcie:       IO 0x5ffffe0000..0x5ffffeffff -> 0x0000000000
[    1.796376] s32cc-pcie 40400000.pcie:      MEM 0x5800000000..0x5ffffdffff -> 0x0000000000
[    1.804702] s32cc-pcie 40400000.pcie: Memory resource size exceeds max for 32 bits
[    2.812551] s32cc-pcie 40400000.pcie: Phy link never came up
[    2.818314] s32cc-pcie 40400000.pcie: Link Up failed, EndPoint may not be connected
[    2.826116] s32cc-pcie 40400000.pcie: iATU: unroll T, 6 ob, 4 ib, align 4K, limit 1024G
[    3.834445] s32cc-pcie 40400000.pcie: Phy link never came up
[    3.840203] s32cc-pcie 40400000.pcie: Link Up failed, EndPoint may not be connected
[    4.848118] s32cc-pcie 40400000.pcie: Phy link never came up
[    4.854487] s32cc-pcie 40400000.pcie: PCI host bridge to bus 0000:00
[    4.860953] pci_bus 0000:00: root bus resource [bus 00-ff]
[    4.866531] pci_bus 0000:00: root bus resource [io  0x0000-0xffff]
[    4.872812] pci_bus 0000:00: root bus resource [mem 0x5800000000-0x5ffffdffff] (bus address [0x00000000-0x7fffdffff])
[    4.883622] pci 0000:00:00.0: [1957:4002] type 01 class 0x060400
[    4.889742] pci 0000:00:00.0: reg 0x10: [mem 0x5800000000-0x58000fffff]
[    4.896477] pci 0000:00:00.0: reg 0x38: [mem 0x5800000000-0x580000ffff pref]
[    4.903728] pci 0000:00:00.0: supports D1
[    4.907804] pci 0000:00:00.0: PME# supported from D0 D1 D3hot D3cold
[    4.918118] pci 0000:00:00.0: BAR 0: assigned [mem 0x5800000000-0x58000fffff]
[    4.925379] pci 0000:00:00.0: BAR 6: assigned [mem 0x5800100000-0x580010ffff pref]
[    4.933074] pci 0000:00:00.0: PCI bridge to [bus 01-ff]
[    4.938772] pcieport 0000:00:00.0: PME: Signaling with IRQ 51
[    4.945772] sja1105 spi5.1: Probed switch chip: SJA1110A
[    4.951204] sja1105 spi5.1: Port 2 interpreting RGMII delay settings based on "phy-mode" property, please update device tree to specify "rx-internal-delay-ps" and "tx-internal-delay-ps"
[    4.967987] sja1105 spi5.1: Port 3 interpreting RGMII delay settings based on "phy-mode" property, please update device tree to specify "rx-internal-delay-ps" and "tx-internal-delay-ps"
[    4.985428] s32cc-dwmac 4033c000.ethernet: IRQ eth_wake_irq not found
[    4.991978] s32cc-dwmac 4033c000.ethernet: IRQ eth_lpi not found
[    4.999052] s32cc-dwmac 4033c000.ethernet: User ID: 0x10, Synopsys ID: 0x51
[    5.006150] s32cc-dwmac 4033c000.ethernet:   DWMAC4/5
[    5.011211] s32cc-dwmac 4033c000.ethernet: DMA HW capability register supported
[    5.018638] s32cc-dwmac 4033c000.ethernet: RX Checksum Offload Engine supported
[    5.026061] s32cc-dwmac 4033c000.ethernet: TX Checksum insertion supported
[    5.033038] s32cc-dwmac 4033c000.ethernet: Wake-Up On Lan supported
[    5.039467] s32cc-dwmac 4033c000.ethernet: Enable RX Mitigation via HW Watchdog Timer
[    5.047421] s32cc-dwmac 4033c000.ethernet: Enabled L3L4 Flow TC (entries=8)
[    5.054492] s32cc-dwmac 4033c000.ethernet: Enabled RFS Flow TC (entries=10)
[    5.061568] s32cc-dwmac 4033c000.ethernet: Enabling HW TC (entries=256, max_off=256)
[    5.069436] s32cc-dwmac 4033c000.ethernet: Using 32/32 bits DMA host/device width
[    5.083612] hwmon hwmon1: temp1_input not attached to any thermal zone
[    5.092947] qoriq_thermal 400a8000.tmu: Critical rising/falling temperature threshold = 5 degree(s)
[    5.107654] nxp_s32cc_ddr_perf 403e0000.ddr-perf: probing device
[    5.114137] nxp_s32cc_ddr_perf 403e0000.ddr-perf: device initialized successfully
[    5.122144] sja1105 spi5.1: Probed switch chip: SJA1110A
[    5.127574] sja1105 spi5.1: Port 2 interpreting RGMII delay settings based on "phy-mode" property, please update device tree to specify "rx-internal-delay-ps" and "tx-internal-delay-ps"
[    5.144352] sja1105 spi5.1: Port 3 interpreting RGMII delay settings based on "phy-mode" property, please update device tree to specify "rx-internal-delay-ps" and "tx-internal-delay-ps"
[    5.161461] sja1105 spi5.1: Probed switch chip: SJA1110A
[    5.166874] sja1105 spi5.1: Port 2 interpreting RGMII delay settings based on "phy-mode" property, please update device tree to specify "rx-internal-delay-ps" and "tx-internal-delay-ps"
[    5.183648] sja1105 spi5.1: Port 3 interpreting RGMII delay settings based on "phy-mode" property, please update device tree to specify "rx-internal-delay-ps" and "tx-internal-delay-ps"
[    5.200696] clk: Disabling unused clocks
[    5.338579] EXT4-fs (mmcblk0p3): recovery complete
[    5.344468] EXT4-fs (mmcblk0p3): mounted filesystem c8d6bf0d-db58-4b91-9d8d-949e6b280d4a r/w with ordered data mode. Quota mode: disabled.
[    5.356561] VFS: Mounted root (ext4 filesystem) on device 179:3.
[    5.363231] devtmpfs: mounted
[    5.366551] Freeing unused kernel memory: 1792K
[    5.370885] Run /sbin/init as init process
[    5.919345] systemd[1]: System time before build time, advancing clock.
[    5.993747] systemd[1]: systemd 255.13^ running in system mode (+PAM -AUDIT -SELINUX -APPARMOR +IMA -SMACK +SECCOMP -GCRYPT -GNUTLS -OPENSSL +ACL +BLKID -CURL -ELFUTILS -FIDO2 -IDN2 -IDN -IPTC +KMOD -LIBCRYPTSETUP +LIBFDISK -PCRE2 -PWQUALITY -P11KIT -QRENCODE -TPM2 -BZIP2 -LZ4 -XZ -ZLIB +ZSTD -BPF_FRAMEWORK +XKBCOMMON +UTMP +SYSVINIT default-hierarchy=unified)
[    6.025324] systemd[1]: Detected architecture arm64.

Welcome to Auto Linux BSP 44.0 (scarthgap)!

[    6.060033] systemd[1]: Hostname set to <s32g274ardb2>.
[    6.681261] systemd[1]: Queued start job for default target Multi-User System.
[    6.700070] systemd[1]: Created slice Slice /system/getty.
[  OK  ] Created slice Slice /system/getty.
[    6.723052] systemd[1]: Created slice Slice /system/modprobe.
[  OK  ] Created slice Slice /system/modprobe.
[    6.747076] systemd[1]: Created slice Slice /system/serial-getty.
[  OK  ] Created slice Slice /system/serial-getty.
[    6.770516] systemd[1]: Created slice User and Session Slice.
[  OK  ] Created slice User and Session Slice.
[    6.794005] systemd[1]: Started Dispatch Password Requests to Console Directory Watch.
[  OK  ] Started Dispatch Password Requests to Console Directory Watch.
[    6.821885] systemd[1]: Started Forward Password Requests to Wall Directory Watch.
[  OK  ] Started Forward Password Requests to Wall Directory Watch.
[    6.845919] systemd[1]: Reached target Path Units.
[  OK  ] Reached target Path Units.
[    6.865673] systemd[1]: Reached target Remote File Systems.
[  OK  ] Reached target Remote File Systems.
[    6.885674] systemd[1]: Reached target Slice Units.
[  OK  ] Reached target Slice Units.
[    6.905716] systemd[1]: Reached target Swaps.
[  OK  ] Reached target Swaps.
[    6.962755] systemd[1]: Listening on RPCbind Server Activation Socket.
[  OK  ] Listening on RPCbind Server Activation Socket.
[    6.985876] systemd[1]: Reached target RPC Port Mapper.
[  OK  ] Reached target RPC Port Mapper.
[    7.019316] systemd[1]: Listening on Syslog Socket.
[  OK  ] Listening on Syslog Socket.
[    7.038173] systemd[1]: Listening on initctl Compatibility Named Pipe.
[  OK  ] Listening on initctl Compatibility Named Pipe.
[    7.068465] systemd[1]: Journal Audit Socket was skipped because of an unmet condition check (ConditionSecurity=audit).
[    7.079684] systemd[1]: Listening on Journal Socket (/dev/log).
[  OK  ] Listening on Journal Socket (/dev/log).
[    7.102445] systemd[1]: Listening on Journal Socket.
[  OK  ] Listening on Journal Socket.
[    7.122676] systemd[1]: Listening on Network Service Netlink Socket.
[  OK  ] Listening on Network Service Netlink Socket.
[    7.160866] systemd[1]: Listening on udev Control Socket.
[  OK  ] Listening on udev Control Socket.
[    7.182388] systemd[1]: Listening on udev Kernel Socket.
[  OK  ] Listening on udev Kernel Socket.
[    7.202371] systemd[1]: Listening on User Database Manager Socket.
[  OK  ] Listening on User Database Manager Socket.
[    7.249823] systemd[1]: Mounting Huge Pages File System...
         Mounting Huge Pages File System...
[    7.270125] systemd[1]: POSIX Message Queue File System was skipped because of an unmet condition check (ConditionPathExists=/proc/sys/fs/mqueue).
[    7.285908] systemd[1]: Mounting Kernel Debug File System...
         Mounting Kernel Debug File System...
[    7.306116] systemd[1]: Kernel Trace File System was skipped because of an unmet condition check (ConditionPathExists=/sys/kernel/tracing).
[    7.318850] systemd[1]: Create List of Static Device Nodes was skipped because of an unmet condition check (ConditionFileNotEmpty=/lib/modules/6.6.85-rt53-00977-g6208e1d0d7b5/modules.devname).
[    7.339321] systemd[1]: Starting Load Kernel Module configfs...
         Starting Load Kernel Module configfs...
[    7.390172] systemd[1]: Starting Load Kernel Module drm...
         Starting Load Kernel Module drm...
[    7.417412] systemd[1]: Starting Load Kernel Module fuse...
         Starting Load Kernel Module fuse...
[    7.451855] systemd[1]: Starting RPC Bind...
         Starting RPC Bind...
[    7.470087] systemd[1]: File System Check on Root Device was skipped because of an unmet condition check (ConditionPathIsReadWrite=!/).
[    7.489394] systemd[1]: Starting Journal Service...
         Starting Journal Service...
[    7.531648] systemd[1]: Starting Load Kernel Modules...
         Starting Load Kernel Modules...
[    7.545507] systemd[1]: Starting Generate network units from Kernel command line...
         Starting Generate network unit[    7.557025] systemd[1]: Starting Remount Root and Kernel File Systems...
s from Kernel command line...
         Starting Remount Root and Kernel File Systems...
[    7.586320] systemd[1]: Starting Create Static Device Nodes in /dev gracefully...
         Starting Create Static Device Nodes in /dev gracefully...
[    7.612777] systemd[1]: Starting Coldplug All udev Devices...
         Starting Coldplug All udev Devices...
[    7.640811] sja1110: loading out-of-tree module taints kernel.
[    7.646887] SPI driver sja1110 has no spi_device_id for nxp,sja1110-switch
[    7.651297] systemd-journald[123]: Collecting audit messages is disabled.
[    7.653353] SPI driver sja1110 has no spi_device_id for nxp,sja1110-uc
[    7.673811] EXT4-fs (mmcblk0p3): re-mounted c8d6bf0d-db58-4b91-9d8d-949e6b280d4a r/w. Quota mode: disabled.
[    7.679320] systemd[1]: Started RPC Bind.
[  OK  ] Started RPC Bind.
[    7.716335] systemd[1]: Mounted Huge Pages File System.
[  OK  ] Mounted Huge Pages File System.
[    7.738486] systemd[1]: Mounted Kernel Debug File System.
[  OK  ] Mounted Kernel Debug File System.
[    7.758949] systemd[1]: modprobe@configfs.service: Deactivated successfully.
[    7.766349] systemd[1]: Finished Load Kernel Module configfs.
[  OK  ] Finished Load Kernel Module configfs.
[    7.780754] systemd[1]: modprobe@drm.service: Deactivated successfully.
[    7.789134] systemd[1]: Finished Load Kernel Module drm.
[  OK  ] Finished Load Kernel Module drm.
[    7.814304] systemd[1]: Started Journal Service.
[  OK  ] Started Journal Service.
[  OK  ] Finished Load Kernel Module fuse.
[  OK  ] Finished Load Kernel Modules.
[  OK  ] Finished Generate network units from Kernel command line.
[  OK  ] Finished Remount Root and Kernel File Systems.
[  OK  ] Finished Create Static Device Nodes in /dev gracefully.
         Mounting FUSE Control File System...
         Mounting Kernel Configuration File System...
         Starting Flush Journal to Persistent Storage...
         Starting Apply Kernel Variables...
         Starting     8.080163] systemd-journald[123]: Received client request to flush runtime journal.
;1;39mCreate Static Device Nodes in /dev...
[  OK  ] Mounted FUSE Control File System.
[  OK  ] Mounted Kernel Configuration File System.
[  OK  ] Finished Flush Journal to Persistent Storage.
[  OK  ] Finished Apply Kernel Variables.
[  OK  ] Finished Create Static Device Nodes in /dev.
[  OK  ] Reached target Preparation for Local File Systems.
         Mounting /tmp...
         Mounting /var/volatile...
         Starting Rule-based Manager for Device Events and Files...
[  OK  ] Finished Coldplug All udev Devices.
[  OK  ] Mounted /tmp.
[  OK  ] Mounted /var/volatile.
         Mounting /var/volatile/tmp...
         Starting Load/Save OS Random Seed...
[  OK  ] Mounted /var/volatile/tmp.
[  OK  ] Reached target Local File Systems.
         Starting Create System Files and Directories...
[  OK  ] Started Rule-based Manager for Device Events and Files.
[    8.650162] s32cc-dwmac 4033c000.ethernet end0: renamed from eth0
[  OK  ] Finished Create System Files and Directories.
         Starting Network Name Resolution...
         Starting Network Time Synchronization...
         Starting Record System Boot/Shutdown in UTMP...
         Starting User Database Manager...
[  OK  ] Finished Record System Boot/Shutdown in UTMP.
[    9.279244] pfeng 46000000.pfe: PFEng ethernet driver loading ...
[    9.285712] pfeng 46000000.pfe: Version: 1.9.0
[    9.291653] pfeng 46000000.pfe: Driver commit hash: M4_DRIVER_COMMIT_HASH
[    9.298108] pfeng 46000000.pfe: Multi instance support: disabled (standalone)
[    9.307422] pfeng 46000000.pfe: Compiled by: 13.3.0
[    9.312092] pfeng 46000000.pfe: Cbus addr 0x46000000 size 0x1000000
[    9.321430] pfeng 46000000.pfe: nxp,fw-class-name: s32g_pfe_class.fw
[    9.328146] pfeng 46000000.pfe: nxp,fw-util-name: s32g_pfe_util.fw
[    9.334234] pfeng 46000000.pfe: netif name: pfe0
[    9.338570] pfeng 46000000.pfe: DT mac addr: 00:04:9f:be:ef:00
[    9.344502] pfeng 46000000.pfe: netif(pfe0) linked phyif: 0
[    9.351465] pfeng 46000000.pfe: netif(pfe0) mode: std
[    9.356407] pfeng 46000000.pfe: netif(pfe0) HIFs: count 1 map 01
[    9.363133] pfeng 46000000.pfe: EMAC0 interface mode: 4
[    9.368549] pfeng 46000000.pfe: netif name: pfe2
[    9.375037] pfeng 46000000.pfe: DT mac addr: 00:04:9f:be:ef:02
[    9.380647] pfeng 46000000.pfe: netif(pfe2) linked phyif: 2
[    9.390444] pfeng 46000000.pfe: netif(pfe2) mode: std
[    9.395378] pfeng 46000000.pfe: netif(pfe2) HIFs: count 1 map 04
[    9.401201] pfeng 46000000.pfe: EMAC2 interface mode: 10
[    9.401253] pfeng 46000000.pfe: HIF channels mask: 0x0005
[    9.411933] pfeng 46000000.pfe: PFE port coherency enabled, mask 0x1e
[    9.418449] pfeng 46000000.pfe: Clocks: sys=300MHz pe=600MHz
0;32m  O[    9.424777] pfeng 46000000.pfe: Interface selected: EMAC0: 0x4 EMAC1: 0xffffffff EMAC2: 0xa
K   pfeng 46000000.pfe: PFE controller reset done
[0[    9.439037] pfeng 46000000.pfe: TX clock on EMAC0 for interface sgmii installed
m][    9.446470] pfeng 46000000.pfe: RX clock on EMAC0 for interface sgmii installed
 St[    9.454037] pfeng 46000000.pfe: TX clock on EMAC2 for interface rgmii-id installed
ar[    9.461785] pfeng 46000000.pfe: RX clock on EMAC2 for interface rgmii-id installed
ted  pfeng 46000000.pfe: assigned reserved memory node pfebufs@34000000
[0[    9.477145] pfeng 46000000.pfe: assigned reserved memory node pfebufs@34080000
;1;[    9.484566] pfeng 46000000.pfe: assigned reserved memory node pfebufs@83200000
39[    9.492011] pfeng 46000000.pfe: assigned reserved memory node pfebufs@835e0000
mUser Database Manager.
[    9.511004] pfeng 46000000.pfe: Firmware: CLASS s32g_pfe_class.fw [45724 bytes]
[    9.519252] pfeng 46000000.pfe: Firmware: UTIL s32g_pfe_util.fw [23352 bytes]
[    9.526209] pfeng 46000000.pfe: PFE CBUS p0x46000000 mapped @ v0xffffffc082000000 (0x1000000 bytes)
[    9.536820] pfeng 46000000.pfe: Silicon S32G2
[    9.541983] pfeng 46000000.pfe: PFE_ERRORS:Parity instance created
[    9.547795] pfeng 46000000.pfe: PFE_ERRORS:Watchdog instance created
[    9.554167] pfeng 46000000.pfe: BMU1 buffer base: p0xc0000000
[    9.559948] pfeng 46000000.pfe: BMU2 buffer base: p0x34000000 (0x80000 bytes)
[    9.568367] pfeng 46000000.pfe: register IRQ 67 by name 'PFE BMU IRQ'
[    9.574927] pfeng 46000000.pfe: Firmware .elf detected
[    9.575486] pfeng 46000000.pfe: BMU_EMPTY_INT (BMU @ p0x(____ptrval____)). Pool ready.
[    9.579700] pfeng 46000000.pfe: Uploading CLASS firmware
[    9.579722] pfeng 46000000.pfe: Selected FW loading OPs to load 8 PEs in parallel
[    9.596610] pfeng 46000000.pfe: BMU_EMPTY_INT (BMU @ p0x(____ptrval____)). Pool ready.
[    9.620294] pfeng 46000000.pfe: pfe_ct.h file version"92367c0e25f21f49217a9b08168ad2c8"
         Starti[    9.643516] pfeng 46000000.pfe: [FW VERSION] 1.11.0, Build: May 12 2025, 12:42:24 (52549baa), ID: 0x31454650
ng     9.653772] pfeng 46000000.pfe: EMAC timestamp external mode bitmap: 0
0;[    9.660442] pfeng 46000000.pfe: Uploading UTIL firmware
1[    9.665778] pfeng 46000000.pfe: Selected FW loading OPs to load 1 PEs in parallel
;39mVirtual Console Setup.[    9.675837] pfeng 46000000.pfe: pfe_ct.h file version"92367c0e25f21f49217a9b08168ad2c8"
..
[    9.685167] pfeng 46000000.pfe: FW feature: drv_run_on_g3
[    9.690237] pfeng 46000000.pfe: FW feature: jumbo_frames
[    9.690257] pfeng 46000000.pfe: FW feature: ptp_qos_mapping
[    9.690265] pfeng 46000000.pfe: FW feature: software_vlan_table
[    9.706953] pfeng 46000000.pfe: FW feature: timestamping
[    9.712245] pfeng 46000000.pfe: FW feature: qos_mapping
[    9.717443] pfeng 46000000.pfe: FW feature: core_functionality
[    9.723263] pfeng 46000000.pfe: FW feature: extended_features
[    9.728991] pfeng 46000000.pfe: FW feature: flexible_router
[    9.734521] pfeng 46000000.pfe: FW feature: validate_hif_csum
[    9.740257] pfeng 46000000.pfe: FW feature: err051211_workaround
[    9.746240] pfeng 46000000.pfe: FW feature: IPsec
[    9.750956] pfeng 46000000.pfe: FW feature: l2_bridge_aging
[    9.756520] pfeng 46000000.pfe: FW feature: receive_malformed
[    9.762238] pfeng 46000000.pfe: FW feature: ptp_conf_check
[    9.767674] pfeng 46000000.pfe: FW feature: vlan_conf_check
[    9.767682] pfeng 46000000.pfe: FW feature: hash_load_spread
[    9.778889] pfeng 46000000.pfe: FW feature: ingress_vlan
[    9.778904] pfeng 46000000.pfe: FW feature: safety
[    9.781347] pfeng 46000000.pfe: VLAN ID incorrect or not set. Using default VLAN ID = 0x01.
[    9.797289] pfeng 46000000.pfe: VLAN stats size incorrect or not set. Using default VLAN stats size = 20.
[[    9.806921] pfeng 46000000.pfe: Software vlan hash table @ p0x20001288
    9.813712] pfeng 46000000.pfe: Fall-back bridge domain @ 0x20000a8c (class)
;3[    9.820890] pfeng 46000000.pfe: Default bridge domain @ 0x20000a84 (class)
2m  OK [    9.828381] pfeng 46000000.pfe: Routing table created, Hash Table @ p0x34080000, Pool @ p0x34088000 (65536 bytes)
     9.838950] pfeng 46000000.pfe: Feature err051211_workaround: DISABLED
[    9.849790] pfeng 46000000.pfe: HIF0 enabled

[    9.854155] pfeng 46000000.pfe: HIF1 not configured, skipped
[    9.860190] pfeng 46000000.pfe: HIF2 enabled
[    9.864062] pfeng 46000000.pfe: HIF3 not configured, skipped
[    9.869697] pfeng 46000000.pfe: MDIO bus 0 disabled: Not found in DT
[    9.876092] pfeng 46000000.pfe: MDIO bus 1 disabled: Not found in DT
[  OK  ] Started Network Time Synchroniz[    9.891682] pfeng 46000000.pfe: MDIO bus 2 enabled
a[    9.892253] sja1105 spi5.1: Probed switch chip: SJA1110A
t[    9.896636] pfeng 46000000.pfe pfe0 (uninitialized): fixed link full duplex 2500Mbps not recognised
i[    9.901922] sja1105 spi5.1: Port 2 interpreting RGMII delay settings based on "phy-mode" property, please update device tree to specify "rx-internal-delay-ps" and "tx-internal-delay-ps"
o[    9.911133] phy-s32cc-serdes 44180000.serdes: Unstable RX detected on XPCS0
n[    9.927606] sja1105 spi5.1: Port 3 interpreting RGMII delay settings based on "phy-mode" property, please update device tree to specify "rx-internal-delay-ps" and "tx-internal-delay-ps"
 pfeng 46000000.pfe pfe0 (uninitialized): Subscribe to HIF0
[0m.[    9.957812] pfeng 46000000.pfe pfe0 (uninitialized): Host LLTX disabled
[    9.957997] pfeng 46000000.pfe pfe0 (uninitialized): Enable HIF0
[    9.958009] pfeng 46000000.pfe pfe0 (uninitialized): setting MAC addr: 00:04:9f:be:ef:00

[    9.958034] pfeng 46000000.pfe pfe0 (uninitialized): PTP HW addend 0x80000000, max_adj configured to 46566128 ppb
[    9.958046] pfeng 46000000.pfe: IEEE1588: Input Clock: 200000000Hz, Output: 100000000Hz, Accuracy: 10.0ns
[    9.965257] pfeng 46000000.pfe pfe0 (uninitialized): Registered PTP HW clock successfully on EMAC0
[   10.008504] pfeng 46000000.pfe pfe0: registered
[   10.012693] pfeng 46000000.pfe pfe2 (uninitialized): Subscribe to HIF2
[   10.019145] pfeng 46000000.pfe pfe2 (uninitialized): Host LLTX disabled
[   10.025908] pfeng 46000000.pfe pfe2 (uninitialized): Enable HIF2
[   10.031723] pfeng 46000000.pfe pfe2 (uninitialized): setting MAC addr: 00:04:9f:be:ef:02
[   10.039814] pfeng 46000000.pfe pfe2 (uninitialized): PTP HW addend 0x80000000, max_adj configured to 46566128 ppb
[   10.050042] pfeng 46000000.pfe: IEEE1588: Input Clock: 200000000Hz, Output: 100000000Hz, Accuracy: 10.0ns
[   10.060279] pfeng 46000000.pfe pfe2 (uninitialized): Registered PTP HW clock successfully on EMAC2
[  [   10.069716] pfeng 46000000.pfe pfe2: registered
OK  ] Reached target    10.076822] sja1105 spi5.1: Probed switch chip: SJA1110A
;39mHost and Network Name Lookups.
[   10.085985] sja1105 spi5.1: Port 2 interpreting RGMII delay settings based on "phy-mode" property, please update device tree to specify "rx-internal-delay-ps" and "tx-internal-delay-ps"
;3[   10.102673] sja1105 spi5.1: Port 3 interpreting RGMII delay settings based on "phy-mode" property, please update device tree to specify "rx-internal-delay-ps" and "tx-internal-delay-ps"
2m  OK  ] Reached target System Time Set.
[  OK  ] Finished Virtual Console Setup.
[  OK  ] Created slice Slice /system/systemd-fsck.
[  OK  ] Reached target System Initialization.
[  OK  ] Started Daily rotation of log files.
[   10.363792] sja1105 spi5.1: configuring for fixed/2500base-x link mode
[   10.372631] sja1105 spi5.1: Link is Up - 2.5Gbps/Full - flow control off
[  OK  ] Started Daily Cleanup of Temporary Directories.
[  OK  ] Reached target Timer Units.
[  OK  ] Listening on D-Bus System Message Bus Socket.
[   10.433859] sja1105 spi5.1 p1 (uninitialized): PHY [spi5.1-base-tx:01] driver [NXP CBTX (SJA1110)] (irq=POLL)
[   10.451220] sja1105 spi5.1 trx5 (uninitialized): PHY [spi5.1-base-t1:01] driver [Generic Clause 45 PHY] (irq=POLL)
         Starting sshd.socket...
[   10.466068] sja1105 spi5.1 trx6 (uninitialized): PHY [spi5.1-base-t1:02] driver [Generic Clause 45 PHY] (irq=POLL)
         Starting File System [   10.481393] sja1105 spi5.1 trx7 (uninitialized): PHY [spi5.1-base-t1:03] driver [Generic Clause 45 PHY] (irq=POLL)
Check on /dev/mmcblk0p2...
[   10.495279] sja1105 spi5.1 trx8 (uninitialized): PHY [spi5.1-base-t1:04] driver [Generic Clause 45 PHY] (irq=POLL)
[   10.510308] sja1105 spi5.1 trx9 (uninitialized): PHY [spi5.1-base-t1:05] driver [Generic Clause 45 PHY] (irq=POLL)
[  OK  ] Listening on    10.524405] sja1105 spi5.1 trx10 (uninitialized): PHY [spi5.1-base-t1:06] driver [Generic Clause 45 PHY] (irq=POLL)
0;1;39msshd.socket.[   10.536818] DSA: tree 0 setup

[  OK  ] Reached target Socket Units.
[  OK  ] Reached target Basic System.
[  OK  ] Started Job spooling tools.
[  OK  ] Started Periodic Command Scheduler.
         Starting D-Bus System Message Bus...
         Starting IPv6 Packet Filtering Framework...
         Starting IPv4 Packet Filtering Framework...
[  OK  ] Started irqbalance daemon.
[  OK  ] Started Hardware RNG Entropy Gatherer Daemon.
[  OK  ] Started System Logging Service.
         Starting Resets System Activity Logs...
         Starting User Login Management...
         Starting OpenSSH Key Generation...
[  OK  ] Finished File System Check on /dev/mmcblk0p2.
[  OK  ] Finished IPv6 Packet Filtering Framework.
[  OK  ] Finished IPv4 Packet Filtering Framework.
[  OK  ] Finished Resets System Activity Logs.
[  OK  ] Reached target Preparation for Network.
         Mounting /run/media/boot_s32g2-mmcblk0p2...
         Starting Network Configuration...
[  OK  ] Started User Login Management.
[  OK  ] Mounted /run/media/boot_s32g2-mmcblk0p2.
[  OK  ] Started Network Configuration.
[  OK  ] Reached target Network.
[  OK  ] Started Netperf Benchmark Server.
         Starting Permit User Sessions...
[  OK  ] Started Xinetd A Powerful Replacement For Inetd.
[  OK  ] Finished Permit User Sessions.
[  OK  ] Started Getty on tty1.
[  OK  ] Started Serial Getty on ttyLF0.
[  OK  ] Reached target Login Prompts.
[  OK  ] Finished Load/Save OS Random Seed.
[  OK  ] Finished OpenSSH Key Generation.
[  OK  ] Started D-Bus System Message Bus.
[  OK  ] Reached target Multi-User System.
         Starting Record Runlevel Change in UTMP...
[  OK  ] Finished Record Runlevel Change in UTMP.

Auto Linux BSP 44.0 s32g274ardb2 ttyLF0

s32g274ardb2 login: root
root@s32g274ardb2:~# ^C
root@s32g274ardb2:~# ip link
1: lo: <LOOPBACK,UP,LOWER_UP> mtu 65536 qdisc noqueue state UNKNOWN mode DEFAULT group default qlen 1000
    link/loopback 00:00:00:00:00:00 brd 00:00:00:00:00:00
2: can0: <NOARP,ECHO> mtu 16 qdisc noop state DOWN mode DEFAULT group default qlen 10
    link/can
3: can1: <NOARP,ECHO> mtu 16 qdisc noop state DOWN mode DEFAULT group default qlen 10
    link/can
4: sit0@NONE: <NOARP> mtu 1480 qdisc noop state DOWN mode DEFAULT group default qlen 1000
    link/sit 0.0.0.0 brd 0.0.0.0
5: end0: <BROADCAST,MULTICAST,UP,LOWER_UP> mtu 1500 qdisc mq state UP mode DEFAULT group default qlen 1000
    link/ether 2a:cc:83:b7:f3:f4 brd ff:ff:ff:ff:ff:ff
6: pfe0: <BROADCAST,MULTICAST,UP,LOWER_UP> mtu 1536 qdisc pfifo_fast state UP mode DEFAULT group default qlen 1000
    link/ether 00:04:9f:be:ef:00 brd ff:ff:ff:ff:ff:ff
7: pfe2: <NO-CARRIER,BROADCAST,MULTICAST,UP> mtu 1500 qdisc pfifo_fast state DOWN mode DEFAULT group default qlen 1000
    link/ether 00:04:9f:be:ef:02 brd ff:ff:ff:ff:ff:ff
8: p1@pfe0: <BROADCAST,MULTICAST> mtu 1500 qdisc noop state DOWN mode DEFAULT group default qlen 1000
    link/ether 00:04:9f:be:ef:00 brd ff:ff:ff:ff:ff:ff
9: p2@pfe0: <BROADCAST,MULTICAST> mtu 1500 qdisc noop state DOWN mode DEFAULT group default qlen 1000
    link/ether 00:04:9f:be:ef:00 brd ff:ff:ff:ff:ff:ff
10: p3@pfe0: <BROADCAST,MULTICAST> mtu 1500 qdisc noop state DOWN mode DEFAULT group default qlen 1000
    link/ether 00:04:9f:be:ef:00 brd ff:ff:ff:ff:ff:ff
11: trx5@pfe0: <BROADCAST,MULTICAST> mtu 1500 qdisc noop state DOWN mode DEFAULT group default qlen 1000
    link/ether 00:04:9f:be:ef:00 brd ff:ff:ff:ff:ff:ff
12: trx6@pfe0: <BROADCAST,MULTICAST> mtu 1500 qdisc noop state DOWN mode DEFAULT group default qlen 1000
    link/ether 00:04:9f:be:ef:00 brd ff:ff:ff:ff:ff:ff
13: trx7@pfe0: <BROADCAST,MULTICAST> mtu 1500 qdisc noop state DOWN mode DEFAULT group default qlen 1000
    link/ether 00:04:9f:be:ef:00 brd ff:ff:ff:ff:ff:ff
14: trx8@pfe0: <BROADCAST,MULTICAST> mtu 1500 qdisc noop state DOWN mode DEFAULT group default qlen 1000
    link/ether 00:04:9f:be:ef:00 brd ff:ff:ff:ff:ff:ff
15: trx9@pfe0: <BROADCAST,MULTICAST> mtu 1500 qdisc noop state DOWN mode DEFAULT group default qlen 1000
    link/ether 00:04:9f:be:ef:00 brd ff:ff:ff:ff:ff:ff
16: trx10@pfe0: <BROADCAST,MULTICAST> mtu 1500 qdisc noop state DOWN mode DEFAULT group default qlen 1000
    link/ether 00:04:9f:be:ef:00 brd ff:ff:ff:ff:ff:ff
root@s32g274ardb2:~# ifconfig
end0: flags=4163<UP,BROADCAST,RUNNING,MULTICAST>  mtu 1500
        inet 192.168.137.244  netmask 255.255.255.0  broadcast 192.168.137.255
        inet6 fe80::28cc:83ff:feb7:f3f4  prefixlen 64  scopeid 0x20<link>
        ether 2a:cc:83:b7:f3:f4  txqueuelen 1000  (Ethernet)
        RX packets 34  bytes 4024 (3.9 KiB)
        RX errors 0  dropped 0  overruns 0  frame 0
        TX packets 23  bytes 2478 (2.4 KiB)
        TX errors 0  dropped 0 overruns 0  carrier 0  collisions 0
        device interrupt 54  base 0xe000

lo: flags=73<UP,LOOPBACK,RUNNING>  mtu 65536
        inet 127.0.0.1  netmask 255.0.0.0
        inet6 ::1  prefixlen 128  scopeid 0x10<host>
        loop  txqueuelen 1000  (Local Loopback)
        RX packets 0  bytes 0 (0.0 B)
        RX errors 0  dropped 0  overruns 0  frame 0
        TX packets 0  bytes 0 (0.0 B)
        TX errors 0  dropped 0 overruns 0  carrier 0  collisions 0

pfe0: flags=4163<UP,BROADCAST,RUNNING,MULTICAST>  mtu 1536
        inet6 fe80::204:9fff:febe:ef00  prefixlen 64  scopeid 0x20<link>
        ether 00:04:9f:be:ef:00  txqueuelen 1000  (Ethernet)
        RX packets 0  bytes 0 (0.0 B)
        RX errors 0  dropped 0  overruns 0  frame 0
        TX packets 19  bytes 3490 (3.4 KiB)
        TX errors 0  dropped 0 overruns 0  carrier 0  collisions 0
        device memory 0x46000000-46ffffff

pfe2: flags=4099<UP,BROADCAST,MULTICAST>  mtu 1500
        ether 00:04:9f:be:ef:02  txqueuelen 1000  (Ethernet)
        RX packets 0  bytes 0 (0.0 B)
        RX errors 0  dropped 0  overruns 0  frame 0
        TX packets 0  bytes 0 (0.0 B)
        TX errors 0  dropped 0 overruns 0  carrier 0  collisions 0
        device memory 0x46000000-46ffffff

root@s32g274ardb2:~# ifconfig -a
can0: flags=128<NOARP>  mtu 16
        unspec 00-00-00-00-00-00-00-00-00-00-00-00-00-00-00-00  txqueuelen 10  (UNSPEC)
        RX packets 0  bytes 0 (0.0 B)
        RX errors 0  dropped 0  overruns 0  frame 0
        TX packets 0  bytes 0 (0.0 B)
        TX errors 0  dropped 0 overruns 0  carrier 0  collisions 0

can1: flags=128<NOARP>  mtu 16
        unspec 00-00-00-00-00-00-00-00-00-00-00-00-00-00-00-00  txqueuelen 10  (UNSPEC)
        RX packets 0  bytes 0 (0.0 B)
        RX errors 0  dropped 0  overruns 0  frame 0
        TX packets 0  bytes 0 (0.0 B)
        TX errors 0  dropped 0 overruns 0  carrier 0  collisions 0

end0: flags=4163<UP,BROADCAST,RUNNING,MULTICAST>  mtu 1500
        inet 192.168.137.244  netmask 255.255.255.0  broadcast 192.168.137.255
        inet6 fe80::28cc:83ff:feb7:f3f4  prefixlen 64  scopeid 0x20<link>
        ether 2a:cc:83:b7:f3:f4  txqueuelen 1000  (Ethernet)
        RX packets 36  bytes 4357 (4.2 KiB)
        RX errors 0  dropped 0  overruns 0  frame 0
        TX packets 24  bytes 2568 (2.5 KiB)
        TX errors 0  dropped 0 overruns 0  carrier 0  collisions 0
        device interrupt 54  base 0xe000

lo: flags=73<UP,LOOPBACK,RUNNING>  mtu 65536
        inet 127.0.0.1  netmask 255.0.0.0
        inet6 ::1  prefixlen 128  scopeid 0x10<host>
        loop  txqueuelen 1000  (Local Loopback)
        RX packets 0  bytes 0 (0.0 B)
        RX errors 0  dropped 0  overruns 0  frame 0
        TX packets 0  bytes 0 (0.0 B)
        TX errors 0  dropped 0 overruns 0  carrier 0  collisions 0

p1: flags=4098<BROADCAST,MULTICAST>  mtu 1500
        ether 00:04:9f:be:ef:00  txqueuelen 1000  (Ethernet)
        RX packets 0  bytes 0 (0.0 B)
        RX errors 0  dropped 0  overruns 0  frame 0
        TX packets 0  bytes 0 (0.0 B)
        TX errors 0  dropped 0 overruns 0  carrier 0  collisions 0

p2: flags=4098<BROADCAST,MULTICAST>  mtu 1500
        ether 00:04:9f:be:ef:00  txqueuelen 1000  (Ethernet)
        RX packets 0  bytes 0 (0.0 B)
        RX errors 0  dropped 0  overruns 0  frame 0
        TX packets 0  bytes 0 (0.0 B)
        TX errors 0  dropped 0 overruns 0  carrier 0  collisions 0

p3: flags=4098<BROADCAST,MULTICAST>  mtu 1500
        ether 00:04:9f:be:ef:00  txqueuelen 1000  (Ethernet)
        RX packets 0  bytes 0 (0.0 B)
        RX errors 0  dropped 0  overruns 0  frame 0
        TX packets 0  bytes 0 (0.0 B)
        TX errors 0  dropped 0 overruns 0  carrier 0  collisions 0

pfe0: flags=4163<UP,BROADCAST,RUNNING,MULTICAST>  mtu 1536
        inet6 fe80::204:9fff:febe:ef00  prefixlen 64  scopeid 0x20<link>
        ether 00:04:9f:be:ef:00  txqueuelen 1000  (Ethernet)
        RX packets 0  bytes 0 (0.0 B)
        RX errors 0  dropped 0  overruns 0  frame 0
        TX packets 20  bytes 3818 (3.7 KiB)
        TX errors 0  dropped 0 overruns 0  carrier 0  collisions 0
        device memory 0x46000000-46ffffff

pfe2: flags=4099<UP,BROADCAST,MULTICAST>  mtu 1500
        ether 00:04:9f:be:ef:02  txqueuelen 1000  (Ethernet)
        RX packets 0  bytes 0 (0.0 B)
        RX errors 0  dropped 0  overruns 0  frame 0
        TX packets 0  bytes 0 (0.0 B)
        TX errors 0  dropped 0 overruns 0  carrier 0  collisions 0
        device memory 0x46000000-46ffffff

sit0: flags=128<NOARP>  mtu 1480
        unspec 00-00-00-00-00-00-C4-9A-00-00-00-00-00-00-00-00  txqueuelen 1000  (UNSPEC)
        RX packets 0  bytes 0 (0.0 B)
        RX errors 0  dropped 0  overruns 0  frame 0
        TX packets 0  bytes 0 (0.0 B)
        TX errors 0  dropped 0 overruns 0  carrier 0  collisions 0

trx5: flags=4098<BROADCAST,MULTICAST>  mtu 1500
        ether 00:04:9f:be:ef:00  txqueuelen 1000  (Ethernet)
        RX packets 0  bytes 0 (0.0 B)
        RX errors 0  dropped 0  overruns 0  frame 0
        TX packets 0  bytes 0 (0.0 B)
        TX errors 0  dropped 0 overruns 0  carrier 0  collisions 0

trx6: flags=4098<BROADCAST,MULTICAST>  mtu 1500
        ether 00:04:9f:be:ef:00  txqueuelen 1000  (Ethernet)
        RX packets 0  bytes 0 (0.0 B)
        RX errors 0  dropped 0  overruns 0  frame 0
        TX packets 0  bytes 0 (0.0 B)
        TX errors 0  dropped 0 overruns 0  carrier 0  collisions 0

trx7: flags=4098<BROADCAST,MULTICAST>  mtu 1500
        ether 00:04:9f:be:ef:00  txqueuelen 1000  (Ethernet)
        RX packets 0  bytes 0 (0.0 B)
        RX errors 0  dropped 0  overruns 0  frame 0
        TX packets 0  bytes 0 (0.0 B)
        TX errors 0  dropped 0 overruns 0  carrier 0  collisions 0

trx8: flags=4098<BROADCAST,MULTICAST>  mtu 1500
        ether 00:04:9f:be:ef:00  txqueuelen 1000  (Ethernet)
        RX packets 0  bytes 0 (0.0 B)
        RX errors 0  dropped 0  overruns 0  frame 0
        TX packets 0  bytes 0 (0.0 B)
        TX errors 0  dropped 0 overruns 0  carrier 0  collisions 0

trx9: flags=4098<BROADCAST,MULTICAST>  mtu 1500
        ether 00:04:9f:be:ef:00  txqueuelen 1000  (Ethernet)
        RX packets 0  bytes 0 (0.0 B)
        RX errors 0  dropped 0  overruns 0  frame 0
        TX packets 0  bytes 0 (0.0 B)
        TX errors 0  dropped 0 overruns 0  carrier 0  collisions 0

trx10: flags=4098<BROADCAST,MULTICAST>  mtu 1500
        ether 00:04:9f:be:ef:00  txqueuelen 1000  (Ethernet)
        RX packets 0  bytes 0 (0.0 B)
        RX errors 0  dropped 0  overruns 0  frame 0
        TX packets 0  bytes 0 (0.0 B)
        TX errors 0  dropped 0 overruns 0  carrier 0  collisions 0

root@s32g274ardb2:~# ^C
root@s32g274ardb2:~# ping 8.8.8.8
PING 8.8.8.8 (8.8.8.8) 56(84) bytes of data.
64 bytes from 8.8.8.8: icmp_seq=1 ttl=114 time=50.9 ms
64 bytes from 8.8.8.8: icmp_seq=2 ttl=114 time=55.9 ms
64 bytes from 8.8.8.8: icmp_seq=3 ttl=114 time=55.0 ms
64 bytes from 8.8.8.8: icmp_seq=4 ttl=114 time=55.6 ms
64 bytes from 8.8.8.8: icmp_seq=5 ttl=114 time=51.8 ms
64 bytes from 8.8.8.8: icmp_seq=6 ttl=114 time=54.1 ms
^C
--- 8.8.8.8 ping statistics ---
6 packets transmitted, 6 received, 0% packet loss, time 5006ms
rtt min/avg/max/mdev = 50.857/53.878/55.934/1.909 ms
root@s32g274ardb2:~# ^C
root@s32g274ardb2:~#
root@s32g274ardb2:~#
root@s32g274ardb2:~# #     
root@s32g274ardb2:~# df -h
Filesystem      Size  Used Avail Use% Mounted on
/dev/root       621M  471M  103M  83% /
devtmpfs        1.8G     0  1.8G   0% /dev
tmpfs           2.0G     0  2.0G   0% /dev/shm
tmpfs           782M  9.4M  773M   2% /run
tmpfs           2.0G  4.0K  2.0G   1% /tmp
tmpfs           2.0G  184K  2.0G   1% /var/volatile
tmpfs           2.0G     0  2.0G   0% /var/volatile/tmp
/dev/mmcblk0p2   64M   15M   49M  24% /run/media/boot_s32g2-mmcblk0p2
tmpfs           391M  4.0K  391M   1% /run/user/0
root@s32g274ardb2:~# ^C
root@s32g274ardb2:~# cat /proc/partitions
major minor  #blocks  name

 179        0   31260672 mmcblk0
 179        1       4096 mmcblk0p1
 179        2      65536 mmcblk0p2
 179        3     696320 mmcblk0p3
root@s32g274ardb2:~# ^C
root@s32g274ardb2:~# tc
-sh: tc: command not found
root@s32g274ardb2:~# ptp4l
no interface specified

usage: ptp4l [options]

 Delay Mechanism

 -A        Auto, starting with E2E
 -E        E2E, delay request-response (default)
 -P        P2P, peer delay mechanism

 Network Transport

 -2        IEEE 802.3
 -4        UDP IPV4 (default)
 -6        UDP IPV6

 Time Stamping

 -H        HARDWARE (default)
 -S        SOFTWARE
 -L        LEGACY HW

 Other Options

 -f [file] read configuration from 'file'
 -i [dev]  interface device to use, for example 'eth0'
           (may be specified multiple times)
 -p [dev]  Clock device to use, default auto
           (ignored for SOFTWARE/LEGACY HW time stamping)
 -s        client only synchronization mode (overrides configuration file)
 -l [num]  set the logging level to 'num'
 -m        print messages to stdout
 -q        do not print messages to the syslog
 -v        prints the software version and exits
 -h        prints this message and exits

root@s32g274ardb2:~# ptp4l -h

usage: ptp4l [options]

 Delay Mechanism

 -A        Auto, starting with E2E
 -E        E2E, delay request-response (default)
 -P        P2P, peer delay mechanism

 Network Transport

 -2        IEEE 802.3
 -4        UDP IPV4 (default)
 -6        UDP IPV6

 Time Stamping

 -H        HARDWARE (default)
 -S        SOFTWARE
 -L        LEGACY HW

 Other Options

 -f [file] read configuration from 'file'
 -i [dev]  interface device to use, for example 'eth0'
           (may be specified multiple times)
 -p [dev]  Clock device to use, default auto
           (ignored for SOFTWARE/LEGACY HW time stamping)
 -s        client only synchronization mode (overrides configuration file)
 -l [num]  set the logging level to 'num'
 -m        print messages to stdout
 -q        do not print messages to the syslog
 -v        prints the software version and exits
 -h        prints this message and exits

root@s32g274ardb2:~# ptp4l -H
no interface specified

usage: ptp4l [options]

 Delay Mechanism

 -A        Auto, starting with E2E
 -E        E2E, delay request-response (default)
 -P        P2P, peer delay mechanism

 Network Transport

 -2        IEEE 802.3
 -4        UDP IPV4 (default)
 -6        UDP IPV6

 Time Stamping

 -H        HARDWARE (default)
 -S        SOFTWARE
 -L        LEGACY HW

 Other Options

 -f [file] read configuration from 'file'
 -i [dev]  interface device to use, for example 'eth0'
           (may be specified multiple times)
 -p [dev]  Clock device to use, default auto
           (ignored for SOFTWARE/LEGACY HW time stamping)
 -s        client only synchronization mode (overrides configuration file)
 -l [num]  set the logging level to 'num'
 -m        print messages to stdout
 -q        do not print messages to the syslog
 -v        prints the software version and exits
 -h        prints this message and exits

root@s32g274ardb2:~# iperf3
iperf3: parameter error - must either be a client (-c) or server (-s)

Usage: iperf3 [-s|-c host] [options]
Try `iperf3 --help' for more information.
root@s32g274ardb2:~# ^C
root@s32g274ardb2:~#
root@s32g274ardb2:~#
root@s32g274ardb2:~# root@s32g274ardb2:~# ls /sys/class/net/pfe0/device/ptp*
-sh: root@s32g274ardb2:~#: command not found
root@s32g274ardb2:~# /sys/class/net/pfe0/device/ptp0
-sh: /sys/class/net/pfe0/device/ptp0: No such file or directory
root@s32g274ardb2:~# ptp4l -i pfe0 -H -m
ptp4l[4526.868]: selected /dev/ptp0 as PTP clock
ptp4l[4526.881]: driver rejected most general HWTSTAMP filter
ptp4l[4526.882]: ioctl SIOCSHWTSTAMP failed: Device or resource busy
ptp4l[4526.882]: port 1 (pfe0): INITIALIZING to FAULTY on FAULT_DETECTED (FT_UNSPECIFIED)
ptp4l[4526.882]: port 0 (/var/run/ptp4l): INITIALIZING to LISTENING on INIT_COMPLETE
ptp4l[4526.882]: port 0 (/var/run/ptp4lro): INITIALIZING to LISTENING on INIT_COMPLETE

