16097288 bytes read in 678 ms (22.6 MiB/s)
Booting from mmc ...
59234 bytes read in 6 ms (9.4 MiB/s)
## Flattened Device Tree blob at 83000000
   Booting using the fdt blob at 0x83000000
   Using Device Tree in place at 0000000083000000, end 0000000083011761
   fixup: pfe1: update phy addr to 0x8
Failed to configure XPCS1_1
Failed to update XPCS1 for SerDes1

Starting kernel ...

[    0.000000] Booting Linux on physical CPU 0x0000000000 [0x410fd034]
[    0.000000] Linux version 6.6.85-rt53-g6208e1d0d7b5 (oe-user@oe-host) (aarch64-fsl-linux-gcc (GCC) 13.3.0, GNU ld (GNU Binutils) 2.42.0.20240723) #1 SMP PREEMPT Wed May 14 13:40:03 UTC 2025
[    0.000000] Machine model: NXP S32G2 Reference Design Board 2 (S32G-VNP-RDB2)
[    0.000000] earlycon: linflex0 at MMIO 0x00000000401c8000 (options '')
[    0.000000] printk: legacy bootconsole [linflex0] enabled
[    0.000000] OF: reserved mem: 0x0000000034000000..0x000000003407ffff (512 KiB) nomap non-reusable pfebufs@34000000
[    0.000000] OF: reserved mem: 0x0000000034080000..0x000000003409ffff (128 KiB) nomap non-reusable pfebufs@34080000
[    0.000000] Reserved memory: created DMA memory pool at 0x0000000083200000, size 3 MiB
[    0.000000] OF: reserved mem: initialized node pfebufs@83200000, compatible id shared-dma-pool
[    0.000000] OF: reserved mem: 0x0000000083200000..0x00000000835dffff (3968 KiB) nomap non-reusable pfebufs@83200000
[    0.000000] OF: reserved mem: 0x00000000835e0000..0x00000000835fffff (128 KiB) map non-reusable pfebufs@835e0000
[    0.000000] OF: reserved mem: 0x0000000084000000..0x0000000084ffffff (16384 KiB) nomap non-reusable shm@84000000
[    0.000000] OF: reserved mem: 0x00000000c0000000..0x00000000c03fffff (4096 KiB) nomap non-reusable shm@c0000000
[    0.000000] OF: reserved mem: 0x00000000c0400000..0x00000000c07fffff (4096 KiB) nomap non-reusable shm@c0400000
[    0.000000] OF: reserved mem: 0x00000000d0000000..0x00000000d000007f (0 KiB) nomap non-reusable shm@d0000000
[    0.000000] OF: reserved mem: 0x00000000d0000080..0x00000000d00000ff (0 KiB) nomap non-reusable shm@d0000080
[    0.000000] OF: reserved mem: 0x00000000ff600000..0x00000000ff7fffff (2048 KiB) nomap non-reusable atf@ff600000
[    0.000000] Zone ranges:
[    0.000000]   DMA      [mem 0x0000000080000000-0x00000000ffffffff]
[    0.000000]   DMA32    empty
[    0.000000]   Normal   [mem 0x0000000100000000-0x00000008ffffffff]
[    0.000000] Movable zone start for each node
[    0.000000] Early memory node ranges
[    0.000000]   node   0: [mem 0x0000000080000000-0x00000000831fffff]
[    0.000000]   node   0: [mem 0x0000000083200000-0x00000000835dffff]
[    0.000000]   node   0: [mem 0x00000000835e0000-0x0000000083ffffff]
[    0.000000]   node   0: [mem 0x0000000084000000-0x0000000084ffffff]
[    0.000000]   node   0: [mem 0x0000000085000000-0x00000000bfffffff]
[    0.000000]   node   0: [mem 0x00000000c0000000-0x00000000c07fffff]
[    0.000000]   node   0: [mem 0x00000000c0800000-0x00000000cfffffff]
[    0.000000]   node   0: [mem 0x00000000d0001000-0x00000000ff5fffff]
[    0.000000]   node   0: [mem 0x00000000ff600000-0x00000000ff7fffff]
[    0.000000]   node   0: [mem 0x00000000ff800000-0x00000000ffffffff]
[    0.000000]   node   0: [mem 0x0000000880000000-0x00000008ffffffff]
[    0.000000] Initmem setup node 0 [mem 0x0000000080000000-0x00000008ffffffff]
[    0.000000] On node 0, zone DMA: 1 pages in unavailable ranges
[    0.000000] cma: Reserved 256 MiB at 0x00000000ef600000 on node -1
[    0.000000] psci: probing for conduit method from DT.
[    0.000000] psci: PSCIv1.1 detected in firmware.
[    0.000000] psci: Using standard PSCI v0.2 function IDs
[    0.000000] psci: MIGRATE_INFO_TYPE not supported.
[    0.000000] psci: SMC Calling Convention v1.4
[    0.000000] percpu: Embedded 19 pages/cpu s40104 r8192 d29528 u77824
[    0.000000] Detected VIPT I-cache on CPU0
[    0.000000] CPU features: detected: GIC system register CPU interface
[    0.000000] CPU features: detected: ARM erratum 845719
[    0.000000] CPU features: detected: NXP erratum ERR050481 (TLBI by VA handled incorrectly)
[    0.000000] CPU features: detected: ARM errata 1165522, 1319367, 1530923, or 1530924
[    0.000000] alternatives: applying boot alternatives
[    0.000000] Kernel command line: console=ttyLF0,115200 root=/dev/mmcblk0p3 rootwait rw earlycon
[    0.000000] Dentry cache hash table entries: 524288 (order: 10, 4194304 bytes, linear)
[    0.000000] Inode-cache hash table entries: 262144 (order: 9, 2097152 bytes, linear)
[    0.000000] Built 1 zonelists, mobility grouping on.  Total pages: 1032191
[    0.000000] mem auto-init: stack:all(zero), heap alloc:off, heap free:off
[    0.000000] software IO TLB: area num 4.
[    0.000000] software IO TLB: mapped [mem 0x00000000eb600000-0x00000000ef600000] (64MB)
[    0.000000] Memory: 3738568K/4194300K available (9984K kernel code, 680K rwdata, 3048K rodata, 1856K init, 224K bss, 193588K reserved, 262144K cma-reserved)
[    0.000000] SLUB: HWalign=64, Order=0-3, MinObjects=0, CPUs=4, Nodes=1
[    0.000000] rcu: Preemptible hierarchical RCU implementation.
[    0.000000] rcu:     RCU event tracing is enabled.
[    0.000000] rcu:     RCU restricting CPUs from NR_CPUS=8 to nr_cpu_ids=4.
[    0.000000]  Trampoline variant of Tasks RCU enabled.
[    0.000000]  Tracing variant of Tasks RCU enabled.
[    0.000000] rcu: RCU calculated value of scheduler-enlistment delay is 25 jiffies.
[    0.000000] rcu: Adjusting geometry for rcu_fanout_leaf=16, nr_cpu_ids=4
[    0.000000] NR_IRQS: 64, nr_irqs: 64, preallocated irqs: 0
[    0.000000] GICv3: GIC: Using split EOI/Deactivate mode
[    0.000000] GICv3: 544 SPIs implemented
[    0.000000] GICv3: 0 Extended SPIs implemented
[    0.000000] GICv3: MBI range [167:182]
[    0.000000] GICv3: Using MBI frame 0x0000000050800000
[    0.000000] Root IRQ handler: gic_handle_irq
[    0.000000] GICv3: GICv3 features: 16 PPIs
[    0.000000] GICv3: CPU0: found redistributor 0 region 0:0x0000000050880000
[    0.000000] ITS: No ITS available, not enabling LPIs
[    0.000000] rcu: srcu_init: Setting srcu_struct sizes based on contention.
[    0.000000] arch_timer: cp15 timer(s) running at 5.00MHz (phys).
[    0.000000] clocksource: arch_sys_counter: mask: 0xffffffffffffff max_cycles: 0x127350b88, max_idle_ns: 440795202120 ns
[    0.000001] sched_clock: 56 bits at 5MHz, resolution 200ns, wraps every 4398046511100ns
[    0.008466] Console: colour dummy device 80x25
[    0.012523] Calibrating delay loop (skipped), value calculated using timer frequency.. 10.00 BogoMIPS (lpj=20000)
[    0.022727] pid_max: default: 32768 minimum: 301
[    0.027453] Mount-cache hash table entries: 8192 (order: 4, 65536 bytes, linear)
[    0.034719] Mountpoint-cache hash table entries: 8192 (order: 4, 65536 bytes, linear)
[    0.044346] RCU Tasks: Setting shift to 2 and lim to 1 rcu_task_cb_adjust=1 rcu_task_cpu_ids=4.
[    0.052719] RCU Tasks Trace: Setting shift to 2 and lim to 1 rcu_task_cb_adjust=1 rcu_task_cpu_ids=4.
[    0.062060] rcu: Hierarchical SRCU implementation.
[    0.066605] rcu:     Max phase no-delay instances is 1000.
[    0.072901] smp: Bringing up secondary CPUs ...
[    0.077731] Detected VIPT I-cache on CPU1
[    0.077818] GICv3: CPU1: found redistributor 1 region 0:0x00000000508a0000
[    0.077873] CPU1: Booted secondary processor 0x0000000001 [0x410fd034]
[    0.078658] Detected VIPT I-cache on CPU2
[    0.078734] GICv3: CPU2: found redistributor 100 region 0:0x00000000508c0000
[    0.078773] CPU2: Booted secondary processor 0x0000000100 [0x410fd034]
[    0.079469] Detected VIPT I-cache on CPU3
[    0.079518] GICv3: CPU3: found redistributor 101 region 0:0x00000000508e0000
[    0.079545] CPU3: Booted secondary processor 0x0000000101 [0x410fd034]
[    0.079636] smp: Brought up 1 node, 4 CPUs
[    0.135755] SMP: Total of 4 processors activated.
[    0.140425] CPU features: detected: 32-bit EL0 Support
[    0.145569] CPU features: detected: CRC32 instructions
[    0.150749] CPU: All CPU(s) started at EL2
[    0.154760] alternatives: applying system-wide alternatives
[    0.162433] devtmpfs: initialized
[    0.176000] clocksource: jiffies: mask: 0xffffffff max_cycles: 0xffffffff, max_idle_ns: 7645041785100000 ns
[    0.185362] futex hash table entries: 1024 (order: 4, 65536 bytes, linear)
[    0.201588] pinctrl core: initialized pinctrl subsystem
[    0.207416] NET: Registered PF_NETLINK/PF_ROUTE protocol family
[    0.214024] DMA: preallocated 512 KiB GFP_KERNEL pool for atomic allocations
[    0.220919] DMA: preallocated 512 KiB GFP_KERNEL|GFP_DMA pool for atomic allocations
[    0.228711] DMA: preallocated 512 KiB GFP_KERNEL|GFP_DMA32 pool for atomic allocations
[    0.236744] thermal_sys: Registered thermal governor 'step_wise'
[    0.236886] hw-breakpoint: found 6 breakpoint and 4 watchpoint registers.
[    0.249330] ASID allocator initialised with 65536 entries
[    0.254747] Serial: AMBA PL011 UART driver
[    0.258758] scmi_core: SCMI protocol bus registered
[    0.264886] scmi_protocol scmi_dev.1: Enabled polling mode TX channel - prot_id:16
[    0.272455] arm-scmi firmware:scmi: SCMI Notifications - Core Enabled.
[    0.278625] arm-scmi firmware:scmi: SCMI Protocol v2.0 'NXP:S32G274A' Firmware version 0x0
[    0.295744] /soc/interrupt-controller@50800000: Fixed dependency cycle(s) with /soc/interrupt-controller@50800000
[    0.307931] /soc/siul2@4009c000/siul2-pinctrl@4009c240: Fixed dependency cycle(s) with /soc/siul2@4009c000/siul2-pinctrl@4009c240/jtag_pins
[    0.330454] Modules: 28768 pages in range for non-PLT usage
[    0.330477] Modules: 520288 pages in range for PLT usage
[    0.336230] HugeTLB: registered 1.00 GiB page size, pre-allocated 0 pages
[    0.347886] HugeTLB: 0 KiB vmemmap can be freed for a 1.00 GiB page
[    0.354137] HugeTLB: registered 32.0 MiB page size, pre-allocated 0 pages
[    0.360904] HugeTLB: 0 KiB vmemmap can be freed for a 32.0 MiB page
[    0.367156] HugeTLB: registered 2.00 MiB page size, pre-allocated 0 pages
[    0.373924] HugeTLB: 0 KiB vmemmap can be freed for a 2.00 MiB page
[    0.380177] HugeTLB: registered 64.0 KiB page size, pre-allocated 0 pages
[    0.386945] HugeTLB: 0 KiB vmemmap can be freed for a 64.0 KiB page
[    0.402958] SCSI subsystem initialized
[    0.406515] usbcore: registered new interface driver usbfs
[    0.411794] usbcore: registered new interface driver hub
[    0.417096] usbcore: registered new device driver usb
[    0.422845] pps_core: LinuxPPS API ver. 1 registered
[    0.427381] pps_core: Software ver. 5.3.6 - Copyright 2005-2007 Rodolfo Giometti <giometti@linux.it>
[    0.436507] PTP clock support registered
[    0.441665] vgaarb: loaded
[    0.444304] clocksource: Switched to clocksource arch_sys_counter
[    0.458264] NET: Registered PF_INET protocol family
[    0.463013] IP idents hash table entries: 65536 (order: 7, 524288 bytes, linear)
[    0.473463] tcp_listen_portaddr_hash hash table entries: 2048 (order: 3, 32768 bytes, linear)
[    0.481655] Table-perturb hash table entries: 65536 (order: 6, 262144 bytes, linear)
[    0.489299] TCP established hash table entries: 32768 (order: 6, 262144 bytes, linear)
[    0.497440] TCP bind hash table entries: 32768 (order: 8, 1048576 bytes, linear)
[    0.505730] TCP: Hash tables configured (established 32768 bind 32768)
[    0.512062] UDP hash table entries: 2048 (order: 4, 65536 bytes, linear)
[    0.518635] UDP-Lite hash table entries: 2048 (order: 4, 65536 bytes, linear)
[    0.525930] NET: Registered PF_UNIX/PF_LOCAL protocol family
[    0.531829] RPC: Registered named UNIX socket transport module.
[    0.537328] RPC: Registered udp transport module.
[    0.542008] RPC: Registered tcp transport module.
[    0.546692] RPC: Registered tcp-with-tls transport module.
[    0.552161] RPC: Registered tcp NFSv4.1 backchannel transport module.
[    0.558620] PCI: CLS 0 bytes, default 64
[    0.563913] workingset: timestamp_bits=62 max_order=20 bucket_order=0
[    0.570600] fuse: init (API version 7.39)
[    0.574381] NET: Registered PF_ALG protocol family
[    0.579008] Block layer SCSI generic (bsg) driver version 0.4 loaded (major 248)
[    0.586340] io scheduler mq-deadline registered
[    0.590850] io scheduler kyber registered
[    0.594851] io scheduler bfq registered
[    0.603114] s32cc-siul2-pinctrl 4009c240.siul2-pinctrl: initialized s32 pinctrl driver
[    0.612529] s32cc-siul2-gpio 4009d700.siul2-gpio: No cache defaults, reading back from HW
[    0.620444] s32cc-siul2-gpio 4009d700.siul2-gpio: No cache defaults, reading back from HW
[    0.628926] gpio gpiochip0: Static allocation of GPIO base is deprecated, use dynamic allocation.
[    0.638422] s32cc-siul2-gpio 4009d700.siul2-gpio: No cache defaults, reading back from HW
[    0.646258] s32cc-siul2-gpio 4009d700.siul2-gpio: No cache defaults, reading back from HW
[    0.666326] printk: legacy console [ttyLF0] enabled000 (irq = 23, base_baud = 7812500) is a FSL_LINFLEX
[    0.666326] printk: legacy console [ttyLF0] enabled
[    0.676238] printk: legacy bootconsole [linflex0] disabled
[    0.676238] printk: legacy bootconsole [linflex0] disabled
[    0.689241] 401cc000.serial: ttyLF1 at MMIO 0x401cc000 (irq = 24, base_baud = 7812500) is a FSL_LINFLEX
[    0.700594] s32cc_fccu 4030c000.fccu: FCCU status is 0 (normal)
[    0.709757] sja1110-sw@1 enforce active low on GPIO handle
[    0.718291] spi-nor spi6.0: mx25uw51245g (65536 Kbytes)
[    0.724179] 8 fixed-partitions partitions found on MTD device 0.spi
[    0.730560] Creating 8 MTD partitions on "0.spi":
[    0.735348] 0x000000000000-0x000004000000 : "Flash-Image"
[    0.741214] 0x000000000000-0x0000000d0000 : "BL2"
[    0.746314] 0x0000000d0000-0x0000002a0000 : "FIP"
[    0.751418] 0x0000002a0000-0x0000002b0000 : "U-Boot-Env"
[    0.757141] 0x0000002b0000-0x000001380000 : "Kernel"
[    0.762518] 0x000001380000-0x0000013b0000 : "DTB"
[    0.767641] 0x0000013b0000-0x0000032c0000 : "Rootfs"
[    0.773012] 0x0000032c0000-0x000004000000 : "PFE-Firmware"
[    0.781048] vcan: Virtual CAN interface driver
[    0.785575] slcan: serial line CAN interface driver
[    0.790531] CAN device driver interface
[    0.795778] flexcan 401b4000.can: device registered (reg_base=(____ptrval____), irq(s):
[    0.803927] flexcan 401b4000.can:  30
[    0.807657] flexcan 401b4000.can:  31
[    0.811377] flexcan 401b4000.can:  32
[    0.815097] flexcan 401b4000.can:  33
[    0.818817] flexcan 401b4000.can: )
[    0.823384] flexcan 401be000.can: device registered (reg_base=(____ptrval____), irq(s):
[    0.831531] flexcan 401be000.can:  34
[    0.835261] flexcan 401be000.can:  35
[    0.838980] flexcan 401be000.can:  36
[    0.842700] flexcan 401be000.can:  37
[    0.846419] flexcan 401be000.can: )
[    0.850294] e100: Intel(R) PRO/100 Network Driver
[    0.855072] e100: Copyright(c) 1999-2006 Intel Corporation
[    0.860670] e1000: Intel(R) PRO/1000 Network Driver
[    0.865621] e1000: Copyright (c) 1999-2006 Intel Corporation.
[    0.871485] e1000e: Intel(R) PRO/1000 Network Driver
[    0.876524] e1000e: Copyright(c) 1999 - 2015 Intel Corporation.
[    0.882561] igb: Intel(R) Gigabit Ethernet Network Driver
[    0.888041] igb: Copyright (c) 2007-2014 Intel Corporation.
[    0.894971] hse-uio 40210000.mu0b: firmware not found
[    0.900751] usbcore: registered new interface driver uas
[    0.906185] usbcore: registered new interface driver usb-storage
[    0.913413] imx_usb 44064000.usb: No over current polarity defined
[    0.932338] ci_hdrc ci_hdrc.0: EHCI Host Controller
[    0.937471] ci_hdrc ci_hdrc.0: new USB bus registered, assigned bus number 1
[    0.960309] ci_hdrc ci_hdrc.0: USB 2.0 started, EHCI 1.00
[    0.965976] usb usb1: New USB device found, idVendor=1d6b, idProduct=0002, bcdDevice= 6.06
[    0.974373] usb usb1: New USB device strings: Mfr=3, Product=2, SerialNumber=1
[    0.981709] usb usb1: Product: EHCI Host Controller
[    0.986663] usb usb1: Manufacturer: Linux 6.6.85-rt53-g6208e1d0d7b5 ehci_hcd
[    0.993819] usb usb1: SerialNumber: ci_hdrc.0
[    0.998850] hub 1-0:1.0: USB hub found
[    1.002693] hub 1-0:1.0: 1 port detected
[    1.008586] s32cc-rtc 40060000.rtc: registered as rtc0
[    1.013839] s32cc-rtc 40060000.rtc: setting system clock to 1970-01-01T00:00:00 UTC (0)
[    1.022170] i2c_dev: i2c /dev entries driver
[    1.027077] s32cc-wdt 4010c000.watchdog: S32CC Watchdog Timer Registered. timeout=30s (nowayout=0)
[    1.036864] s32cc-wdt 40200000.watchdog: S32CC Watchdog Timer Registered. timeout=30s (nowayout=0)
[    1.046161] s32cc-wdt 40204000.watchdog: S32CC Watchdog Timer Registered. timeout=30s (nowayout=0)
[    1.055442] s32cc-wdt 40208000.watchdog: S32CC Watchdog Timer Registered. timeout=30s (nowayout=0)
[    1.066510] sdhci: Secure Digital Host Controller Interface driver
[    1.072819] sdhci: Copyright(c) Pierre Ossman
[    1.077249] sdhci-pltfm: SDHCI platform and OF driver helper
[    1.083281] SMCCC: SOC_ID: ARCH_SOC_ID not implemented, skipping ....
[    1.090504] hse 40211000.mu1b: interface mu1b not active
[    1.096566] usbcore: registered new interface driver usbhid
[    1.102224] usbhid: USB HID core driver
[    1.115651] mmc0: SDHCI controller on 402f0000.mmc [402f0000.mmc] using ADMA
[    1.122987] s32-adc 401f8000.adc: using dma0chan4 for ADC DMA transfers
[    1.130324] s32-adc 401f8000.adc: Device initialized successfully.
[    1.148549] s32-adc 402e8000.adc: using dma1chan16 for ADC DMA transfers
[    1.155881] s32-adc 402e8000.adc: Device initialized successfully.
[    1.157021] mmc0: new high speed SDHC card at address 0001
[    1.168181] hw perfevents: enabled with arates for GPIO recovery
[    1.346339] i2c i2c-2: using generic GPIOs for recovery
[    1.351736] i2c i2c-2: IMX I2C adapter registered
[    1.356561] i2c i2c-2: using dma1chan17 (tx) and dma1chan18 (rx) for DMA transfers
[    1.364961] i2c i2c-4: using pinctrl states for GPIO recovery
[    1.370857] i2c i2c-4: using generic GPIOs for recovery
[    1.377770] ina2xx 4-0040: power monitor ina231 (Rshunt = 1000 uOhm)
[    1.384275] i2c i2c-4: IMX I2C adapter registered
[    1.389103] i2c i2c-4: using dma1chan19 (tx) and dma1chan20 (rx) for DMA transfers
[    1.418149] phy-s32cc-serdes 40480000.serdes: Using mode 0 for SerDes subsystem
[    1.426056] phy-s32cc-serdes 44180000.serdes: Using mode 4 for SerDes subsystem
[    1.757259] s32cc-pcie 40400000.pcie: Failed to stabilize PHY link
[    1.763552] s32cc-pcie 40400000.pcie: Configuring as RootComplex
[    1.769693] s32cc-pcie 40400000.pcie: host bridge /soc/pcie@40400000 ranges:
[    1.776884] s32cc-pcie 40400000.pcie:       IO 0x5ffffe0000..0x5ffffeffff -> 0x0000000000
[    1.785201] s32cc-pcie 40400000.pcie:      MEM 0x5800000000..0x5ffffdffff -> 0x0000000000
[    1.793524] s32cc-pcie 40400000.pcie: Memory resource size exceeds max for 32 bits
[    2.801361] s32cc-pcie 40400000.pcie: Phy link never came up
[    2.807121] s32cc-pcie 40400000.pcie: Link Up failed, EndPoint may not be connected
[    2.814921] s32cc-pcie 40400000.pcie: iATU: unroll T, 6 ob, 4 ib, align 4K, limit 1024G
[    3.823242] s32cc-pcie 40400000.pcie: Phy link never came up
[    3.829000] s32cc-pcie 40400000.pcie: Link Up failed, EndPoint may not be connected
[    4.836424] s32cc-pcie 40400000.pcie: Phy link never came up
[    4.842747] s32cc-pcie 40400000.pcie: PCI host bridge to bus 0000:00
[    4.849212] pci_bus 0000:00: root bus resource [bus 00-ff]
[    4.854792] pci_bus 0000:00: root bus resource [io  0x0000-0xffff]
[    4.861071] pci_bus 0000:00: root bus resource [mem 0x5800000000-0x5ffffdffff] (bus address [0x00000000-0x7fffdffff])
[    4.871882] pci 0000:00:00.0: [1957:4002] type 01 class 0x060400
[    4.878003] pci 0000:00:00.0: reg 0x10: [mem 0x5800000000-0x58000fffff]
[    4.884735] pci 0000:00:00.0: reg 0x38: [mem 0x5800000000-0x580000ffff pref]
[    4.891990] pci 0000:00:00.0: supports D1
[    4.896065] pci 0000:00:00.0: PME# supported from D0 D1 D3hot D3cold
[    4.906200] pci 0000:00:00.0: BAR 0: assigned [mem 0x5800000000-0x58000fffff]
[    4.913461] pci 0000:00:00.0: BAR 6: assigned [mem 0x5800100000-0x580010ffff pref]
[    4.921154] pci 0000:00:00.0: PCI bridge to [bus 01-ff]
[    4.926829] pcieport 0000:00:00.0: PME: Signaling with IRQ 51
[    4.933978] s32cc-dwmac 4033c000.ethernet: IRQ eth_wake_irq not found
[    4.940542] s32cc-dwmac 4033c000.ethernet: IRQ eth_lpi not found
[    4.947643] s32cc-dwmac 4033c000.ethernet: User ID: 0x10, Synopsys ID: 0x51
[    4.954733] s32cc-dwmac 4033c000.ethernet:   DWMAC4/5
[    4.959787] s32cc-dwmac 4033c000.ethernet: DMA HW capability register supported
[    4.967217] s32cc-dwmac 4033c000.ethernet: RX Checksum Offload Engine supported
[    4.974638] s32cc-dwmac 4033c000.ethernet: TX Checksum insertion supported
[    4.981618] s32cc-dwmac 4033c000.ethernet: Wake-Up On Lan supported
[    4.988042] s32cc-dwmac 4033c000.ethernet: Enable RX Mitigation via HW Watchdog Timer
[    4.995995] s32cc-dwmac 4033c000.ethernet: Enabled L3L4 Flow TC (entries=8)
[    5.003081] s32cc-dwmac 4033c000.ethernet: Enabled RFS Flow TC (entries=10)
[    5.010198] s32cc-dwmac 4033c000.ethernet: Enabling HW TC (entries=256, max_off=256)
[    5.018066] s32cc-dwmac 4033c000.ethernet: Using 32/32 bits DMA host/device width
[    5.032326] hwmon hwmon1: temp1_input not attached to any thermal zone
[    5.041685] qoriq_thermal 400a8000.tmu: Critical rising/falling temperature threshold = 5 degree(s)
[    5.056374] nxp_s32cc_ddr_perf 403e0000.ddr-perf: probing device
[    5.062866] nxp_s32cc_ddr_perf 403e0000.ddr-perf: device initialized successfully
[    5.070795] clk: Disabling unused clocks
[    5.118343] EXT4-fs (mmcblk0p3): mounted filesystem 334337ee-4ee1-4973-8ea9-18ae9df370dc r/w with ordered data mode. Quota mode: disabled.
[    5.130482] VFS: Mounted root (ext4 filesystem) on device 179:3.
[    5.137108] devtmpfs: mounted
[    5.140462] Freeing unused kernel memory: 1856K
[    5.144804] Run /sbin/init as init process
[    5.694264] systemd[1]: System time before build time, advancing clock.
[    5.773816] systemd[1]: systemd 255.13^ running in system mode (+PAM -AUDIT -SELINUX -APPARMOR +IMA -SMACK +SECCOMP -GCRYPT -GNUTLS -OPENSSL +ACL +BLKID -CURL -ELFUTILS -FIDO2 -IDN2 -IDN -IPTC +KMOD -LIBCRYPTSETUP +LIBFDISK -PCRE2 -PWQUALITY -P11KIT -QRENCODE -TPM2 -BZIP2 -LZ4 -XZ -ZLIB +ZSTD -BPF_FRAMEWORK +XKBCOMMON +UTMP +SYSVINIT default-hierarchy=unified)
[    5.805332] systemd[1]: Detected architecture arm64.

Welcome to Auto Linux BSP 44.0 (scarthgap)!

[    5.834668] systemd[1]: Hostname set to <s32g274ardb2>.
[    5.847943] systemd[1]: Initializing machine ID from random generator.
[    6.464400] systemd[1]: Queued start job for default target Multi-User System.
[    6.483189] systemd[1]: Created slice Slice /system/getty.
[  OK  ] Created slice Slice /system/getty.
[    6.505845] systemd[1]: Created slice Slice /system/modprobe.
[  OK  ] Created slice Slice /system/modprobe.
[    6.529778] systemd[1]: Created slice Slice /system/serial-getty.
[  OK  ] Created slice Slice /system/serial-getty.
[    6.553262] systemd[1]: Created slice User and Session Slice.
[  OK  ] Created slice User and Session Slice.
[    6.576777] systemd[1]: Started Dispatch Password Requests to Console Directory Watch.
[  OK  ] Started Dispatch Password Requests to Console Directory Watch.
[    6.604645] systemd[1]: Started Forward Password Requests to Wall Directory Watch.
[  OK  ] Started Forward Password Requests to Wall Directory Watch.
[    6.628626] systemd[1]: Reached target Path Units.
[  OK  ] Reached target Path Units.
[    6.648443] systemd[1]: Reached target Remote File Systems.
[  OK  ] Reached target Remote File Systems.
[    6.668444] systemd[1]: Reached target Slice Units.
[  OK  ] Reached target Slice Units.
[    6.688487] systemd[1]: Reached target Swaps.
[  OK  ] Reached target Swaps.
[    6.745441] systemd[1]: Listening on RPCbind Server Activation Socket.
[  OK  ] Listening on RPCbind Server Activation Socket.
[    6.768696] systemd[1]: Reached target RPC Port Mapper.
[  OK  ] Reached target RPC Port Mapper.
[    6.795880] systemd[1]: Listening on Syslog Socket.
[  OK  ] Listening on Syslog Socket.
[    6.816889] systemd[1]: Listening on initctl Compatibility Named Pipe.
[  OK  ] Listening on initctl Compatibility Named Pipe.
[    6.847325] systemd[1]: Journal Audit Socket was skipped because of an unmet condition check (ConditionSecurity=audit).
[    6.858488] systemd[1]: Listening on Journal Socket (/dev/log).
[  OK  ] Listening on Journal Socket (/dev/log).
[    6.881198] systemd[1]: Listening on Journal Socket.
[  OK  ] Listening on Journal Socket.
[    6.901417] systemd[1]: Listening on Network Service Netlink Socket.
[  OK  ] Listening on Network Service Netlink Socket.
[    6.938271] systemd[1]: Listening on udev Control Socket.
[  OK  ] Listening on udev Control Socket.
[    6.961137] systemd[1]: Listening on udev Kernel Socket.
[  OK  ] Listening on udev Kernel Socket.
[    6.981144] systemd[1]: Listening on User Database Manager Socket.
[  OK  ] Listening on User Database Manager Socket.
[    7.032531] systemd[1]: Mounting Huge Pages File System...
         Mounting Huge Pages File System...
[    7.052910] systemd[1]: POSIX Message Queue File System was skipped because of an unmet condition check (ConditionPathExists=/proc/sys/fs/mqueue).
[    7.090498] systemd[1]: Mounting Kernel Debug File System...
         Mounting Kernel Debug File System...
[    7.113032] systemd[1]: Kernel Trace File System was skipped because of an unmet condition check (ConditionPathExists=/sys/kernel/tracing).
[    7.126029] systemd[1]: Create List of Static Device Nodes was skipped because of an unmet condition check (ConditionFileNotEmpty=/lib/modules/6.6.85-rt53-g6208e1d0d7b5/modules.devname).
[    7.145967] systemd[1]: Starting Load Kernel Module configfs...
         Starting Load Kernel Module configfs...
[    7.172049] systemd[1]: Starting Load Kernel Module drm...
         Starting Load Kernel Module drm...
[    7.196128] systemd[1]: Starting Load Kernel Module fuse...
         Starting Load Kernel Module fuse...
[    7.248965] systemd[1]: Starting RPC Bind...
         Starting RPC Bind...
[    7.272677] systemd[1]: File System Check on Root Device was skipped because of an unmet condition check (ConditionPathIsReadWrite=!/).
[    7.291469] systemd[1]: Starting Journal Service...
         Starting Journal Service...
[    7.324386] systemd[1]: Starting Load Kernel Modules...
         Starting Load Kernel Modules...
[    7.347987] systemd[1]: Starting Generate network units from Kernel command line...
         Starting Generate network units from Kernel command line...
[    7.371814] sja1110: loading out-of-tree module taints kernel.
[    7.377844] SPI driver sja1110 has no spi_device_id for nxp,sja1110-switch
[    7.384573] SPI driver sja1110 has no spi_device_id for nxp,sja1110-uc
[    7.390978] sja1110 spi5.0: probing uc
[    7.394701] sja1110 spi5.1: probing switch
[    7.399032] sja1110 spi5.1: Could not get GPIO from device tree
[    7.404563] sja1110 spi5.1: [sja1110_post_probe_upload_worker] Trying to initialize switch
[    7.413778] sja1110 spi5.1: Direct firmware load for sja1110_switch.bin failed with error -2
[    7.416934] systemd-journald[126]: Collecting audit messages is disabled.
[    7.418015] systemd[1]: Starting Remount Root and Kernel File Systems...
[    7.421902] sja1110 spi5.1: request_firmware failed with -2
[    7.440845] sja1110 spi5.0: [sja1110_post_probe_upload_worker] Trying to initialize uC
[    7.440948] sja1110 spi5.0: Direct firmware load for sja1110_uc.bin failed with error -2
[    7.440963] sja1110 spi5.0: request_firmware failed with -2
         Starting Remount Root and Kernel File Systems...
[    7.496897] systemd[1]: Starting Create Static Device Nodes in /dev gracefully...
         Starting Create Static Device Nodes in /dev gracefully...
[    7.531278] systemd[1]: Starting Coldplug All udev Devices...
         Starting Coldplug All udev Devices...
[    7.564834] EXT4-fs (mmcblk0p3): re-mounted 334337ee-4ee1-4973-8ea9-18ae9df370dc r/w. Quota mode: disabled.
[    7.566017] systemd[1]: Started RPC Bind.
[  OK  ] Started RPC Bind.
[    7.594962] systemd[1]: Started Journal Service.
[  OK  ] Started Journal Service.
[  OK  ] Mounted Huge Pages File System.
[  OK  ] Mounted Kernel Debug File System.
[  OK  ] Finished Load Kernel Module configfs.
[  OK  ] Finished Load Kernel Module drm.
[  OK  ] Finished Load Kernel Module fuse.
[  OK  ] Finished Load Kernel Modules.
[  OK  ] Finished Generate network units from Kernel command line.
[  OK  ] Finished Remount Root and Kernel File Systems.
[  OK  ] Finished Create Static Device Nodes in /dev gracefully.
         Mounting FUSE Control File System...
         Mounting Kernel Configuration File System...
         Starting Flush Journal to Persistent Storage...
         Starting Apply Kernel Variables...
         Starting Create System Users...
[  OK  ] Mounted FUSE Control File System.
[    7.936793] systemd-journald[126]: Received client request to flush runtime journal.
[  OK  ] Mounted Kernel Configuration File System.
[  OK  ] Finished Flush Journal to Persistent Storage.
[  OK  ] Finished Apply Kernel Variables.
         Starting User Database Manager...
[  OK  ] Finished Coldplug All udev Devices.
[  OK  ] Started User Database Manager.
[  OK  ] Finished Create System Users.
         Starting Create Static Device Nodes in /dev...
[  OK  ] Finished Create Static Device Nodes in /dev.
[  OK  ] Reached target Preparation for Local File Systems.
         Mounting /tmp...
         Mounting /var/volatile...
         Starting Rule-based Manager for Device Events and Files...
[  OK  ] Mounted /tmp.
[  OK  ] Mounted /var/volatile.
         Mounting /var/volatile/tmp...
         Starting Load/Save OS Random Seed...
[  OK  ] Mounted /var/volatile/tmp.
[  OK  ] Reached target Local File Systems.
         Starting Rebuild Dynamic Linker Cache...
         Starting Create System Files and Directories...
[  OK  ] Started Rule-based Manager for Device Events and Files.
[    8.766774] s32cc-dwmac 4033c000.ethernet end0: renamed from eth0
[  OK  ] Finished Create System Files and Directories.
         Starting Rebuild Journal Catalog...
         Starting Network Name Resolution...
         Starting Network Time Synchronization...
         Starting Record System Boot/Shutdown in UTMP...
[  OK  ] Finished Rebuild Journal Catalog.
[  OK  ] Finished Record System Boot/Shutdown in UTMP.
[    9.388598] pfeng 46000000.pfe: PFEng ethernet driver loading ...
[    9.394627] pfeng 46000000.pfe: Version: 1.9.0
[    9.399999] pfeng 46000000.pfe: Driver commit hash: M4_DRIVER_COMMIT_HASH
[    9.406870] pfeng 46000000.pfe: Multi instance support: disabled (standalone)
[    9.413798] pfeng 46000000.pfe: Compiled by: 13.3.0
[    9.418529] pfeng 46000000.pfe: Cbus addr 0x46000000 size 0x1000000
[    9.425119] pfeng 46000000.pfe: nxp,fw-class-name: s32g_pfe_class.fw
[    9.431307] pfeng 46000000.pfe: nxp,fw-util-name: s32g_pfe_util.fw
[    9.438021] pfeng 46000000.pfe: netif name: pfe0
[    9.442541] pfeng 46000000.pfe: DT mac addr: 00:04:9f:be:ef:00
[    9.448447] pfeng 46000000.pfe: netif(pfe0) linked phyif: 0
[    9.453878] pfeng 46000000.pfe: netif(pfe0) mode: std
[    9.459134] pfeng 46000000.pfe: netif(pfe0) HIFs: count 1 map 01
[    9.464975] pfeng 46000000.pfe: EMAC0 interface mode: 4
[    9.470719] pfeng 46000000.pfe: netif name: pfe1
[    9.476345] pfeng 46000000.pfe: DT mac addr: 00:04:9f:be:ef:01
[    9.482207] pfeng 46000000.pfe: netif(pfe1) linked phyif: 1
[    9.487653] pfeng 46000000.pfe: netif(pfe1) mode: std
[    9.492846] pfeng 46000000.pfe: netif(pfe1) HIFs: count 1 map 02
[    9.498901] pfeng 46000000.pfe: EMAC1 interface mode: 4
[    9.503962] pfeng 46000000.pfe: netif name: pfe2
[    9.508664] pfeng 46000000.pfe: DT mac addr: 00:04:9f:be:ef:02
[    9.514365] pfeng 46000000.pfe: netif(pfe2) linked phyif: 2
[    9.519848] pfeng 46000000.pfe: netif(pfe2) mode: std
[    9.525100] pfeng 46000000.pfe: netif(pfe2) HIFs: count 1 map 04
[    9.530998] pfeng 46000000.pfe: EMAC2 interface mode: 10
[    9.536760] pfeng 46000000.pfe: HIF channels mask: 0x0007
[    9.541850] pfeng 46000000.pfe: PFE port coherency enabled, mask 0x1e
[    9.548799] pfeng 46000000.pfe: Clocks: sys=300MHz pe=600MHz
[    9.554813] pfeng 46000000.pfe: Interface selected: EMAC0: 0x4 EMAC1: 0x4 EMAC2: 0xa
[    9.562422] pfeng 46000000.pfe: PFE controller reset done
[    9.567640] pfeng 46000000.pfe: TX clock on EMAC0 for interface sgmii installed
[    9.574878] pfeng 46000000.pfe: RX clock on EMAC0 for interface sgmii installed
[    9.582164] pfeng 46000000.pfe: TX clock on EMAC1 for interface sgmii installed
[    9.589460] pfeng 46000000.pfe: RX clock on EMAC1 for interface sgmii installed
[    9.596762] pfeng 46000000.pfe: TX clock on EMAC2 for interface rgmii-id installed
[    9.604444] pfeng 46000000.pfe: RX clock on EMAC2 for interface rgmii-id installed
[    9.612082] pfeng 46000000.pfe: assigned reserved memory node pfebufs@34000000
[    9.612159] pfeng 46000000.pfe: assigned reserved memory node pfebufs@34080000
[    9.612239] pfeng 46000000.pfe: assigned reserved memory node pfebufs@83200000
[    9.612284] pfeng 46000000.pfe: assigned reserved memory node pfebufs@835e0000
         Starting Virtual Console Setup...
[    9.674583] pfeng 46000000.pfe: Firmware: CLASS s32g_pfe_class.fw [45724 bytes]
[    9.682201] pfeng 46000000.pfe: Firmware: UTIL s32g_pfe_util.fw [23352 bytes]
[    9.689389] pfeng 46000000.pfe: PFE CBUS p0x46000000 mapped @ v0xffffffc082000000 (0x1000000 bytes)
[    9.698237] pfeng 46000000.pfe: Silicon S32G2
[    9.703482] pfeng 46000000.pfe: PFE_ERRORS:Parity instance created
[    9.709962] pfeng 46000000.pfe: PFE_ERRORS:Watchdog instance created
[    9.716319] pfeng 46000000.pfe: BMU1 buffer base: p0xc0000000
[    9.722650] pfeng 46000000.pfe: BMU2 buffer base: p0x34000000 (0x80000 bytes)
[    9.730766] pfeng 46000000.pfe: register IRQ 67 by name 'PFE BMU IRQ'
[    9.737308] pfeng 46000000.pfe: Firmware .elf detected
2[    9.737508] pfeng 46000000.pfe: BMU_EMPTY_INT (BMU @ p0x(____ptrval____)). Pool ready.
m[    9.742581] pfeng 46000000.pfe: Uploading CLASS firmware
 [    9.742592] pfeng 46000000.pfe: Selected FW loading OPs to load 8 PEs in parallel
 [    9.750744] pfeng 46000000.pfe: BMU_EMPTY_INT (BMU @ p0x(____ptrval____)). Pool ready.
OK  ] Started Network Time Synchronization.
[    9.776965] pfeng 46000000.pfe: pfe_ct.h file version"92367c0e25f21f49217a9b08168ad2c8"
[  OK  ] Started Network Name Resolution.
[    9.802427] pfeng 46000000.pfe: [FW VERSION] 1.11.0, Build: Apr  8 2025, 21:02:36 (nogitaaa), ID: 0x31454650
[    9.812238] pfeng 46000000.pfe: EMAC timestamp external mode bitmap: 0
[    9.818488] pfeng 46000000.pfe: Uploading UTIL firmware
[    9.823639] pfeng 46000000.pfe: Selected FW loading OPs to load 1 PEs in parallel
[    9.834768] pfeng 46000000.pfe: pfe_ct.h file version"92367c0e25f21f49217a9b08168ad2c8"
[    9.845331] pfeng 46000000.pfe: FW feature: drv_run_on_g3
[    9.850390] pfeng 46000000.pfe: FW feature: jumbo_frames
[    9.850410] pfeng 46000000.pfe: FW feature: ptp_qos_mapping
[    9.850417] pfeng 46000000.pfe: FW feature: software_vlan_table
[    9.850424] pfeng 46000000.pfe: FW feature: timestamping
[[    9.850430] pfeng 46000000.pfe: FW feature: qos_mapping
 pfeng 46000000.pfe: FW feature: core_functionality
[[    9.850443] pfeng 46000000.pfe: FW feature: extended_features
0[    9.850449] pfeng 46000000.pfe: FW feature: flexible_router
;[    9.850456] pfeng 46000000.pfe: FW feature: validate_hif_csum
3[    9.850463] pfeng 46000000.pfe: FW feature: err051211_workaround
2[    9.850469] pfeng 46000000.pfe: FW feature: IPsec
m[    9.850475] pfeng 46000000.pfe: FW feature: l2_bridge_aging
 [    9.850482] pfeng 46000000.pfe: FW feature: receive_malformed
 [    9.850488] pfeng 46000000.pfe: FW feature: ptp_conf_check
O[    9.850494] pfeng 46000000.pfe: FW feature: vlan_conf_check
K[    9.850501] pfeng 46000000.pfe: FW feature: hash_load_spread
 [    9.940215] pfeng 46000000.pfe: FW feature: ingress_vlan
  pfeng 46000000.pfe: FW feature: safety
[0m] Reached target [    9.952956] pfeng 46000000.pfe: VLAN ID incorrect or not set. Using default VLAN ID = 0x01.
Ho[    9.961421] pfeng 46000000.pfe: VLAN stats size incorrect or not set. Using default VLAN stats size = 20.
st [    9.971201] pfeng 46000000.pfe: Software vlan hash table @ p0x20001288
and [    9.978085] pfeng 46000000.pfe: Fall-back bridge domain @ 0x20000a8c (class)
N[    9.985253] pfeng 46000000.pfe: Default bridge domain @ 0x20000a84 (class)
etwork Na[    9.992817] pfeng 46000000.pfe: Routing table created, Hash Table @ p0x34080000, Pool @ p0x34088000 (65536 bytes)
me Lo[   10.003535] pfeng 46000000.pfe: Feature err051211_workaround: DISABLED
okups.
[  OK  ] Reached target    10.014477] pfeng 46000000.pfe: HIF0 enabled
;1;39mS[   10.019300] pfeng 46000000.pfe: HIF1 enabled
ystem T[   10.024164] pfeng 46000000.pfe: HIF2 enabled
i[   10.028567] pfeng 46000000.pfe: HIF3 not configured, skipped
m[   10.034278] pfeng 46000000.pfe: MDIO bus 0 disabled: Not found in DT
e[   10.040696] pfeng 46000000.pfe: MDIO bus 1 disabled: Not found in DT
 Set.
[   10.055771] pfeng 46000000.pfe: MDIO bus 2 enabled
[   10.060312] pfeng 46000000.pfe pfe0 (uninitialized): fixed link full duplex 2500Mbps not recognised
[   10.069295] phy-s32cc-serdes 44180000.serdes: Unstable RX detected on XPCS0
[   10.076168] pfeng 46000000.pfe pfe0 (uninitialized): Subscribe to HIF0
[   10.082666] pfeng 46000000.pfe pfe0 (uninitialized): Host LLTX disabled
[   10.089431] pfeng 46000000.pfe pfe0 (uninitialized): Enable HIF0
[   10.095251] pfeng 46000000.pfe pfe0 (uninitialized): setting MAC addr: 00:04:9f:be:ef:00
[   10.103323] pfeng 46000000.pfe pfe0 (uninitialized): PTP HW addend 0x80000000, max_adj configured to 46566128 ppb
[   10.113578] pfeng 46000000.pfe: IEEE1588: Input Clock: 200000000Hz, Output: 100000000Hz, Accuracy: 10.0ns
[   10.123773] pfeng 46000000.pfe pfe0 (uninitialized): Registered PTP HW clock successfully on EMAC0
[   10.133225] pfeng 46000000.pfe pfe0: registered
[   10.137519] phy-s32cc-serdes 44180000.serdes: Unstable RX detected on XPCS1
[   10.144316] pfeng 46000000.pfe pfe1 (uninitialized): Subscribe to HIF1
[[   10.150814] pfeng 46000000.pfe pfe1 (uninitialized): Host LLTX disabled
   10.157773] pfeng 46000000.pfe pfe1 (uninitialized): Enable HIF1
;[   10.163847] pfeng 46000000.pfe pfe1 (uninitialized): setting MAC addr: 00:04:9f:be:ef:01
3[   10.172015] pfeng 46000000.pfe pfe1 (uninitialized): PTP HW addend 0x80000000, max_adj configured to 46566128 ppb
2[   10.182341] pfeng 46000000.pfe: IEEE1588: Input Clock: 200000000Hz, Output: 100000000Hz, Accuracy: 10.0ns
m  OK     10.192633] pfeng 46000000.pfe pfe1 (uninitialized): Registered PTP HW clock successfully on EMAC1
0m] Finishe[   10.202511] pfeng 46000000.pfe pfe1: registered
d [   10.207239] pfeng 46000000.pfe pfe2 (uninitialized): Subscribe to HIF2
 pfeng 46000000.pfe pfe2 (uninitialized): Host LLTX disabled
[0;[   10.220704] pfeng 46000000.pfe pfe2 (uninitialized): Enable HIF2
1[   10.226778] pfeng 46000000.pfe pfe2 (uninitialized): setting MAC addr: 00:04:9f:be:ef:02
;[   10.234958] pfeng 46000000.pfe pfe2 (uninitialized): PTP HW addend 0x80000000, max_adj configured to 46566128 ppb
39[   10.245308] pfeng 46000000.pfe: IEEE1588: Input Clock: 200000000Hz, Output: 100000000Hz, Accuracy: 10.0ns
mVirtual [   10.255642] pfeng 46000000.pfe pfe2 (uninitialized): Registered PTP HW clock successfully on EMAC2
Console Set[   10.265556] pfeng 46000000.pfe pfe2: registered
up.
[  OK  ] Finished Rebuild Dynamic Linker Cache.
         Starting Update is Completed...
[  OK  ] Finished Update is Completed.
[  OK  ] Reached target System Initialization.
[  OK  ] Started Daily rotation of log files.
[  OK  ] Started Daily Cleanup of Temporary Directories.
[  OK  ] Reached target Timer Units.
[  OK  ] Listening on D-Bus System Message Bus Socket.
         Starting sshd.socket...
[  OK  ] Listening on sshd.socket.
[  OK  ] Reached target Socket Units.
[  OK  ] Reached target Basic System.
[  OK  ] Started Job spooling tools.
[  OK  ] Started Periodic Command Scheduler.
         Starting D-Bus System Message Bus...
         Starting IPv6 Packet Filtering Framework...
         Starting IPv4 Packet Filtering Framework...
[  OK  ] Started irqbalance daemon.
[  OK  ] Started Hardware RNG Entropy Gatherer Daemon.
[  OK  ] Started System Logging Service.
         Starting Resets System Activity Logs...
         Starting User Login Management...
         Starting OpenSSH Key Generation...
[  OK  ] Finished IPv6 Packet Filtering Framework.
[  OK  ] Finished IPv4 Packet Filtering Framework.
[  OK  ] Finished Resets System Activity Logs.
[  OK  ] Created slice Slice /system/systemd-fsck.
         Expecting device /dev/mmcblk0p2...
[  OK  ] Reached target Preparation for Network.
         Starting Network Configuration...
[  OK  ] Found device /dev/mmcblk0p2.
         Starting File System Check on /dev/mmcblk0p2...
[  OK  ] Started User Login Management.
[  OK  ] Finished File System Check on /dev/mmcblk0p2.
         Mounting /run/media/boot_s32g2-mmcblk0p2...
[  OK  ] Started Network Configuration.
[  OK  ] Reached target Network.
[  OK  ] Started Netperf Benchmark Server.
         Starting Permit User Sessions...
[  OK  ] Started Xinetd A Powerful Replacement For Inetd.
[  OK  ] Mounted /run/media/boot_s32g2-mmcblk0p2.
[  OK  ] Finished Permit User Sessions.
[  OK  ] Started Getty on tty1.
[  OK  ] Started Serial Getty on ttyLF0.
[  OK  ] Reached target Login Prompts.
[  OK  ] Finished Load/Save OS Random Seed.
[  OK  ] Started D-Bus System Message Bus.
[  OK  ] Reached target Multi-User System.
         Starting Record Runlevel Change in UTMP...
[  OK  ] Finished Record Runlevel Change in UTMP.
[  OK  ] Finished OpenSSH Key Generation.

Auto Linux BSP 44.0 s32g274ardb2 ttyLF0

s32g274ardb2 login: root
root@s32g274ardb2:~# which tc
/usr/sbin/tc
root@s32g274ardb2:~# ^C
root@s32g274ardb2:~#
root@s32g274ardb2:~#
root@s32g274ardb2:~# ifconfig end0 192.168.100.101 netmask 255.255.255.0 up
root@s32g274ardb2:~# ping -c 3 192.168.100.1
PING 192.168.100.1 (192.168.100.1) 56(84) bytes of data.

--- 192.168.100.1 ping statistics ---
3 packets transmitted, 0 received, 100% packet loss, time 2035ms

root@s32g274ardb2:~# ^C
root@s32g274ardb2:~# ping -c 3 192.168.100.1
PING 192.168.100.1 (192.168.100.1) 56(84) bytes of data.
64 bytes from 192.168.100.1: icmp_seq=1 ttl=128 time=17.5 ms
64 bytes from 192.168.100.1: icmp_seq=2 ttl=128 time=0.758 ms
64 bytes from 192.168.100.1: icmp_seq=3 ttl=128 time=0.771 ms

--- 192.168.100.1 ping statistics ---
3 packets transmitted, 3 received, 0% packet loss, time 2028ms
rtt min/avg/max/mdev = 0.758/6.344/17.503/7.890 ms
root@s32g274ardb2:~#
root@s32g274ardb2:~#
root@s32g274ardb2:~#
root@s32g274ardb2:~# tc qdisc del dev end0 root 2> /dev/null
root@s32g274ardb2:~# tc qdisc add dev end0 root handle 1: mqprio \
>     num_tc 3 \
>     map 2 2 1 0 2 2 2 2 2 2 2 2 2 2 2 2 \
>     queues 1@0 1@1 1@2 \
>     hw 0
root@s32g274ardb2:~# tc qdisc add dev end0 parent 1:2 cbs idleslope 10000 sendslope -990000 offload 1
root@s32g274ardb2:~# tc qdisc add dev end0 parent 1:3 cbs idleslope 20000 sendslope -980000 offload 1
root@s32g274ardb2:~# iperf3 -c 192.168.100.1 -u -b 20M -S 0x02 -t 60&
[1] 469
root@s32g274ardb2:~# Connecting to host 192.168.100.1, port 5201
[  5] local 192.168.100.101 port 39159 connected to 192.168.100.1 port 5201
[ ID] Interval           Transfer     Bitrate         Total Datagrams
[  5]   0.00-1.00   sec  2.38 MBytes  20.0 Mbits/sec  1725
[  5]   1.00-2.00   sec  2.30 MBytes  19.3 Mbits/sec  1666

root@s32g274ardb2:~# [  5]   2.00-3.00   sec  2.30 MBytes  19.3 Mbits/sec  1662

root@s32g274ardb2:~# [  5]   3.00-4.00   sec  2.23 MBytes  18.7 Mbits/sec  1615
# <서버_PC_IP>는 실제 윈도우 PC IP (192.168.100.1)로 변경
root@s32g274ardb2:~# # -t 60 : 60초 동안 테스트 실행
root@s32g274ardb2:~# iperf3 -c 192.168.100.1 -u -b 20M -S 0x01 -t 60[  5]   4.00-5.00   sec  2.30 MBytes  19.3 Mbits/sec  1662

iperf3: error - the server is busy running a test. try again later
root@s32g274ardb2:~# [  5]   5.00-6.00   sec  2.30 MBytes  19.3 Mbits/sec  1662
[  5]   6.00-7.00   sec  2.30 MBytes  19.3 Mbits/sec  1662
[  5]   7.00-8.00   sec  2.30 MBytes  19.3 Mbits/sec  1663
[  5]   8.00-9.00   sec  2.30 MBytes  19.3 Mbits/sec  1663
[  5]   9.00-10.00  sec  2.30 MBytes  19.3 Mbits/sec  1662
[  5]  10.00-11.00  sec  2.30 MBytes  19.3 Mbits/sec  1662
[  5]  11.00-12.00  sec  2.23 MBytes  18.7 Mbits/sec  1616
[  5]  12.00-13.00  sec  2.30 MBytes  19.3 Mbits/sec  1662
[  5]  13.00-14.00  sec  2.30 MBytes  19.3 Mbits/sec  1663
[  5]  14.00-15.00  sec  2.30 MBytes  19.3 Mbits/sec  1662
[  5]  15.00-16.00  sec  2.30 MBytes  19.3 Mbits/sec  1663
[  5]  16.00-17.00  sec  2.30 MBytes  19.3 Mbits/sec  1662
[  5]  17.00-18.00  sec  2.23 MBytes  18.7 Mbits/sec  1615
[  5]  18.00-19.00  sec  2.30 MBytes  19.3 Mbits/sec  1662
[  5]  19.00-20.00  sec  2.30 MBytes  19.3 Mbits/sec  1663
[  5]  20.00-21.00  sec  2.30 MBytes  19.3 Mbits/sec  1662
[  5]  21.00-22.00  sec  2.29 MBytes  19.2 Mbits/sec  1661
[  5]  22.00-23.00  sec  2.30 MBytes  19.3 Mbits/sec  1662
[  5]  23.00-24.00  sec  2.30 MBytes  19.3 Mbits/sec  1662
[  5]  24.00-25.00  sec  2.30 MBytes  19.3 Mbits/sec  1662
[  5]  25.00-26.00  sec  2.23 MBytes  18.7 Mbits/sec  1615
[  5]  26.00-27.00  sec  2.30 MBytes  19.3 Mbits/sec  1662
[  5]  27.00-28.00  sec  2.30 MBytes  19.3 Mbits/sec  1663
[  5]  28.00-29.00  sec  2.30 MBytes  19.3 Mbits/sec  1662
[  5]  29.00-30.00  sec  2.30 MBytes  19.3 Mbits/sec  1663
[  5]  30.00-31.00  sec  2.30 MBytes  19.3 Mbits/sec  1662
[  5]  31.00-32.00  sec  2.30 MBytes  19.3 Mbits/sec  1663
[  5]  32.00-33.00  sec  2.23 MBytes  18.7 Mbits/sec  1615
[  5]  33.00-34.00  sec  2.30 MBytes  19.3 Mbits/sec  1663
[  5]  34.00-35.00  sec  2.30 MBytes  19.3 Mbits/sec  1662
[  5]  35.00-36.00  sec  2.30 MBytes  19.3 Mbits/sec  1663
[  5]  36.00-37.00  sec  2.30 MBytes  19.3 Mbits/sec  1662
[  5]  37.00-38.00  sec  2.30 MBytes  19.3 Mbits/sec  1663
[  5]  38.00-39.00  sec  2.30 MBytes  19.3 Mbits/sec  1662
[  5]  39.00-40.00  sec  2.23 MBytes  18.7 Mbits/sec  1615
[  5]  40.00-41.00  sec  2.30 MBytes  19.3 Mbits/sec  1663
[  5]  41.00-42.00  sec  2.29 MBytes  19.2 Mbits/sec  1661
[  5]  42.00-43.00  sec  2.30 MBytes  19.3 Mbits/sec  1663
[  5]  43.00-44.00  sec  2.30 MBytes  19.3 Mbits/sec  1662
[  5]  44.00-45.00  sec  2.30 MBytes  19.3 Mbits/sec  1663
[  5]  45.00-46.00  sec  2.30 MBytes  19.3 Mbits/sec  1662
[  5]  46.00-47.00  sec  2.23 MBytes  18.7 Mbits/sec  1615
[  5]  47.00-48.00  sec  2.30 MBytes  19.3 Mbits/sec  1662
[  5]  48.00-49.00  sec  2.30 MBytes  19.3 Mbits/sec  1663
[  5]  49.00-50.00  sec  2.30 MBytes  19.3 Mbits/sec  1662
[  5]  50.00-51.00  sec  2.30 MBytes  19.3 Mbits/sec  1663
[  5]  51.00-52.00  sec  2.30 MBytes  19.3 Mbits/sec  1663
[  5]  52.00-53.00  sec  2.30 MBytes  19.3 Mbits/sec  1662
[  5]  53.00-54.00  sec  2.23 MBytes  18.7 Mbits/sec  1615
[  5]  54.00-55.00  sec  2.30 MBytes  19.3 Mbits/sec  1663
[  5]  55.00-56.00  sec  2.30 MBytes  19.3 Mbits/sec  1662
[  5]  56.00-57.00  sec  2.30 MBytes  19.3 Mbits/sec  1663
[  5]  57.00-58.00  sec  2.30 MBytes  19.3 Mbits/sec  1662
[  5]  58.00-59.00  sec  2.30 MBytes  19.3 Mbits/sec  1663
[  5]  59.00-60.02  sec  2.30 MBytes  19.0 Mbits/sec  1662
- - - - - - - - - - - - - - - - - - - - - - - - -
[ ID] Interval           Transfer     Bitrate         Jitter    Lost/Total Datagrams
[  5]   0.00-60.02  sec   137 MBytes  19.2 Mbits/sec  0.000 ms  0/99430 (0%)  sender
[  5]   0.00-60.02  sec   137 MBytes  19.2 Mbits/sec  0.885 ms  0/99364 (0%)  receiver

iperf Done.

[1]+  Done                    iperf3 -c 192.168.100.1 -u -b 20M -S 0x02 -t 60
root@s32g274ardb2:~#
root@s32g274ardb2:~#
root@s32g274ardb2:~#
root@s32g274ardb2:~#
root@s32g274ardb2:~#
root@s32g274ardb2:~#
root@s32g274ardb2:~#
root@s32g274ardb2:~# [  5]  48.00-49.00  sec  2.30 MBytes  19.3 Mbits/sec  1663
-sh: [: missing `]'
root@s32g274ardb2:~# # 이 명령어도 '&'를 붙여서 백그라운드에서 실행
root@s32g274ardb2:~# iperf3 -c 192.168.100.1 -u -b 20M -S 0x01 -t 60 &
[1] 474
root@s32g274ardb2:~# Connecting to host 192.168.100.1, port 5201
[  5] local 192.168.100.101 port 45746 connected to 192.168.100.1 port 5201
[ ID] Interval           Transfer     Bitrate         Total Datagrams
[  5]   0.00-1.00   sec  2.38 MBytes  20.0 Mbits/sec  1725
[  5]   1.00-2.00   sec  2.30 MBytes  19.3 Mbits/sec  1669
[  5]   2.00-3.00   sec  2.24 MBytes  18.8 Mbits/sec  1625
[  5]   3.00-4.00   sec  2.30 MBytes  19.3 Mbits/sec  1662
[  5]   4.00-5.00   sec  2.30 MBytes  19.3 Mbits/sec  1663
[  5]   5.00-6.00   sec  2.30 MBytes  19.3 Mbits/sec  1662
[  5]   6.00-7.00   sec  2.30 MBytes  19.3 Mbits/sec  1663
[  5]   7.00-8.00   sec  2.30 MBytes  19.3 Mbits/sec  1662
[  5]   8.00-9.00   sec  2.23 MBytes  18.7 Mbits/sec  1617
[  5]   9.00-10.00  sec  2.29 MBytes  19.2 Mbits/sec  1661
[  5]  10.00-11.00  sec  2.30 MBytes  19.3 Mbits/sec  1662
[  5]  11.00-12.00  sec  2.30 MBytes  19.3 Mbits/sec  1663
[  5]  12.00-13.00  sec  2.30 MBytes  19.3 Mbits/sec  1662
[  5]  13.00-14.00  sec  2.30 MBytes  19.3 Mbits/sec  1663
[  5]  14.00-15.00  sec  2.30 MBytes  19.3 Mbits/sec  1662
[  5]  15.00-16.00  sec  2.23 MBytes  18.7 Mbits/sec  1615
[  5]  16.00-17.00  sec  2.30 MBytes  19.3 Mbits/sec  1662
[  5]  17.00-18.00  sec  2.30 MBytes  19.3 Mbits/sec  1663
[  5]  18.00-19.00  sec  2.30 MBytes  19.3 Mbits/sec  1662
[  5]  19.00-20.00  sec  2.30 MBytes  19.3 Mbits/sec  1663
[  5]  20.00-21.00  sec  2.30 MBytes  19.3 Mbits/sec  1662
[  5]  21.00-22.00  sec  2.30 MBytes  19.3 Mbits/sec  1663
[  5]  22.00-23.00  sec  2.30 MBytes  19.3 Mbits/sec  1662
[  5]  23.00-24.00  sec  2.23 MBytes  18.7 Mbits/sec  1616
[  5]  24.00-25.00  sec  2.30 MBytes  19.3 Mbits/sec  1662
[  5]  25.00-26.00  sec  2.30 MBytes  19.3 Mbits/sec  1663
[  5]  26.00-27.00  sec  2.30 MBytes  19.3 Mbits/sec  1662
[  5]  27.00-28.00  sec  2.30 MBytes  19.3 Mbits/sec  1663
[  5]  28.00-29.00  sec  2.30 MBytes  19.3 Mbits/sec  1662
[  5]  29.00-30.00  sec  2.23 MBytes  18.7 Mbits/sec  1615
[  5]  30.00-31.00  sec  2.30 MBytes  19.3 Mbits/sec  1663
[  5]  31.00-32.00  sec  2.30 MBytes  19.3 Mbits/sec  1662
[  5]  32.00-33.00  sec  2.30 MBytes  19.3 Mbits/sec  1663
[  5]  33.00-34.00  sec  2.30 MBytes  19.3 Mbits/sec  1662
[  5]  34.00-35.00  sec  2.30 MBytes  19.3 Mbits/sec  1663
[  5]  35.00-36.00  sec  2.30 MBytes  19.3 Mbits/sec  1662
[  5]  36.00-37.00  sec  2.23 MBytes  18.7 Mbits/sec  1618
[  5]  37.00-38.00  sec  2.29 MBytes  19.2 Mbits/sec  1659
[  5]  38.00-39.00  sec  2.30 MBytes  19.3 Mbits/sec  1662
[  5]  39.00-40.00  sec  2.30 MBytes  19.3 Mbits/sec  1664
[  5]  40.00-41.00  sec  2.30 MBytes  19.3 Mbits/sec  1663
[  5]  41.00-42.00  sec  2.30 MBytes  19.3 Mbits/sec  1662
[  5]  42.00-43.00  sec  2.30 MBytes  19.3 Mbits/sec  1663
[  5]  43.00-44.00  sec  2.23 MBytes  18.7 Mbits/sec  1615
[  5]  44.00-45.00  sec  2.30 MBytes  19.3 Mbits/sec  1662
[  5]  45.00-46.00  sec  2.30 MBytes  19.3 Mbits/sec  1663
[  5]  46.00-47.00  sec  2.30 MBytes  19.3 Mbits/sec  1662
[  5]  47.00-48.00  sec  2.30 MBytes  19.3 Mbits/sec  1662
[  5]  48.00-49.00  sec  2.30 MBytes  19.3 Mbits/sec  1663
[  5]  49.00-50.00  sec  2.30 MBytes  19.3 Mbits/sec  1663
[  5]  50.00-51.00  sec  2.23 MBytes  18.7 Mbits/sec  1615
[  5]  51.00-52.00  sec  2.30 MBytes  19.3 Mbits/sec  1662
[  5]  52.00-53.00  sec  2.30 MBytes  19.3 Mbits/sec  1663
[  5]  53.00-54.00  sec  2.30 MBytes  19.3 Mbits/sec  1662
[  5]  54.00-55.00  sec  2.30 MBytes  19.3 Mbits/sec  1663
[  5]  55.00-56.00  sec  2.30 MBytes  19.3 Mbits/sec  1662
[  5]  56.00-57.00  sec  2.30 MBytes  19.3 Mbits/sec  1663
[  5]  57.00-58.00  sec  2.23 MBytes  18.7 Mbits/sec  1615
[  5]  58.00-59.00  sec  2.30 MBytes  19.3 Mbits/sec  1662
[  5]  59.00-60.00  sec  2.30 MBytes  19.2 Mbits/sec  1663
- - - - - - - - - - - - - - - - - - - - - - - - -
[ ID] Interval           Transfer     Bitrate         Jitter    Lost/Total Datagrams
[  5]   0.00-60.00  sec   137 MBytes  19.2 Mbits/sec  0.000 ms  0/99402 (0%)  sender
[  5]   0.00-60.00  sec   137 MBytes  19.2 Mbits/sec  0.791 ms  0/99342 (0%)  receiver

iperf Done.
NOTICE:  Reset status: Power-On Reset
NOTICE:  BL2: v2.10.14(release):bsp44.0-2.10.14
NOTICE:  BL2: Built : 08:13:32, May 13 2025
NOTICE:  BL2: Booting BL31


U-Boot 2022.04+g9a00323278+p0 (May 13 2025 - 06:57:56 +0000)

SoC:   NXP S32G274A rev. 2.1
CPU:   ARM Cortex-A53 r0p4 @ max 1000 MHz
Model: NXP S32G274A-RDB2
DRAM:  4 GiB
Core:  314 devices, 25 uclasses, devicetree: board
MMC:   FSL_SDHC: 0
Loading Environment from MMC... OK
s32cc_serdes_phy serdes@40480000: Using mode 0 for SerDes subsystem
pci_s32cc pcie@40400000: Could not set DEVICE ID
pci_s32cc pcie@40400000: Configuring as RootComplex
pci_s32cc pcie@40400000: Failed to get link up
In:    serial@401c8000
Out:   serial@401c8000
Err:   serial@401c8000
Board revision: RDB2/GLDBOX Revision E
PCIe:   BusDevFun       VendorId   DeviceId   Device Class       Sub-Class
__________________________________________________________________________
pcie@40400000 RootComplex
|   `-- 01:00.00        0x1957     0x4002     Bridge device           0x04
Net:
Warning: ethernet@4033c000 (eth0) using random MAC address - ca:09:51:8a:ef:4a
eth0: ethernet@4033c000
Found PFE version 0x50300 (S32G2)
pfeng pfeng-base: Uploading CLASS firmware
pfeng pfeng-base: EMAC0 block was initialized
pfeng pfeng-base: EMAC1 block was initialized
pfeng pfeng-base: EMAC2 block was initialized
pfeng pfeng-base: Enabling the CLASS block
pfeng pfeng-base: PFE Platform started successfully (mask: 7)
s32cc_serdes_phy serdes@44180000: Using mode 4 for SerDes subsystem
s32cc_serdes_phy serdes@44180000: Unstable RX detected on XPCS0
, eth1: pfe0s32cc_serdes_phy serdes@44180000: Unstable RX detected on XPCS1
, eth2: pfe1, eth3: pfe2
Hit any key to stop autoboot:  0
switch to partitions #0, OK
mmc0 is current device
16097288 bytes read in 678 ms (22.6 MiB/s)
Booting from mmc ...
59234 bytes read in 6 ms (9.4 MiB/s)
## Flattened Device Tree blob at 83000000
   Booting using the fdt blob at 0x83000000
   Using Device Tree in place at 0000000083000000, end 0000000083011761
   fixup: pfe1: update phy addr to 0x8
Failed to configure XPCS1_1
Failed to update XPCS1 for SerDes1

Starting kernel ...

[    0.000000] Booting Linux on physical CPU 0x0000000000 [0x410fd034]
[    0.000000] Linux version 6.6.85-rt53-g6208e1d0d7b5 (oe-user@oe-host) (aarch64-fsl-linux-gcc (GCC) 13.3.0, GNU ld (GNU Binutils) 2.42.0.20240723) #1 SMP PREEMPT Wed May 14 13:40:03 UTC 2025
[    0.000000] Machine model: NXP S32G2 Reference Design Board 2 (S32G-VNP-RDB2)
[    0.000000] earlycon: linflex0 at MMIO 0x00000000401c8000 (options '')
[    0.000000] printk: legacy bootconsole [linflex0] enabled
[    0.000000] OF: reserved mem: 0x0000000034000000..0x000000003407ffff (512 KiB) nomap non-reusable pfebufs@34000000
[    0.000000] OF: reserved mem: 0x0000000034080000..0x000000003409ffff (128 KiB) nomap non-reusable pfebufs@34080000
[    0.000000] Reserved memory: created DMA memory pool at 0x0000000083200000, size 3 MiB
[    0.000000] OF: reserved mem: initialized node pfebufs@83200000, compatible id shared-dma-pool
[    0.000000] OF: reserved mem: 0x0000000083200000..0x00000000835dffff (3968 KiB) nomap non-reusable pfebufs@83200000
[    0.000000] OF: reserved mem: 0x00000000835e0000..0x00000000835fffff (128 KiB) map non-reusable pfebufs@835e0000
[    0.000000] OF: reserved mem: 0x0000000084000000..0x0000000084ffffff (16384 KiB) nomap non-reusable shm@84000000
[    0.000000] OF: reserved mem: 0x00000000c0000000..0x00000000c03fffff (4096 KiB) nomap non-reusable shm@c0000000
[    0.000000] OF: reserved mem: 0x00000000c0400000..0x00000000c07fffff (4096 KiB) nomap non-reusable shm@c0400000
[    0.000000] OF: reserved mem: 0x00000000d0000000..0x00000000d000007f (0 KiB) nomap non-reusable shm@d0000000
[    0.000000] OF: reserved mem: 0x00000000d0000080..0x00000000d00000ff (0 KiB) nomap non-reusable shm@d0000080
[    0.000000] OF: reserved mem: 0x00000000ff600000..0x00000000ff7fffff (2048 KiB) nomap non-reusable atf@ff600000
[    0.000000] Zone ranges:
[    0.000000]   DMA      [mem 0x0000000080000000-0x00000000ffffffff]
[    0.000000]   DMA32    empty
[    0.000000]   Normal   [mem 0x0000000100000000-0x00000008ffffffff]
[    0.000000] Movable zone start for each node
[    0.000000] Early memory node ranges
[    0.000000]   node   0: [mem 0x0000000080000000-0x00000000831fffff]
[    0.000000]   node   0: [mem 0x0000000083200000-0x00000000835dffff]
[    0.000000]   node   0: [mem 0x00000000835e0000-0x0000000083ffffff]
[    0.000000]   node   0: [mem 0x0000000084000000-0x0000000084ffffff]
[    0.000000]   node   0: [mem 0x0000000085000000-0x00000000bfffffff]
[    0.000000]   node   0: [mem 0x00000000c0000000-0x00000000c07fffff]
[    0.000000]   node   0: [mem 0x00000000c0800000-0x00000000cfffffff]
[    0.000000]   node   0: [mem 0x00000000d0001000-0x00000000ff5fffff]
[    0.000000]   node   0: [mem 0x00000000ff600000-0x00000000ff7fffff]
[    0.000000]   node   0: [mem 0x00000000ff800000-0x00000000ffffffff]
[    0.000000]   node   0: [mem 0x0000000880000000-0x00000008ffffffff]
[    0.000000] Initmem setup node 0 [mem 0x0000000080000000-0x00000008ffffffff]
[    0.000000] On node 0, zone DMA: 1 pages in unavailable ranges
[    0.000000] cma: Reserved 256 MiB at 0x00000000ef600000 on node -1
[    0.000000] psci: probing for conduit method from DT.
[    0.000000] psci: PSCIv1.1 detected in firmware.
[    0.000000] psci: Using standard PSCI v0.2 function IDs
[    0.000000] psci: MIGRATE_INFO_TYPE not supported.
[    0.000000] psci: SMC Calling Convention v1.4
[    0.000000] percpu: Embedded 19 pages/cpu s40104 r8192 d29528 u77824
[    0.000000] Detected VIPT I-cache on CPU0
[    0.000000] CPU features: detected: GIC system register CPU interface
[    0.000000] CPU features: detected: ARM erratum 845719
[    0.000000] CPU features: detected: NXP erratum ERR050481 (TLBI by VA handled incorrectly)
[    0.000000] CPU features: detected: ARM errata 1165522, 1319367, 1530923, or 1530924
[    0.000000] alternatives: applying boot alternatives
[    0.000000] Kernel command line: console=ttyLF0,115200 root=/dev/mmcblk0p3 rootwait rw earlycon
[    0.000000] Dentry cache hash table entries: 524288 (order: 10, 4194304 bytes, linear)
[    0.000000] Inode-cache hash table entries: 262144 (order: 9, 2097152 bytes, linear)
[    0.000000] Built 1 zonelists, mobility grouping on.  Total pages: 1032191
[    0.000000] mem auto-init: stack:all(zero), heap alloc:off, heap free:off
[    0.000000] software IO TLB: area num 4.
[    0.000000] software IO TLB: mapped [mem 0x00000000eb600000-0x00000000ef600000] (64MB)
[    0.000000] Memory: 3738568K/4194300K available (9984K kernel code, 680K rwdata, 3048K rodata, 1856K init, 224K bss, 193588K reserved, 262144K cma-reserved)
[    0.000000] SLUB: HWalign=64, Order=0-3, MinObjects=0, CPUs=4, Nodes=1
[    0.000000] rcu: Preemptible hierarchical RCU implementation.
[    0.000000] rcu:     RCU event tracing is enabled.
[    0.000000] rcu:     RCU restricting CPUs from NR_CPUS=8 to nr_cpu_ids=4.
[    0.000000]  Trampoline variant of Tasks RCU enabled.
[    0.000000]  Tracing variant of Tasks RCU enabled.
[    0.000000] rcu: RCU calculated value of scheduler-enlistment delay is 25 jiffies.
[    0.000000] rcu: Adjusting geometry for rcu_fanout_leaf=16, nr_cpu_ids=4
[    0.000000] NR_IRQS: 64, nr_irqs: 64, preallocated irqs: 0
[    0.000000] GICv3: GIC: Using split EOI/Deactivate mode
[    0.000000] GICv3: 544 SPIs implemented
[    0.000000] GICv3: 0 Extended SPIs implemented
[    0.000000] GICv3: MBI range [167:182]
[    0.000000] GICv3: Using MBI frame 0x0000000050800000
[    0.000000] Root IRQ handler: gic_handle_irq
[    0.000000] GICv3: GICv3 features: 16 PPIs
[    0.000000] GICv3: CPU0: found redistributor 0 region 0:0x0000000050880000
[    0.000000] ITS: No ITS available, not enabling LPIs
[    0.000000] rcu: srcu_init: Setting srcu_struct sizes based on contention.
[    0.000000] arch_timer: cp15 timer(s) running at 5.00MHz (phys).
[    0.000000] clocksource: arch_sys_counter: mask: 0xffffffffffffff max_cycles: 0x127350b88, max_idle_ns: 440795202120 ns
[    0.000001] sched_clock: 56 bits at 5MHz, resolution 200ns, wraps every 4398046511100ns
[    0.008464] Console: colour dummy device 80x25
[    0.012525] Calibrating delay loop (skipped), value calculated using timer frequency.. 10.00 BogoMIPS (lpj=20000)
[    0.022727] pid_max: default: 32768 minimum: 301
[    0.027451] Mount-cache hash table entries: 8192 (order: 4, 65536 bytes, linear)
[    0.034719] Mountpoint-cache hash table entries: 8192 (order: 4, 65536 bytes, linear)
[    0.044345] RCU Tasks: Setting shift to 2 and lim to 1 rcu_task_cb_adjust=1 rcu_task_cpu_ids=4.
[    0.052716] RCU Tasks Trace: Setting shift to 2 and lim to 1 rcu_task_cb_adjust=1 rcu_task_cpu_ids=4.
[    0.062060] rcu: Hierarchical SRCU implementation.
[    0.066601] rcu:     Max phase no-delay instances is 1000.
[    0.072886] smp: Bringing up secondary CPUs ...
[    0.077721] Detected VIPT I-cache on CPU1
[    0.077807] GICv3: CPU1: found redistributor 1 region 0:0x00000000508a0000
[    0.077861] CPU1: Booted secondary processor 0x0000000001 [0x410fd034]
[    0.078651] Detected VIPT I-cache on CPU2
[    0.078726] GICv3: CPU2: found redistributor 100 region 0:0x00000000508c0000
[    0.078765] CPU2: Booted secondary processor 0x0000000100 [0x410fd034]
[    0.079464] Detected VIPT I-cache on CPU3
[    0.079509] GICv3: CPU3: found redistributor 101 region 0:0x00000000508e0000
[    0.079532] CPU3: Booted secondary processor 0x0000000101 [0x410fd034]
[    0.079624] smp: Brought up 1 node, 4 CPUs
[    0.135741] SMP: Total of 4 processors activated.
[    0.140412] CPU features: detected: 32-bit EL0 Support
[    0.145554] CPU features: detected: CRC32 instructions
[    0.150743] CPU: All CPU(s) started at EL2
[    0.154747] alternatives: applying system-wide alternatives
[    0.162429] devtmpfs: initialized
[    0.175989] clocksource: jiffies: mask: 0xffffffff max_cycles: 0xffffffff, max_idle_ns: 7645041785100000 ns
[    0.185350] futex hash table entries: 1024 (order: 4, 65536 bytes, linear)
[    0.201586] pinctrl core: initialized pinctrl subsystem
[    0.207408] NET: Registered PF_NETLINK/PF_ROUTE protocol family
[    0.214013] DMA: preallocated 512 KiB GFP_KERNEL pool for atomic allocations
[    0.220910] DMA: preallocated 512 KiB GFP_KERNEL|GFP_DMA pool for atomic allocations
[    0.228698] DMA: preallocated 512 KiB GFP_KERNEL|GFP_DMA32 pool for atomic allocations
[    0.236744] thermal_sys: Registered thermal governor 'step_wise'
[    0.236885] hw-breakpoint: found 6 breakpoint and 4 watchpoint registers.
[    0.249327] ASID allocator initialised with 65536 entries
[    0.254746] Serial: AMBA PL011 UART driver
[    0.258758] scmi_core: SCMI protocol bus registered
[    0.264883] scmi_protocol scmi_dev.1: Enabled polling mode TX channel - prot_id:16
[    0.272446] arm-scmi firmware:scmi: SCMI Notifications - Core Enabled.
[    0.278617] arm-scmi firmware:scmi: SCMI Protocol v2.0 'NXP:S32G274A' Firmware version 0x0
[    0.295688] /soc/interrupt-controller@50800000: Fixed dependency cycle(s) with /soc/interrupt-controller@50800000
[    0.307883] /soc/siul2@4009c000/siul2-pinctrl@4009c240: Fixed dependency cycle(s) with /soc/siul2@4009c000/siul2-pinctrl@4009c240/jtag_pins
[    0.330410] Modules: 28768 pages in range for non-PLT usage
[    0.330432] Modules: 520288 pages in range for PLT usage
[    0.336183] HugeTLB: registered 1.00 GiB page size, pre-allocated 0 pages
[    0.347838] HugeTLB: 0 KiB vmemmap can be freed for a 1.00 GiB page
[    0.354091] HugeTLB: registered 32.0 MiB page size, pre-allocated 0 pages
[    0.360857] HugeTLB: 0 KiB vmemmap can be freed for a 32.0 MiB page
[    0.367110] HugeTLB: registered 2.00 MiB page size, pre-allocated 0 pages
[    0.373877] HugeTLB: 0 KiB vmemmap can be freed for a 2.00 MiB page
[    0.380130] HugeTLB: registered 64.0 KiB page size, pre-allocated 0 pages
[    0.386897] HugeTLB: 0 KiB vmemmap can be freed for a 64.0 KiB page
[    0.402899] SCSI subsystem initialized
[    0.406451] usbcore: registered new interface driver usbfs
[    0.411739] usbcore: registered new interface driver hub
[    0.417040] usbcore: registered new device driver usb
[    0.422785] pps_core: LinuxPPS API ver. 1 registered
[    0.427321] pps_core: Software ver. 5.3.6 - Copyright 2005-2007 Rodolfo Giometti <giometti@linux.it>
[    0.436444] PTP clock support registered
[    0.441606] vgaarb: loaded
[    0.444232] clocksource: Switched to clocksource arch_sys_counter
[    0.458145] NET: Registered PF_INET protocol family
[    0.462899] IP idents hash table entries: 65536 (order: 7, 524288 bytes, linear)
[    0.473340] tcp_listen_portaddr_hash hash table entries: 2048 (order: 3, 32768 bytes, linear)
[    0.481535] Table-perturb hash table entries: 65536 (order: 6, 262144 bytes, linear)
[    0.489179] TCP established hash table entries: 32768 (order: 6, 262144 bytes, linear)
[    0.497321] TCP bind hash table entries: 32768 (order: 8, 1048576 bytes, linear)
[    0.505605] TCP: Hash tables configured (established 32768 bind 32768)
[    0.511914] UDP hash table entries: 2048 (order: 4, 65536 bytes, linear)
[    0.518530] UDP-Lite hash table entries: 2048 (order: 4, 65536 bytes, linear)
[    0.525804] NET: Registered PF_UNIX/PF_LOCAL protocol family
[    0.531701] RPC: Registered named UNIX socket transport module.
[    0.537198] RPC: Registered udp transport module.
[    0.541878] RPC: Registered tcp transport module.
[    0.546566] RPC: Registered tcp-with-tls transport module.
[    0.552033] RPC: Registered tcp NFSv4.1 backchannel transport module.
[    0.558489] PCI: CLS 0 bytes, default 64
[    0.563920] workingset: timestamp_bits=62 max_order=20 bucket_order=0
[    0.570660] fuse: init (API version 7.39)
[    0.574453] NET: Registered PF_ALG protocol family
[    0.579067] Block layer SCSI generic (bsg) driver version 0.4 loaded (major 248)
[    0.586404] io scheduler mq-deadline registered
[    0.590909] io scheduler kyber registered
[    0.594911] io scheduler bfq registered
[    0.603209] s32cc-siul2-pinctrl 4009c240.siul2-pinctrl: initialized s32 pinctrl driver
[    0.612639] s32cc-siul2-gpio 4009d700.siul2-gpio: No cache defaults, reading back from HW
[    0.620547] s32cc-siul2-gpio 4009d700.siul2-gpio: No cache defaults, reading back from HW
[    0.629035] gpio gpiochip0: Static allocation of GPIO base is deprecated, use dynamic allocation.
[    0.638546] s32cc-siul2-gpio 4009d700.siul2-gpio: No cache defaults, reading back from HW
[    0.646404] s32cc-siul2-gpio 4009d700.siul2-gpio: No cache defaults, reading back from HW
[    0.666485] printk: legacy console [ttyLF0] enabled000 (irq = 23, base_baud = 7812500) is a FSL_LINFLEX
[    0.666485] printk: legacy console [ttyLF0] enabled
[    0.676396] printk: legacy bootconsole [linflex0] disabled
[    0.676396] printk: legacy bootconsole [linflex0] disabled
[    0.689153] 401cc000.serial: ttyLF1 at MMIO 0x401cc000 (irq = 24, base_baud = 7812500) is a FSL_LINFLEX
[    0.700430] s32cc_fccu 4030c000.fccu: FCCU status is 0 (normal)
[    0.709565] sja1110-sw@1 enforce active low on GPIO handle
[    0.718069] spi-nor spi6.0: mx25uw51245g (65536 Kbytes)
[    0.724050] 8 fixed-partitions partitions found on MTD device 0.spi
[    0.730426] Creating 8 MTD partitions on "0.spi":
[    0.735204] 0x000000000000-0x000004000000 : "Flash-Image"
[    0.741144] 0x000000000000-0x0000000d0000 : "BL2"
[    0.746240] 0x0000000d0000-0x0000002a0000 : "FIP"
[    0.751341] 0x0000002a0000-0x0000002b0000 : "U-Boot-Env"
[    0.757056] 0x0000002b0000-0x000001380000 : "Kernel"
[    0.762421] 0x000001380000-0x0000013b0000 : "DTB"
[    0.767513] 0x0000013b0000-0x0000032c0000 : "Rootfs"
[    0.772875] 0x0000032c0000-0x000004000000 : "PFE-Firmware"
[    0.780898] vcan: Virtual CAN interface driver
[    0.785417] slcan: serial line CAN interface driver
[    0.790368] CAN device driver interface
[    0.795581] flexcan 401b4000.can: device registered (reg_base=(____ptrval____), irq(s):
[    0.803777] flexcan 401b4000.can:  30
[    0.807505] flexcan 401b4000.can:  31
[    0.811234] flexcan 401b4000.can:  32
[    0.814951] flexcan 401b4000.can:  33
[    0.818670] flexcan 401b4000.can: )
[    0.823221] flexcan 401be000.can: device registered (reg_base=(____ptrval____), irq(s):
[    0.831356] flexcan 401be000.can:  34
[    0.835086] flexcan 401be000.can:  35
[    0.838812] flexcan 401be000.can:  36
[    0.842535] flexcan 401be000.can:  37
[    0.846251] flexcan 401be000.can: )
[    0.850133] e100: Intel(R) PRO/100 Network Driver
[    0.854909] e100: Copyright(c) 1999-2006 Intel Corporation
[    0.860506] e1000: Intel(R) PRO/1000 Network Driver
[    0.865457] e1000: Copyright (c) 1999-2006 Intel Corporation.
[    0.871316] e1000e: Intel(R) PRO/1000 Network Driver
[    0.876352] e1000e: Copyright(c) 1999 - 2015 Intel Corporation.
[    0.882382] igb: Intel(R) Gigabit Ethernet Network Driver
[    0.887859] igb: Copyright (c) 2007-2014 Intel Corporation.
[    0.894669] hse-uio 40210000.mu0b: firmware not found
[    0.900466] usbcore: registered new interface driver uas
[    0.905898] usbcore: registered new interface driver usb-storage
[    0.913123] imx_usb 44064000.usb: No over current polarity defined
[    0.932007] ci_hdrc ci_hdrc.0: EHCI Host Controller
[    0.937212] ci_hdrc ci_hdrc.0: new USB bus registered, assigned bus number 1
[    0.960236] ci_hdrc ci_hdrc.0: USB 2.0 started, EHCI 1.00
[    0.965982] usb usb1: New USB device found, idVendor=1d6b, idProduct=0002, bcdDevice= 6.06
[    0.974378] usb usb1: New USB device strings: Mfr=3, Product=2, SerialNumber=1
[    0.981709] usb usb1: Product: EHCI Host Controller
[    0.986664] usb usb1: Manufacturer: Linux 6.6.85-rt53-g6208e1d0d7b5 ehci_hcd
[    0.993816] usb usb1: SerialNumber: ci_hdrc.0
[    0.998756] hub 1-0:1.0: USB hub found
[    1.002615] hub 1-0:1.0: 1 port detected
[    1.008610] s32cc-rtc 40060000.rtc: registered as rtc0
[    1.013863] s32cc-rtc 40060000.rtc: setting system clock to 1970-01-01T00:00:00 UTC (0)
[    1.022196] i2c_dev: i2c /dev entries driver
[    1.027104] s32cc-wdt 4010c000.watchdog: S32CC Watchdog Timer Registered. timeout=30s (nowayout=0)
[    1.036605] s32cc-wdt 40200000.watchdog: S32CC Watchdog Timer Registered. timeout=30s (nowayout=0)
[    1.045887] s32cc-wdt 40204000.watchdog: S32CC Watchdog Timer Registered. timeout=30s (nowayout=0)
[    1.055170] s32cc-wdt 40208000.watchdog: S32CC Watchdog Timer Registered. timeout=30s (nowayout=0)
[    1.066223] sdhci: Secure Digital Host Controller Interface driver
[    1.072532] sdhci: Copyright(c) Pierre Ossman
[    1.076958] sdhci-pltfm: SDHCI platform and OF driver helper
[    1.082978] SMCCC: SOC_ID: ARCH_SOC_ID not implemented, skipping ....
[    1.090068] hse 40211000.mu1b: interface mu1b not active
[    1.096043] usbcore: registered new interface driver usbhid
[    1.101744] usbhid: USB HID core driver
[    1.112241] mmc0: SDHCI controller on 402f0000.mmc [402f0000.mmc] using ADMA
[    1.119576] s32-adc 401f8000.adc: using dma0chan4 for ADC DMA transfers
[    1.126990] s32-adc 401f8000.adc: Device initialized successfully.
[    1.144506] s32-adc 402e8000.adc: using dma1chan16 for ADC DMA transfers
[    1.151914] s32-adc 402e8000.adc: Device initialized successfully.
[    1.153547] mmc0: new high speed SDHC card at address 0001
[    1.164162] hw perfevents: enabled with armv8_cortex_a53 PMU driver, 7 counters available
[    1.164488] mmcblk0: mmc0:0001 BB1QT 29.8 GiB
[    1.174215] s32-siul2-nvmem 4009c000.nvram: Initialized s32cc siul2 nvmem driver
[    1.184514]  mmcblk0: p1 p2 p3
[    1.184754] s32-siul2-nvmem 44010000.nvram: Initialized s32cc siul2 nvmem driver
[    1.195822] GACT probability on
[    1.199051] Mirror/redirect action on
[    1.202804] Simple TC action Loaded
[    1.206869] netem: version 1.3
[    1.210020] u32 classifier
[    1.212770]     Performance counters on
[    1.216660]     input device check on
[    1.220385]     Actions configured
[    1.224030] NET: Registered PF_INET6 protocol family
[    1.230050] Segment Routing with IPv6
[    1.233842] In-situ OAM (IOAM) with IPv6
[    1.237891] sit: IPv6, IPv4 and MPLS over IPv4 tunneling driver
[    1.244450] NET: Registered PF_PACKET protocol family
[    1.249742] can: controller area network core
[    1.254212] NET: Registered PF_CAN protocol family
[    1.259085] can: raw protocol
[    1.262104] can: broadcast manager protocol
[    1.266357] can: netlink gateway - max_hops=1
[    1.270860] 8021q: 802.1Q VLAN Support v1.8
[    1.294436] i2c i2c-0: using pinctrl states for GPIO recovery
[    1.300402] i2c i2c-0: using generic GPIOs for recovery
[    1.306471] pca953x 0-0022: using AI
[    1.317574] rtc-pcf85063 0-0051: registered as rtc1
[    1.322589] i2c i2c-0: IMX I2C adapter registered
[    1.327421] i2c i2c-0: using dma0chan5 (tx) and dma0chan6 (rx) for DMA transfers
[    1.335790] i2c i2c-2: using pinctrl states for GPIO recovery
[    1.341715] i2c i2c-2: using generic GPIOs for recovery
[    1.347107] i2c i2c-2: IMX I2C adapter registered
[    1.351935] i2c i2c-2: using dma1chan17 (tx) and dma1chan18 (rx) for DMA transfers
[    1.360393] i2c i2c-4: using pinctrl states for GPIO recovery
[    1.366298] i2c i2c-4: using generic GPIOs for recovery
[    1.373186] ina2xx 4-0040: power monitor ina231 (Rshunt = 1000 uOhm)
[    1.379691] i2c i2c-4: IMX I2C adapter registered
[    1.384522] i2c i2c-4: using dma1chan19 (tx) and dma1chan20 (rx) for DMA transfers
[    1.413793] phy-s32cc-serdes 40480000.serdes: Using mode 0 for SerDes subsystem
[    1.421697] phy-s32cc-serdes 44180000.serdes: Using mode 4 for SerDes subsystem
[    1.752026] s32cc-pcie 40400000.pcie: Failed to stabilize PHY link
[    1.758310] s32cc-pcie 40400000.pcie: Configuring as RootComplex
[    1.764453] s32cc-pcie 40400000.pcie: host bridge /soc/pcie@40400000 ranges:
[    1.771638] s32cc-pcie 40400000.pcie:       IO 0x5ffffe0000..0x5ffffeffff -> 0x0000000000
[    1.779952] s32cc-pcie 40400000.pcie:      MEM 0x5800000000..0x5ffffdffff -> 0x0000000000
[    1.788269] s32cc-pcie 40400000.pcie: Memory resource size exceeds max for 32 bits
[    2.796100] s32cc-pcie 40400000.pcie: Phy link never came up
[    2.801881] s32cc-pcie 40400000.pcie: Link Up failed, EndPoint may not be connected
[    2.809678] s32cc-pcie 40400000.pcie: iATU: unroll T, 6 ob, 4 ib, align 4K, limit 1024G
[    3.817991] s32cc-pcie 40400000.pcie: Phy link never came up
[    3.823742] s32cc-pcie 40400000.pcie: Link Up failed, EndPoint may not be connected
[    4.831650] s32cc-pcie 40400000.pcie: Phy link never came up
[    4.837998] s32cc-pcie 40400000.pcie: PCI host bridge to bus 0000:00
[    4.844459] pci_bus 0000:00: root bus resource [bus 00-ff]
[    4.850033] pci_bus 0000:00: root bus resource [io  0x0000-0xffff]
[    4.856307] pci_bus 0000:00: root bus resource [mem 0x5800000000-0x5ffffdffff] (bus address [0x00000000-0x7fffdffff])
[    4.867109] pci 0000:00:00.0: [1957:4002] type 01 class 0x060400
[    4.873224] pci 0000:00:00.0: reg 0x10: [mem 0x5800000000-0x58000fffff]
[    4.879951] pci 0000:00:00.0: reg 0x38: [mem 0x5800000000-0x580000ffff pref]
[    4.887200] pci 0000:00:00.0: supports D1
[    4.891272] pci 0000:00:00.0: PME# supported from D0 D1 D3hot D3cold
[    4.901403] pci 0000:00:00.0: BAR 0: assigned [mem 0x5800000000-0x58000fffff]
[    4.908658] pci 0000:00:00.0: BAR 6: assigned [mem 0x5800100000-0x580010ffff pref]
[    4.916346] pci 0000:00:00.0: PCI bridge to [bus 01-ff]
[    4.922005] pcieport 0000:00:00.0: PME: Signaling with IRQ 51
[    4.929104] s32cc-dwmac 4033c000.ethernet: IRQ eth_wake_irq not found
[    4.935663] s32cc-dwmac 4033c000.ethernet: IRQ eth_lpi not found
[    4.942687] s32cc-dwmac 4033c000.ethernet: User ID: 0x10, Synopsys ID: 0x51
[    4.949765] s32cc-dwmac 4033c000.ethernet:   DWMAC4/5
[    4.954811] s32cc-dwmac 4033c000.ethernet: DMA HW capability register supported
[    4.962230] s32cc-dwmac 4033c000.ethernet: RX Checksum Offload Engine supported
[    4.969644] s32cc-dwmac 4033c000.ethernet: TX Checksum insertion supported
[    4.976618] s32cc-dwmac 4033c000.ethernet: Wake-Up On Lan supported
[    4.983034] s32cc-dwmac 4033c000.ethernet: Enable RX Mitigation via HW Watchdog Timer
[    4.990980] s32cc-dwmac 4033c000.ethernet: Enabled L3L4 Flow TC (entries=8)
[    4.998052] s32cc-dwmac 4033c000.ethernet: Enabled RFS Flow TC (entries=10)
[    5.005149] s32cc-dwmac 4033c000.ethernet: Enabling HW TC (entries=256, max_off=256)
[    5.013016] s32cc-dwmac 4033c000.ethernet: Using 32/32 bits DMA host/device width
[    5.027227] hwmon hwmon1: temp1_input not attached to any thermal zone
[    5.036558] qoriq_thermal 400a8000.tmu: Critical rising/falling temperature threshold = 5 degree(s)
[    5.051118] nxp_s32cc_ddr_perf 403e0000.ddr-perf: probing device
[    5.057616] nxp_s32cc_ddr_perf 403e0000.ddr-perf: device initialized successfully
[    5.065526] clk: Disabling unused clocks
[    5.182004] EXT4-fs (mmcblk0p3): recovery complete
[    5.187879] EXT4-fs (mmcblk0p3): mounted filesystem 334337ee-4ee1-4973-8ea9-18ae9df370dc r/w with ordered data mode. Quota mode: disabled.
[    5.199974] VFS: Mounted root (ext4 filesystem) on device 179:3.
[    5.206645] devtmpfs: mounted
[    5.210000] Freeing unused kernel memory: 1856K
[    5.214350] Run /sbin/init as init process
[    5.766933] systemd[1]: System time before build time, advancing clock.
[    5.853065] systemd[1]: systemd 255.13^ running in system mode (+PAM -AUDIT -SELINUX -APPARMOR +IMA -SMACK +SECCOMP -GCRYPT -GNUTLS -OPENSSL +ACL +BLKID -CURL -ELFUTILS -FIDO2 -IDN2 -IDN -IPTC +KMOD -LIBCRYPTSETUP +LIBFDISK -PCRE2 -PWQUALITY -P11KIT -QRENCODE -TPM2 -BZIP2 -LZ4 -XZ -ZLIB +ZSTD -BPF_FRAMEWORK +XKBCOMMON +UTMP +SYSVINIT default-hierarchy=unified)
[    5.884588] systemd[1]: Detected architecture arm64.

Welcome to Auto Linux BSP 44.0 (scarthgap)!

[    5.914783] systemd[1]: Hostname set to <s32g274ardb2>.
[    6.529912] systemd[1]: Queued start job for default target Multi-User System.
[    6.548843] systemd[1]: Created slice Slice /system/getty.
[  OK  ] Created slice Slice /system/getty.
[    6.573782] systemd[1]: Created slice Slice /system/modprobe.
[  OK  ] Created slice Slice /system/modprobe.
[    6.597756] systemd[1]: Created slice Slice /system/serial-getty.
[  OK  ] Created slice Slice /system/serial-getty.
[    6.621164] systemd[1]: Created slice User and Session Slice.
[  OK  ] Created slice User and Session Slice.
[    6.644692] systemd[1]: Started Dispatch Password Requests to Console Directory Watch.
[  OK  ] Started Dispatch Password Requests to Console Directory Watch.
[    6.672601] systemd[1]: Started Forward Password Requests to Wall Directory Watch.
[  OK  ] Started Forward Password Requests to Wall Directory Watch.
[    6.696575] systemd[1]: Reached target Path Units.
[  OK  ] Reached target Path Units.
[    6.716382] systemd[1]: Reached target Remote File Systems.
[  OK  ] Reached target Remote File Systems.
[    6.736396] systemd[1]: Reached target Slice Units.
[  OK  ] Reached target Slice Units.
[    6.756398] systemd[1]: Reached target Swaps.
[  OK  ] Reached target Swaps.
[    6.813262] systemd[1]: Listening on RPCbind Server Activation Socket.
[  OK  ] Listening on RPCbind Server Activation Socket.
[    6.836580] systemd[1]: Reached target RPC Port Mapper.
[  OK  ] Reached target RPC Port Mapper.
[    6.863838] systemd[1]: Listening on Syslog Socket.
[  OK  ] Listening on Syslog Socket.
[    6.884821] systemd[1]: Listening on initctl Compatibility Named Pipe.
[  OK  ] Listening on initctl Compatibility Named Pipe.
[    6.915207] systemd[1]: Journal Audit Socket was skipped because of an unmet condition check (ConditionSecurity=audit).
[    6.926376] systemd[1]: Listening on Journal Socket (/dev/log).
[  OK  ] Listening on Journal Socket (/dev/log).
[    6.949170] systemd[1]: Listening on Journal Socket.
[  OK  ] Listening on Journal Socket.
[    6.969364] systemd[1]: Listening on Network Service Netlink Socket.
[  OK  ] Listening on Network Service Netlink Socket.
[    7.005987] systemd[1]: Listening on udev Control Socket.
[  OK  ] Listening on udev Control Socket.
[    7.029026] systemd[1]: Listening on udev Kernel Socket.
[  OK  ] Listening on udev Kernel Socket.
[    7.049027] systemd[1]: Listening on User Database Manager Socket.
[  OK  ] Listening on User Database Manager Socket.
[    7.096507] systemd[1]: Mounting Huge Pages File System...
         Mounting Huge Pages File System...
[    7.116805] systemd[1]: POSIX Message Queue File System was skipped because of an unmet condition check (ConditionPathExists=/proc/sys/fs/mqueue).
[    7.150395] systemd[1]: Mounting Kernel Debug File System...
         Mounting Kernel Debug File System...
[    7.172897] systemd[1]: Kernel Trace File System was skipped because of an unmet condition check (ConditionPathExists=/sys/kernel/tracing).
[    7.185752] systemd[1]: Create List of Static Device Nodes was skipped because of an unmet condition check (ConditionFileNotEmpty=/lib/modules/6.6.85-rt53-g6208e1d0d7b5/modules.devname).
[    7.205721] systemd[1]: Starting Load Kernel Module configfs...
         Starting Load Kernel Module configfs...
[    7.256900] systemd[1]: Starting Load Kernel Module drm...
         Starting Load Kernel Module drm...
[    7.283945] systemd[1]: Starting Load Kernel Module fuse...
         Starting Load Kernel Module fuse...
[    7.320949] systemd[1]: Starting RPC Bind...
         Starting RPC Bind...
[    7.344594] systemd[1]: File System Check on Root Device was skipped because of an unmet condition check (ConditionPathIsReadWrite=!/).
[    7.363562] systemd[1]: Starting Journal Service...
         Starting Journal Service...
[    7.436854] systemd[1]: Starting Load Kernel Modules...
         Starting Load Kernel Modules...
[    7.463907] systemd[1]: Starting Generate network units from Kernel command line...
       [    7.471797] sja1110: loading out-of-tree module taints kernel.
  Starting     7.478696] SPI driver sja1110 has no spi_device_id for nxp,sja1110-switch
0;1[    7.485829] SPI driver sja1110 has no spi_device_id for nxp,sja1110-uc
;39[    7.492652] sja1110 spi5.0: probing uc
mGe[    7.496613] sja1110 spi5.1: probing switch
nerat[    7.501137] sja1110 spi5.1: Could not get GPIO from device tree
e[    7.507147] sja1110 spi5.1: [sja1110_post_probe_upload_worker] Trying to initialize switch
 network units from Kernel command line...[    7.519336] sja1110 spi5.1: Direct firmware load for sja1110_switch.bin failed with error -2
[    7.525219] systemd-journald[125]: Collecting audit messages is disabled.
[    7.527877] sja1110 spi5.1: request_firmware failed with -2

[    7.540359] sja1110 spi5.0: [sja1110_post_probe_upload_worker] Trying to initialize uC
[    7.548291] sja1110 spi5.0: Direct firmware load for sja1110_uc.bin failed with error -2
[    7.556325] sja1110 spi5.0: request_firmware failed with -2
[    7.597117] systemd[1]: Starting Remount Root and Kernel File Systems...
         Starting Remount Root and Kernel File Systems...
[    7.634286] systemd[1]: Starting Create Static Device Nodes in /dev gracefully...
         Starting Create Static Device Nodes in /dev gracefully...
[    7.656488] EXT4-fs (mmcblk0p3): re-mounted 334337ee-4ee1-4973-8ea9-18ae9df370dc r/w. Quota mode: disabled.
[    7.696872] systemd[1]: Starting Coldplug All udev Devices...
         Starting Coldplug All udev Devices...
[    7.727180] systemd[1]: Started RPC Bind.
[  OK  ] Started RPC Bind.
[    7.748981] systemd[1]: Started Journal Service.
[  OK  ] Started Journal Service.
[  OK  ] Mounted Huge Pages File System.
[  OK  ] Mounted Kernel Debug File System.
[  OK  ] Finished Load Kernel Module configfs.
[  OK  ] Finished Load Kernel Module drm.
[  OK  ] Finished Load Kernel Module fuse.
[  OK  ] Finished Load Kernel Modules.
[  OK  ] Finished Generate network units from Kernel command line.
[  OK  ] Finished Remount Root and Kernel File Systems.
[  OK  ] Finished Create Static Device Nodes in /dev gracefully.
         Mounting FUSE Control File System...
         Mounting Kernel Configuration File System...
         Starting Flush Journal to Persistent Storage...
         Starting Apply Kernel Variables...
         Starting Create Static Device Nodes in /dev...
[    8.124403] systemd-journald[125]: Received client request to flush runtime journal.
[  OK  ] Mounted FUSE Control File System.
[  OK  ] Mounted Kernel Configuration File System.
[  OK  ] Finished Flush Journal to Persistent Storage.
[  OK  ] Finished Apply Kernel Variables.
[  OK  ] Finished Coldplug All udev Devices.
[  OK  ] Finished Create Static Device Nodes in /dev.
[  OK  ] Reached target Preparation for Local File Systems.
         Mounting /tmp...
         Mounting /var/volatile...
         Starting Rule-based Manager for Device Events and Files...
[  OK  ] Mounted /tmp.
[  OK  ] Mounted /var/volatile.
         Mounting /var/volatile/tmp...
         Starting Load/Save OS Random Seed...
[  OK  ] Mounted /var/volatile/tmp.
[  OK  ] Reached target Local File Systems.
         Starting Create System Files and Directories...
[  OK  ] Started Rule-based Manager for Device Events and Files.
[  OK  ] Finished Create System Files and Directories.
         Starting Network Name Resolution...
[    8.696742] s32cc-dwmac 4033c000.ethernet end0: renamed from eth0
         Starting Network Time Synchronization...
         Starting Record System Boot/Shutdown in UTMP...
         Starting User Database Manager...
[  OK  ] Finished Record System Boot/Shutdown in UTMP.
[  OK  ] Started User Database Manager.
[    9.344959] pfeng 46000000.pfe: PFEng ethernet driver loading ...
[    9.350762] pfeng 46000000.pfe: Version: 1.9.0
[    9.355208] pfeng 46000000.pfe: Driver commit hash: M4_DRIVER_COMMIT_HASH
[    9.361954] pfeng 46000000.pfe: Multi instance support: disabled (standalone)
[    9.369040] pfeng 46000000.pfe: Compiled by: 13.3.0
[    9.374732] pfeng 46000000.pfe: Cbus addr 0x46000000 size 0x1000000
[    9.381405] pfeng 46000000.pfe: nxp,fw-class-name: s32g_pfe_class.fw
[    9.387696] pfeng 46000000.pfe: nxp,fw-util-name: s32g_pfe_util.fw
[    9.394225] pfeng 46000000.pfe: netif name: pfe0
[    9.399181] pfeng 46000000.pfe: DT mac addr: 00:04:9f:be:ef:00
[    9.408291] pfeng 46000000.pfe: netif(pfe0) linked phyif: 0
[    9.419403] pfeng 46000000.pfe: netif(pfe0) mode: std
[    9.425539] pfeng 46000000.pfe: netif(pfe0) HIFs: count 1 map 01
[    9.431383] pfeng 46000000.pfe: EMAC0 interface mode: 4
[    9.436633] pfeng 46000000.pfe: netif name: pfe1
[    9.442377] pfeng 46000000.pfe: DT mac addr: 00:04:9f:be:ef:01
[    9.447867] pfeng 46000000.pfe: netif(pfe1) linked phyif: 1
[    9.456016] pfeng 46000000.pfe: netif(pfe1) mode: std
[    9.460858] pfeng 46000000.pfe: netif(pfe1) HIFs: count 1 map 02
[    9.468640] pfeng 46000000.pfe: EMAC1 interface mode: 4
[    9.476598] pfeng 46000000.pfe: netif name: pfe2
         Starting Virtual[    9.488000] pfeng 46000000.pfe: DT mac addr: 00:04:9f:be:ef:02
 Console Setup...
[    9.496872] pfeng 46000000.pfe: netif(pfe2) linked phyif: 2
[    9.502512] pfeng 46000000.pfe: netif(pfe2) mode: std
[    9.507739] pfeng 46000000.pfe: netif(pfe2) HIFs: count 1 map 04
[    9.514117] pfeng 46000000.pfe: EMAC2 interface mode: 10
[    9.520371] pfeng 46000000.pfe: HIF channels mask: 0x0007
[    9.526930] pfeng 46000000.pfe: PFE port coherency enabled, mask 0x1e
[    9.535226] pfeng 46000000.pfe: Clocks: sys=300MHz pe=600MHz
[    9.544894] pfeng 46000000.pfe: Interface selected: EMAC0: 0x4 EMAC1: 0x4 EMAC2: 0xa
[    9.560449] pfeng 46000000.pfe: PFE controller reset done
[    9.568374] pfeng 46000000.pfe: TX clock on EMAC0 for interface sgmii installed
[    9.578702] pfeng 46000000.pfe: RX clock on EMAC0 for interface sgmii installed
[    9.585797] pfeng 46000000.pfe: TX clock on EMAC1 for interface sgmii installed
[    9.593022] pfeng 46000000.pfe: RX clock on EMAC1 for interface sgmii installed
[    9.600319] pfeng 46000000.pfe: TX clock on EMAC2 for interface rgmii-id installed
[    9.607848] pfeng 46000000.pfe: RX clock on EMAC2 for interface rgmii-id installed
[    9.618940] pfeng 46000000.pfe: assigned reserved memory node pfebufs@34000000
[    9.625989] pfeng 46000000.pfe: assigned reserved memory node pfebufs@34080000
[    9.633064] pfeng 46000000.pfe: assigned reserved memory node pfebufs@83200000
[    9.640273] pfeng 46000000.pfe: assigned reserved memory node pfebufs@835e0000
[    9.653833] pfeng 46000000.pfe: Firmware: CLASS s32g_pfe_class.fw [45724 bytes]
[    9.660904] pfeng 46000000.pfe: Firmware: UTIL s32g_pfe_util.fw [23352 bytes]
[    9.668025] pfeng 46000000.pfe: PFE CBUS p0x46000000 mapped @ v0xffffffc082000000 (0x1000000 bytes)
[    9.676957] pfeng 46000000.pfe: Silicon S32G2
[    9.682424] pfeng 46000000.pfe: PFE_ERRORS:Parity instance created
[    9.688229] pfeng 46000000.pfe: PFE_ERRORS:Watchdog instance created
[    9.694723] pfeng 46000000.pfe: BMU1 buffer base: p0xc0000000
[    9.700470] pfeng 46000000.pfe: BMU2 buffer base: p0x34000000 (0x80000 bytes)
[    9.708700] pfeng 46000000.pfe: register IRQ 67 by name 'PFE BMU IRQ'
[    9.715137] pfeng 46000000.pfe: Firmware .elf detected
[    9.720113] pfeng 46000000.pfe: Uploading CLASS firmware
[    9.720156] pfeng 46000000.pfe: BMU_EMPTY_INT (BMU @ p0x(____ptrval____)). Pool ready.
[    9.725228] pfeng 46000000.pfe: Selected FW loading OPs to load 8 PEs in parallel
[    9.743274] pfeng 46000000.pfe: BMU_EMPTY_INT (BMU @ p0x(____ptrval____)). Pool ready.
[    9.760716] pfeng 46000000.pfe: pfe_ct.h file version"92367c0e25f21f49217a9b08168ad2c8"
[    9.783652] pfeng 46000000.pfe: [FW VERSION] 1.11.0, Build: Apr  8 2025, 21:02:36 (nogitaaa), ID: 0x31454650
[    9.793457] pfeng 46000000.pfe: EMAC timestamp external mode bitmap: 0
[    9.799704] pfeng 46000000.pfe: Uploading UTIL firmware
[    9.804834] pfeng 46000000.pfe: Selected FW loading OPs to load 1 PEs in parallel
[    9.814725] pfeng 46000000.pfe: pfe_ct.h file version"92367c0e25f21f49217a9b08168ad2c8"
[  OK  [    9.823541] pfeng 46000000.pfe: FW feature: drv_run_on_g3
 pfeng 46000000.pfe: FW feature: jumbo_frames
[0[    9.834470] pfeng 46000000.pfe: FW feature: ptp_qos_mapping
m][    9.840185] pfeng 46000000.pfe: FW feature: software_vlan_table
 Fi[    9.846360] pfeng 46000000.pfe: FW feature: timestamping
ni[    9.851854] pfeng 46000000.pfe: FW feature: qos_mapping
sh[    9.857229] pfeng 46000000.pfe: FW feature: core_functionality
ed[    9.863202] pfeng 46000000.pfe: FW feature: extended_features
  pfeng 46000000.pfe: FW feature: flexible_router
[0[    9.874814] pfeng 46000000.pfe: FW feature: validate_hif_csum
;[    9.880690] pfeng 46000000.pfe: FW feature: err051211_workaround
1[    9.886766] pfeng 46000000.pfe: FW feature: IPsec
;[    9.891521] pfeng 46000000.pfe: FW feature: l2_bridge_aging
3[    9.897169] pfeng 46000000.pfe: FW feature: receive_malformed
9[    9.902991] pfeng 46000000.pfe: FW feature: ptp_conf_check
m[    9.908557] pfeng 46000000.pfe: FW feature: vlan_conf_check
V[    9.914179] pfeng 46000000.pfe: FW feature: hash_load_spread
i[    9.919926] pfeng 46000000.pfe: FW feature: ingress_vlan
r[    9.925297] pfeng 46000000.pfe: FW feature: safety
tual Console Setup.
[    9.932724] pfeng 46000000.pfe: VLAN ID incorrect or not set. Using default VLAN ID = 0x01.
[    9.940742] pfeng 46000000.pfe: VLAN stats size incorrect or not set. Using default VLAN stats size = 20.
[    9.950345] pfeng 46000000.pfe: Software vlan hash table @ p0x20001288
[    9.956970] pfeng 46000000.pfe: Fall-back bridge domain @ 0x20000a8c (class)
[    9.963936] pfeng 46000000.pfe: Default bridge domain @ 0x20000a84 (class)
[    9.971186] pfeng 46000000.pfe: Routing table created, Hash Table @ p0x34080000, Pool @ p0x34088000 (65536 bytes)
[    9.981559] pfeng 46000000.pfe: Feature err051211_workaround: DISABLED
32m  OK  ] Started Network Time Synchronizati[    9.993049] pfeng 46000000.pfe: HIF0 enabled
on    9.997745] pfeng 46000000.pfe: HIF1 enabled
m.
[   10.002584] pfeng 46000000.pfe: HIF2 enabled
[   10.006749] pfeng 46000000.pfe: HIF3 not configured, skipped
[   10.012468] pfeng 46000000.pfe: MDIO bus 0 disabled: Not found in DT
[   10.018793] pfeng 46000000.pfe: MDIO bus 1 disabled: Not found in DT
[  OK  ] Started Network Name [   10.033753] pfeng 46000000.pfe: MDIO bus 2 enabled
Resol[   10.038985] pfeng 46000000.pfe pfe0 (uninitialized): fixed link full duplex 2500Mbps not recognised
ut[   10.048231] phy-s32cc-serdes 44180000.serdes: Unstable RX detected on XPCS0
ion pfeng 46000000.pfe pfe0 (uninitialized): Subscribe to HIF0
[0[   10.062198] pfeng 46000000.pfe pfe0 (uninitialized): Host LLTX disabled
[   10.069127] pfeng 46000000.pfe pfe0 (uninitialized): Enable HIF0

[   10.075253] pfeng 46000000.pfe pfe0 (uninitialized): setting MAC addr: 00:04:9f:be:ef:00
[   10.083300] pfeng 46000000.pfe pfe0 (uninitialized): PTP HW addend 0x80000000, max_adj configured to 46566128 ppb
[   10.093554] pfeng 46000000.pfe: IEEE1588: Input Clock: 200000000Hz, Output: 100000000Hz, Accuracy: 10.0ns
[   10.103768] pfeng 46000000.pfe pfe0 (uninitialized): Registered PTP HW clock successfully on EMAC0
[   10.113178] pfeng 46000000.pfe pfe0: registered
[   10.117503] phy-s32cc-serdes 44180000.serdes: Unstable RX detected on XPCS1
[   10.124372] pfeng 46000000.pfe pfe1 (uninitialized): Subscribe to HIF1
[   10.130808] pfeng 46000000.pfe pfe1 (uninitialized): Host LLTX disabled
[   10.137587] pfeng 46000000.pfe pfe1 (uninitialized): Enable HIF1
0;[   10.143747] pfeng 46000000.pfe pfe1 (uninitialized): setting MAC addr: 00:04:9f:be:ef:01
32[   10.152010] pfeng 46000000.pfe pfe1 (uninitialized): PTP HW addend 0x80000000, max_adj configured to 46566128 ppb
m [   10.162423] pfeng 46000000.pfe: IEEE1588: Input Clock: 200000000Hz, Output: 100000000Hz, Accuracy: 10.0ns
 OK     10.172724] pfeng 46000000.pfe pfe1 (uninitialized): Registered PTP HW clock successfully on EMAC1
m] Reached [   10.182611] pfeng 46000000.pfe pfe1: registered
tar[   10.187335] pfeng 46000000.pfe pfe2 (uninitialized): Subscribe to HIF2
g[   10.193974] pfeng 46000000.pfe pfe2 (uninitialized): Host LLTX disabled
et [   10.200834] pfeng 46000000.pfe pfe2 (uninitialized): Enable HIF2
 pfeng 46000000.pfe pfe2 (uninitialized): setting MAC addr: 00:04:9f:be:ef:02
[[   10.215077] pfeng 46000000.pfe pfe2 (uninitialized): PTP HW addend 0x80000000, max_adj configured to 46566128 ppb
0;1[   10.225586] pfeng 46000000.pfe: IEEE1588: Input Clock: 200000000Hz, Output: 100000000Hz, Accuracy: 10.0ns
;39mHost [   10.235869] pfeng 46000000.pfe pfe2 (uninitialized): Registered PTP HW clock successfully on EMAC2
and Network Name[   10.246176] pfeng 46000000.pfe pfe2: registered
 Lookups.
[  OK  ] Reached target System Initialization.
[  OK  ] Started Daily Cleanup of Temporary Directories.
[  OK  ] Reached target System Time Set.
[  OK  ] Started Daily rotation of log files.
[  OK  ] Reached target Timer Units.
[  OK  ] Listening on D-Bus System Message Bus Socket.
         Starting sshd.socket...
[  OK  ] Listening on sshd.socket.
[  OK  ] Reached target Socket Units.
[  OK  ] Reached target Basic System.
[  OK  ] Started Job spooling tools.
[  OK  ] Started Periodic Command Scheduler.
         Starting D-Bus System Message Bus...
         Starting IPv6 Packet Filtering Framework...
         Starting IPv4 Packet Filtering Framework...
[  OK  ] Started irqbalance daemon.
[  OK  ] Started Hardware RNG Entropy Gatherer Daemon.
[  OK  ] Started System Logging Service.
         Starting Resets System Activity Logs...
         Starting User Login Management...
         Starting OpenSSH Key Generation...
[  OK  ] Finished IPv6 Packet Filtering Framework.
[  OK  ] Finished IPv4 Packet Filtering Framework.
[  OK  ] Finished Resets System Activity Logs.
[  OK  ] Reached target Preparation for Network.
         Starting Network Configuration...
[  OK  ] Created slice Slice /system/systemd-fsck.
         Expecting device /dev/mmcblk0p2...
[  OK  ] Started User Login Management.
[  OK  ] Found device /dev/mmcblk0p2.
         Starting File System Check on /dev/mmcblk0p2...
[  OK  ] Started Network Configuration.
[  OK  ] Reached target Network.
[  OK  ] Started Netperf Benchmark Server.
         Starting Permit User Sessions...
[  OK  ] Started Xinetd A Powerful Replacement For Inetd.
[  OK  ] Finished File System Check on /dev/mmcblk0p2.
         Mounting /run/media/boot_s32g2-mmcblk0p2...
[  OK  ] Finished Permit User Sessions.
[  OK  ] Started Getty on tty1.
[  OK  ] Started Serial Getty on ttyLF0.
[  OK  ] Reached target Login Prompts.
[  OK  ] Mounted /run/media/boot_s32g2-mmcblk0p2.
[  OK  ] Finished Load/Save OS Random Seed.
[  OK  ] Finished OpenSSH Key Generation.
[  OK  ] Started D-Bus System Message Bus.
[  OK  ] Reached target Multi-User System.
         Starting Record Runlevel Change in UTMP...
[  OK  ] Finished Record Runlevel Change in UTMP.

Auto Linux BSP 44.0 s32g274ardb2 ttyLF0

s32g274ardb2 login: root
root@s32g274ardb2:~# ifconfig pfe0 192.168.100.101 netmask 255.255.255.0 up
root@s32g274ardb2:~# tc qdisc del dev pfe0 root 2> /dev/null
root@s32g274ardb2:~# tc qdisc add dev pfe0 root handle 1: mqprio num_tc 3 map 2 2 1 0 2 2 2 2 2 2 2 2 2 2 2 2 queues 1@0 1@1 1@2 hw 0
RTNETLINK answers: Operation not supported
root@s32g274ardb2:~# tc qdisc add dev pfe0 root handle 1: mqprio num_tc 3 map 2 2 1 0 2 2 2 2 2 2 2 2 2 2 2 2 queues 1@0 1@1 1@2 hw 0
RTNETLINK answers: Operation not supported
root@s32g274ardb2:~# ^C
root@s32g274ardb2:~# NOTICE:  Reset status: External Reset: RESET_B (RUN)
NOTICE:  BL2: v2.10.14(release):bsp44.0-2.10.14
NOTICE:  BL2: Built : 08:13:32, May 13 2025
NOTICE:  BL2: Booting BL31


U-Boot 2022.04+g9a00323278+p0 (May 13 2025 - 06:57:56 +0000)

SoC:   NXP S32G274A rev. 2.1
CPU:   ARM Cortex-A53 r0p4 @ max 1000 MHz
Model: NXP S32G274A-RDB2
DRAM:  4 GiB
Core:  314 devices, 25 uclasses, devicetree: board
MMC:   FSL_SDHC: 0
Loading Environment from MMC... OK
s32cc_serdes_phy serdes@40480000: Using mode 0 for SerDes subsystem
pci_s32cc pcie@40400000: Could not set DEVICE ID
pci_s32cc pcie@40400000: Configuring as RootComplex
pci_s32cc pcie@40400000: Failed to get link up
In:    serial@401c8000
Out:   serial@401c8000
Err:   serial@401c8000
Board revision: RDB2/GLDBOX Revision E
PCIe:   BusDevFun       VendorId   DeviceId   Device Class       Sub-Class
__________________________________________________________________________
pcie@40400000 RootComplex
|   `-- 01:00.00        0x1957     0x4002     Bridge device           0x04
Net:
Warning: ethernet@4033c000 (eth0) using random MAC address - 86:41:e4:dd:f8:e3
eth0: ethernet@4033c000
Found PFE version 0x50300 (S32G2)
pfeng pfeng-base: Uploading CLASS firmware
pfeng pfeng-base: EMAC0 block was initialized
pfeng pfeng-base: EMAC1 block was initialized
pfeng pfeng-base: EMAC2 block was initialized
pfeng pfeng-base: Enabling the CLASS block
pfeng pfeng-base: PFE Platform started successfully (mask: 7)
s32cc_serdes_phy serdes@44180000: Using mode 4 for SerDes subsystem
s32cc_serdes_phy serdes@44180000: Unstable RX detected on XPCS0
, eth1: pfe0s32cc_serdes_phy serdes@44180000: Unstable RX detected on XPCS1
, eth2: pfe1, eth3: pfe2
Hit any key to stop autoboot:  0
=>
=>
=> setenv hwconfig "serdes0:mode=pcie,clock=ext;pcie0:mode=rc;serdes1:mode=xpcs0,clock=ext,fmhz=125;xpcs1_0:speed=2G5"
=> saveenv
Saving Environment to MMC... Writing to MMC(0)... OK
=> boot
switch to partitions #0, OK
mmc0 is current device
