NOTICE:  BL2: Booting BL31


U-Boot 2022.04+g9a00323278+p0 (May 13 2025 - 06:57:56 +0000)

SoC:   NXP S32G274A rev. 2.1
CPU:   ARM Cortex-A53 r0p4 @ max 1000 MHz
Model: NXP S32G274A-RDB2
DRAM:  4 GiB
Core:  314 devices, 25 uclasses, devicetree: board
MMC:   FSL_SDHC: 0
Loading Environment from MMC... OK
s32cc_serdes_phy serdes@40480000: Using mode 0 for SerDes subsystem
pci_s32cc pcie@40400000: Could not set DEVICE ID
pci_s32cc pcie@40400000: Configuring as RootComplex
pci_s32cc pcie@40400000: Failed to get link up
In:    serial@401c8000
Out:   serial@401c8000
Err:   serial@401c8000
Board revision: RDB2/GLDBOX Revision E
PCIe:   BusDevFun       VendorId   DeviceId   Device Class       Sub-Class
__________________________________________________________________________
pcie@40400000 RootComplex
|   `-- 01:00.00        0x1957     0x4002     Bridge device           0x04
Net:
Warning: ethernet@4033c000 (eth0) using random MAC address - da:41:ad:66:43:ac
eth0: ethernet@4033c000
Found PFE version 0x50300 (S32G2)
pfeng pfeng-base: Uploading CLASS firmware
pfeng pfeng-base: EMAC0 block was initialized
pfeng pfeng-base: EMAC1 block was initialized
pfeng pfeng-base: EMAC2 block was initialized
pfeng pfeng-base: Enabling the CLASS block
pfeng pfeng-base: PFE Platform started successfully (mask: 7)
s32cc_serdes_phy serdes@44180000: Using mode 4 for SerDes subsystem
s32cc_serdes_phy serdes@44180000: Unstable RX detected on XPCS0
, eth1: pfe0s32cc_serdes_phy serdes@44180000: Unstable RX detected on XPCS1
, eth2: pfe1, eth3: pfe2
Hit any key to stop autoboot:  0
switch to partitions #0, OK
mmc0 is current device
17139720 bytes read in 719 ms (22.7 MiB/s)
Booting from mmc ...
59234 bytes read in 6 ms (9.4 MiB/s)
## Flattened Device Tree blob at 83000000
   Booting using the fdt blob at 0x83000000
   Using Device Tree in place at 0000000083000000, end 0000000083011761
   fixup: pfe1: update phy addr to 0x8
Failed to configure XPCS1_1
Failed to update XPCS1 for SerDes1

Starting kernel ...

[    0.000000] Booting Linux on physical CPU 0x0000000000 [0x410fd034]
[    0.000000] Linux version 6.6.85-rt53-g6208e1d0d7b5 (oe-user@oe-host) (aarch64-fsl-linux-gcc (GCC) 13.3.0, GNU ld (GNU Binutils) 2.42.0.20240723) #1 SMP PREEMPT Wed May 14 13:40:03 UTC 2025
[    0.000000] Machine model: NXP S32G2 Reference Design Board 2 (S32G-VNP-RDB2)
[    0.000000] earlycon: linflex0 at MMIO 0x00000000401c8000 (options '')
[    0.000000] printk: legacy bootconsole [linflex0] enabled
[    0.000000] OF: reserved mem: 0x0000000034000000..0x000000003407ffff (512 KiB) nomap non-reusable pfebufs@34000000
[    0.000000] OF: reserved mem: 0x0000000034080000..0x000000003409ffff (128 KiB) nomap non-reusable pfebufs@34080000
[    0.000000] Reserved memory: created DMA memory pool at 0x0000000083200000, size 3 MiB
[    0.000000] OF: reserved mem: initialized node pfebufs@83200000, compatible id shared-dma-pool
[    0.000000] OF: reserved mem: 0x0000000083200000..0x00000000835dffff (3968 KiB) nomap non-reusable pfebufs@83200000
[    0.000000] OF: reserved mem: 0x00000000835e0000..0x00000000835fffff (128 KiB) map non-reusable pfebufs@835e0000
[    0.000000] OF: reserved mem: 0x0000000084000000..0x0000000084ffffff (16384 KiB) nomap non-reusable shm@84000000
[    0.000000] OF: reserved mem: 0x00000000c0000000..0x00000000c03fffff (4096 KiB) nomap non-reusable shm@c0000000
[    0.000000] OF: reserved mem: 0x00000000c0400000..0x00000000c07fffff (4096 KiB) nomap non-reusable shm@c0400000
[    0.000000] OF: reserved mem: 0x00000000d0000000..0x00000000d000007f (0 KiB) nomap non-reusable shm@d0000000
[    0.000000] OF: reserved mem: 0x00000000d0000080..0x00000000d00000ff (0 KiB) nomap non-reusable shm@d0000080
[    0.000000] OF: reserved mem: 0x00000000ff600000..0x00000000ff7fffff (2048 KiB) nomap non-reusable atf@ff600000
[    0.000000] Zone ranges:
[    0.000000]   DMA      [mem 0x0000000080000000-0x00000000ffffffff]
[    0.000000]   DMA32    empty
[    0.000000]   Normal   [mem 0x0000000100000000-0x00000008ffffffff]
[    0.000000] Movable zone start for each node
[    0.000000] Early memory node ranges
[    0.000000]   node   0: [mem 0x0000000080000000-0x00000000831fffff]
[    0.000000]   node   0: [mem 0x0000000083200000-0x00000000835dffff]
[    0.000000]   node   0: [mem 0x00000000835e0000-0x0000000083ffffff]
[    0.000000]   node   0: [mem 0x0000000084000000-0x0000000084ffffff]
[    0.000000]   node   0: [mem 0x0000000085000000-0x00000000bfffffff]
[    0.000000]   node   0: [mem 0x00000000c0000000-0x00000000c07fffff]
[    0.000000]   node   0: [mem 0x00000000c0800000-0x00000000cfffffff]
[    0.000000]   node   0: [mem 0x00000000d0001000-0x00000000ff5fffff]
[    0.000000]   node   0: [mem 0x00000000ff600000-0x00000000ff7fffff]
[    0.000000]   node   0: [mem 0x00000000ff800000-0x00000000ffffffff]
[    0.000000]   node   0: [mem 0x0000000880000000-0x00000008ffffffff]
[    0.000000] Initmem setup node 0 [mem 0x0000000080000000-0x00000008ffffffff]
[    0.000000] On node 0, zone DMA: 1 pages in unavailable ranges
[    0.000000] cma: Reserved 256 MiB at 0x00000000ef600000 on node -1
[    0.000000] psci: probing for conduit method from DT.
[    0.000000] psci: PSCIv1.1 detected in firmware.
[    0.000000] psci: Using standard PSCI v0.2 function IDs
[    0.000000] psci: MIGRATE_INFO_TYPE not supported.
[    0.000000] psci: SMC Calling Convention v1.4
[    0.000000] percpu: Embedded 19 pages/cpu s40104 r8192 d29528 u77824
[    0.000000] Detected VIPT I-cache on CPU0
[    0.000000] CPU features: detected: GIC system register CPU interface
[    0.000000] CPU features: detected: ARM erratum 845719
[    0.000000] CPU features: detected: NXP erratum ERR050481 (TLBI by VA handled incorrectly)
[    0.000000] CPU features: detected: ARM errata 1165522, 1319367, 1530923, or 1530924
[    0.000000] alternatives: applying boot alternatives
[    0.000000] Kernel command line: console=ttyLF0,115200 root=/dev/mmcblk0p3 rootwait rw earlycon
[    0.000000] Dentry cache hash table entries: 524288 (order: 10, 4194304 bytes, linear)
[    0.000000] Inode-cache hash table entries: 262144 (order: 9, 2097152 bytes, linear)
[    0.000000] Built 1 zonelists, mobility grouping on.  Total pages: 1032191
[    0.000000] mem auto-init: stack:all(zero), heap alloc:off, heap free:off
[    0.000000] software IO TLB: area num 4.
[    0.000000] software IO TLB: mapped [mem 0x00000000eb600000-0x00000000ef600000] (64MB)
[    0.000000] Memory: 3737544K/4194300K available (10688K kernel code, 738K rwdata, 3220K rodata, 1984K init, 233K bss, 194612K reserved, 262144K cma-reserved)
[    0.000000] SLUB: HWalign=64, Order=0-3, MinObjects=0, CPUs=4, Nodes=1
[    0.000000] rcu: Preemptible hierarchical RCU implementation.
[    0.000000] rcu:     RCU event tracing is enabled.
[    0.000000] rcu:     RCU restricting CPUs from NR_CPUS=8 to nr_cpu_ids=4.
[    0.000000]  Trampoline variant of Tasks RCU enabled.
[    0.000000]  Tracing variant of Tasks RCU enabled.
[    0.000000] rcu: RCU calculated value of scheduler-enlistment delay is 25 jiffies.
[    0.000000] rcu: Adjusting geometry for rcu_fanout_leaf=16, nr_cpu_ids=4
[    0.000000] NR_IRQS: 64, nr_irqs: 64, preallocated irqs: 0
[    0.000000] GICv3: GIC: Using split EOI/Deactivate mode
[    0.000000] GICv3: 544 SPIs implemented
[    0.000000] GICv3: 0 Extended SPIs implemented
[    0.000000] GICv3: MBI range [167:182]
[    0.000000] GICv3: Using MBI frame 0x0000000050800000
[    0.000000] Root IRQ handler: gic_handle_irq
[    0.000000] GICv3: GICv3 features: 16 PPIs
[    0.000000] GICv3: CPU0: found redistributor 0 region 0:0x0000000050880000
[    0.000000] ITS: No ITS available, not enabling LPIs
[    0.000000] rcu: srcu_init: Setting srcu_struct sizes based on contention.
[    0.000000] arch_timer: cp15 timer(s) running at 5.00MHz (phys).
[    0.000000] clocksource: arch_sys_counter: mask: 0xffffffffffffff max_cycles: 0x127350b88, max_idle_ns: 440795202120 ns
[    0.000001] sched_clock: 56 bits at 5MHz, resolution 200ns, wraps every 4398046511100ns
[    0.008460] Console: colour dummy device 80x25
[    0.012518] Calibrating delay loop (skipped), value calculated using timer frequency.. 10.00 BogoMIPS (lpj=20000)
[    0.022721] pid_max: default: 32768 minimum: 301
[    0.027445] Mount-cache hash table entries: 8192 (order: 4, 65536 bytes, linear)
[    0.034712] Mountpoint-cache hash table entries: 8192 (order: 4, 65536 bytes, linear)
[    0.044351] RCU Tasks: Setting shift to 2 and lim to 1 rcu_task_cb_adjust=1 rcu_task_cpu_ids=4.
[    0.052723] RCU Tasks Trace: Setting shift to 2 and lim to 1 rcu_task_cb_adjust=1 rcu_task_cpu_ids=4.
[    0.062068] rcu: Hierarchical SRCU implementation.
[    0.066608] rcu:     Max phase no-delay instances is 1000.
[    0.072916] smp: Bringing up secondary CPUs ...
[    0.077742] Detected VIPT I-cache on CPU1
[    0.077827] GICv3: CPU1: found redistributor 1 region 0:0x00000000508a0000
[    0.077882] CPU1: Booted secondary processor 0x0000000001 [0x410fd034]
[    0.078672] Detected VIPT I-cache on CPU2
[    0.078750] GICv3: CPU2: found redistributor 100 region 0:0x00000000508c0000
[    0.078789] CPU2: Booted secondary processor 0x0000000100 [0x410fd034]
[    0.079488] Detected VIPT I-cache on CPU3
[    0.079538] GICv3: CPU3: found redistributor 101 region 0:0x00000000508e0000
[    0.079563] CPU3: Booted secondary processor 0x0000000101 [0x410fd034]
[    0.079655] smp: Brought up 1 node, 4 CPUs
[    0.135774] SMP: Total of 4 processors activated.
[    0.140444] CPU features: detected: 32-bit EL0 Support
[    0.145586] CPU features: detected: CRC32 instructions
[    0.150769] CPU: All CPU(s) started at EL2
[    0.154780] alternatives: applying system-wide alternatives
[    0.162582] devtmpfs: initialized
[    0.176394] clocksource: jiffies: mask: 0xffffffff max_cycles: 0xffffffff, max_idle_ns: 7645041785100000 ns
[    0.185754] futex hash table entries: 1024 (order: 4, 65536 bytes, linear)
[    0.201959] pinctrl core: initialized pinctrl subsystem
[    0.207793] NET: Registered PF_NETLINK/PF_ROUTE protocol family
[    0.214429] DMA: preallocated 512 KiB GFP_KERNEL pool for atomic allocations
[    0.221338] DMA: preallocated 512 KiB GFP_KERNEL|GFP_DMA pool for atomic allocations
[    0.229109] DMA: preallocated 512 KiB GFP_KERNEL|GFP_DMA32 pool for atomic allocations
[    0.237159] thermal_sys: Registered thermal governor 'step_wise'
[    0.237309] hw-breakpoint: found 6 breakpoint and 4 watchpoint registers.
[    0.249751] ASID allocator initialised with 65536 entries
[    0.255177] Serial: AMBA PL011 UART driver
[    0.259176] scmi_core: SCMI protocol bus registered
[    0.265298] scmi_protocol scmi_dev.1: Enabled polling mode TX channel - prot_id:16
[    0.272872] arm-scmi firmware:scmi: SCMI Notifications - Core Enabled.
[    0.279043] arm-scmi firmware:scmi: SCMI Protocol v2.0 'NXP:S32G274A' Firmware version 0x0
[    0.296620] /soc/interrupt-controller@50800000: Fixed dependency cycle(s) with /soc/interrupt-controller@50800000
[    0.308820] /soc/siul2@4009c000/siul2-pinctrl@4009c240: Fixed dependency cycle(s) with /soc/siul2@4009c000/siul2-pinctrl@4009c240/jtag_pins
[    0.331507] Modules: 28512 pages in range for non-PLT usage
[    0.331531] Modules: 520032 pages in range for PLT usage
[    0.337295] HugeTLB: registered 1.00 GiB page size, pre-allocated 0 pages
[    0.348950] HugeTLB: 0 KiB vmemmap can be freed for a 1.00 GiB page
[    0.355200] HugeTLB: registered 32.0 MiB page size, pre-allocated 0 pages
[    0.361968] HugeTLB: 0 KiB vmemmap can be freed for a 32.0 MiB page
[    0.368221] HugeTLB: registered 2.00 MiB page size, pre-allocated 0 pages
[    0.374988] HugeTLB: 0 KiB vmemmap can be freed for a 2.00 MiB page
[    0.381241] HugeTLB: registered 64.0 KiB page size, pre-allocated 0 pages
[    0.388008] HugeTLB: 0 KiB vmemmap can be freed for a 64.0 KiB page
[    0.403973] SCSI subsystem initialized
[    0.407535] usbcore: registered new interface driver usbfs
[    0.412808] usbcore: registered new interface driver hub
[    0.418112] usbcore: registered new device driver usb
[    0.423866] pps_core: LinuxPPS API ver. 1 registered
[    0.428402] pps_core: Software ver. 5.3.6 - Copyright 2005-2007 Rodolfo Giometti <giometti@linux.it>
[    0.437525] PTP clock support registered
[    0.442688] vgaarb: loaded
[    0.445332] clocksource: Switched to clocksource arch_sys_counter
[    0.459303] NET: Registered PF_INET protocol family
[    0.464049] IP idents hash table entries: 65536 (order: 7, 524288 bytes, linear)
[    0.474498] tcp_listen_portaddr_hash hash table entries: 2048 (order: 3, 32768 bytes, linear)
[    0.482691] Table-perturb hash table entries: 65536 (order: 6, 262144 bytes, linear)
[    0.490336] TCP established hash table entries: 32768 (order: 6, 262144 bytes, linear)
[    0.498478] TCP bind hash table entries: 32768 (order: 8, 1048576 bytes, linear)
[    0.506753] TCP: Hash tables configured (established 32768 bind 32768)
[    0.513086] UDP hash table entries: 2048 (order: 4, 65536 bytes, linear)
[    0.519657] UDP-Lite hash table entries: 2048 (order: 4, 65536 bytes, linear)
[    0.526949] NET: Registered PF_UNIX/PF_LOCAL protocol family
[    0.532855] RPC: Registered named UNIX socket transport module.
[    0.538353] RPC: Registered udp transport module.
[    0.543033] RPC: Registered tcp transport module.
[    0.547718] RPC: Registered tcp-with-tls transport module.
[    0.553188] RPC: Registered tcp NFSv4.1 backchannel transport module.
[    0.559643] PCI: CLS 0 bytes, default 64
[    0.564948] workingset: timestamp_bits=62 max_order=20 bucket_order=0
[    0.571634] fuse: init (API version 7.39)
[    0.575417] NET: Registered PF_ALG protocol family
[    0.580043] Block layer SCSI generic (bsg) driver version 0.4 loaded (major 248)
[    0.587375] io scheduler mq-deadline registered
[    0.591882] io scheduler kyber registered
[    0.595886] io scheduler bfq registered
[    0.604206] s32cc-siul2-pinctrl 4009c240.siul2-pinctrl: initialized s32 pinctrl driver
[    0.613652] s32cc-siul2-gpio 4009d700.siul2-gpio: No cache defaults, reading back from HW
[    0.621559] s32cc-siul2-gpio 4009d700.siul2-gpio: No cache defaults, reading back from HW
[    0.630051] gpio gpiochip0: Static allocation of GPIO base is deprecated, use dynamic allocation.
[    0.639552] s32cc-siul2-gpio 4009d700.siul2-gpio: No cache defaults, reading back from HW
[    0.647388] s32cc-siul2-gpio 4009d700.siul2-gpio: No cache defaults, reading back from HW
[    0.667494] printk: legacy console [ttyLF0] enabled000 (irq = 23, base_baud = 7812500) is a FSL_LINFLEX
[    0.667494] printk: legacy console [ttyLF0] enabled
[    0.677412] printk: legacy bootconsole [linflex0] disabled
[    0.677412] printk: legacy bootconsole [linflex0] disabled
[    0.690273] 401cc000.serial: ttyLF1 at MMIO 0x401cc000 (irq = 24, base_baud = 7812500) is a FSL_LINFLEX
[    0.701631] s32cc_fccu 4030c000.fccu: FCCU status is 0 (normal)
[    0.710847] ethernet-switch@1 enforce active low on GPIO handle
[    0.719735] spi-nor spi6.0: mx25uw51245g (65536 Kbytes)
[    0.725633] 8 fixed-partitions partitions found on MTD device 0.spi
[    0.732016] Creating 8 MTD partitions on "0.spi":
[    0.736798] 0x000000000000-0x000004000000 : "Flash-Image"
[    0.742662] 0x000000000000-0x0000000d0000 : "BL2"
[    0.747771] 0x0000000d0000-0x0000002a0000 : "FIP"
[    0.752872] 0x0000002a0000-0x0000002b0000 : "U-Boot-Env"
[    0.758599] 0x0000002b0000-0x000001380000 : "Kernel"
[    0.763979] 0x000001380000-0x0000013b0000 : "DTB"
[    0.769082] 0x0000013b0000-0x0000032c0000 : "Rootfs"
[    0.774453] 0x0000032c0000-0x000004000000 : "PFE-Firmware"
[    0.782655] vcan: Virtual CAN interface driver
[    0.787189] slcan: serial line CAN interface driver
[    0.792144] CAN device driver interface
[    0.797401] flexcan 401b4000.can: device registered (reg_base=(____ptrval____), irq(s):
[    0.805544] flexcan 401b4000.can:  30
[    0.809256] flexcan 401b4000.can:  31
[    0.812984] flexcan 401b4000.can:  32
[    0.816704] flexcan 401b4000.can:  33
[    0.820422] flexcan 401b4000.can: )
[    0.824996] flexcan 401be000.can: device registered (reg_base=(____ptrval____), irq(s):
[    0.833137] flexcan 401be000.can:  34
[    0.836866] flexcan 401be000.can:  35
[    0.840587] flexcan 401be000.can:  36
[    0.844306] flexcan 401be000.can:  37
[    0.848033] flexcan 401be000.can: )
[    0.852168] sja1105 spi5.1: Probed switch chip: SJA1110A
[    0.857601] sja1105 spi5.1: Port 2 interpreting RGMII delay settings based on "phy-mode" property, please update device tree to specify "rx-internal-delay-ps" and "tx-internal-delay-ps"
[    0.874368] sja1105 spi5.1: Port 3 interpreting RGMII delay settings based on "phy-mode" property, please update device tree to specify "rx-internal-delay-ps" and "tx-internal-delay-ps"
[    0.891231] e100: Intel(R) PRO/100 Network Driver
[    0.896009] e100: Copyright(c) 1999-2006 Intel Corporation
[    0.901612] e1000: Intel(R) PRO/1000 Network Driver
[    0.906568] e1000: Copyright (c) 1999-2006 Intel Corporation.
[    0.912434] e1000e: Intel(R) PRO/1000 Network Driver
[    0.917474] e1000e: Copyright(c) 1999 - 2015 Intel Corporation.
[    0.923504] igb: Intel(R) Gigabit Ethernet Network Driver
[    0.928984] igb: Copyright (c) 2007-2014 Intel Corporation.
[    0.935971] hse-uio 40210000.mu0b: firmware not found
[    0.941761] usbcore: registered new interface driver uas
[    0.947195] usbcore: registered new interface driver usb-storage
[    0.954455] imx_usb 44064000.usb: No over current polarity defined
[    0.973401] ci_hdrc ci_hdrc.0: EHCI Host Controller
[    0.978540] ci_hdrc ci_hdrc.0: new USB bus registered, assigned bus number 1
[    1.001400] ci_hdrc ci_hdrc.0: USB 2.0 started, EHCI 1.00
[    1.007060] usb usb1: New USB device found, idVendor=1d6b, idProduct=0002, bcdDevice= 6.06
[    1.015456] usb usb1: New USB device strings: Mfr=3, Product=2, SerialNumber=1
[    1.022790] usb usb1: Product: EHCI Host Controller
[    1.027744] usb usb1: Manufacturer: Linux 6.6.85-rt53-g6208e1d0d7b5 ehci_hcd
[    1.034901] usb usb1: SerialNumber: ci_hdrc.0
[    1.039824] hub 1-0:1.0: USB hub found
[    1.043664] hub 1-0:1.0: 1 port detected
[    1.049551] s32cc-rtc 40060000.rtc: registered as rtc0
[    1.054803] s32cc-rtc 40060000.rtc: setting system clock to 1970-01-01T00:00:00 UTC (0)
[    1.063135] i2c_dev: i2c /dev entries driver
[    1.068052] s32cc-wdt 4010c000.watchdog: S32CC Watchdog Timer Registered. timeout=30s (nowayout=0)
[    1.077911] s32cc-wdt 40200000.watchdog: S32CC Watchdog Timer Registered. timeout=30s (nowayout=0)
[    1.087210] s32cc-wdt 40204000.watchdog: S32CC Watchdog Timer Registered. timeout=30s (nowayout=0)
[    1.096485] s32cc-wdt 40208000.watchdog: S32CC Watchdog Timer Registered. timeout=30s (nowayout=0)
[    1.107567] sdhci: Secure Digital Host Controller Interface driver
[    1.113874] sdhci: Copyright(c) Pierre Ossman
[    1.118304] sdhci-pltfm: SDHCI platform and OF driver helper
[    1.124350] SMCCC: SOC_ID: ARCH_SOC_ID not implemented, skipping ....
[    1.131598] hse 40211000.mu1b: interface mu1b not active
[    1.137707] usbcore: registered new interface driver usbhid
[    1.143379] usbhid: USB HID core driver
[    1.156715] mmc0: SDHCI controller on 402f0000.mmc [402f0000.mmc] using ADMA
[    1.164042] s32-adc 401f8000.adc: using dma0chan4 for ADC DMA transfers
[    1.171461] s32-adc 401f8000.adc: Device initialized successfully.
[    1.189606] s32-adc 402e8000.adc: using dma1chan16 for ADC DMA transfers
[    1.196961] s32-adc 402e8000.adc: Device initialized successfully.
[    1.204005] hw perfevents: enabled with armv8_cortex_a53 PMU driver, 7 counters available
[    1.214174] s32-siul2-nvmem 4009c000.nvram: Initialized s32cc siul2 nvmem driver
[    1.221956] s32-siul2-nvmem 44010000.nvram: Initialized s32cc siul2 nvmem driver
[    1.230165] GACT probability on
[    1.233426] Mirror/redirect action on
[    1.237188] Simple TC action Loaded
[    1.240884] mmc0: new high speed SDHC card at address 0001
[    1.241341] netem: version 1.3
[    1.247167] mmcblk0: mmc0:0001 SD32G 28.8 GiB
[    1.249621] u32 classifier
[    1.256820]     Performance counters on
[    1.256833]  mmcblk0: p1 p2 p3
[    1.260724]     input device check on
[    1.267545]     Actions configured
[    1.272351] xt_time: kernel timezone is -0000
[    1.277045] NET: Registered PF_INET6 protocol family
[    1.283060] Segment Routing with IPv6
[    1.286856] In-situ OAM (IOAM) with IPv6
[    1.290944] sit: IPv6, IPv4 and MPLS over IPv4 tunneling driver
[    1.297523] NET: Registered PF_PACKET protocol family
[    1.302816] can: controller area network core
[    1.307286] NET: Registered PF_CAN protocol family
[    1.312160] can: raw protocol
[    1.315188] can: broadcast manager protocol
[    1.319443] can: netlink gateway - max_hops=1
[    1.323939] 8021q: 802.1Q VLAN Support v1.8
[    1.348440] i2c i2c-0: using pinctrl states for GPIO recovery
[    1.354424] i2c i2c-0: using generic GPIOs for recovery
[    1.360497] pca953x 0-0022: using AI
[    1.371134] rtc-pcf85063 0-0051: registered as rtc1
[    1.376154] i2c i2c-0: IMX I2C adapter registered
[    1.380986] i2c i2c-0: using dma0chan5 (tx) and dma0chan6 (rx) for DMA transfers
[    1.389357] i2c i2c-2: using pinctrl states for GPIO recovery
[    1.395266] i2c i2c-2: using generic GPIOs for recovery
[    1.400655] i2c i2c-2: IMX I2C adapter registered
[    1.405481] i2c i2c-2: using dma1chan17 (tx) and dma1chan18 (rx) for DMA transfers
[    1.413906] i2c i2c-4: using pinctrl states for GPIO recovery
[    1.419818] i2c i2c-4: using generic GPIOs for recovery
[    1.426691] ina2xx 4-0040: power monitor ina231 (Rshunt = 1000 uOhm)
[    1.433194] i2c i2c-4: IMX I2C adapter registered
[    1.438021] i2c i2c-4: using dma1chan19 (tx) and dma1chan20 (rx) for DMA transfers
[    1.466780] phy-s32cc-serdes 40480000.serdes: Using mode 0 for SerDes subsystem
[    1.474683] phy-s32cc-serdes 44180000.serdes: Using mode 4 for SerDes subsystem
[    1.805241] s32cc-pcie 40400000.pcie: Failed to stabilize PHY link
[    1.811530] s32cc-pcie 40400000.pcie: Configuring as RootComplex
[    1.817674] s32cc-pcie 40400000.pcie: host bridge /soc/pcie@40400000 ranges:
[    1.824863] s32cc-pcie 40400000.pcie:       IO 0x5ffffe0000..0x5ffffeffff -> 0x0000000000
[    1.833184] s32cc-pcie 40400000.pcie:      MEM 0x5800000000..0x5ffffdffff -> 0x0000000000
[    1.841512] s32cc-pcie 40400000.pcie: Memory resource size exceeds max for 32 bits
[    2.849360] s32cc-pcie 40400000.pcie: Phy link never came up
[    2.855137] s32cc-pcie 40400000.pcie: Link Up failed, EndPoint may not be connected
[    2.862939] s32cc-pcie 40400000.pcie: iATU: unroll T, 6 ob, 4 ib, align 4K, limit 1024G
[    3.871263] s32cc-pcie 40400000.pcie: Phy link never came up
[    3.877021] s32cc-pcie 40400000.pcie: Link Up failed, EndPoint may not be connected
[    4.884933] s32cc-pcie 40400000.pcie: Phy link never came up
[    4.891289] s32cc-pcie 40400000.pcie: PCI host bridge to bus 0000:00
[    4.897752] pci_bus 0000:00: root bus resource [bus 00-ff]
[    4.903329] pci_bus 0000:00: root bus resource [io  0x0000-0xffff]
[    4.909611] pci_bus 0000:00: root bus resource [mem 0x5800000000-0x5ffffdffff] (bus address [0x00000000-0x7fffdffff])
[    4.920419] pci 0000:00:00.0: [1957:4002] type 01 class 0x060400
[    4.926539] pci 0000:00:00.0: reg 0x10: [mem 0x5800000000-0x58000fffff]
[    4.933270] pci 0000:00:00.0: reg 0x38: [mem 0x5800000000-0x580000ffff pref]
[    4.940524] pci 0000:00:00.0: supports D1
[    4.944601] pci 0000:00:00.0: PME# supported from D0 D1 D3hot D3cold
[    4.954772] pci 0000:00:00.0: BAR 0: assigned [mem 0x5800000000-0x58000fffff]
[    4.962033] pci 0000:00:00.0: BAR 6: assigned [mem 0x5800100000-0x580010ffff pref]
[    4.969727] pci 0000:00:00.0: PCI bridge to [bus 01-ff]
[    4.975423] pcieport 0000:00:00.0: PME: Signaling with IRQ 51
[    4.982393] sja1105 spi5.1: Probed switch chip: SJA1110A
[    4.987830] sja1105 spi5.1: Port 2 interpreting RGMII delay settings based on "phy-mode" property, please update device tree to specify "rx-internal-delay-ps" and "tx-internal-delay-ps"
[    5.004630] sja1105 spi5.1: Port 3 interpreting RGMII delay settings based on "phy-mode" property, please update device tree to specify "rx-internal-delay-ps" and "tx-internal-delay-ps"
[    5.022106] s32cc-dwmac 4033c000.ethernet: IRQ eth_wake_irq not found
[    5.028665] s32cc-dwmac 4033c000.ethernet: IRQ eth_lpi not found
[    5.035784] s32cc-dwmac 4033c000.ethernet: User ID: 0x10, Synopsys ID: 0x51
[    5.042875] s32cc-dwmac 4033c000.ethernet:   DWMAC4/5
[    5.047929] s32cc-dwmac 4033c000.ethernet: DMA HW capability register supported
[    5.055352] s32cc-dwmac 4033c000.ethernet: RX Checksum Offload Engine supported
[    5.062773] s32cc-dwmac 4033c000.ethernet: TX Checksum insertion supported
[    5.069754] s32cc-dwmac 4033c000.ethernet: Wake-Up On Lan supported
[    5.076185] s32cc-dwmac 4033c000.ethernet: Enable RX Mitigation via HW Watchdog Timer
[    5.084143] s32cc-dwmac 4033c000.ethernet: Enabled L3L4 Flow TC (entries=8)
[    5.091212] s32cc-dwmac 4033c000.ethernet: Enabled RFS Flow TC (entries=10)
[    5.098290] s32cc-dwmac 4033c000.ethernet: Enabling HW TC (entries=256, max_off=256)
[    5.106162] s32cc-dwmac 4033c000.ethernet: Using 32/32 bits DMA host/device width
[    5.120307] hwmon hwmon1: temp1_input not attached to any thermal zone
[    5.129737] qoriq_thermal 400a8000.tmu: Critical rising/falling temperature threshold = 5 degree(s)
[    5.144412] nxp_s32cc_ddr_perf 403e0000.ddr-perf: probing device
[    5.150905] nxp_s32cc_ddr_perf 403e0000.ddr-perf: device initialized successfully
[    5.158898] sja1105 spi5.1: Probed switch chip: SJA1110A
[    5.164330] sja1105 spi5.1: Port 2 interpreting RGMII delay settings based on "phy-mode" property, please update device tree to specify "rx-internal-delay-ps" and "tx-internal-delay-ps"
[    5.181104] sja1105 spi5.1: Port 3 interpreting RGMII delay settings based on "phy-mode" property, please update device tree to specify "rx-internal-delay-ps" and "tx-internal-delay-ps"
[    5.198225] sja1105 spi5.1: Probed switch chip: SJA1110A
[    5.203639] sja1105 spi5.1: Port 2 interpreting RGMII delay settings based on "phy-mode" property, please update device tree to specify "rx-internal-delay-ps" and "tx-internal-delay-ps"
[    5.220411] sja1105 spi5.1: Port 3 interpreting RGMII delay settings based on "phy-mode" property, please update device tree to specify "rx-internal-delay-ps" and "tx-internal-delay-ps"
[    5.237483] clk: Disabling unused clocks
[    5.302166] EXT4-fs (mmcblk0p3): recovery complete
[    5.307894] EXT4-fs (mmcblk0p3): mounted filesystem 7998e1b8-8d1a-412f-8924-0a57aa6bfd99 r/w with ordered data mode. Quota mode: disabled.
[    5.319988] VFS: Mounted root (ext4 filesystem) on device 179:3.
[    5.326913] devtmpfs: mounted
[    5.330338] Freeing unused kernel memory: 1984K
[    5.334776] Run /sbin/init as init process
[    5.873551] systemd[1]: System time before build time, advancing clock.
[    5.954212] systemd[1]: systemd 255.13^ running in system mode (+PAM -AUDIT -SELINUX -APPARMOR +IMA -SMACK +SECCOMP -GCRYPT -GNUTLS -OPENSSL +ACL +BLKID -CURL -ELFUTILS -FIDO2 -IDN2 -IDN -IPTC +KMOD -LIBCRYPTSETUP +LIBFDISK -PCRE2 -PWQUALITY -P11KIT -QRENCODE -TPM2 -BZIP2 -LZ4 -XZ -ZLIB +ZSTD -BPF_FRAMEWORK +XKBCOMMON +UTMP +SYSVINIT default-hierarchy=unified)
[    5.985780] systemd[1]: Detected architecture arm64.

Welcome to Auto Linux BSP 44.0 (scarthgap)!

[    6.015780] systemd[1]: Hostname set to <s32g274ardb2>.
[    6.619356] systemd[1]: Queued start job for default target Multi-User System.
[    6.631593] systemd[1]: Created slice Slice /system/getty.
[  OK  ] Created slice Slice /system/getty.
[    6.654932] systemd[1]: Created slice Slice /system/modprobe.
[  OK  ] Created slice Slice /system/modprobe.
[    6.678864] systemd[1]: Created slice Slice /system/serial-getty.
[  OK  ] Created slice Slice /system/serial-getty.
[    6.702299] systemd[1]: Created slice User and Session Slice.
[  OK  ] Created slice User and Session Slice.
[    6.725799] systemd[1]: Started Dispatch Password Requests to Console Directory Watch.
[  OK  ] Started Dispatch Password Requests to Console Directory Watch.
[    6.753695] systemd[1]: Started Forward Password Requests to Wall Directory Watch.
[  OK  ] Started Forward Password Requests to Wall Directory Watch.
[    6.777685] systemd[1]: Reached target Path Units.
[  OK  ] Reached target Path Units.
[    6.797476] systemd[1]: Reached target Remote File Systems.
[  OK  ] Reached target Remote File Systems.
[    6.817462] systemd[1]: Reached target Slice Units.
[  OK  ] Reached target Slice Units.
[    6.837510] systemd[1]: Reached target Swaps.
[  OK  ] Reached target Swaps.
[    6.894373] systemd[1]: Listening on RPCbind Server Activation Socket.
[  OK  ] Listening on RPCbind Server Activation Socket.
[    6.917651] systemd[1]: Reached target RPC Port Mapper.
[  OK  ] Reached target RPC Port Mapper.
[    6.938236] systemd[1]: Listening on Syslog Socket.
[  OK  ] Listening on Syslog Socket.
[    6.957851] systemd[1]: Listening on initctl Compatibility Named Pipe.
[  OK  ] Listening on initctl Compatibility Named Pipe.
[    6.988560] systemd[1]: Journal Audit Socket was skipped because of an unmet condition check (ConditionSecurity=audit).
[    6.999722] systemd[1]: Listening on Journal Socket (/dev/log).
[  OK  ] Listening on Journal Socket (/dev/log).
[    7.026209] systemd[1]: Listening on Journal Socket.
[  OK  ] Listening on Journal Socket.
[    7.046477] systemd[1]: Listening on Network Service Netlink Socket.
[  OK  ] Listening on Network Service Netlink Socket.
[    7.083037] systemd[1]: Listening on udev Control Socket.
[  OK  ] Listening on udev Control Socket.
[    7.106140] systemd[1]: Listening on udev Kernel Socket.
[  OK  ] Listening on udev Kernel Socket.
[    7.126151] systemd[1]: Listening on User Database Manager Socket.
[  OK  ] Listening on User Database Manager Socket.
[    7.181613] systemd[1]: Mounting Huge Pages File System...
        [    7.187439] systemd[1]: POSIX Message Queue File System was skipped because of an unmet condition check (ConditionPathExists=/proc/sys/fs/mqueue).
 Mounting Huge Pages File S[    7.203588] systemd[1]: Mounting Kernel Debug File System...
ystem...
         Mounting Kernel Debug File System...
[    7.237907] systemd[1]: Kernel Trace File System was skipped because of an unmet condition check (ConditionPathExists=/sys/kernel/tracing).
[    7.250654] systemd[1]: Create List of Static Device Nodes was skipped because of an unmet condition check (ConditionFileNotEmpty=/lib/modules/6.6.85-rt53-g6208e1d0d7b5/modules.devname).
[    7.270562] systemd[1]: Starting Load Kernel Module configfs...
         Starting Load Kernel Module configfs...
[    7.301011] systemd[1]: Starting Load Kernel Module drm...
         Starting Load Kernel Module drm...
[    7.329204] systemd[1]: Starting Load Kernel Module fuse...
         Starting Load Kernel Module fuse...
[    7.366129] systemd[1]: Starting RPC Bind...
         Starting RPC Bind...
[    7.389681] systemd[1]: File System Check on Root Device was skipped because of an unmet condition check (ConditionPathIsReadWrite=!/).
[    7.408778] systemd[1]: Starting Journal Service...
         Starting Journal Service...
[    7.443035] systemd[1]: Starting Load Kernel Modules...
         Starting Load Kernel Modules...
[    7.469033] systemd[1]: Starting Generate network units from Kernel command line...
         Starting Generate network units from Kernel command line...
[    7.499733] sja1110: loading out-of-tree module taints kernel.
[    7.501138] systemd[1]: Starting Remount Root and Kernel File Systems...
     [    7.512329] SPI driver sja1110 has no spi_device_id for nxp,sja1110-switch
    [    7.519462] SPI driver sja1110 has no spi_device_id for nxp,sja1110-uc
Starting Remount Root and Kernel File Systems...
[    7.532521] systemd-journald[123]: Collecting audit messages is disabled.
[    7.566119] systemd[1]: Starting Create Static Device Nodes in /dev gracefully...
         Starting Create Static Devic[    7.577149] systemd[1]: Starting Coldplug All udev Devices...
e Nodes in /dev gracefully...
         Starting Coldplug All udev Devices...
[    7.617890] EXT4-fs (mmcblk0p3): re-mounted 7998e1b8-8d1a-412f-8924-0a57aa6bfd99 r/w. Quota mode: disabled.
[    7.624154] systemd[1]: Started RPC Bind.
[  OK  ] Started RPC Bind.
[    7.659814] systemd[1]: Started Journal Service.
[  OK  ] Started Journal Service.
[  OK  ] Mounted Huge Pages File System.
[  OK  ] Mounted Kernel Debug File System.
[  OK  ] Finished Load Kernel Module configfs.
[  OK  ] Finished Load Kernel Module drm.
[  OK  ] Finished Load Kernel Module fuse.
[  OK  ] Finished Load Kernel Modules.
[  OK  ] Finished Generate network units from Kernel command line.
[  OK  ] Finished Remount Root and Kernel File Systems.
[  OK  ] Finished Create Static Device Nodes in /dev gracefully.
         Mounting FUSE Control File System...
         Mounting Kernel Configuration File System...
         Starting Flush Journal to Persistent Storage...
         Starting Apply Kernel Variables...
[    8.021034] systemd-journald[123]: Received client request to flush runtime journal.
         Starting Create Static Device Nodes in /dev...
[  OK  ] Mounted FUSE Control File System.
[  OK  ] Mounted Kernel Configuration File System.
[  OK  ] Finished Flush Journal to Persistent Storage.
[  OK  ] Finished Apply Kernel Variables.
[  OK  ] Finished Create Static Device Nodes in /dev.
[  OK  ] Reached target Preparation for Local File Systems.
         Mounting /tmp...
         Mounting /var/volatile...
         Starting Rule-based Manager for Device Events and Files...
[  OK  ] Finished Coldplug All udev Devices.
[  OK  ] Mounted /tmp.
[  OK  ] Mounted /var/volatile.
         Mounting /var/volatile/tmp...
         Starting Load/Save OS Random Seed...
[  OK  ] Mounted /var/volatile/tmp.
[  OK  ] Reached target Local File Systems.
         Starting Create System Files and Directories...
[  OK  ] Started Rule-based Manager for Device Events and Files.
[  OK  ] Finished Create System Files and Directories.
         Starting Network Name Resolution...
[    8.596730] s32cc-dwmac 4033c000.ethernet end0: renamed from eth0
         Starting Network Time Synchronization...
         Starting Record System Boot/Shutdown in UTMP...
         Starting User Database Manager...
[  OK  ] Finished Record System Boot/Shutdown in UTMP.
[    9.313620] pfeng 46000000.pfe: PFEng ethernet driver loading ...
[    9.325485] pfeng 46000000.pfe: Version: 1.9.0
[    9.333338] pfeng 46000000.pfe: Driver commit hash: M4_DRIVER_COMMIT_HASH
[    9.342771] pfeng 46000000.pfe: Multi instance support: disabled (standalone)
32[    9.350008] pfeng 46000000.pfe: Compiled by: 13.3.0
m [    9.355057] pfeng 46000000.pfe: Cbus addr 0x46000000 size 0x1000000
 [    9.361436] pfeng 46000000.pfe: nxp,fw-class-name: s32g_pfe_class.fw
OK [    9.367983] pfeng 46000000.pfe: nxp,fw-util-name: s32g_pfe_util.fw
 ] Started     9.375981] pfeng 46000000.pfe: netif name: pfe0
39mUser Database Manager.
[    9.386598] pfeng 46000000.pfe: DT mac addr: 00:04:9f:be:ef:00
[    9.397632] pfeng 46000000.pfe: netif(pfe0) linked phyif: 0
[    9.403669] pfeng 46000000.pfe: netif(pfe0) mode: std
[    9.408690] pfeng 46000000.pfe: netif(pfe0) HIFs: count 1 map 01
[    9.414590] pfeng 46000000.pfe: EMAC0 interface mode: 4
[    9.420002] pfeng 46000000.pfe: netif name: pfe1
[    9.424504] pfeng 46000000.pfe: DT mac addr: 00:04:9f:be:ef:01
[    9.430419] pfeng 46000000.pfe: netif(pfe1) linked phyif: 1
[    9.435981] pfeng 46000000.pfe: netif(pfe1) mode: std
[    9.436139] pfeng 46000000.pfe: netif(pfe1) HIFs: count 1 map 02
[    9.436160] pfeng 46000000.pfe: EMAC1 interface mode: 4
[    9.436658] pfeng 46000000.pfe: netif name: pfe2
[    9.436677] pfeng 46000000.pfe: DT mac addr: 00:04:9f:be:ef:02
[    9.436696] pfeng 46000000.pfe: netif(pfe2) linked phyif: 2
 [    9.436704] pfeng 46000000.pfe: netif(pfe2) mode: std
 [    9.436849] pfeng 46000000.pfe: netif(pfe2) HIFs: count 1 map 04
   [    9.480095] pfeng 46000000.pfe: EMAC2 interface mode: 10
  [    9.485590] pfeng 46000000.pfe: HIF channels mask: 0x0007
  [    9.491172] pfeng 46000000.pfe: PFE port coherency enabled, mask 0x1e
Start[    9.497957] pfeng 46000000.pfe: Clocks: sys=300MHz pe=600MHz
ing     9.504421] pfeng 46000000.pfe: Interface selected: EMAC0: 0x4 EMAC1: 0x4 EMAC2: 0xa
;39mV[    9.512572] pfeng 46000000.pfe: PFE controller reset done
irt[    9.518241] pfeng 46000000.pfe: TX clock on EMAC0 for interface sgmii installed
ual[    9.525791] pfeng 46000000.pfe: RX clock on EMAC0 for interface sgmii installed
 Con[    9.533409] pfeng 46000000.pfe: TX clock on EMAC1 for interface sgmii installed
sol[    9.540967] pfeng 46000000.pfe: RX clock on EMAC1 for interface sgmii installed
e Se[    9.548549] pfeng 46000000.pfe: TX clock on EMAC2 for interface rgmii-id installed
tup[    9.556401] pfeng 46000000.pfe: RX clock on EMAC2 for interface rgmii-id installed
.[    9.564393] pfeng 46000000.pfe: assigned reserved memory node pfebufs@34000000
[    9.571835] pfeng 46000000.pfe: assigned reserved memory node pfebufs@34080000

[    9.579321] pfeng 46000000.pfe: assigned reserved memory node pfebufs@83200000
[    9.586523] pfeng 46000000.pfe: assigned reserved memory node pfebufs@835e0000
[    9.622174] pfeng 46000000.pfe: Firmware: CLASS s32g_pfe_class.fw [45724 bytes]
[    9.629145] pfeng 46000000.pfe: Firmware: UTIL s32g_pfe_util.fw [23352 bytes]
[    9.636819] pfeng 46000000.pfe: PFE CBUS p0x46000000 mapped @ v0xffffffc082000000 (0x1000000 bytes)
[    9.646036] pfeng 46000000.pfe: Silicon S32G2
[    9.651157] pfeng 46000000.pfe: PFE_ERRORS:Parity instance created
[    9.657074] pfeng 46000000.pfe: PFE_ERRORS:Watchdog instance created
[    9.663444] pfeng 46000000.pfe: BMU1 buffer base: p0xc0000000
[    9.669129] pfeng 46000000.pfe: BMU2 buffer base: p0x34000000 (0x80000 bytes)
[    9.677455] pfeng 46000000.pfe: register IRQ 67 by name 'PFE BMU IRQ'
[    9.684030] pfeng 46000000.pfe: Firmware .elf detected
[    9.689041] pfeng 46000000.pfe: Uploading CLASS firmware
[    9.694095] pfeng 46000000.pfe: Selected FW loading OPs to load 8 PEs in parallel
[    9.694595] pfeng 46000000.pfe: BMU_EMPTY_INT (BMU @ p0x(____ptrval____)). Pool ready.
[    9.710022] pfeng 46000000.pfe: BMU_EMPTY_INT (BMU @ p0x(____ptrval____)). Pool ready.
[    9.721367] pfeng 46000000.pfe: pfe_ct.h file version"92367c0e25f21f49217a9b08168ad2c8"
[    9.744490] pfeng 46000000.pfe: [FW VERSION] 1.11.0, Build: Apr  8 2025, 21:02:36 (nogitaaa), ID: 0x31454650
[    9.754282] pfeng 46000000.pfe: EMAC timestamp external mode bitmap: 0
[    9.760500] pfeng 46000000.pfe: Uploading UTIL firmware
[    9.765655] pfeng 46000000.pfe: Selected FW loading OPs to load 1 PEs in parallel
[    9.775596] pfeng 46000000.pfe: pfe_ct.h file version"92367c0e25f21f49217a9b08168ad2c8"
[  OK   pfeng 46000000.pfe: FW feature: drv_run_on_g3
[[    9.790006] pfeng 46000000.pfe: FW feature: jumbo_frames
0[    9.795370] pfeng 46000000.pfe: FW feature: ptp_qos_mapping
m[    9.801036] pfeng 46000000.pfe: FW feature: software_vlan_table
][    9.806998] pfeng 46000000.pfe: FW feature: timestamping
 [    9.812379] pfeng 46000000.pfe: FW feature: qos_mapping
S[    9.817698] pfeng 46000000.pfe: FW feature: core_functionality
t[    9.817711] pfeng 46000000.pfe: FW feature: extended_features
a[    9.817718] pfeng 46000000.pfe: FW feature: flexible_router
r[    9.835038] pfeng 46000000.pfe: FW feature: validate_hif_csum
t[    9.840847] pfeng 46000000.pfe: FW feature: err051211_workaround
e[    9.846928] pfeng 46000000.pfe: FW feature: IPsec
d[    9.851699] pfeng 46000000.pfe: FW feature: l2_bridge_aging
 [    9.857334] pfeng 46000000.pfe: FW feature: receive_malformed
 pfeng 46000000.pfe: FW feature: ptp_conf_check
[[    9.868711] pfeng 46000000.pfe: FW feature: vlan_conf_check
0[    9.874352] pfeng 46000000.pfe: FW feature: hash_load_spread
;[    9.880087] pfeng 46000000.pfe: FW feature: ingress_vlan
1[    9.885468] pfeng 46000000.pfe: FW feature: safety
;39mNetwork Name Resolution    9.892740] pfeng 46000000.pfe: VLAN ID incorrect or not set. Using default VLAN ID = 0x01.
0[    9.901188] pfeng 46000000.pfe: VLAN stats size incorrect or not set. Using default VLAN stats size = 20.
m.[    9.910920] pfeng 46000000.pfe: Software vlan hash table @ p0x20001288

[    9.917668] pfeng 46000000.pfe: Fall-back bridge domain @ 0x20000a8c (class)
[[    9.924785] pfeng 46000000.pfe: Default bridge domain @ 0x20000a84 (class)
[    9.932254] pfeng 46000000.pfe: Routing table created, Hash Table @ p0x34080000, Pool @ p0x34088000 (65536 bytes)
  OK[    9.942873] pfeng 46000000.pfe: Feature err051211_workaround: DISABLED
  ] Reached target Host and Network Nam[    9.953844] pfeng 46000000.pfe: HIF0 enabled
e Looku[    9.958683] pfeng 46000000.pfe: HIF1 enabled
ps    9.963435] pfeng 46000000.pfe: HIF2 enabled
m[    9.967759] pfeng 46000000.pfe: HIF3 not configured, skipped
[    9.973510] pfeng 46000000.pfe: MDIO bus 0 disabled: Not found in DT
[    9.979987] pfeng 46000000.pfe: MDIO bus 1 disabled: Not found in DT

[  OK  ] Started Network Time Synchronization.
[  OK  ] Reached tar[    9.995412] pfeng 46000000.pfe: MDIO bus 2 enabled
g[    9.995487] sja1105 spi5.1: Probed switch chip: SJA1110A
e[   10.000405] pfeng 46000000.pfe pfe0 (uninitialized): fixed link full duplex 2500Mbps not recognised
t[   10.005699] sja1105 spi5.1: Port 2 interpreting RGMII delay settings based on "phy-mode" property, please update device tree to specify "rx-internal-delay-ps" and "tx-internal-delay-ps"
 [   10.014874] phy-s32cc-serdes 44180000.serdes: Unstable RX detected on XPCS0
 sja1105 spi5.1: Port 3 interpreting RGMII delay settings based on "phy-mode" property, please update device tree to specify "rx-internal-delay-ps" and "tx-internal-delay-ps"
[[   10.038415] pfeng 46000000.pfe pfe0 (uninitialized): Subscribe to HIF0
0[   10.061608] pfeng 46000000.pfe pfe0 (uninitialized): Host LLTX disabled
;1;[   10.068457] pfeng 46000000.pfe pfe0 (uninitialized): Enable HIF0
39[   10.074558] pfeng 46000000.pfe pfe0 (uninitialized): setting MAC addr: 00:04:9f:be:ef:00
mS[   10.082821] pfeng 46000000.pfe pfe0 (uninitialized): PTP HW addend 0x80000000, max_adj configured to 46566128 ppb
ys[   10.093259] pfeng 46000000.pfe: IEEE1588: Input Clock: 200000000Hz, Output: 100000000Hz, Accuracy: 10.0ns
tem Time Set[   10.103812] pfeng 46000000.pfe pfe0 (uninitialized): Registered PTP HW clock successfully on EMAC0
.
[   10.113695] pfeng 46000000.pfe pfe0: registered
[   10.118146] phy-s32cc-serdes 44180000.serdes: Unstable RX detected on XPCS1
[   10.124945] pfeng 46000000.pfe pfe1 (uninitialized): Subscribe to HIF1
[   10.131470] pfeng 46000000.pfe pfe1 (uninitialized): Host LLTX disabled
[   10.138226] pfeng 46000000.pfe pfe1 (uninitialized): Enable HIF1
[   10.144030] pfeng 46000000.pfe pfe1 (uninitialized): setting MAC addr: 00:04:9f:be:ef:01
[   10.152109] pfeng 46000000.pfe pfe1 (uninitialized): PTP HW addend 0x80000000, max_adj configured to 46566128 ppb
[   10.162344] pfeng 46000000.pfe: IEEE1588: Input Clock: 200000000Hz, Output: 100000000Hz, Accuracy: 10.0ns
[   10.172590] pfeng 46000000.pfe pfe1 (uninitialized): Registered PTP HW clock successfully on EMAC1
[ [   10.181954] pfeng 46000000.pfe pfe1: registered
 O[   10.186622] pfeng 46000000.pfe pfe2 (uninitialized): Subscribe to HIF2
K[   10.193228] pfeng 46000000.pfe pfe2 (uninitialized): Host LLTX disabled
   pfeng 46000000.pfe pfe2 (uninitialized): Enable HIF2
[0[   10.206184] pfeng 46000000.pfe pfe2 (uninitialized): setting MAC addr: 00:04:9f:be:ef:02
m][   10.214435] pfeng 46000000.pfe pfe2 (uninitialized): PTP HW addend 0x80000000, max_adj configured to 46566128 ppb
 [   10.224836] pfeng 46000000.pfe: IEEE1588: Input Clock: 200000000Hz, Output: 100000000Hz, Accuracy: 10.0ns
Finished [   10.235101] pfeng 46000000.pfe pfe2 (uninitialized): Registered PTP HW clock successfully on EMAC2
V[   10.244958] pfeng 46000000.pfe pfe2: registered
irtual Console Setup.
[   10.251870] sja1105 spi5.1: Probed switch chip: SJA1110A
[   10.258945] sja1105 spi5.1: Port 2 interpreting RGMII delay settings based on "phy-mode" property, please update device tree to specify "rx-internal-delay-ps" and "tx-internal-delay-ps"
[   10.275153] sja1105 spi5.1: Port 3 interpreting RGMII delay settings based on "phy-mode" property, please update device tree to specify "rx-internal-delay-ps" and "tx-internal-delay-ps"
[  OK  ] Reached target System Initialization.
[  OK  ] Started Daily rotation of log files.
[  OK  ] Started Daily Cleanup of Temporary Directories.
[  OK  ] Reached target Timer Units.
[  OK  ] Listening on D-Bus System Message Bus Socket.
         Starting sshd.socket...
[  OK  ] Listening on sshd.socket.
[  OK  ] Reached target Socket Units.
[  OK  ] Reached target Basic System.
[   10.549567] sja1105 spi5.1: configuring for fixed/2500base-x link mode
[   10.558214] sja1105 spi5.1: Link is Up - 2.5Gbps/Full - flow control off
[  OK  ] Started Job spooling tools.
[  OK  ] Started Periodic Command Scheduler.
         Starting D-Bus System Message Bus...
[   10.621639] sja1105 spi5.1 p1 (uninitialized): PHY [spi5.1-base-tx:01] driver [NXP CBTX (SJA1110)] (irq=POLL)
[   10.638181] sja1105 spi5.1 trx5 (uninitialized): PHY [spi5.1-base-t1:01] driver [Generic Clause 45 PHY] (irq=POLL)
[   10.650611] sja1105 spi5.1 trx6 (uninitialized): PHY [spi5.1-base-t1:02] driver [Generic Clause 45 PHY] (irq=POLL)
[   10.663200] sja1105 spi5.1 trx7 (uninitialized): PHY [spi5.1-base-t1:03] driver [Generic Clause 45 PHY] (irq=POLL)
[   10.675270] sja1105 spi5.1 trx8 (uninitialized): PHY [spi5.1-base-t1:04] driver [Generic Clause 45 PHY] (irq=POLL)
         Star[   10.687766] sja1105 spi5.1 trx9 (uninitialized): PHY [spi5.1-base-t1:05] driver [Generic Clause 45 PHY] (irq=POLL)
ting IPv6 Packet Filtering Framewo[   10.701787] sja1105 spi5.1 trx10 (uninitialized): PHY [spi5.1-base-t1:06] driver [Generic Clause 45 PHY] (irq=POLL)
rk...
[   10.713803] DSA: tree 0 setup
         Starting IPv4 Packet Filtering Framework...
[  OK  ] Started irqbalance daemon.
[  OK  ] Started Hardware RNG Entropy Gatherer Daemon.
[  OK  ] Started System Logging Service.
         Starting Resets System Activity Logs...
         Starting User Login Management...
         Starting OpenSSH Key Generation...
[  OK  ] Finished IPv6 Packet Filtering Framework.
[  OK  ] Finished IPv4 Packet Filtering Framework.
[  OK  ] Finished Resets System Activity Logs.
[  OK  ] Started User Login Management.
[  OK  ] Created slice Slice /system/systemd-fsck.
[  OK  ] Reached target Preparation for Network.
         Starting File System Check on /dev/mmcblk0p2...
         Starting Network Configuration...
[  OK  ] Finished File System Check on /dev/mmcblk0p2.
         Mounting /run/media/boot_s32g2-mmcblk0p2...
[  OK  ] Mounted /run/media/boot_s32g2-mmcblk0p2.
[  OK  ] Started Network Configuration.
[  OK  ] Reached target Network.
[  OK  ] Started Netperf Benchmark Server.
         Starting Permit User Sessions...
[  OK  ] Started Xinetd A Powerful Replacement For Inetd.
[  OK  ] Finished Permit User Sessions.
[  OK  ] Started Getty on tty1.
[  OK  ] Started Serial Getty on ttyLF0.
[  OK  ] Reached target Login Prompts.
[  OK  ] Finished Load/Save OS Random Seed.
[  OK  ] Finished OpenSSH Key Generation.
[  OK  ] Started D-Bus System Message Bus.
[  OK  ] Reached target Multi-User System.
         Starting Record Runlevel Change in UTMP...
[  OK  ] Finished Record Runlevel Change in UTMP.

Auto Linux BSP 44.0 s32g274ardb2 ttyLF0

s32g274ardb2 login: root
root@s32g274ardb2:~# ip link
1: lo: <LOOPBACK,UP,LOWER_UP> mtu 65536 qdisc noqueue state UNKNOWN mode DEFAULT group default qlen 1000
    link/loopback 00:00:00:00:00:00 brd 00:00:00:00:00:00
2: can0: <NOARP,ECHO> mtu 16 qdisc noop state DOWN mode DEFAULT group default qlen 10
    link/can
3: can1: <NOARP,ECHO> mtu 16 qdisc noop state DOWN mode DEFAULT group default qlen 10
    link/can
4: teql0: <NOARP> mtu 1500 qdisc noop state DOWN mode DEFAULT group default qlen 100
    link/void
5: sit0@NONE: <NOARP> mtu 1480 qdisc noop state DOWN mode DEFAULT group default qlen 1000
    link/sit 0.0.0.0 brd 0.0.0.0
6: end0: <NO-CARRIER,BROADCAST,MULTICAST,UP> mtu 1500 qdisc mq state DOWN mode DEFAULT group default qlen 1000
    link/ether da:41:ad:66:43:ac brd ff:ff:ff:ff:ff:ff
7: pfe0: <BROADCAST,MULTICAST,UP,LOWER_UP> mtu 1536 qdisc fq_codel state UP mode DEFAULT group default qlen 1000
    link/ether 00:04:9f:be:ef:00 brd ff:ff:ff:ff:ff:ff
8: pfe1: <NO-CARRIER,BROADCAST,MULTICAST,UP> mtu 1500 qdisc fq_codel state DOWN mode DEFAULT group default qlen 1000
    link/ether 00:04:9f:be:ef:01 brd ff:ff:ff:ff:ff:ff
9: pfe2: <NO-CARRIER,BROADCAST,MULTICAST,UP> mtu 1500 qdisc fq_codel state DOWN mode DEFAULT group default qlen 1000
    link/ether 00:04:9f:be:ef:02 brd ff:ff:ff:ff:ff:ff
10: p1@pfe0: <BROADCAST,MULTICAST> mtu 1500 qdisc noop state DOWN mode DEFAULT group default qlen 1000
    link/ether 00:04:9f:be:ef:00 brd ff:ff:ff:ff:ff:ff
11: p2@pfe0: <BROADCAST,MULTICAST> mtu 1500 qdisc noop state DOWN mode DEFAULT group default qlen 1000
    link/ether 00:04:9f:be:ef:00 brd ff:ff:ff:ff:ff:ff
12: p3@pfe0: <BROADCAST,MULTICAST> mtu 1500 qdisc noop state DOWN mode DEFAULT group default qlen 1000
    link/ether 00:04:9f:be:ef:00 brd ff:ff:ff:ff:ff:ff
13: trx5@pfe0: <BROADCAST,MULTICAST> mtu 1500 qdisc noop state DOWN mode DEFAULT group default qlen 1000
    link/ether 00:04:9f:be:ef:00 brd ff:ff:ff:ff:ff:ff
14: trx6@pfe0: <BROADCAST,MULTICAST> mtu 1500 qdisc noop state DOWN mode DEFAULT group default qlen 1000
    link/ether 00:04:9f:be:ef:00 brd ff:ff:ff:ff:ff:ff
15: trx7@pfe0: <BROADCAST,MULTICAST> mtu 1500 qdisc noop state DOWN mode DEFAULT group default qlen 1000
    link/ether 00:04:9f:be:ef:00 brd ff:ff:ff:ff:ff:ff
16: trx8@pfe0: <BROADCAST,MULTICAST> mtu 1500 qdisc noop state DOWN mode DEFAULT group default qlen 1000
    link/ether 00:04:9f:be:ef:00 brd ff:ff:ff:ff:ff:ff
17: trx9@pfe0: <BROADCAST,MULTICAST> mtu 1500 qdisc noop state DOWN mode DEFAULT group default qlen 1000
    link/ether 00:04:9f:be:ef:00 brd ff:ff:ff:ff:ff:ff
18: trx10@pfe0: <BROADCAST,MULTICAST> mtu 1500 qdisc noop state DOWN mode DEFAULT group default qlen 1000
    link/ether 00:04:9f:be:ef:00 brd ff:ff:ff:ff:ff:ff
root@s32g274ardb2:~# ^C
root@s32g274ardb2:~# ^C
root@s32g274ardb2:~#
root@s32g274ardb2:~#
root@s32g274ardb2:~#
root@s32g274ardb2:~#
root@s32g274ardb2:~#
root@s32g274ardb2:~#
root@s32g274ardb2:~#
root@s32g274ardb2:~#
root@s32g274ardb2:~#
root@s32g274ardb2:~#
root@s32g274ardb2:~# #!/bin/bash
root@s32g274ardb2:~#
root@s32g274ardb2:~# # --- 1. PFE  L2   ---
root@s32g274ardb2:~# echo "### 1. PFE  L2   ..."
### 1. PFE  L2   ...
root@s32g274ardb2:~# # pfe0, pfe1, pfe2   VLAN   
root@s32g274ardb2:~# libfci_cli phyif-update --interface=emac0 --mode=VLAN_BRIDGE
#        VLAN(VLAN 1)  FLOOD( ) 
libfci_cli bd-update --vlan=1 --ucast-miss=FLOOD --mcast-miss=FLOOD
echo "->    ."
sleep 1


DISCLAIMER: This is a DEMO application. It is not part of the production code deliverables.
Command successfully executed.
root@s32g274ardb2:~# libfci_cli phyif-update --interface=emac1 --mode=VLAN_BRIDGE
DISCLAIMER: This is a DEMO application. It is not part of the production code deliverables.
Command successfully executed.
root@s32g274ardb2:~# libfci_cli phyif-update --interface=emac2 --mode=VLAN_BRIDGE
DISCLAIMER: This is a DEMO application. It is not part of the production code deliverables.
Command successfully executed.
root@s32g274ardb2:~#
) ardb2:~# #        VLAN(VLAN 1)  FLOOD( 
root@s32g274ardb2:~# libfci_cli bd-update --vlan=1 --ucast-miss=FLOOD --mcast-miss=FLOOD
DISCLAIMER: This is a DEMO application. It is not part of the production code deliverables.
Command successfully executed.
0 bps 
libfci_cli qos-shp-update -i emac0 --shp=0 --isl=200000000
echo "-> CBS  ."


# --- 3.    ---
echo "### 3.    IP ..."
root@s32g274ardb2:~# echo "->    ."
->    .
root@s32g274ardb2:~# sleep 1
# pfe0, pfe1, pfe2  .
ip link set pfe0 up
ip link set pfe1 up
ip link set pfe2 up

# pfe0 IP    
ip addr add 192.168.1.1/24 dev pfe0
echo "->    IP  ."

echo ""
echo "##############################################################"
echo "###   ."
echo "###  PC iperf3  ."
echo "##############################################################"root@s32g274ardb2:~#
root@s32g274ardb2:~#
root@s32g274ardb2:~# # --- 2.   (CBS)  ---
root@s32g274ardb2:~# echo "### 2. pfe0  0  200Mbps  ..."
### 2. pfe0  0  200Mbps  ...
@s32g274ardb2:~# # pfe0  0 (shaper) 'sch0_in0' ( 0 0 )  
root@s32g274ardb2:~# libfci_cli qos-shp-update -i emac0 --shp=0 --shp-pos=sch0_in0
DISCLAIMER: This is a DEMO application. It is not part of the production code deliverables.
Command successfully executed.
root@s32g274ardb2:~# #   (idleslope) 200,000,000 bps 
root@s32g274ardb2:~# libfci_cli qos-shp-update -i emac0 --shp=0 --isl=200000000
DISCLAIMER: This is a DEMO application. It is not part of the production code deliverables.
Command successfully executed.
root@s32g274ardb2:~# echo "-> CBS  ."
-> CBS  .
root@s32g274ardb2:~#
root@s32g274ardb2:~#
root@s32g274ardb2:~# # --- 3.    ---
root@s32g274ardb2:~# echo "### 3.    IP ..."
### 3.    IP ...
root@s32g274ardb2:~# # pfe0, pfe1, pfe2  .
root@s32g274ardb2:~# ip link set pfe0 up
root@s32g274ardb2:~# ip link set pfe1 up
root@s32g274ardb2:~# ip link set pfe2 up
root@s32g274ardb2:~#
root@s32g274ardb2:~# # pfe0 IP    
root@s32g274ardb2:~# ip addr add 192.168.1.1/24 dev pfe0
root@s32g274ardb2:~# echo "->    IP  ."
->    IP  .
root@s32g274ardb2:~#
root@s32g274ardb2:~# echo ""

root@s32g274ardb2:~# echo "##############################################################"
##############################################################
root@s32g274ardb2:~# echo "###   ."
###   .
root@s32g274ardb2:~# echo "###  PC iperf3  ."
###  PC iperf3  .
root@s32g274ardb2:~# echo "##############################################################"
##############################################################
root@s32g274ardb2:~#
root@s32g274ardb2:~#
root@s32g274ardb2:~# iperf3 -s
-----------------------------------------------------------
Server listening on 5201 (test #1)
-----------------------------------------------------------
^Ciperf3: interrupt - the server has terminated
root@s32g274ardb2:~# ^C
root@s32g274ardb2:~# #!/bin/bash
root@s32g274ardb2:~#
root@s32g274ardb2:~# # --- 1. PFE  L2     ---
root@s32g274ardb2:~# # pfe0, pfe1, pfe2   VLAN   
root@s32g274ardb2:~# libfci_cli phyif-update --interface=emac0 --mode=VLAN_BRIDGE
DISCLAIMER: This is a DEMO application. It is not part of the production code deliverables.
Command successfully executed.
root@s32g274ardb2:~# libfci_cli phyif-update --interface=emac1 --mode=VLAN_BRIDGE
DISCLAIMER: This is a DEMO application. It is not part of the production code deliverables.
Command successfully executed.
root@s32g274ardb2:~# libfci_cli phyif-update --interface=emac2 --mode=VLAN_BRIDGE
DISCLAIMER: This is a DEMO application. It is not part of the production code deliverables.
Command successfully executed.
root@s32g274ardb2:~#
'cb_mirror_rule' , emac2(pfe2)   
libfci_cli mirror-add --mirr=cb_mirror_rule --interface=emac2

# emac0(pfe0)  (rx)      
libfci_cli phyif-update --interface=emac0 --rxmirr0=cb_mirror_rule

root@s32g274ardb2:~# #        VLAN  
root@s32g274ardb2:~# libfci_cli bd-update --vlan=1 --ucast-miss=FLOOD --mcast-miss=FLOOD
DISCLAIMER: This is a DEMO application. It is not part of the production code deliverables.
Command successfully executed.
# --- 2.    ---
ip link set pfe0 up
ip link set pfe1 up
ip link set pfe2 up

root@s32g274ardb2:~#
root@s32g274ardb2:~# # 'cb_mirror_rule' , emac2(pfe2)   
root@s32g274ardb2:~# libfci_cli mirror-add --mirr=cb_mirror_rule --interface=emac2
DISCLAIMER: This is a DEMO application. It is not part of the production code deliverables.
Command successfully executed.
echo "###    pfe0->pfe2    ###"root@s32g274ardb2:~#
root@s32g274ardb2:~# # emac0(pfe0)  (rx)      
root@s32g274ardb2:~# libfci_cli phyif-update --interface=emac0 --rxmirr0=cb_mirror_rule
DISCLAIMER: This is a DEMO application. It is not part of the production code deliverables.
Command successfully executed.
root@s32g274ardb2:~#
root@s32g274ardb2:~# # --- 2.    ---
root@s32g274ardb2:~# ip link set pfe0 up
root@s32g274ardb2:~# ip link set pfe1 up
root@s32g274ardb2:~# ip link set pfe2 up
root@s32g274ardb2:~#
root@s32g274ardb2:~# echo "###    pfe0->pfe2    ###"
###    pfe0->pfe2    ###
root@s32g274ardb2:~# #!/bin/bash
root@s32g274ardb2:~#
root@s32g274ardb2:~# # --- 1. PFE     ---
root@s32g274ardb2:~# echo "### 1. PFE    ..."
### 1. PFE    ...
root@s32g274ardb2:~# libfci_cli phyif-update --interface=emac0 --mode=ROUTER
DISCLAIMER: This is a DEMO application. It is not part of the production code deliverables.
Command successfully executed.
root@s32g274ardb2:~# libfci_cli phyif-update --interface=emac1 --mode=ROUTER
DISCLAIMER: This is a DEMO application. It is not part of the production code deliverables.
Command successfully executed.
root@s32g274ardb2:~# libfci_cli phyif-update --interface=emac2 --mode=ROUTER
DISCLAIMER: This is a DEMO application. It is not part of the production code deliverables.
Command successfully executed.
root@s32g274ardb2:~# echo "->    ."
->    .
root@s32g274ardb2:~# sleep 1
   ."
sleep 1

# --- 3.   (CBS)  ---
echo "### 3. pfe1  0  200Mbps  ..."
# pfe1  0 (shaper)  0 0  
libfci_cli qos-shp-update -i emac1 --shp=0 --shp-pos=sch0_in0
#   (idleslope) 200,000,000 bps 
libfci_cli qos-shp-update -i emac1 --shp=0 --isl=200000000
echo "-> CBS  ."

# --- 4.    ---
echo "### 4.   ..."
ip link set pfe0 up
ip link set pfe1 up
ip link set pfe2 up
echo "->   ."

echo ""
echo "##############################################################"
echo "###   ."
echo "###  PC iperf3  ."
echo "##############################################################"root@s32g274ardb2:~#
root@s32g274ardb2:~# # --- 2.     ---
root@s32g274ardb2:~# # pfe0(192.168.1.0/24) -> pfe1(192.168.2.0/24)   
root@s32g274ardb2:~# echo "### 2.    ..."
### 2.    ...
root@s32g274ardb2:~# # Route ID 1: pfe1  ,  MAC PC 2 
root@s32g274ardb2:~# libfci_cli route-add --rt=1 -4 --dmac=[PC_2__MAC_] -i emac1
DISCLAIMER: This is a DEMO application. It is not part of the production code deliverables.
ERROR (-115)
Invalid or missing argument(s) for the option '--dmac=[PC_2__MAC_]'.
If not missing, then maybe wrong upper/lower case? Or something too small/large/long?
@s32g274ardb2:~# # Conntrack : 192.168.1.100 -> 192.168.2.100  Route ID 1  
root@s32g274ardb2:~# libfci_cli cntk-add -p 0 -s 192.168.1.100 -d 192.168.2.100 --sport=0 --dport=0 --rt=1
DISCLAIMER: This is a DEMO application. It is not part of the production code deliverables.
ERROR (3): demo_ct_add() failed!
ERROR (3): FPP_ERR_WRONG_COMMAND_PARAM
Some parameter of the command is wrong or invalid.
Check your input and try again.
root@s32g274ardb2:~# echo "->    ."
->    .
root@s32g274ardb2:~# sleep 1
root@s32g274ardb2:~#
root@s32g274ardb2:~# # --- 3.   (CBS)  ---
root@s32g274ardb2:~# echo "### 3. pfe1  0  200Mbps  ..."
### 3. pfe1  0  200Mbps  ...
root@s32g274ardb2:~# # pfe1  0 (shaper)  0 0  
root@s32g274ardb2:~# libfci_cli qos-shp-update -i emac1 --shp=0 --shp-pos=sch0_in0
DISCLAIMER: This is a DEMO application. It is not part of the production code deliverables.
Command successfully executed.
root@s32g274ardb2:~# #   (idleslope) 200,000,000 bps 
root@s32g274ardb2:~# libfci_cli qos-shp-update -i emac1 --shp=0 --isl=200000000
DISCLAIMER: This is a DEMO application. It is not part of the production code deliverables.
Command successfully executed.
root@s32g274ardb2:~# echo "-> CBS  ."
-> CBS  .
root@s32g274ardb2:~#
root@s32g274ardb2:~# # --- 4.    ---
root@s32g274ardb2:~# echo "### 4.   ..."
### 4.   ...
root@s32g274ardb2:~# ip link set pfe0 up
root@s32g274ardb2:~# ip link set pfe1 up
root@s32g274ardb2:~# ip link set pfe2 up
root@s32g274ardb2:~# echo "->   ."
->   .
root@s32g274ardb2:~#
root@s32g274ardb2:~# echo ""

root@s32g274ardb2:~# echo "##############################################################"
##############################################################
root@s32g274ardb2:~# echo "###   ."
###   .
root@s32g274ardb2:~# echo "###  PC iperf3  ."
###  PC iperf3  .
root@s32g274ardb2:~# echo "##############################################################"
##############################################################
root@s32g274ardb2:~#
root@s32g274ardb2:~#
root@s32g274ardb2:~#
root@s32g274ardb2:~#
root@s32g274ardb2:~# #!/bin/bash
root@s32g274ardb2:~#
root@s32g274ardb2:~# echo "### [1] PFE  L2   . ###"
### [1] PFE  L2   . ###
root@s32g274ardb2:~# # pfe0 (emac0) VLAN   .
root@s32g274ardb2:~# # p2a, p2b      .
root@s32g274ardb2:~# libfci_cli phyif-update --interface=emac0 --mode=VLAN_BRIDGE
DISCLAIMER: This is a DEMO application. It is not part of the production code deliverables.
Command successfully executed.
root@s32g274ardb2:~#
) .# #        VLAN(VLAN 1)  FLOOD( 
root@s32g274ardb2:~# libfci_cli bd-update --vlan=1 --ucast-miss=FLOOD --mcast-miss=FLOOD
DISCLAIMER: This is a DEMO application. It is not part of the production code deliverables.
Command successfully executed.
root@s32g274ardb2:~# echo "->    ."
->    .
root@s32g274ardb2:~# sleep 1
#   (idleslope) 200,000,000 bps (200Mbps) .
libfci_cli qos-shp-update -i emac0 --shp=0 --isl=200000000
echo "-> pfe0(emac0)  200Mbps CBS  ."
sleep 1


echo "### [3]   . ###"
# pfe0  .
ip link set pfe0 up
echo "->   ."


echo ""
echo "##############################################################"
echo "###   ."
echo "###  PC iperf3  ."
echo "##############################################################"root@s32g274ardb2:~#
root@s32g274ardb2:~#
 ###"s32g274ardb2:~# echo "### [2] pfe0(emac0)    (CBS) .
### [2] pfe0(emac0)    (CBS) . ###
.2g274ardb2:~# # pfe0  0 (shaper)  0 0 (sch0_in0) 
root@s32g274ardb2:~# libfci_cli qos-shp-update -i emac0 --shp=0 --shp-pos=sch0_in0
DISCLAIMER: This is a DEMO application. It is not part of the production code deliverables.
Command successfully executed.
root@s32g274ardb2:~#
root@s32g274ardb2:~# #   (idleslope) 200,000,000 bps (200Mbps) .
root@s32g274ardb2:~# libfci_cli qos-shp-update -i emac0 --shp=0 --isl=200000000
DISCLAIMER: This is a DEMO application. It is not part of the production code deliverables.
Command successfully executed.
root@s32g274ardb2:~# echo "-> pfe0(emac0)  200Mbps CBS  ."
-> pfe0(emac0)  200Mbps CBS  .
root@s32g274ardb2:~# sleep 1
root@s32g274ardb2:~#
root@s32g274ardb2:~#
root@s32g274ardb2:~# echo "### [3]   . ###"
### [3]   . ###
root@s32g274ardb2:~# # pfe0  .
root@s32g274ardb2:~# ip link set pfe0 up
root@s32g274ardb2:~# echo "->   ."
->   .
root@s32g274ardb2:~#
root@s32g274ardb2:~#
root@s32g274ardb2:~# echo ""

root@s32g274ardb2:~# echo "##############################################################"
##############################################################
root@s32g274ardb2:~# echo "###   ."
###   .
root@s32g274ardb2:~# echo "###  PC iperf3  ."
###  PC iperf3  .
root@s32g274ardb2:~# echo "##############################################################"
##############################################################
root@s32g274ardb2:~# #!/bin/bash
root@s32g274ardb2:~#
root@s32g274ardb2:~# echo "### [1] PFE  L2   . ###"
### [1] PFE  L2   . ###
root@s32g274ardb2:~# libfci_cli phyif-update --interface=emac0 --mode=VLAN_BRIDGE
DISCLAIMER: This is a DEMO application. It is not part of the production code deliverables.
Command successfully executed.
sleep 1

echo "### [2] pfe0(emac0)  Ingress QoS Policer (200Mbps) . ###"
# Ingress QoS Policer  
libfci_cli qos-pol-set -i emac0 -E

# PORT (shaper) root@s32g274ardb2:~# libfci_cli bd-update --vlan=1 --ucast-miss=FLOOD --mcast-miss=FLOOD
DISCLAIMER: This is a DEMO application. It is not part of the production code deliverables.
Command successfully executed.
root@s32g274ardb2:~# echo "->    ."
->    .
   
# --shp=0: 0  
# --shp-type=PORT:   
# --isl=200000000: Idle Slope 200Mbps 
libfci_cli qos-pol-shp-update -i emac0 --shp=0 --shp-type=PORT -E --isl=200000000
echo "-> Ingress QoS Policer  ."
root@s32g274ardb2:~# sleep 1
sleep 1

echo "### [3]     IP  ###"
ip link set pfe0 up
ip addr add 192.168.1.1/24 dev pfe0
echo "->    IP  ."

echo ""
echo "##############################################################"
echo "###   ."
echo "###  PC GoldBox iperf3  ."
root@s32g274ardb2:~# echo "### [2] pfe0(emac0)  Ingress QoS Policer (200Mbps) . ###"
### [2] pfe0(emac0)  Ingress QoS Policer (200Mbps) . ###(200Mbps) . ###"
root@s32g274ardb2:~# # Ingress QoS Policer  
root@s32g274ardb2:~# libfci_cli qos-pol-set -i emac0 -E
DISCLAIMER: This is a DEMO application. It is not part of the production code deliverables.
Command successfully executed.
root@s32g274ardb2:~#
root@s32g274ardb2:~# # PORT (shaper)    
root@s32g274ardb2:~# # --shp=0: 0  
root@s32g274ardb2:~# # --shp-type=PORT:   
root@s32g274ardb2:~# # --isl=200000000: Idle Slope 200Mbps 
root@s32g274ardb2:~# libfci_cli qos-pol-shp-update -i emac0 --shp=0 --shp-type=PORT -E --isl=200000000
DISCLAIMER: This is a DEMO application. It is not part of the production code deliverables.
Command successfully executed.
root@s32g274ardb2:~# echo "-> Ingress QoS Policer  ."
-> Ingress QoS Policer  .
root@s32g274ardb2:~# sleep 1
root@s32g274ardb2:~#
root@s32g274ardb2:~# echo "### [3]     IP  ###"
### [3]     IP  ###
root@s32g274ardb2:~# ip link set pfe0 up
root@s32g274ardb2:~# ip addr add 192.168.1.1/24 dev pfe0
Error: ipv4: Address already assigned.
root@s32g274ardb2:~# echo "->    IP  ."
->    IP  .
root@s32g274ardb2:~#
root@s32g274ardb2:~# echo ""

root@s32g274ardb2:~# echo "##############################################################"
##############################################################
root@s32g274ardb2:~# echo "###   ."
###   .
root@s32g274ardb2:~# echo "###  PC GoldBox iperf3  ."
###  PC GoldBox iperf3  .
root@s32g274ardb2:~# echo "##############################################################"
##############################################################
root@s32g274ardb2:~#
root@s32g274ardb2:~# iperf3 -s
-----------------------------------------------------------
Server listening on 5201 (test #1)
-----------------------------------------------------------
^Ciperf3: interrupt - the server has terminated
root@s32g274ardb2:~# ip link
1: lo: <LOOPBACK,UP,LOWER_UP> mtu 65536 qdisc noqueue state UNKNOWN mode DEFAULT group default qlen 1000
    link/loopback 00:00:00:00:00:00 brd 00:00:00:00:00:00
2: can0: <NOARP,ECHO> mtu 16 qdisc noop state DOWN mode DEFAULT group default qlen 10
    link/can
3: can1: <NOARP,ECHO> mtu 16 qdisc noop state DOWN mode DEFAULT group default qlen 10
    link/can
4: teql0: <NOARP> mtu 1500 qdisc noop state DOWN mode DEFAULT group default qlen 100
    link/void
5: sit0@NONE: <NOARP> mtu 1480 qdisc noop state DOWN mode DEFAULT group default qlen 1000
    link/sit 0.0.0.0 brd 0.0.0.0
6: end0: <NO-CARRIER,BROADCAST,MULTICAST,UP> mtu 1500 qdisc mq state DOWN mode DEFAULT group default qlen 1000
    link/ether da:41:ad:66:43:ac brd ff:ff:ff:ff:ff:ff
7: pfe0: <BROADCAST,MULTICAST,UP,LOWER_UP> mtu 1536 qdisc fq_codel state UP mode DEFAULT group default qlen 1000
    link/ether 00:04:9f:be:ef:00 brd ff:ff:ff:ff:ff:ff
8: pfe1: <NO-CARRIER,BROADCAST,MULTICAST,UP> mtu 1500 qdisc fq_codel state DOWN mode DEFAULT group default qlen 1000
    link/ether 00:04:9f:be:ef:01 brd ff:ff:ff:ff:ff:ff
9: pfe2: <NO-CARRIER,BROADCAST,MULTICAST,UP> mtu 1500 qdisc fq_codel state DOWN mode DEFAULT group default qlen 1000
    link/ether 00:04:9f:be:ef:02 brd ff:ff:ff:ff:ff:ff
10: p1@pfe0: <BROADCAST,MULTICAST> mtu 1500 qdisc noop state DOWN mode DEFAULT group default qlen 1000
    link/ether 00:04:9f:be:ef:00 brd ff:ff:ff:ff:ff:ff
11: p2@pfe0: <BROADCAST,MULTICAST> mtu 1500 qdisc noop state DOWN mode DEFAULT group default qlen 1000
    link/ether 00:04:9f:be:ef:00 brd ff:ff:ff:ff:ff:ff
12: p3@pfe0: <BROADCAST,MULTICAST> mtu 1500 qdisc noop state DOWN mode DEFAULT group default qlen 1000
    link/ether 00:04:9f:be:ef:00 brd ff:ff:ff:ff:ff:ff
13: trx5@pfe0: <BROADCAST,MULTICAST> mtu 1500 qdisc noop state DOWN mode DEFAULT group default qlen 1000
    link/ether 00:04:9f:be:ef:00 brd ff:ff:ff:ff:ff:ff
14: trx6@pfe0: <BROADCAST,MULTICAST> mtu 1500 qdisc noop state DOWN mode DEFAULT group default qlen 1000
    link/ether 00:04:9f:be:ef:00 brd ff:ff:ff:ff:ff:ff
15: trx7@pfe0: <BROADCAST,MULTICAST> mtu 1500 qdisc noop state DOWN mode DEFAULT group default qlen 1000
    link/ether 00:04:9f:be:ef:00 brd ff:ff:ff:ff:ff:ff
16: trx8@pfe0: <BROADCAST,MULTICAST> mtu 1500 qdisc noop state DOWN mode DEFAULT group default qlen 1000
    link/ether 00:04:9f:be:ef:00 brd ff:ff:ff:ff:ff:ff
17: trx9@pfe0: <BROADCAST,MULTICAST> mtu 1500 qdisc noop state DOWN mode DEFAULT group default qlen 1000
    link/ether 00:04:9f:be:ef:00 brd ff:ff:ff:ff:ff:ff
18: trx10@pfe0: <BROADCAST,MULTICAST> mtu 1500 qdisc noop state DOWN mode DEFAULT group default qlen 1000
    link/ether 00:04:9f:be:ef:00 brd ff:ff:ff:ff:ff:ff
root@s32g274ardb2:~# ifconfig
end0: flags=4099<UP,BROADCAST,MULTICAST>  mtu 1500
        ether da:41:ad:66:43:ac  txqueuelen 1000  (Ethernet)
        RX packets 0  bytes 0 (0.0 B)
        RX errors 0  dropped 0  overruns 0  frame 0
        TX packets 0  bytes 0 (0.0 B)
        TX errors 0  dropped 0 overruns 0  carrier 0  collisions 0
        device interrupt 54  base 0xa000

lo: flags=73<UP,LOOPBACK,RUNNING>  mtu 65536
        inet 127.0.0.1  netmask 255.0.0.0
        inet6 ::1  prefixlen 128  scopeid 0x10<host>
        loop  txqueuelen 1000  (Local Loopback)
        RX packets 52  bytes 2600 (2.5 KiB)
        RX errors 0  dropped 0  overruns 0  frame 0
        TX packets 52  bytes 2600 (2.5 KiB)
        TX errors 0  dropped 0 overruns 0  carrier 0  collisions 0

pfe0: flags=4163<UP,BROADCAST,RUNNING,MULTICAST>  mtu 1536
        inet 192.168.1.1  netmask 255.255.255.0  broadcast 0.0.0.0
        inet6 fe80::204:9fff:febe:ef00  prefixlen 64  scopeid 0x20<link>
        ether 00:04:9f:be:ef:00  txqueuelen 1000  (Ethernet)
        RX packets 0  bytes 0 (0.0 B)
        RX errors 0  dropped 0  overruns 0  frame 0
        TX packets 42  bytes 10260 (10.0 KiB)
        TX errors 0  dropped 0 overruns 0  carrier 0  collisions 0
        device memory 0x46000000-46ffffff

pfe1: flags=4099<UP,BROADCAST,MULTICAST>  mtu 1500
        inet6 fe80::204:9fff:febe:ef01  prefixlen 64  scopeid 0x20<link>
        ether 00:04:9f:be:ef:01  txqueuelen 1000  (Ethernet)
        RX packets 9  bytes 590 (590.0 B)
        RX errors 0  dropped 0  overruns 0  frame 0
        TX packets 6  bytes 774 (774.0 B)
        TX errors 0  dropped 0 overruns 0  carrier 0  collisions 0
        device memory 0x46000000-46ffffff

pfe2: flags=4099<UP,BROADCAST,MULTICAST>  mtu 1500
        inet6 fe80::204:9fff:febe:ef02  prefixlen 64  scopeid 0x20<link>
        ether 00:04:9f:be:ef:02  txqueuelen 1000  (Ethernet)
        RX packets 21  bytes 1592 (1.5 KiB)
        RX errors 0  dropped 0  overruns 0  frame 0
        TX packets 12  bytes 1968 (1.9 KiB)
        TX errors 0  dropped 0 overruns 0  carrier 0  collisions 0
        device memory 0x46000000-46ffffff

root@s32g274ardb2:~# ^C
root@s32g274ardb2:~#
root@s32g274ardb2:~#
root@s32g274ardb2:~#
root@s32g274ardb2:~#
root@s32g274ardb2:~#
root@s32g274ardb2:~#
root@s32g274ardb2:~#
root@s32g274ardb2:~# ip link set pfe0 up
root@s32g274ardb2:~# ip link set p2 up
root@s32g274ardb2:~# ip link set p3 up
root@s32g274ardb2:~#
root@s32g274ardb2:~#
root@s32g274ardb2:~# # 1. p3   Queueing Discipline(qdisc)  .
root@s32g274ardb2:~# tc qdisc del dev p3 root 2>/dev/null || true
root@s32g274ardb2:~#
TAS) .~# # 2. 'taprio' qdisc p3       (T
 .    - hw_offload 1:      (SJA1110) 
root@s32g274ardb2:~# #    - sched-entry: 200ms   .
root@s32g274ardb2:~# #      - S 01 100000000:  100ms  TC0 (Gate Mask '01')
root@s32g274ardb2:~# #      - S 02 100000000:  100ms  TC1 (Gate Mask '02')
root@s32g274ardb2:~# tc qdisc replace dev p3 parent root handle 100 taprio \
>     num_tc 2 \
>     map 0 1 0 1 0 1 0 1 0 1 0 1 0 1 0 1 \
>     queues 1@0 1@1 \
>     base-time $(($(date +%s%N) + 1000000000)) \
>     sched-entry S 01 100000000 \
>     sched-entry S 02 100000000 \
>     hw_offload 1
Unknown argument
root@s32g274ardb2:~#
root@s32g274ardb2:~# ^C
root@s32g274ardb2:~#
root@s32g274ardb2:~#
root@s32g274ardb2:~#
root@s32g274ardb2:~#
root@s32g274ardb2:~# #!/bin/bash
root@s32g274ardb2:~#
root@s32g274ardb2:~# echo "### [1] PFE  L2   . ###"
### [1] PFE  L2   . ###
root@s32g274ardb2:~# # pfe0 (emac0) VLAN   .
root@s32g274ardb2:~# libfci_cli phyif-update --interface=emac0 --mode=VLAN_BRIDGE
DISCLAIMER: This is a DEMO application. It is not part of the production code deliverables.
Command successfully executed.
echo "->    ."
sleep 1

echo "### [2] pfe0(emac0)    (Egress CBS) . ###"
# pfe0  0 (shaper)  0 0 (sch0_in0) .
libfci_cli qos-shp-update -i emac0 --shp=0 --shp-pos=sch0_in0

root@s32g274ardb2:~#
.4ardb2:~# #        VLAN(VLAN 1)  FLOOD 
root@s32g274ardb2:~# libfci_cli bd-update --vlan=1 --ucast-miss=FLOOD --mcast-miss=FLOOD
DISCLAIMER: This is a DEMO application. It is not part of the production code deliverables.
Command successfully executed.
#   (idleslope) 200,000,000 bps (200Mbps) .
libfci_cli qos-shp-update -i emac0 --shp=0 --isl=200000000
echo "-> pfe0(emac0) Egress Port 200Mbps CBS  ."
sleep 1

root@s32g274ardb2:~# echo "->    ."
->    .
root@s32g274ardb2:~# sleep 1
echo "### [3]    IP . ###"
# pfe0  ,    IP .
ip link set pfe0 up
ip addr add 192.168.1.1/24 dev pfe0
echo "->    IP  ."

echo ""
echo "##############################################################"
echo "###   ."
echo "###  PC GoldBox P2A  P2B  "
echo "### iperf3  GoldBox  , PC ."
echo "##############################################################"
root@s32g274ardb2:~#
. ###"74ardb2:~# echo "### [2] pfe0(emac0)    (Egress CBS) 
### [2] pfe0(emac0)    (Egress CBS) . ###
.2g274ardb2:~# # pfe0  0 (shaper)  0 0 (sch0_in0) 
root@s32g274ardb2:~# libfci_cli qos-shp-update -i emac0 --shp=0 --shp-pos=sch0_in0
DISCLAIMER: This is a DEMO application. It is not part of the production code deliverables.
Command successfully executed.
root@s32g274ardb2:~#
root@s32g274ardb2:~# #   (idleslope) 200,000,000 bps (200Mbps) .
root@s32g274ardb2:~# libfci_cli qos-shp-update -i emac0 --shp=0 --isl=200000000
DISCLAIMER: This is a DEMO application. It is not part of the production code deliverables.
Command successfully executed.
root@s32g274ardb2:~# echo "-> pfe0(emac0) Egress Port 200Mbps CBS  ."
-> pfe0(emac0) Egress Port 200Mbps CBS  .
root@s32g274ardb2:~# sleep 1
root@s32g274ardb2:~#
root@s32g274ardb2:~# echo "### [3]    IP . ###"
### [3]    IP . ###
root@s32g274ardb2:~# # pfe0  ,    IP .
root@s32g274ardb2:~# ip link set pfe0 up
root@s32g274ardb2:~# ip addr add 192.168.1.1/24 dev pfe0
Error: ipv4: Address already assigned.
root@s32g274ardb2:~# echo "->    IP  ."
->    IP  .
root@s32g274ardb2:~#
root@s32g274ardb2:~# echo ""

root@s32g274ardb2:~# echo "##############################################################"
##############################################################
root@s32g274ardb2:~# echo "###   ."
###   .
root@s32g274ardb2:~# echo "###  PC GoldBox P2A  P2B  "
###  PC GoldBox P2A  P2B  
root@s32g274ardb2:~# echo "### iperf3  GoldBox  , PC ."
### iperf3  GoldBox  , PC .
root@s32g274ardb2:~# echo "##############################################################"
##############################################################
root@s32g274ardb2:~#
root@s32g274ardb2:~#
root@s32g274ardb2:~#
root@s32g274ardb2:~# iperf3 -c 192.168.1.10 -u -b 500M -t 60
iperf3: error - unable to connect to server - server may have stopped running or use a different port, firewall issue, etc.: No route to host
root@s32g274ardb2:~# iperf3 -c 192.168.1.10 -u -b 500M -t 60
iperf3: error - unable to connect to server - server may have stopped running or use a different port, firewall issue, etc.: No route to host
root@s32g274ardb2:~# iperf3 -c 192.168.1.10 -u -b 500M -t 60
iperf3: error - unable to connect to server - server may have stopped running or use a different port, firewall issue, etc.: No route to host
root@s32g274ardb2:~# ip addr flush dev pfe0
root@s32g274ardb2:~#
root@s32g274ardb2:~#
root@s32g274ardb2:~# ping 192.168.1.1
ping: connect: Network is unreachable
root@s32g274ardb2:~# ping 192.168.1.10
ping: connect: Network is unreachable
root@s32g274ardb2:~# ^C
root@s32g274ardb2:~# #!/bin/bash
root@s32g274ardb2:~#
root@s32g274ardb2:~# echo "### [1]     . ###"
### [1]     . ###
root@s32g274ardb2:~# ip addr flush dev pfe0
root@s32g274ardb2:~# ip addr flush dev pfe1
root@s32g274ardb2:~# ip addr flush dev pfe2
root@s32g274ardb2:~# sleep 1
echo "### [3] pfe0(emac0)    (Ingress CBS) . ###"
# Ingress QoS Policer  
libfci_cli qos-pol-set -i emac0 -E
# PORT (shaper)    200Mbps 
libfci_cli qos-pol-shp-update -i emac0 --shp=0 --shp-type=PORT -E --isl=200000000
echo "-> Ingress QoS Policer (200Mbps)  ."
sleep 1

echo "### [4]     IP  ###"
ip link set pfe0 up
ip addr add 192.168.1.1/24 dev pfe0
echo "->    IP  ."

echo ""
echo "##############################################################"
echo "###   ."
echo "###  PC P2A  P2B   iperf3  ."
echo "##############################################################"root@s32g274ardb2:~#
root@s32g274ardb2:~# echo "### [2] PFE  ' ' . ###"
### [2] PFE  ' ' . ###
root@s32g274ardb2:~# libfci_cli phyif-update --interface=emac0 --mode=ROUTER
DISCLAIMER: This is a DEMO application. It is not part of the production code deliverables.
Command successfully executed.
root@s32g274ardb2:~# echo "-> pfe0(emac0)    ."
-> pfe0(emac0)    .
root@s32g274ardb2:~# sleep 1
root@s32g274ardb2:~#
. ###"ardb2:~# echo "### [3] pfe0(emac0)    (Ingress CBS) 
### [3] pfe0(emac0)    (Ingress CBS) . ###
root@s32g274ardb2:~# # Ingress QoS Policer  
root@s32g274ardb2:~# libfci_cli qos-pol-set -i emac0 -E
DISCLAIMER: This is a DEMO application. It is not part of the production code deliverables.
Command successfully executed.
root@s32g274ardb2:~# # PORT (shaper)    200Mbps 
root@s32g274ardb2:~# libfci_cli qos-pol-shp-update -i emac0 --shp=0 --shp-type=PORT -E --isl=200000000
DISCLAIMER: This is a DEMO application. It is not part of the production code deliverables.
Command successfully executed.
root@s32g274ardb2:~# echo "-> Ingress QoS Policer (200Mbps)  ."
-> Ingress QoS Policer (200Mbps)  .
root@s32g274ardb2:~# sleep 1
root@s32g274ardb2:~#
root@s32g274ardb2:~# echo "### [4]     IP  ###"
### [4]     IP  ###
root@s32g274ardb2:~# ip link set pfe0 up
root@s32g274ardb2:~# ip addr add 192.168.1.1/24 dev pfe0
root@s32g274ardb2:~# echo "->    IP  ."
->    IP  .
root@s32g274ardb2:~#
root@s32g274ardb2:~# echo ""

root@s32g274ardb2:~# echo "##############################################################"
##############################################################
root@s32g274ardb2:~# echo "###   ."
###   .
."@s32g274ardb2:~# echo "###  PC P2A  P2B   iperf3  
###  PC P2A  P2B   iperf3  .
root@s32g274ardb2:~# echo "##############################################################"
##############################################################
root@s32g274ardb2:~# ping 192.168.1.10
PING 192.168.1.10 (192.168.1.10) 56(84) bytes of data.
From 192.168.1.1 icmp_seq=1 Destination Host Unreachable
From 192.168.1.1 icmp_seq=2 Destination Host Unreachable
From 192.168.1.1 icmp_seq=3 Destination Host Unreachable
From 192.168.1.1 icmp_seq=4 Destination Host Unreachable
From 192.168.1.1 icmp_seq=5 Destination Host Unreachable
From 192.168.1.1 icmp_seq=6 Destination Host Unreachable
From 192.168.1.1 icmp_seq=7 Destination Host Unreachable
From 192.168.1.1 icmp_seq=8 Destination Host Unreachable
From 192.168.1.1 icmp_seq=9 Destination Host Unreachable
From 192.168.1.1 icmp_seq=10 Destination Host Unreachable
From 192.168.1.1 icmp_seq=11 Destination Host Unreachable
From 192.168.1.1 icmp_seq=12 Destination Host Unreachable
From 192.168.1.1 icmp_seq=13 Destination Host Unreachable
From 192.168.1.1 icmp_seq=14 Destination Host Unreachable
From 192.168.1.1 icmp_seq=15 Destination Host Unreachable
From 192.168.1.1 icmp_seq=16 Destination Host Unreachable
From 192.168.1.1 icmp_seq=17 Destination Host Unreachable
From 192.168.1.1 icmp_seq=18 Destination Host Unreachable
^C
--- 192.168.1.10 ping statistics ---
20 packets transmitted, 0 received, +18 errors, 100% packet loss, time 19460ms
pipe 3
root@s32g274ardb2:~# ping 192.168.1.20
PING 192.168.1.20 (192.168.1.20) 56(84) bytes of data.
From 192.168.1.1 icmp_seq=1 Destination Host Unreachable
From 192.168.1.1 icmp_seq=2 Destination Host Unreachable
From 192.168.1.1 icmp_seq=3 Destination Host Unreachable
From 192.168.1.1 icmp_seq=4 Destination Host Unreachable
From 192.168.1.1 icmp_seq=5 Destination Host Unreachable
From 192.168.1.1 icmp_seq=6 Destination Host Unreachable
From 192.168.1.1 icmp_seq=7 Destination Host Unreachable
From 192.168.1.1 icmp_seq=8 Destination Host Unreachable
From 192.168.1.1 icmp_seq=9 Destination Host Unreachable
From 192.168.1.1 icmp_seq=10 Destination Host Unreachable
From 192.168.1.1 icmp_seq=11 Destination Host Unreachable
From 192.168.1.1 icmp_seq=12 Destination Host Unreachable
^C
--- 192.168.1.20 ping statistics ---
14 packets transmitted, 0 received, +12 errors, 100% packet loss, time 13296ms
pipe 3
root@s32g274ardb2:~# ^C
root@s32g274ardb2:~# iperf3 -c 192.168.1.1 -p 5201
iperf3: error - unable to connect to server - server may have stopped running or use a different port, firewall issue, etc.: Connection refused
root@s32g274ardb2:~# ./iperf3 -c 192.168.1.1 -u -b 500M -t 60
-sh: ./iperf3: No such file or directory
root@s32g274ardb2:~# # arp -s [IP] [MAC]
root@s32g274ardb2:~# arp -s 192.168.1.10 00:E0:4C:68:13:36
root@s32g274ardb2:~# ping 192.168.1.10
PING 192.168.1.10 (192.168.1.10) 56(84) bytes of data.
^C
--- 192.168.1.10 ping statistics ---
7 packets transmitted, 0 received, 100% packet loss, time 6136ms

root@s32g274ardb2:~# iperf3 -s
-----------------------------------------------------------
Server listening on 5201 (test #1)
-----------------------------------------------------------
^Ciperf3: interrupt - the server has terminated
root@s32g274ardb2:~# ^C
root@s32g274ardb2:~# #!/bin/bash
root@s32g274ardb2:~#
root@s32g274ardb2:~# echo "### [1]     . ###"
### [1]     . ###
root@s32g274ardb2:~# ip addr flush dev pfe0
root@s32g274ardb2:~# ip addr flush dev pfe1
root@s32g274ardb2:~# ip addr flush dev pfe2
root@s32g274ardb2:~# sleep 1
ace=emac0 --mode=VLAN_BRIDGE
libfci_cli phyif-update --interface=emac2 --mode=VLAN_BRIDGE

#   VLAN 1  '' .
libfci_cli bd-insif --vlan=1 -i emac0 --tag=OFF
libfci_cli bd-insif --vlan=1 -i emac2 --tag=OFF

#  (VLAN 1)  'FLOOD' ,       .
libfci_cli bd-update --vlan=1 --ucast-miss=FLOOD --mcast-miss=FLOOD
echo "-> pfe0, pfe2    ."
sleep 1

echo "### [3] pfe2(emac2) Egress    (CBS) . ###"
# pfe2  0 (shaper)  0 0 (sch0_in0) 
libfci_cli qos-shp-update -i emac2 --shp=0 --shp-pos=sch0_in0

#   (idleslope) 200,000,000 bps (200Mbps) 
libfci_cli qos-shp-update -i emac2 --shp=0 --isl=200000000
echo "-> pfe2(emac2) Egress Port 200Mbps CBS  ."
sleep 1

echo "### [4]   . ###"
# IP     .
ip link set pfe0 up
ip link set pfe2 up
echo "->   ."

echo ""
echo "##############################################################"
echo "###   ."
echo "###  PC iperf3  ."
echo "##############################################################"root@s32g274ardb2:~#
root@s32g274ardb2:~# echo "### [2] PFE  'VLAN  ' . ###"
### [2] PFE  'VLAN  ' . ###
root@s32g274ardb2:~# # pfe0(emac0) pfe2(emac2)   
root@s32g274ardb2:~# libfci_cli phyif-update --interface=emac0 --mode=VLAN_BRIDGE
DISCLAIMER: This is a DEMO application. It is not part of the production code deliverables.
Command successfully executed.
root@s32g274ardb2:~# libfci_cli phyif-update --interface=emac2 --mode=VLAN_BRIDGE
DISCLAIMER: This is a DEMO application. It is not part of the production code deliverables.
Command successfully executed.
root@s32g274ardb2:~#
root@s32g274ardb2:~# #   VLAN 1  '' .
root@s32g274ardb2:~# libfci_cli bd-insif --vlan=1 -i emac0 --tag=OFF
DISCLAIMER: This is a DEMO application. It is not part of the production code deliverables.
Command successfully executed.
root@s32g274ardb2:~# libfci_cli bd-insif --vlan=1 -i emac2 --tag=OFF
DISCLAIMER: This is a DEMO application. It is not part of the production code deliverables.
Command successfully executed.
root@s32g274ardb2:~#
  .# #  (VLAN 1)  'FLOOD' ,     
root@s32g274ardb2:~# libfci_cli bd-update --vlan=1 --ucast-miss=FLOOD --mcast-miss=FLOOD
DISCLAIMER: This is a DEMO application. It is not part of the production code deliverables.
Command successfully executed.
root@s32g274ardb2:~# echo "-> pfe0, pfe2    ."
-> pfe0, pfe2    .
root@s32g274ardb2:~# sleep 1
root@s32g274ardb2:~#
. ###"74ardb2:~# echo "### [3] pfe2(emac2) Egress    (CBS) 
### [3] pfe2(emac2) Egress    (CBS) . ###
root@s32g274ardb2:~# # pfe2  0 (shaper)  0 0 (sch0_in0) 
root@s32g274ardb2:~# libfci_cli qos-shp-update -i emac2 --shp=0 --shp-pos=sch0_in0
DISCLAIMER: This is a DEMO application. It is not part of the production code deliverables.
Command successfully executed.
root@s32g274ardb2:~#
root@s32g274ardb2:~# #   (idleslope) 200,000,000 bps (200Mbps) 
root@s32g274ardb2:~# libfci_cli qos-shp-update -i emac2 --shp=0 --isl=200000000
DISCLAIMER: This is a DEMO application. It is not part of the production code deliverables.
Command successfully executed.
root@s32g274ardb2:~# echo "-> pfe2(emac2) Egress Port 200Mbps CBS  ."
-> pfe2(emac2) Egress Port 200Mbps CBS  .
root@s32g274ardb2:~# sleep 1
root@s32g274ardb2:~#
root@s32g274ardb2:~# echo "### [4]   . ###"
### [4]   . ###
root@s32g274ardb2:~# # IP     .
root@s32g274ardb2:~# ip link set pfe0 up
root@s32g274ardb2:~# ip link set pfe2 up
root@s32g274ardb2:~# echo "->   ."
->   .
root@s32g274ardb2:~#
root@s32g274ardb2:~# echo ""

root@s32g274ardb2:~# echo "##############################################################"
##############################################################
root@s32g274ardb2:~# echo "###   ."
###   .
root@s32g274ardb2:~# echo "###  PC iperf3  ."
###  PC iperf3  .
root@s32g274ardb2:~# echo "##############################################################"
##############################################################
root@s32g274ardb2:~#
root@s32g274ardb2:~#
root@s32g274ardb2:~# brctl addbr br0
root@s32g274ardb2:~# brctl addif br0 p2
root@s32g274ardb2:~# brctl addif br0 p3
root@s32g274ardb2:~# ip link set pfe0 up
root@s32g274ardb2:~# ip link set p2 up
root@s32g274ardb2:~# ip link set p3 up
root@s32g274ardb2:~# ip link set br0 up
root@s32g274ardb2:~#
root@s32g274ardb2:~#
root@s32g274ardb2:~#
root@s32g274ardb2:~#
root@s32g274ardb2:~# # 1. p3   qdisc .
root@s32g274ardb2:~# tc qdisc del dev p3 root 2>/dev/null || true
root@s32g274ardb2:~#
root@s32g274ardb2:~# # 2. 'cbs' qdisc    p3   .
root@s32g274ardb2:~# #    - idleslope:   (200Mbps)
root@s32g274ardb2:~# #    - sendslope:   (1Gbps)     (-800Mbps)
root@s32g274ardb2:~# #    - hicredit:  
root@s32g274ardb2:~# #    - locredit:  
root@s32g274ardb2:~# #    - offload:   
root@s32g274ardb2:~# tc qdisc replace dev p3 cbs idleslope 200000000 sendslope -800000000 hicredit 1514 locredit -1514 offload
Command line is not complete. Try option "help"
root@s32g274ardb2:~# ^C
root@s32g274ardb2:~# #!/bin/bash
root@s32g274ardb2:~#
root@s32g274ardb2:~# echo "### [1]     . ###"
### [1]     . ###
root@s32g274ardb2:~# ip addr flush dev pfe0
root@s32g274ardb2:~# ip addr flush dev pfe1
root@s32g274ardb2:~# ip addr flush dev pfe2
root@s32g274ardb2:~# sleep 1
N  ' . ###"
# pfe0(emac0) pfe2(emac2)   
libfci_cli phyif-update --interface=emac0 --mode=VLAN_BRIDGE
libfci_cli phyif-update --interface=emac2 --mode=VLAN_BRIDGE

#   VLAN 1  '' .
libfci_cli bd-insif --vlan=1 -i emac0 --tag=OFF
libfci_cli bd-insif --vlan=1 -i emac2 --tag=OFF

#  (VLAN 1)  'FLOOD' ,       .
libfci_cli bd-update --vlan=1 --ucast-miss=FLOOD --mcast-miss=FLOOD
echo "-> pfe0, pfe2    ."
sleep 1

echo "### [3]   . ###"
# IP     .
ip link set pfe0 up
ip link set pfe2 up
echo "->   ."

echo ""
echo "##############################################################"
echo "###   ."
echo "### PC  IP  iperf3  ."
echo "##############################################################"root@s32g274ardb2:~#
root@s32g274ardb2:~# echo "### [2] PFE  'VLAN  ' . ###"
### [2] PFE  'VLAN  ' . ###
root@s32g274ardb2:~# # pfe0(emac0) pfe2(emac2)   
root@s32g274ardb2:~# libfci_cli phyif-update --interface=emac0 --mode=VLAN_BRIDGE
DISCLAIMER: This is a DEMO application. It is not part of the production code deliverables.
Command successfully executed.
root@s32g274ardb2:~# libfci_cli phyif-update --interface=emac2 --mode=VLAN_BRIDGE
DISCLAIMER: This is a DEMO application. It is not part of the production code deliverables.
Command successfully executed.
root@s32g274ardb2:~#
root@s32g274ardb2:~# #   VLAN 1  '' .
root@s32g274ardb2:~# libfci_cli bd-insif --vlan=1 -i emac0 --tag=OFF
DISCLAIMER: This is a DEMO application. It is not part of the production code deliverables.
Command successfully executed.
root@s32g274ardb2:~# libfci_cli bd-insif --vlan=1 -i emac2 --tag=OFF
DISCLAIMER: This is a DEMO application. It is not part of the production code deliverables.
Command successfully executed.
root@s32g274ardb2:~#
  .# #  (VLAN 1)  'FLOOD' ,     
root@s32g274ardb2:~# libfci_cli bd-update --vlan=1 --ucast-miss=FLOOD --mcast-miss=FLOOD
DISCLAIMER: This is a DEMO application. It is not part of the production code deliverables.
Command successfully executed.
root@s32g274ardb2:~# echo "-> pfe0, pfe2    ."
-> pfe0, pfe2    .
root@s32g274ardb2:~# sleep 1
root@s32g274ardb2:~#
root@s32g274ardb2:~# echo "### [3]   . ###"
### [3]   . ###
root@s32g274ardb2:~# # IP     .
root@s32g274ardb2:~# ip link set pfe0 up
root@s32g274ardb2:~# ip link set pfe2 up
root@s32g274ardb2:~# echo "->   ."
->   .
root@s32g274ardb2:~#
root@s32g274ardb2:~# echo ""

root@s32g274ardb2:~# echo "##############################################################"
##############################################################
root@s32g274ardb2:~# echo "###   ."
###   .
root@s32g274ardb2:~# echo "### PC  IP  iperf3  ."
### PC  IP  iperf3  .
root@s32g274ardb2:~# echo "##############################################################"
##############################################################
root@s32g274ardb2:~# #!/bin/bash
root@s32g274ardb2:~#
root@s32g274ardb2:~# echo "### [1]  
root@s32g274ardb2:~# echo "### [1]     . ###"
### [1]     . ###
root@s32g274ardb2:~# ip addr flush dev pfe0
root@s32g274ardb2:~# ip addr flush dev pfe1
root@s32g274ardb2:~# ip addr flush dev pfe2
root@s32g274ardb2:~# sleep 1
libfci_cli bd-insif --vlan=1 -i emac0 --tag=OFF
libfci_cli bd-insif --vlan=1 -i emac2 --tag=OFF

#  (VLAN 1)  'FLOOD' ,       .
libfci_cli bd-update --vlan=1 --ucast-miss=FLOOD --mcast-miss=FLOOD
echo "-> pfe0, pfe2    ."
sleep 1

echo "### [3]   . ###"
# IP     .
ip link set pfe0 up
ip link set pfe2 up
echo "->   ."

echo ""
echo "##############################################################"
echo "###   ."
echo "### PC  IP  iperf3  ."
echo "##############################################################"
root@s32g274ardb2:~#
root@s32g274ardb2:~# echo "### [2] PFE  'VLAN  ' . ###"
### [2] PFE  'VLAN  ' . ###
root@s32g274ardb2:~# # pfe0(emac0) pfe2(emac2)   
root@s32g274ardb2:~# libfci_cli phyif-update --interface=emac0 --mode=VLAN_BRIDGE
DISCLAIMER: This is a DEMO application. It is not part of the production code deliverables.
Command successfully executed.
root@s32g274ardb2:~# libfci_cli phyif-update --interface=emac2 --mode=VLAN_BRIDGE
DISCLAIMER: This is a DEMO application. It is not part of the production code deliverables.
Command successfully executed.
root@s32g274ardb2:~#
root@s32g274ardb2:~# #   VLAN 1  '' .
root@s32g274ardb2:~# libfci_cli bd-insif --vlan=1 -i emac0 --tag=OFF
DISCLAIMER: This is a DEMO application. It is not part of the production code deliverables.
Command successfully executed.
root@s32g274ardb2:~# libfci_cli bd-insif --vlan=1 -i emac2 --tag=OFF
DISCLAIMER: This is a DEMO application. It is not part of the production code deliverables.
Command successfully executed.
root@s32g274ardb2:~#
  .# #  (VLAN 1)  'FLOOD' ,     
root@s32g274ardb2:~# libfci_cli bd-update --vlan=1 --ucast-miss=FLOOD --mcast-miss=FLOOD
DISCLAIMER: This is a DEMO application. It is not part of the production code deliverables.
Command successfully executed.
root@s32g274ardb2:~# echo "-> pfe0, pfe2    ."
-> pfe0, pfe2    .
root@s32g274ardb2:~# sleep 1



root@s32g274ardb2:~#
root@s32g274ardb2:~# echo "### [3]   . ###"
### [3]   . ###
root@s32g274ardb2:~# # IP     .
root@s32g274ardb2:~# ip link set pfe0 up
root@s32g274ardb2:~# ip link set pfe2 up
root@s32g274ardb2:~# echo "->   ."
->   .
root@s32g274ardb2:~#
root@s32g274ardb2:~# echo ""

root@s32g274ardb2:~# echo "##############################################################"
##############################################################
root@s32g274ardb2:~# echo "###   ."
###   .
root@s32g274ardb2:~# echo "### PC  IP  iperf3  ."
### PC  IP  iperf3  .
root@s32g274ardb2:~# echo "##############################################################"
##############################################################
root@s32g274ardb2:~#
root@s32g274ardb2:~#
root@s32g274ardb2:~#
root@s32g274ardb2:~#
root@s32g274ardb2:~#
root@s32g274ardb2:~#
root@s32g274ardb2:~#
root@s32g274ardb2:~# 192.168.1.20
-sh: 192.168.1.20: command not found
root@s32g274ardb2:~# ping 192.168.1.20
ping: connect: Network is unreachable
root@s32g274ardb2:~# ^C
root@s32g274ardb2:~# iperf3 -s
-----------------------------------------------------------
Server listening on 5201 (test #1)
-----------------------------------------------------------
^Ciperf3: interrupt - the server has terminated
root@s32g274ardb2:~# #!/bin/bash
root@s32g274ardb2:~#
root@s32g274ardb2:~# echo "### [1]     . ###"
### [1]     . ###
root@s32g274ardb2:~# ip addr flush dev pfe0
root@s32g274ardb2:~# ip addr flush dev pfe1
root@s32g274ardb2:~# ip addr flush dev pfe2
root@s32g274ardb2:~# sleep 1
libfci_cli phyif-update --interface=emac2 --mode=ROUTER
echo "->    ."
sleep 1

echo "### [3]     (pfe0 -> pfe2). ###"
# Route ID 2: pfe2(emac2)  ,  MAC PC 2 (00-E0-4C-68-1A-04)
libfci_cli route-add --rt=2 -4 --dmac=00:E0:4C:68:1A:04 -i emac2
# Conntrack( ) : 192.168.1.10 192.168.2.10   Route ID 2  
libfci_cli cntk-add -p 0 -s 192.168.1.10 -d 192.168.2.10 --sport=0 --dport=0 --rt=2
echo "->     ."
sleep 1

echo "### [4] pfe2(emac2) Egress    (CBS) . ###"
# pfe2  0 (shaper)  0 0 (sch0_in0) 
libfci_cli qos-shp-update -i emac2 --shp=0 --shp-pos=sch0_in0
#   (idleslope) 200,000,000 bps (200Mbps) 
libfci_cli qos-shp-update -i emac2 --shp=0 --isl=200000000
echo "-> pfe2(emac2) Egress Port 200Mbps CBS  ."
sleep 1

echo "### [5]    IP . ###"
#      IP 
ip link set pfe0 up
ip addr add 192.168.1.1/24 dev pfe0
ip link set pfe2 up
ip addr add 192.168.2.1/24 dev pfe2
echo "->    IP  ."

echo ""
echo "##############################################################"
echo "###   ."
echo "###  PC IP  iperf3  ."
echo "##############################################################"root@s32g274ardb2:~#
root@s32g274ardb2:~# echo "### [2] PFE  ' ' . ###"
### [2] PFE  ' ' . ###
root@s32g274ardb2:~# # pfe0(emac0) pfe2(emac2)   
root@s32g274ardb2:~# libfci_cli phyif-update --interface=emac0 --mode=ROUTER
DISCLAIMER: This is a DEMO application. It is not part of the production code deliverables.
Command successfully executed.
root@s32g274ardb2:~# libfci_cli phyif-update --interface=emac2 --mode=ROUTER
DISCLAIMER: This is a DEMO application. It is not part of the production code deliverables.
Command successfully executed.
root@s32g274ardb2:~# echo "->    ."
->    .
root@s32g274ardb2:~# sleep 1
root@s32g274ardb2:~#
root@s32g274ardb2:~# echo "### [3]     (pfe0 -> pfe2). ###"
### [3]     (pfe0 -> pfe2). ###
-1A-04)2g274ardb2:~# # Route ID 2: pfe2(emac2)  ,  MAC PC 2 (00-E0-4C-68-
root@s32g274ardb2:~# libfci_cli route-add --rt=2 -4 --dmac=00:E0:4C:68:1A:04 -i emac2
DISCLAIMER: This is a DEMO application. It is not part of the production code deliverables.
Command successfully executed.
te ID 2  nntrack( ) : 192.168.1.10 192.168.2.10   Rout
root@s32g274ardb2:~# libfci_cli cntk-add -p 0 -s 192.168.1.10 -d 192.168.2.10 --sport=0 --dport=0 --rt=2
DISCLAIMER: This is a DEMO application. It is not part of the production code deliverables.
Command successfully executed.
root@s32g274ardb2:~# echo "->     ."
->     .
root@s32g274ardb2:~# sleep 1
root@s32g274ardb2:~#
. ###"74ardb2:~# echo "### [4] pfe2(emac2) Egress    (CBS) 
### [4] pfe2(emac2) Egress    (CBS) . ###
root@s32g274ardb2:~# # pfe2  0 (shaper)  0 0 (sch0_in0) 
root@s32g274ardb2:~# libfci_cli qos-shp-update -i emac2 --shp=0 --shp-pos=sch0_in0
DISCLAIMER: This is a DEMO application. It is not part of the production code deliverables.
Command successfully executed.
root@s32g274ardb2:~# #   (idleslope) 200,000,000 bps (200Mbps) 
root@s32g274ardb2:~# libfci_cli qos-shp-update -i emac2 --shp=0 --isl=200000000
DISCLAIMER: This is a DEMO application. It is not part of the production code deliverables.
Command successfully executed.
root@s32g274ardb2:~# echo "-> pfe2(emac2) Egress Port 200Mbps CBS  ."
-> pfe2(emac2) Egress Port 200Mbps CBS  .
root@s32g274ardb2:~# sleep 1
root@s32g274ardb2:~#
root@s32g274ardb2:~# echo "### [5]    IP . ###"
### [5]    IP . ###
root@s32g274ardb2:~# #      IP 
root@s32g274ardb2:~# ip link set pfe0 up
root@s32g274ardb2:~# ip addr add 192.168.1.1/24 dev pfe0
root@s32g274ardb2:~# ip link set pfe2 up
root@s32g274ardb2:~# ip addr add 192.168.2.1/24 dev pfe2
root@s32g274ardb2:~# echo "->    IP  ."
->    IP  .
root@s32g274ardb2:~#
root@s32g274ardb2:~# echo ""

root@s32g274ardb2:~# echo "##############################################################"
##############################################################
root@s32g274ardb2:~# echo "###   ."
###   .
root@s32g274ardb2:~# echo "###  PC IP  iperf3  ."
###  PC IP  iperf3  .
root@s32g274ardb2:~# echo "##############################################################"
##############################################################
root@s32g274ardb2:~#
root@s32g274ardb2:~#
root@s32g274ardb2:~#
root@s32g274ardb2:~# #!/bin/bash
root@s32g274ardb2:~#
root@s32g274ardb2:~# echo "### [1]     . ###"
### [1]     . ###
root@s32g274ardb2:~# ip addr flush dev pfe0
root@s32g274ardb2:~# ip addr flush dev pfe1
root@s32g274ardb2:~# ip addr flush dev pfe2
root@s32g274ardb2:~# sleep 1
libfci_cli bd-insif --vlan=1 -i emac0 --tag=OFF
libfci_cli bd-insif --vlan=1 -i emac2 --tag=OFF

libfci_cli bd-update --vlan=1 --ucast-miss=FLOOD --mcast-miss=FLOOD
echo "-> pfe0, pfe2    ."
sleep 1

echo "### [3]   . ###"
ip link set pfe0 up
ip link set pfe2 up
echo "->   ."

echo ""
echo "##############################################################"
echo "###   .  PC ARP  ###"
echo "##############################################################"root@s32g274ardb2:~#
root@s32g274ardb2:~# echo "### [2] PFE  'VLAN  ' . ###"
### [2] PFE  'VLAN  ' . ###
root@s32g274ardb2:~# libfci_cli phyif-update --interface=emac0 --mode=VLAN_BRIDGE
DISCLAIMER: This is a DEMO application. It is not part of the production code deliverables.
Command successfully executed.
root@s32g274ardb2:~# libfci_cli phyif-update --interface=emac2 --mode=VLAN_BRIDGE
DISCLAIMER: This is a DEMO application. It is not part of the production code deliverables.
Command successfully executed.
root@s32g274ardb2:~#
root@s32g274ardb2:~# libfci_cli bd-insif --vlan=1 -i emac0 --tag=OFF
DISCLAIMER: This is a DEMO application. It is not part of the production code deliverables.
Command successfully executed.
