17139720 bytes read in 719 ms (22.7 MiB/s)
Booting from mmc ...
59234 bytes read in 6 ms (9.4 MiB/s)
## Flattened Device Tree blob at 83000000
   Booting using the fdt blob at 0x83000000
   Using Device Tree in place at 0000000083000000, end 0000000083011761
   fixup: pfe1: update phy addr to 0x8
Failed to configure XPCS1_1
Failed to update XPCS1 for SerDes1

Starting kernel ...

[    0.000000] Booting Linux on physical CPU 0x0000000000 [0x410fd034]
[    0.000000] Linux version 6.6.85-rt53-g6208e1d0d7b5 (oe-user@oe-host) (aarch64-fsl-linux-gcc (GCC) 13.3.0, GNU ld (GNU Binutils) 2.42.0.20240723) #1 SMP PREEMPT Wed May 14 13:40:03 UTC 2025
[    0.000000] Machine model: NXP S32G2 Reference Design Board 2 (S32G-VNP-RDB2)
[    0.000000] earlycon: linflex0 at MMIO 0x00000000401c8000 (options '')
[    0.000000] printk: legacy bootconsole [linflex0] enabled
[    0.000000] OF: reserved mem: 0x0000000034000000..0x000000003407ffff (512 KiB) nomap non-reusable pfebufs@34000000
[    0.000000] OF: reserved mem: 0x0000000034080000..0x000000003409ffff (128 KiB) nomap non-reusable pfebufs@34080000
[    0.000000] Reserved memory: created DMA memory pool at 0x0000000083200000, size 3 MiB
[    0.000000] OF: reserved mem: initialized node pfebufs@83200000, compatible id shared-dma-pool
[    0.000000] OF: reserved mem: 0x0000000083200000..0x00000000835dffff (3968 KiB) nomap non-reusable pfebufs@83200000
[    0.000000] OF: reserved mem: 0x00000000835e0000..0x00000000835fffff (128 KiB) map non-reusable pfebufs@835e0000
[    0.000000] OF: reserved mem: 0x0000000084000000..0x0000000084ffffff (16384 KiB) nomap non-reusable shm@84000000
[    0.000000] OF: reserved mem: 0x00000000c0000000..0x00000000c03fffff (4096 KiB) nomap non-reusable shm@c0000000
[    0.000000] OF: reserved mem: 0x00000000c0400000..0x00000000c07fffff (4096 KiB) nomap non-reusable shm@c0400000
[    0.000000] OF: reserved mem: 0x00000000d0000000..0x00000000d000007f (0 KiB) nomap non-reusable shm@d0000000
[    0.000000] OF: reserved mem: 0x00000000d0000080..0x00000000d00000ff (0 KiB) nomap non-reusable shm@d0000080
[    0.000000] OF: reserved mem: 0x00000000ff600000..0x00000000ff7fffff (2048 KiB) nomap non-reusable atf@ff600000
[    0.000000] Zone ranges:
[    0.000000]   DMA      [mem 0x0000000080000000-0x00000000ffffffff]
[    0.000000]   DMA32    empty
[    0.000000]   Normal   [mem 0x0000000100000000-0x00000008ffffffff]
[    0.000000] Movable zone start for each node
[    0.000000] Early memory node ranges
[    0.000000]   node   0: [mem 0x0000000080000000-0x00000000831fffff]
[    0.000000]   node   0: [mem 0x0000000083200000-0x00000000835dffff]
[    0.000000]   node   0: [mem 0x00000000835e0000-0x0000000083ffffff]
[    0.000000]   node   0: [mem 0x0000000084000000-0x0000000084ffffff]
[    0.000000]   node   0: [mem 0x0000000085000000-0x00000000bfffffff]
[    0.000000]   node   0: [mem 0x00000000c0000000-0x00000000c07fffff]
[    0.000000]   node   0: [mem 0x00000000c0800000-0x00000000cfffffff]
[    0.000000]   node   0: [mem 0x00000000d0001000-0x00000000ff5fffff]
[    0.000000]   node   0: [mem 0x00000000ff600000-0x00000000ff7fffff]
[    0.000000]   node   0: [mem 0x00000000ff800000-0x00000000ffffffff]
[    0.000000]   node   0: [mem 0x0000000880000000-0x00000008ffffffff]
[    0.000000] Initmem setup node 0 [mem 0x0000000080000000-0x00000008ffffffff]
[    0.000000] On node 0, zone DMA: 1 pages in unavailable ranges
[    0.000000] cma: Reserved 256 MiB at 0x00000000ef600000 on node -1
[    0.000000] psci: probing for conduit method from DT.
[    0.000000] psci: PSCIv1.1 detected in firmware.
[    0.000000] psci: Using standard PSCI v0.2 function IDs
[    0.000000] psci: MIGRATE_INFO_TYPE not supported.
[    0.000000] psci: SMC Calling Convention v1.4
[    0.000000] percpu: Embedded 19 pages/cpu s40104 r8192 d29528 u77824
[    0.000000] Detected VIPT I-cache on CPU0
[    0.000000] CPU features: detected: GIC system register CPU interface
[    0.000000] CPU features: detected: ARM erratum 845719
[    0.000000] CPU features: detected: NXP erratum ERR050481 (TLBI by VA handled incorrectly)
[    0.000000] CPU features: detected: ARM errata 1165522, 1319367, 1530923, or 1530924
[    0.000000] alternatives: applying boot alternatives
[    0.000000] Kernel command line: console=ttyLF0,115200 root=/dev/mmcblk0p3 rootwait rw earlycon
[    0.000000] Dentry cache hash table entries: 524288 (order: 10, 4194304 bytes, linear)
[    0.000000] Inode-cache hash table entries: 262144 (order: 9, 2097152 bytes, linear)
[    0.000000] Built 1 zonelists, mobility grouping on.  Total pages: 1032191
[    0.000000] mem auto-init: stack:all(zero), heap alloc:off, heap free:off
[    0.000000] software IO TLB: area num 4.
[    0.000000] software IO TLB: mapped [mem 0x00000000eb600000-0x00000000ef600000] (64MB)
[    0.000000] Memory: 3737544K/4194300K available (10688K kernel code, 738K rwdata, 3220K rodata, 1984K init, 233K bss, 194612K reserved, 262144K cma-reserved)
[    0.000000] SLUB: HWalign=64, Order=0-3, MinObjects=0, CPUs=4, Nodes=1
[    0.000000] rcu: Preemptible hierarchical RCU implementation.
[    0.000000] rcu:     RCU event tracing is enabled.
[    0.000000] rcu:     RCU restricting CPUs from NR_CPUS=8 to nr_cpu_ids=4.
[    0.000000]  Trampoline variant of Tasks RCU enabled.
[    0.000000]  Tracing variant of Tasks RCU enabled.
[    0.000000] rcu: RCU calculated value of scheduler-enlistment delay is 25 jiffies.
[    0.000000] rcu: Adjusting geometry for rcu_fanout_leaf=16, nr_cpu_ids=4
[    0.000000] NR_IRQS: 64, nr_irqs: 64, preallocated irqs: 0
[    0.000000] GICv3: GIC: Using split EOI/Deactivate mode
[    0.000000] GICv3: 544 SPIs implemented
[    0.000000] GICv3: 0 Extended SPIs implemented
[    0.000000] GICv3: MBI range [167:182]
[    0.000000] GICv3: Using MBI frame 0x0000000050800000
[    0.000000] Root IRQ handler: gic_handle_irq
[    0.000000] GICv3: GICv3 features: 16 PPIs
[    0.000000] GICv3: CPU0: found redistributor 0 region 0:0x0000000050880000
[    0.000000] ITS: No ITS available, not enabling LPIs
[    0.000000] rcu: srcu_init: Setting srcu_struct sizes based on contention.
[    0.000000] arch_timer: cp15 timer(s) running at 5.00MHz (phys).
[    0.000000] clocksource: arch_sys_counter: mask: 0xffffffffffffff max_cycles: 0x127350b88, max_idle_ns: 440795202120 ns
[    0.000001] sched_clock: 56 bits at 5MHz, resolution 200ns, wraps every 4398046511100ns
[    0.008463] Console: colour dummy device 80x25
[    0.012521] Calibrating delay loop (skipped), value calculated using timer frequency.. 10.00 BogoMIPS (lpj=20000)
[    0.022725] pid_max: default: 32768 minimum: 301
[    0.027449] Mount-cache hash table entries: 8192 (order: 4, 65536 bytes, linear)
[    0.034716] Mountpoint-cache hash table entries: 8192 (order: 4, 65536 bytes, linear)
[    0.044333] RCU Tasks: Setting shift to 2 and lim to 1 rcu_task_cb_adjust=1 rcu_task_cpu_ids=4.
[    0.052715] RCU Tasks Trace: Setting shift to 2 and lim to 1 rcu_task_cb_adjust=1 rcu_task_cpu_ids=4.
[    0.062047] rcu: Hierarchical SRCU implementation.
[    0.066590] rcu:     Max phase no-delay instances is 1000.
[    0.072897] smp: Bringing up secondary CPUs ...
[    0.077724] Detected VIPT I-cache on CPU1
[    0.077809] GICv3: CPU1: found redistributor 1 region 0:0x00000000508a0000
[    0.077863] CPU1: Booted secondary processor 0x0000000001 [0x410fd034]
[    0.078657] Detected VIPT I-cache on CPU2
[    0.078734] GICv3: CPU2: found redistributor 100 region 0:0x00000000508c0000
[    0.078773] CPU2: Booted secondary processor 0x0000000100 [0x410fd034]
[    0.079481] Detected VIPT I-cache on CPU3
[    0.079529] GICv3: CPU3: found redistributor 101 region 0:0x00000000508e0000
[    0.079555] CPU3: Booted secondary processor 0x0000000101 [0x410fd034]
[    0.079647] smp: Brought up 1 node, 4 CPUs
[    0.135768] SMP: Total of 4 processors activated.
[    0.140435] CPU features: detected: 32-bit EL0 Support
[    0.145579] CPU features: detected: CRC32 instructions
[    0.150758] CPU: All CPU(s) started at EL2
[    0.154772] alternatives: applying system-wide alternatives
[    0.162548] devtmpfs: initialized
[    0.176407] clocksource: jiffies: mask: 0xffffffff max_cycles: 0xffffffff, max_idle_ns: 7645041785100000 ns
[    0.185769] futex hash table entries: 1024 (order: 4, 65536 bytes, linear)
[    0.201955] pinctrl core: initialized pinctrl subsystem
[    0.207785] NET: Registered PF_NETLINK/PF_ROUTE protocol family
[    0.214428] DMA: preallocated 512 KiB GFP_KERNEL pool for atomic allocations
[    0.221324] DMA: preallocated 512 KiB GFP_KERNEL|GFP_DMA pool for atomic allocations
[    0.229116] DMA: preallocated 512 KiB GFP_KERNEL|GFP_DMA32 pool for atomic allocations
[    0.237157] thermal_sys: Registered thermal governor 'step_wise'
[    0.237309] hw-breakpoint: found 6 breakpoint and 4 watchpoint registers.
[    0.249751] ASID allocator initialised with 65536 entries
[    0.255177] Serial: AMBA PL011 UART driver
[    0.259177] scmi_core: SCMI protocol bus registered
[    0.265304] scmi_protocol scmi_dev.1: Enabled polling mode TX channel - prot_id:16
[    0.272874] arm-scmi firmware:scmi: SCMI Notifications - Core Enabled.
[    0.279044] arm-scmi firmware:scmi: SCMI Protocol v2.0 'NXP:S32G274A' Firmware version 0x0
[    0.296560] /soc/interrupt-controller@50800000: Fixed dependency cycle(s) with /soc/interrupt-controller@50800000
[    0.308731] /soc/siul2@4009c000/siul2-pinctrl@4009c240: Fixed dependency cycle(s) with /soc/siul2@4009c000/siul2-pinctrl@4009c240/jtag_pins
[    0.331368] Modules: 28512 pages in range for non-PLT usage
[    0.331390] Modules: 520032 pages in range for PLT usage
[    0.337150] HugeTLB: registered 1.00 GiB page size, pre-allocated 0 pages
[    0.348805] HugeTLB: 0 KiB vmemmap can be freed for a 1.00 GiB page
[    0.355057] HugeTLB: registered 32.0 MiB page size, pre-allocated 0 pages
[    0.361823] HugeTLB: 0 KiB vmemmap can be freed for a 32.0 MiB page
[    0.368074] HugeTLB: registered 2.00 MiB page size, pre-allocated 0 pages
[    0.374843] HugeTLB: 0 KiB vmemmap can be freed for a 2.00 MiB page
[    0.381095] HugeTLB: registered 64.0 KiB page size, pre-allocated 0 pages
[    0.387862] HugeTLB: 0 KiB vmemmap can be freed for a 64.0 KiB page
[    0.403848] SCSI subsystem initialized
[    0.407404] usbcore: registered new interface driver usbfs
[    0.412681] usbcore: registered new interface driver hub
[    0.417984] usbcore: registered new device driver usb
[    0.423738] pps_core: LinuxPPS API ver. 1 registered
[    0.428274] pps_core: Software ver. 5.3.6 - Copyright 2005-2007 Rodolfo Giometti <giometti@linux.it>
[    0.437401] PTP clock support registered
[    0.442562] vgaarb: loaded
[    0.445205] clocksource: Switched to clocksource arch_sys_counter
[    0.459179] NET: Registered PF_INET protocol family
[    0.463923] IP idents hash table entries: 65536 (order: 7, 524288 bytes, linear)
[    0.474378] tcp_listen_portaddr_hash hash table entries: 2048 (order: 3, 32768 bytes, linear)
[    0.482569] Table-perturb hash table entries: 65536 (order: 6, 262144 bytes, linear)
[    0.490214] TCP established hash table entries: 32768 (order: 6, 262144 bytes, linear)
[    0.498357] TCP bind hash table entries: 32768 (order: 8, 1048576 bytes, linear)
[    0.506630] TCP: Hash tables configured (established 32768 bind 32768)
[    0.512963] UDP hash table entries: 2048 (order: 4, 65536 bytes, linear)
[    0.519534] UDP-Lite hash table entries: 2048 (order: 4, 65536 bytes, linear)
[    0.526825] NET: Registered PF_UNIX/PF_LOCAL protocol family
[    0.532727] RPC: Registered named UNIX socket transport module.
[    0.538226] RPC: Registered udp transport module.
[    0.542905] RPC: Registered tcp transport module.
[    0.547591] RPC: Registered tcp-with-tls transport module.
[    0.553060] RPC: Registered tcp NFSv4.1 backchannel transport module.
[    0.559515] PCI: CLS 0 bytes, default 64
[    0.564824] workingset: timestamp_bits=62 max_order=20 bucket_order=0
[    0.571511] fuse: init (API version 7.39)
[    0.575294] NET: Registered PF_ALG protocol family
[    0.579923] Block layer SCSI generic (bsg) driver version 0.4 loaded (major 248)
[    0.587252] io scheduler mq-deadline registered
[    0.591761] io scheduler kyber registered
[    0.595763] io scheduler bfq registered
[    0.604283] s32cc-siul2-pinctrl 4009c240.siul2-pinctrl: initialized s32 pinctrl driver
[    0.613650] s32cc-siul2-gpio 4009d700.siul2-gpio: No cache defaults, reading back from HW
[    0.621521] s32cc-siul2-gpio 4009d700.siul2-gpio: No cache defaults, reading back from HW
[    0.630038] gpio gpiochip0: Static allocation of GPIO base is deprecated, use dynamic allocation.
[    0.639522] s32cc-siul2-gpio 4009d700.siul2-gpio: No cache defaults, reading back from HW
[    0.647379] s32cc-siul2-gpio 4009d700.siul2-gpio: No cache defaults, reading back from HW
[    0.667492] printk: legacy console [ttyLF0] enabled000 (irq = 23, base_baud = 7812500) is a FSL_LINFLEX
[    0.667492] printk: legacy console [ttyLF0] enabled
[    0.677403] printk: legacy bootconsole [linflex0] disabled
[    0.677403] printk: legacy bootconsole [linflex0] disabled
[    0.690039] 401cc000.serial: ttyLF1 at MMIO 0x401cc000 (irq = 24, base_baud = 7812500) is a FSL_LINFLEX
[    0.701402] s32cc_fccu 4030c000.fccu: FCCU status is 0 (normal)
[    0.710697] ethernet-switch@1 enforce active low on GPIO handle
[    0.719664] spi-nor spi6.0: mx25uw51245g (65536 Kbytes)
[    0.725586] 8 fixed-partitions partitions found on MTD device 0.spi
[    0.731969] Creating 8 MTD partitions on "0.spi":
[    0.736757] 0x000000000000-0x000004000000 : "Flash-Image"
[    0.742630] 0x000000000000-0x0000000d0000 : "BL2"
[    0.747761] 0x0000000d0000-0x0000002a0000 : "FIP"
[    0.752869] 0x0000002a0000-0x0000002b0000 : "U-Boot-Env"
[    0.758586] 0x0000002b0000-0x000001380000 : "Kernel"
[    0.763955] 0x000001380000-0x0000013b0000 : "DTB"
[    0.769064] 0x0000013b0000-0x0000032c0000 : "Rootfs"
[    0.774438] 0x0000032c0000-0x000004000000 : "PFE-Firmware"
[    0.782674] vcan: Virtual CAN interface driver
[    0.787205] slcan: serial line CAN interface driver
[    0.792160] CAN device driver interface
[    0.797445] flexcan 401b4000.can: device registered (reg_base=(____ptrval____), irq(s):
[    0.805589] flexcan 401b4000.can:  30
[    0.809322] flexcan 401b4000.can:  31
[    0.813035] flexcan 401b4000.can:  32
[    0.816754] flexcan 401b4000.can:  33
[    0.820472] flexcan 401b4000.can: )
[    0.825049] flexcan 401be000.can: device registered (reg_base=(____ptrval____), irq(s):
[    0.833199] flexcan 401be000.can:  34
[    0.836911] flexcan 401be000.can:  35
[    0.840639] flexcan 401be000.can:  36
[    0.844359] flexcan 401be000.can:  37
[    0.848085] flexcan 401be000.can: )
[    0.852238] sja1105 spi5.1: Probed switch chip: SJA1110A
[    0.857667] sja1105 spi5.1: Port 2 interpreting RGMII delay settings based on "phy-mode" property, please update device tree to specify "rx-internal-delay-ps" and "tx-internal-delay-ps"
[    0.874431] sja1105 spi5.1: Port 3 interpreting RGMII delay settings based on "phy-mode" property, please update device tree to specify "rx-internal-delay-ps" and "tx-internal-delay-ps"
[    0.891290] e100: Intel(R) PRO/100 Network Driver
[    0.896068] e100: Copyright(c) 1999-2006 Intel Corporation
[    0.901669] e1000: Intel(R) PRO/1000 Network Driver
[    0.906624] e1000: Copyright (c) 1999-2006 Intel Corporation.
[    0.912487] e1000e: Intel(R) PRO/1000 Network Driver
[    0.917525] e1000e: Copyright(c) 1999 - 2015 Intel Corporation.
[    0.923556] igb: Intel(R) Gigabit Ethernet Network Driver
[    0.929038] igb: Copyright (c) 2007-2014 Intel Corporation.
[    0.936005] hse-uio 40210000.mu0b: firmware not found
[    0.941726] usbcore: registered new interface driver uas
[    0.947158] usbcore: registered new interface driver usb-storage
[    0.954424] imx_usb 44064000.usb: No over current polarity defined
[    0.973385] ci_hdrc ci_hdrc.0: EHCI Host Controller
[    0.978513] ci_hdrc ci_hdrc.0: new USB bus registered, assigned bus number 1
[    1.001217] ci_hdrc ci_hdrc.0: USB 2.0 started, EHCI 1.00
[    1.006902] usb usb1: New USB device found, idVendor=1d6b, idProduct=0002, bcdDevice= 6.06
[    1.015311] usb usb1: New USB device strings: Mfr=3, Product=2, SerialNumber=1
[    1.022649] usb usb1: Product: EHCI Host Controller
[    1.027604] usb usb1: Manufacturer: Linux 6.6.85-rt53-g6208e1d0d7b5 ehci_hcd
[    1.034762] usb usb1: SerialNumber: ci_hdrc.0
[    1.039691] hub 1-0:1.0: USB hub found
[    1.043533] hub 1-0:1.0: 1 port detected
[    1.049483] s32cc-rtc 40060000.rtc: registered as rtc0
[    1.054738] s32cc-rtc 40060000.rtc: setting system clock to 1970-01-01T00:00:00 UTC (0)
[    1.063075] i2c_dev: i2c /dev entries driver
[    1.067995] s32cc-wdt 4010c000.watchdog: S32CC Watchdog Timer Registered. timeout=30s (nowayout=0)
[    1.077358] s32cc-wdt 40200000.watchdog: S32CC Watchdog Timer Registered. timeout=30s (nowayout=0)
[    1.086669] s32cc-wdt 40204000.watchdog: S32CC Watchdog Timer Registered. timeout=30s (nowayout=0)
[    1.095950] s32cc-wdt 40208000.watchdog: S32CC Watchdog Timer Registered. timeout=30s (nowayout=0)
[    1.106974] sdhci: Secure Digital Host Controller Interface driver
[    1.113315] sdhci: Copyright(c) Pierre Ossman
[    1.117744] sdhci-pltfm: SDHCI platform and OF driver helper
[    1.123784] SMCCC: SOC_ID: ARCH_SOC_ID not implemented, skipping ....
[    1.130941] hse 40211000.mu1b: interface mu1b not active
[    1.137007] usbcore: registered new interface driver usbhid
[    1.142689] usbhid: USB HID core driver
[    1.156209] mmc0: SDHCI controller on 402f0000.mmc [402f0000.mmc] using ADMA
[    1.163538] s32-adc 401f8000.adc: using dma0chan4 for ADC DMA transfers
[    1.170840] s32-adc 401f8000.adc: Device initialized successfully.
[    1.189468] s32-adc 402e8000.adc: using dma1chan16 for ADC DMA transfers
[    1.196797] s32-adc 402e8000.adc: Device initialized successfully.
[    1.197896] mmc0: new high speed SDHC card at address 0001
[    1.209046] hw perfevents: enabled with armv8_cortex_a53 PMU driver, 7 counters available
[    1.209311] mmcblk0: mmc0:0001 SD32G 28.8 GiB
[    1.219225] s32-siul2-nvmem 4009c000.nvram: Initialized s32cc siul2 nvmem driver
[    1.223803]  mmcblk0: p1 p2 p3
[    1.229516] s32-siul2-nvmem 44010000.nvram: Initialized s32cc siul2 nvmem driver
[    1.240606] GACT probability on
[    1.243826] Mirror/redirect action on
[    1.247621] Simple TC action Loaded
[    1.251744] netem: version 1.3
[    1.254910] u32 classifier
[    1.257661]     Performance counters on
[    1.261553]     input device check on
[    1.265275]     Actions configured
[    1.270089] xt_time: kernel timezone is -0000
[    1.274767] NET: Registered PF_INET6 protocol family
[    1.280756] Segment Routing with IPv6
[    1.284551] In-situ OAM (IOAM) with IPv6
[    1.288627] sit: IPv6, IPv4 and MPLS over IPv4 tunneling driver
[    1.295193] NET: Registered PF_PACKET protocol family
[    1.300491] can: controller area network core
[    1.304966] NET: Registered PF_CAN protocol family
[    1.309833] can: raw protocol
[    1.312844] can: broadcast manager protocol
[    1.317097] can: netlink gateway - max_hops=1
[    1.321600] 8021q: 802.1Q VLAN Support v1.8
[    1.346087] i2c i2c-0: using pinctrl states for GPIO recovery
[    1.352037] i2c i2c-0: using generic GPIOs for recovery
[    1.358109] pca953x 0-0022: using AI
[    1.368639] rtc-pcf85063 0-0051: registered as rtc1
[    1.373661] i2c i2c-0: IMX I2C adapter registered
[    1.378495] i2c i2c-0: using dma0chan5 (tx) and dma0chan6 (rx) for DMA transfers
[    1.386821] i2c i2c-2: using pinctrl states for GPIO recovery
[    1.392743] i2c i2c-2: using generic GPIOs for recovery
[    1.398144] i2c i2c-2: IMX I2C adapter registered
[    1.402976] i2c i2c-2: using dma1chan17 (tx) and dma1chan18 (rx) for DMA transfers
[    1.411346] i2c i2c-4: using pinctrl states for GPIO recovery
[    1.417254] i2c i2c-4: using generic GPIOs for recovery
[    1.424120] ina2xx 4-0040: power monitor ina231 (Rshunt = 1000 uOhm)
[    1.430630] i2c i2c-4: IMX I2C adapter registered
[    1.435469] i2c i2c-4: using dma1chan19 (tx) and dma1chan20 (rx) for DMA transfers
[    1.464256] phy-s32cc-serdes 40480000.serdes: Using mode 0 for SerDes subsystem
[    1.472174] phy-s32cc-serdes 44180000.serdes: Using mode 4 for SerDes subsystem
[    1.803137] s32cc-pcie 40400000.pcie: Failed to stabilize PHY link
[    1.809426] s32cc-pcie 40400000.pcie: Configuring as RootComplex
[    1.815573] s32cc-pcie 40400000.pcie: host bridge /soc/pcie@40400000 ranges:
[    1.822766] s32cc-pcie 40400000.pcie:       IO 0x5ffffe0000..0x5ffffeffff -> 0x0000000000
[    1.831085] s32cc-pcie 40400000.pcie:      MEM 0x5800000000..0x5ffffdffff -> 0x0000000000
[    1.839410] s32cc-pcie 40400000.pcie: Memory resource size exceeds max for 32 bits
[    2.847256] s32cc-pcie 40400000.pcie: Phy link never came up
[    2.853033] s32cc-pcie 40400000.pcie: Link Up failed, EndPoint may not be connected
[    2.860835] s32cc-pcie 40400000.pcie: iATU: unroll T, 6 ob, 4 ib, align 4K, limit 1024G
[    3.869161] s32cc-pcie 40400000.pcie: Phy link never came up
[    3.874920] s32cc-pcie 40400000.pcie: Link Up failed, EndPoint may not be connected
[    4.882833] s32cc-pcie 40400000.pcie: Phy link never came up
[    4.889210] s32cc-pcie 40400000.pcie: PCI host bridge to bus 0000:00
[    4.895668] pci_bus 0000:00: root bus resource [bus 00-ff]
[    4.901244] pci_bus 0000:00: root bus resource [io  0x0000-0xffff]
[    4.907524] pci_bus 0000:00: root bus resource [mem 0x5800000000-0x5ffffdffff] (bus address [0x00000000-0x7fffdffff])
[    4.918331] pci 0000:00:00.0: [1957:4002] type 01 class 0x060400
[    4.924449] pci 0000:00:00.0: reg 0x10: [mem 0x5800000000-0x58000fffff]
[    4.931181] pci 0000:00:00.0: reg 0x38: [mem 0x5800000000-0x580000ffff pref]
[    4.938431] pci 0000:00:00.0: supports D1
[    4.942507] pci 0000:00:00.0: PME# supported from D0 D1 D3hot D3cold
[    4.952639] pci 0000:00:00.0: BAR 0: assigned [mem 0x5800000000-0x58000fffff]
[    4.959901] pci 0000:00:00.0: BAR 6: assigned [mem 0x5800100000-0x580010ffff pref]
[    4.967595] pci 0000:00:00.0: PCI bridge to [bus 01-ff]
[    4.973325] pcieport 0000:00:00.0: PME: Signaling with IRQ 51
[    4.980251] sja1105 spi5.1: Probed switch chip: SJA1110A
[    4.985691] sja1105 spi5.1: Port 2 interpreting RGMII delay settings based on "phy-mode" property, please update device tree to specify "rx-internal-delay-ps" and "tx-internal-delay-ps"
[    5.002481] sja1105 spi5.1: Port 3 interpreting RGMII delay settings based on "phy-mode" property, please update device tree to specify "rx-internal-delay-ps" and "tx-internal-delay-ps"
[    5.019954] s32cc-dwmac 4033c000.ethernet: IRQ eth_wake_irq not found
[    5.026514] s32cc-dwmac 4033c000.ethernet: IRQ eth_lpi not found
[    5.033618] s32cc-dwmac 4033c000.ethernet: User ID: 0x10, Synopsys ID: 0x51
[    5.040710] s32cc-dwmac 4033c000.ethernet:   DWMAC4/5
[    5.045761] s32cc-dwmac 4033c000.ethernet: DMA HW capability register supported
[    5.053182] s32cc-dwmac 4033c000.ethernet: RX Checksum Offload Engine supported
[    5.060610] s32cc-dwmac 4033c000.ethernet: TX Checksum insertion supported
[    5.067587] s32cc-dwmac 4033c000.ethernet: Wake-Up On Lan supported
[    5.074014] s32cc-dwmac 4033c000.ethernet: Enable RX Mitigation via HW Watchdog Timer
[    5.081972] s32cc-dwmac 4033c000.ethernet: Enabled L3L4 Flow TC (entries=8)
[    5.089043] s32cc-dwmac 4033c000.ethernet: Enabled RFS Flow TC (entries=10)
[    5.096123] s32cc-dwmac 4033c000.ethernet: Enabling HW TC (entries=256, max_off=256)
[    5.103989] s32cc-dwmac 4033c000.ethernet: Using 32/32 bits DMA host/device width
[    5.118154] hwmon hwmon1: temp1_input not attached to any thermal zone
[    5.127567] qoriq_thermal 400a8000.tmu: Critical rising/falling temperature threshold = 5 degree(s)
[    5.142235] nxp_s32cc_ddr_perf 403e0000.ddr-perf: probing device
[    5.148723] nxp_s32cc_ddr_perf 403e0000.ddr-perf: device initialized successfully
[    5.156708] sja1105 spi5.1: Probed switch chip: SJA1110A
[    5.162136] sja1105 spi5.1: Port 2 interpreting RGMII delay settings based on "phy-mode" property, please update device tree to specify "rx-internal-delay-ps" and "tx-internal-delay-ps"
[    5.178912] sja1105 spi5.1: Port 3 interpreting RGMII delay settings based on "phy-mode" property, please update device tree to specify "rx-internal-delay-ps" and "tx-internal-delay-ps"
[    5.196013] sja1105 spi5.1: Probed switch chip: SJA1110A
[    5.201430] sja1105 spi5.1: Port 2 interpreting RGMII delay settings based on "phy-mode" property, please update device tree to specify "rx-internal-delay-ps" and "tx-internal-delay-ps"
[    5.218201] sja1105 spi5.1: Port 3 interpreting RGMII delay settings based on "phy-mode" property, please update device tree to specify "rx-internal-delay-ps" and "tx-internal-delay-ps"
[    5.235238] clk: Disabling unused clocks
[    5.314094] EXT4-fs (mmcblk0p3): recovery complete
[    5.319828] EXT4-fs (mmcblk0p3): mounted filesystem 7998e1b8-8d1a-412f-8924-0a57aa6bfd99 r/w with ordered data mode. Quota mode: disabled.
[    5.331936] VFS: Mounted root (ext4 filesystem) on device 179:3.
[    5.338796] devtmpfs: mounted
[    5.342196] Freeing unused kernel memory: 1984K
[    5.346614] Run /sbin/init as init process
[    5.885302] systemd[1]: System time before build time, advancing clock.
[    5.965715] systemd[1]: systemd 255.13^ running in system mode (+PAM -AUDIT -SELINUX -APPARMOR +IMA -SMACK +SECCOMP -GCRYPT -GNUTLS -OPENSSL +ACL +BLKID -CURL -ELFUTILS -FIDO2 -IDN2 -IDN -IPTC +KMOD -LIBCRYPTSETUP +LIBFDISK -PCRE2 -PWQUALITY -P11KIT -QRENCODE -TPM2 -BZIP2 -LZ4 -XZ -ZLIB +ZSTD -BPF_FRAMEWORK +XKBCOMMON +UTMP +SYSVINIT default-hierarchy=unified)
[    5.997325] systemd[1]: Detected architecture arm64.

Welcome to Auto Linux BSP 44.0 (scarthgap)!

[    6.023658] systemd[1]: Hostname set to <s32g274ardb2>.
[    6.621415] systemd[1]: Queued start job for default target Multi-User System.
[    6.633753] systemd[1]: Created slice Slice /system/getty.
[  OK  ] Created slice Slice /system/getty.
[    6.654778] systemd[1]: Created slice Slice /system/modprobe.
[  OK  ] Created slice Slice /system/modprobe.
[    6.678819] systemd[1]: Created slice Slice /system/serial-getty.
[  OK  ] Created slice Slice /system/serial-getty.
[    6.702184] systemd[1]: Created slice User and Session Slice.
[  OK  ] Created slice User and Session Slice.
[    6.725685] systemd[1]: Started Dispatch Password Requests to Console Directory Watch.
[  OK  ] Started Dispatch Password Requests to Console Directory Watch.
[    6.753575] systemd[1]: Started Forward Password Requests to Wall Directory Watch.
[  OK  ] Started Forward Password Requests to Wall Directory Watch.
[    6.777578] systemd[1]: Reached target Path Units.
[  OK  ] Reached target Path Units.
[    6.797369] systemd[1]: Reached target Remote File Systems.
[  OK  ] Reached target Remote File Systems.
[    6.817355] systemd[1]: Reached target Slice Units.
[  OK  ] Reached target Slice Units.
[    6.837383] systemd[1]: Reached target Swaps.
[  OK  ] Reached target Swaps.
[    6.894161] systemd[1]: Listening on RPCbind Server Activation Socket.
[  OK  ] Listening on RPCbind Server Activation Socket.
[    6.921603] systemd[1]: Reached target RPC Port Mapper.
[  OK  ] Reached target RPC Port Mapper.
[    6.942144] systemd[1]: Listening on Syslog Socket.
[  OK  ] Listening on Syslog Socket.
[    6.961759] systemd[1]: Listening on initctl Compatibility Named Pipe.
[  OK  ] Listening on initctl Compatibility Named Pipe.
[    6.992145] systemd[1]: Journal Audit Socket was skipped because of an unmet condition check (ConditionSecurity=audit).
[    7.003290] systemd[1]: Listening on Journal Socket (/dev/log).
[  OK  ] Listening on Journal Socket (/dev/log).
[    7.026081] systemd[1]: Listening on Journal Socket.
[  OK  ] Listening on Journal Socket.
[    7.046371] systemd[1]: Listening on Network Service Netlink Socket.
[  OK  ] Listening on Network Service Netlink Socket.
[    7.082885] systemd[1]: Listening on udev Control Socket.
[  OK  ] Listening on udev Control Socket.
[    7.106079] systemd[1]: Listening on udev Kernel Socket.
[  OK  ] Listening on udev Kernel Socket.
[    7.126048] systemd[1]: Listening on User Database Manager Socket.
[  OK  ] Listening on User Database Manager Socket.
[    7.173495] systemd[1]: Mounting Huge Pages File System...
         Mounting Huge Pages File System...
[    7.193789] systemd[1]: POSIX Message Queue File System was skipped because of an unmet condition check (ConditionPathExists=/proc/sys/fs/mqueue).
[    7.209650] systemd[1]: Mounting Kernel Debug File System...
         Mounting Kernel Debug File System...
[    7.229785] systemd[1]: Kernel Trace File System was skipped because of an unmet condition check (ConditionPathExists=/sys/kernel/tracing).
[    7.242526] systemd[1]: Create List of Static Device Nodes was skipped because of an unmet condition check (ConditionFileNotEmpty=/lib/modules/6.6.85-rt53-g6208e1d0d7b5/modules.devname).
[    7.262518] systemd[1]: Starting Load Kernel Module configfs...
         Starting Load Kernel Module configfs...
[    7.288914] systemd[1]: Starting Load Kernel Module drm...
         Starting Load Kernel Module drm...
[    7.313107] systemd[1]: Starting Load Kernel Module fuse...
         Starting Load Kernel Module fuse...
[    7.343532] systemd[1]: Starting RPC Bind...
         Starting RPC Bind...
[    7.361775] systemd[1]: File System Check on Root Device was skipped because of an unmet condition check (ConditionPathIsReadWrite=!/).
[    7.380858] systemd[1]: Starting Journal Service...
         Starting Journal Service...
[    7.409132] systemd[1]: Starting Load Kernel Modules...
         Starting Load Kernel Modules...
[    7.436966] systemd[1]: Starting Generate network units from Kernel command line...
         Starting Generate network units from Kernel command line...
[    7.466655] sja1110: loading out-of-tree module taints kernel.
[    7.472776] SPI driver sja1110 has no spi_device_id for nxp,sja1110-switch
[    7.479653] SPI driver sja1110 has no spi_device_id for nxp,sja1110-uc
[    7.488145] systemd[1]: Starting Remount Root and Kernel File Systems...
         Starting Remount Root and Kernel File Systems...
[    7.505947] systemd-journald[124]: Collecting audit messages is disabled.
[    7.517342] systemd[1]: Starting Create Static Device Nodes in /dev gracefully...
         Starting Create Static Device Nodes in /dev gracefully...
[    7.541919] EXT4-fs (mmcblk0p3): re-mounted 7998e1b8-8d1a-412f-8924-0a57aa6bfd99 r/w. Quota mode: disabled.
[    7.578100] systemd[1]: Starting Coldplug All udev Devices...
         Starting Coldplug All udev Devices...
[    7.603173] systemd[1]: Started RPC Bind.
[  OK  ] Started RPC Bind.
[    7.622227] systemd[1]: Mounted Huge Pages File System.
[  OK  ] Mounted Huge Pages File System.
[    7.641954] systemd[1]: Started Journal Service.
[  OK  ] Started Journal Service.
[  OK  ] Mounted Kernel Debug File System.
[  OK  ] Finished Load Kernel Module configfs.
[  OK  ] Finished Load Kernel Module drm.
[  OK  ] Finished Load Kernel Module fuse.
[  OK  ] Finished Load Kernel Modules.
[  OK  ] Finished Generate network units from Kernel command line.
[  OK  ] Finished Remount Root and Kernel File Systems.
[  OK  ] Finished Create Static Device Nodes in /dev gracefully.
         Mounting FUSE Control File System...
         Mounting Kernel Configuration File System...
         Starting Flush Journal to Persistent Storage...
         Starting Apply Kernel Variables...
         Starting     7.947916] systemd-journald[124]: Received client request to flush runtime journal.
1;39mCreate Static Device Nodes in /dev...
[  OK  ] Mounted FUSE Control File System.
[  OK  ] Mounted Kernel Configuration File System.
[  OK  ] Finished Flush Journal to Persistent Storage.
[  OK  ] Finished Apply Kernel Variables.
[  OK  ] Finished Create Static Device Nodes in /dev.
[  OK  ] Reached target Preparation for Local File Systems.
         Mounting /tmp...
         Mounting /var/volatile...
         Starting Rule-based Manager for Device Events and Files...
[  OK  ] Finished Coldplug All udev Devices.
[  OK  ] Mounted /tmp.
[  OK  ] Mounted /var/volatile.
         Mounting /var/volatile/tmp...
         Starting Load/Save OS Random Seed...
[  OK  ] Mounted /var/volatile/tmp.
[  OK  ] Reached target Local File Systems.
         Starting Create System Files and Directories...
[  OK  ] Started Rule-based Manager for Device Events and Files.
[  OK  ] Finished Create System Files and Directories.
[    8.537853] s32cc-dwmac 4033c000.ethernet end0: renamed from eth0
         Starting Network Name Resolution...
         Starting Network Time Synchronization...
         Starting Record System Boot/Shutdown in UTMP...
         Starting User Database Manager...
[  OK  ] Finished Record System Boot/Shutdown in UTMP.
[    9.159988] pfeng 46000000.pfe: PFEng ethernet driver loading ...
[    9.165742] pfeng 46000000.pfe: Version: 1.9.0
[    9.174728] pfeng 46000000.pfe: Driver commit hash: M4_DRIVER_COMMIT_HASH
[    9.181162] pfeng 46000000.pfe: Multi instance support: disabled (standalone)
[    9.188256] pfeng 46000000.pfe: Compiled by: 13.3.0
[    9.194709] pfeng 46000000.pfe: Cbus addr 0x46000000 size 0x1000000
[    9.200728] pfeng 46000000.pfe: nxp,fw-class-name: s32g_pfe_class.fw
[    9.207562] pfeng 46000000.pfe: nxp,fw-util-name: s32g_pfe_util.fw
[    9.221552] pfeng 46000000.pfe: netif name: pfe0
[ [    9.229265] pfeng 46000000.pfe: DT mac addr: 00:04:9f:be:ef:00
 OK  ] Started User Database Manager.
[    9.240970] pfeng 46000000.pfe: netif(pfe0) linked phyif: 0
[    9.246250] pfeng 46000000.pfe: netif(pfe0) mode: std
[    9.251373] pfeng 46000000.pfe: netif(pfe0) HIFs: count 1 map 01
[    9.257252] pfeng 46000000.pfe: EMAC0 interface mode: 4
[    9.263165] pfeng 46000000.pfe: netif name: pfe1
[    9.267453] pfeng 46000000.pfe: DT mac addr: 00:04:9f:be:ef:01
[    9.273289] pfeng 46000000.pfe: netif(pfe1) linked phyif: 1
[    9.278840] pfeng 46000000.pfe: netif(pfe1) mode: std
[    9.278999] pfeng 46000000.pfe: netif(pfe1) HIFs: count 1 map 02
[    9.279019] pfeng 46000000.pfe: EMAC1 interface mode: 4
[    9.279234] pfeng 46000000.pfe: netif name: pfe2
[    9.279244] pfeng 46000000.pfe: DT mac addr: 00:04:9f:be:ef:02
[    9.279258] pfeng 46000000.pfe: netif(pfe2) linked phyif: 2
[    9.279266] pfeng 46000000.pfe: netif(pfe2) mode: std
[    9.279334] pfeng 46000000.pfe: netif(pfe2) HIFs: count 1 map 04
[    9.279351] pfeng 46000000.pfe: EMAC2 interface mode: 10
[    9.279377] pfeng 46000000.pfe: HIF channels mask: 0x0007
 [    9.279439] pfeng 46000000.pfe: PFE port coherency enabled, mask 0x1e
 [    9.279710] pfeng 46000000.pfe: Clocks: sys=300MHz pe=600MHz
 [    9.284516] pfeng 46000000.pfe: Interface selected: EMAC0: 0x4 EMAC1: 0x4 EMAC2: 0xa
 [    9.284711] pfeng 46000000.pfe: PFE controller reset done
 [    9.284794] pfeng 46000000.pfe: TX clock on EMAC0 for interface sgmii installed
 [    9.284839] pfeng 46000000.pfe: RX clock on EMAC0 for interface sgmii installed
 [    9.284889] pfeng 46000000.pfe: TX clock on EMAC1 for interface sgmii installed
 [    9.284929] pfeng 46000000.pfe: RX clock on EMAC1 for interface sgmii installed
 [    9.284987] pfeng 46000000.pfe: TX clock on EMAC2 for interface rgmii-id installed
S[    9.285027] pfeng 46000000.pfe: RX clock on EMAC2 for interface rgmii-id installed
t[    9.285316] pfeng 46000000.pfe: assigned reserved memory node pfebufs@34000000
a[    9.285393] pfeng 46000000.pfe: assigned reserved memory node pfebufs@34080000
r[    9.285472] pfeng 46000000.pfe: assigned reserved memory node pfebufs@83200000
t[    9.285515] pfeng 46000000.pfe: assigned reserved memory node pfebufs@835e0000
i[    9.305455] pfeng 46000000.pfe: Firmware: CLASS s32g_pfe_class.fw [45724 bytes]
n[    9.305479] pfeng 46000000.pfe: Firmware: UTIL s32g_pfe_util.fw [23352 bytes]
g[    9.305517] pfeng 46000000.pfe: PFE CBUS p0x46000000 mapped @ v0xffffffc082000000 (0x1000000 bytes)
 [    9.305531] pfeng 46000000.pfe: Silicon S32G2
 pfeng 46000000.pfe: PFE_ERRORS:Parity instance created
[[    9.306650] pfeng 46000000.pfe: PFE_ERRORS:Watchdog instance created
0[    9.306660] pfeng 46000000.pfe: BMU1 buffer base: p0xc0000000
;[    9.306765] pfeng 46000000.pfe: BMU2 buffer base: p0x34000000 (0x80000 bytes)
1[    9.308080] pfeng 46000000.pfe: register IRQ 67 by name 'PFE BMU IRQ'
;[    9.313662] pfeng 46000000.pfe: Firmware .elf detected
3[    9.313674] pfeng 46000000.pfe: Uploading CLASS firmware
9[    9.313683] pfeng 46000000.pfe: Selected FW loading OPs to load 8 PEs in parallel
m[    9.314241] pfeng 46000000.pfe: BMU_EMPTY_INT (BMU @ p0x(____ptrval____)). Pool ready.
V[    9.314259] pfeng 46000000.pfe: BMU_EMPTY_INT (BMU @ p0x(____ptrval____)). Pool ready.
i[    9.337014] pfeng 46000000.pfe: pfe_ct.h file version"92367c0e25f21f49217a9b08168ad2c8"
rtual Console Setup...
[    9.567064] pfeng 46000000.pfe: [FW VERSION] 1.11.0, Build: Apr  8 2025, 21:02:36 (nogitaaa), ID: 0x31454650
[    9.576849] pfeng 46000000.pfe: EMAC timestamp external mode bitmap: 0
[    9.583088] pfeng 46000000.pfe: Uploading UTIL firmware
[    9.588468] pfeng 46000000.pfe: Selected FW loading OPs to load 1 PEs in parallel
[    9.598249] pfeng 46000000.pfe: pfe_ct.h file version"92367c0e25f21f49217a9b08168ad2c8"
[    9.608490] pfeng 46000000.pfe: FW feature: drv_run_on_g3
[    9.613537] pfeng 46000000.pfe: FW feature: jumbo_frames
[    9.618832] pfeng 46000000.pfe: FW feature: ptp_qos_mapping
[    9.624374] pfeng 46000000.pfe: FW feature: software_vlan_table
[    9.630294] pfeng 46000000.pfe: FW feature: timestamping
[    9.635560] pfeng 46000000.pfe: FW feature: qos_mapping
[    9.640755] pfeng 46000000.pfe: FW feature: core_functionality
[    9.646640] pfeng 46000000.pfe: FW feature: extended_features
[    9.652532] pfeng 46000000.pfe: FW feature: flexible_router
[    9.658973] pfeng 46000000.pfe: FW feature: validate_hif_csum
[    9.665425] pfeng 46000000.pfe: FW feature: err051211_workaround
[    9.671183] pfeng 46000000.pfe: FW feature: IPsec
[    9.675736] pfeng 46000000.pfe: FW feature: l2_bridge_aging
[  OK[    9.681320] pfeng 46000000.pfe: FW feature: receive_malformed
 [    9.681337] pfeng 46000000.pfe: FW feature: ptp_conf_check
 [    9.681344] pfeng 46000000.pfe: FW feature: vlan_conf_check
 pfeng 46000000.pfe: FW feature: hash_load_spread
[[    9.681356] pfeng 46000000.pfe: FW feature: ingress_vlan
0[    9.681362] pfeng 46000000.pfe: FW feature: safety
m[    9.683797] pfeng 46000000.pfe: VLAN ID incorrect or not set. Using default VLAN ID = 0x01.
] [    9.723796] pfeng 46000000.pfe: VLAN stats size incorrect or not set. Using default VLAN stats size = 20.
St[    9.723915] pfeng 46000000.pfe: Software vlan hash table @ p0x20001288
arte[    9.740359] pfeng 46000000.pfe: Fall-back bridge domain @ 0x20000a8c (class)
d [    9.747602] pfeng 46000000.pfe: Default bridge domain @ 0x20000a84 (class)
[    9.755240] pfeng 46000000.pfe: Routing table created, Hash Table @ p0x34080000, Pool @ p0x34088000 (65536 bytes)
Netwo[    9.765900] pfeng 46000000.pfe: Feature err051211_workaround: DISABLED
rk Time Synchronization.
[    9.777143] pfeng 46000000.pfe: HIF0 enabled
[    9.781489] pfeng 46000000.pfe: HIF1 enabled
[    9.785774] pfeng 46000000.pfe: HIF2 enabled
[    9.789667] pfeng 46000000.pfe: HIF3 not configured, skipped
[    9.795286] pfeng 46000000.pfe: MDIO bus 0 disabled: Not found in DT
[    9.801649] pfeng 46000000.pfe: MDIO bus 1 disabled: Not found in DT
[    9.816870] pfeng 46000000.pfe: MDIO bus 2 enabled
[    9.817510] sja1105 spi5.1: Probed switch chip: SJA1110A
[    9.821377] pfeng 46000000.pfe pfe0 (uninitialized): fixed link full duplex 2500Mbps not recognised
[    9.826601] sja1105 spi5.1: Port 2 interpreting RGMII delay settings based on "phy-mode" property, please update device tree to specify "rx-internal-delay-ps" and "tx-internal-delay-ps"
[    9.835651] phy-s32cc-serdes 44180000.serdes: Unstable RX detected on XPCS0
[    9.852229] sja1105 spi5.1: Port 3 interpreting RGMII delay settings based on "phy-mode" property, please update device tree to specify "rx-internal-delay-ps" and "tx-internal-delay-ps"
[    9.859035] pfeng 46000000.pfe pfe0 (uninitialized): Subscribe to HIF0
[    9.882034] pfeng 46000000.pfe pfe0 (uninitialized): Host LLTX disabled
[    9.882231] pfeng 46000000.pfe pfe0 (uninitialized): Enable HIF0
[    9.894613] pfeng 46000000.pfe pfe0 (uninitialized): setting MAC addr: 00:04:9f:be:ef:00
[[    9.902695] pfeng 46000000.pfe pfe0 (uninitialized): PTP HW addend 0x80000000, max_adj configured to 46566128 ppb
    9.913150] pfeng 46000000.pfe: IEEE1588: Input Clock: 200000000Hz, Output: 100000000Hz, Accuracy: 10.0ns
0;[    9.913745] pfeng 46000000.pfe pfe0 (uninitialized): Registered PTP HW clock successfully on EMAC0
32m  OK  [    9.932933] pfeng 46000000.pfe pfe0: registered
] S[    9.937736] phy-s32cc-serdes 44180000.serdes: Unstable RX detected on XPCS1
ta[    9.944854] pfeng 46000000.pfe pfe1 (uninitialized): Subscribe to HIF1
rt[    9.951519] pfeng 46000000.pfe pfe1 (uninitialized): Host LLTX disabled
ed [    9.958448] pfeng 46000000.pfe pfe1 (uninitialized): Enable HIF1
    9.964541] pfeng 46000000.pfe pfe1 (uninitialized): setting MAC addr: 00:04:9f:be:ef:01
0;[    9.972800] pfeng 46000000.pfe pfe1 (uninitialized): PTP HW addend 0x80000000, max_adj configured to 46566128 ppb
1;[    9.983234] pfeng 46000000.pfe: IEEE1588: Input Clock: 200000000Hz, Output: 100000000Hz, Accuracy: 10.0ns
39mNetwork[    9.993659] pfeng 46000000.pfe pfe1 (uninitialized): Registered PTP HW clock successfully on EMAC1
 Name Resol[   10.003551] pfeng 46000000.pfe pfe1: registered
ut[   10.008258] pfeng 46000000.pfe pfe2 (uninitialized): Subscribe to HIF2
io[   10.014888] pfeng 46000000.pfe pfe2 (uninitialized): Host LLTX disabled
n   10.021815] pfeng 46000000.pfe pfe2 (uninitialized): Enable HIF2
m.[   10.027984] pfeng 46000000.pfe pfe2 (uninitialized): setting MAC addr: 00:04:9f:be:ef:02
[   10.036239] pfeng 46000000.pfe pfe2 (uninitialized): PTP HW addend 0x80000000, max_adj configured to 46566128 ppb

[[   10.046641] pfeng 46000000.pfe: IEEE1588: Input Clock: 200000000Hz, Output: 100000000Hz, Accuracy: 10.0ns
  O[   10.057074] pfeng 46000000.pfe pfe2 (uninitialized): Registered PTP HW clock successfully on EMAC2
K  ] Re[   10.067025] pfeng 46000000.pfe pfe2: registered
ached target Host and Network Name Lookups.
[  OK  ] Reached target System Time Set.
[   10.082514] sja1105 spi5.1: Probed switch chip: SJA1110A
[   10.093179] sja1105 spi5.1: Port 2 interpreting RGMII delay settings based on "phy-mode" property, please update device tree to specify "rx-internal-delay-ps" and "tx-internal-delay-ps"
[   10.124482] sja1105 spi5.1: Port 3 interpreting RGMII delay settings based on "phy-mode" property, please update device tree to specify "rx-internal-delay-ps" and "tx-internal-delay-ps"
[  OK  ] Finished Virtual Console Setup.
[  OK  ] Reached target System Initialization.
[  OK  ] Started Daily rotation of log files.
[  OK  ] Started Daily Cleanup of Temporary Directories.
[  OK  ] Reached target Timer Units.
[  OK  ] Listening on D-Bus System Message Bus Socket.
         Starting sshd.socket...
[  OK  ] Listening on sshd.socket.
[  OK  ] Created slice Slice /system/systemd-fsck.
         Expecting[   10.394837] sja1105 spi5.1: configuring for fixed/2500base-x link mode
[   10.404737] sja1105 spi5.1: Link is Up - 2.5Gbps/Full - flow control off

[  OK  ] Reached target Socket Units.
[  OK  ] Reached target Basic System.
[   10.461591] sja1105 spi5.1 p1 (uninitialized): PHY [spi5.1-base-tx:01] driver [NXP CBTX (SJA1110)] (irq=POLL)
[  OK  ] Started [   10.480486] sja1105 spi5.1 trx5 (uninitialized): PHY [spi5.1-base-t1:01] driver [Generic Clause 45 PHY] (irq=POLL)
Job spooling tool[   10.493113] sja1105 spi5.1 trx6 (uninitialized): PHY [spi5.1-base-t1:02] driver [Generic Clause 45 PHY] (irq=POLL)
s.
[   10.507465] sja1105 spi5.1 trx7 (uninitialized): PHY [spi5.1-base-t1:03] driver [Generic Clause 45 PHY] (irq=POLL)
[  OK  ] Started Periodic Command[   10.522017] sja1105 spi5.1 trx8 (uninitialized): PHY [spi5.1-base-t1:04] driver [Generic Clause 45 PHY] (irq=POLL)
 Scheduler.
[   10.537059] sja1105 spi5.1 trx9 (uninitialized): PHY [spi5.1-base-t1:05] driver [Generic Clause 45 PHY] (irq=POLL)
         Starting    10.551193] sja1105 spi5.1 trx10 (uninitialized): PHY [spi5.1-base-t1:06] driver [Generic Clause 45 PHY] (irq=POLL)
mD-Bus System Message [   10.563565] DSA: tree 0 setup
Bus...
         Starting IPv6 Packet Filtering Framework...
         Starting IPv4 Packet Filtering Framework...
[  OK  ] Started irqbalance daemon.
[  OK  ] Started Hardware RNG Entropy Gatherer Daemon.
[  OK  ] Started System Logging Service.
         Starting Resets System Activity Logs...
         Starting User Login Management...
         Starting OpenSSH Key Generation...
[  OK  ] Finished IPv6 Packet Filtering Framework.
[  OK  ] Finished IPv4 Packet Filtering Framework.
[  OK  ] Finished Resets System Activity Logs.
[  OK  ] Found device /dev/mmcblk0p2.
[  OK  ] Started User Login Management.
[  OK  ] Reached target Preparation for Network.
         Starting File System Check on /dev/mmcblk0p2...
         Starting Network Configuration...
[  OK  ] Finished File System Check on /dev/mmcblk0p2.
         Mounting /run/media/boot_s32g2-mmcblk0p2...
[  OK  ] Mounted /run/media/boot_s32g2-mmcblk0p2.
[  OK  ] Started Network Configuration.
[  OK  ] Reached target Network.
[  OK  ] Started Netperf Benchmark Server.
         Starting Permit User Sessions...
[  OK  ] Started Xinetd A Powerful Replacement For Inetd.
[  OK  ] Finished Permit User Sessions.
[  OK  ] Started Getty on tty1.
[  OK  ] Started Serial Getty on ttyLF0.
[  OK  ] Reached target Login Prompts.
[  OK  ] Finished Load/Save OS Random Seed.
[  OK  ] Finished OpenSSH Key Generation.
[  OK  ] Started D-Bus System Message Bus.
[  OK  ] Reached target Multi-User System.
         Starting Record Runlevel Change in UTMP...
[  OK  ] Finished Record Runlevel Change in UTMP.

Auto Linux BSP 44.0 s32g274ardb2 ttyLF0

s32g274ardb2 login: root
root@s32g274ardb2:~# #!/bin/bash
root@s32g274ardb2:~#
root@s32g274ardb2:~# # --- 1. 네트워크 초기화 ---
root@s32g274ardb2:~# echo "### 1. 리눅스 네트워크 설정을 초기화합니다..."
### 1. 리눅스 네트워크 설정을 초기화합니다...
root@s32g274ardb2:~# ip link set end0 down 2>/dev/null && ip addr flush dev end0
sleep 1

# --- 2. PFE 하드웨어 브릿지 설정 ---
echo "### 2. libfci_cli로 PFE 하드웨어 브릿지를 설정합니다..."
# PFE의 EMAC 포트들을 VLAN 브릿지 모드로 설정합니다.
# GoldBox의 p2, p3 포트는 스위치를 거쳐 PFE_EMAC_0에 연결됩니다.
libfci_cli phyif-update --interface=emac0 --mode=VLAN_BRIDGE

# 모든 포트가 서로 통신할 수 있도록 기본 VLAN(VLAN 1)의 정책을 FLOOD(전체 전파)로 설정합니다.
libfci_cli bd-update --vlan=1 --ucast-miss=FLOOD --mcast-miss=FLOOD
echo "-> 하드웨어 브릿지 설정 완료."

# --- 3. 하드웨어 미러링(복제) 설정 ---
echo "### 3. 하드웨어 포트 미러링을 설정합니다 (emac0 -> emac2)..."
# 'cb_mirror_rule'이라는 이름의 미러링 규칙 생성 (복제된 패킷이 나갈 목적지는 emac2)
libfci_cli mirror-add --mirr=cb_mirror_rule --interface=emac2

# emac0 포트로 들어오는(rx) 모든 트래픽에 위에서 만든 미러링 규칙을 적용
libfci_cli phyif-update --interface=emac0 --rxmirr0=cb_mirror_rule
echo "-> 미러링 설정 완료."


# --- 4. 리눅스 인터페이스 활성화 ---
echo "### 4. 리눅스 인터페이스를 활성화합니다 (IP 설정 없음)..."
ip link set pfe0 up
ip link set p2 up
ip link set p3 up

echo ""
echo "### 모든 설정이 완료되었습니다. ###"
echo "### 노트북에서 Wireshark를 실행하고, 한쪽 랜카드에서 다른 쪽으로 ping을 보내세요. ###"root@s32g274ardb2:~# ip link set pfe0 down 2>/dev/null && ip addr flush dev pfe0
root@s32g274ardb2:~# ip link set p2 down 2>/dev/null && ip addr flush dev p2
root@s32g274ardb2:~# ip link set p3 down 2>/dev/null && ip addr flush dev p3
root@s32g274ardb2:~# # 기존 미러링 규칙 삭제 (오류가 나도 정상)
root@s32g274ardb2:~# libfci_cli mirror-del --mirr=cb_mirror_rule 2>/dev/null || true
DISCLAIMER: This is a DEMO application. It is not part of the production code deliverables.
ERROR (61746): demo_mirror_del() failed!
ERROR (61746): FPP_ERR_MIRROR_NOT_FOUND
Requested mirroring rule not found.
Is the rule name correct?
root@s32g274ardb2:~# echo "-> 초기화 완료."
-> 초기화 완료.
root@s32g274ardb2:~# sleep 1
root@s32g274ardb2:~#
root@s32g274ardb2:~# # --- 2. PFE 하드웨어 브릿지 설정 ---
root@s32g274ardb2:~# echo "### 2. libfci_cli로 PFE 하드웨어 브릿지를 설정합니다..."
### 2. libfci_cli로 PFE 하드웨어 브릿지를 설정합니다...
root@s32g274ardb2:~# # PFE의 EMAC 포트들을 VLAN 브릿지 모드로 설정합니다.
root@s32g274ardb2:~# # GoldBox의 p2, p3 포트는 스위치를 거쳐 PFE_EMAC_0에 연결됩니다.
root@s32g274ardb2:~# libfci_cli phyif-update --interface=emac0 --mode=VLAN_BRIDGE
DISCLAIMER: This is a DEMO application. It is not part of the production code deliverables.
Command successfully executed.
root@s32g274ardb2:~#
전파)로 설정합니다.# # 모든 포트가 서로 통신할 수 있도록 기본 VLAN(VLAN 1)의 정책을 FLOOD(전체 �
root@s32g274ardb2:~# libfci_cli bd-update --vlan=1 --ucast-miss=FLOOD --mcast-miss=FLOOD
DISCLAIMER: This is a DEMO application. It is not part of the production code deliverables.
Command successfully executed.
root@s32g274ardb2:~# echo "-> 하드웨어 브릿지 설정 완료."
-> 하드웨어 브릿지 설정 완료.
root@s32g274ardb2:~#
root@s32g274ardb2:~# # --- 3. 하드웨어 미러링(복제) 설정 ---
root@s32g274ardb2:~# echo "### 3. 하드웨어 포트 미러링을 설정합니다 (emac0 -> emac2)..."
### 3. 하드웨어 포트 미러링을 설정합니다 (emac0 -> emac2)...
지는 emac2)4ardb2:~# # 'cb_mirror_rule'이라는 이름의 미러링 규칙 생성 (복제된 패킷이 나갈 목적�
root@s32g274ardb2:~# libfci_cli mirror-add --mirr=cb_mirror_rule --interface=emac2
DISCLAIMER: This is a DEMO application. It is not part of the production code deliverables.
Command successfully executed.
root@s32g274ardb2:~#
��@s32g274ardb2:~# # emac0 포트로 들어오는(rx) 모든 트래픽에 위에서 만든 미러링 규칙을 적��
root@s32g274ardb2:~# libfci_cli phyif-update --interface=emac0 --rxmirr0=cb_mirror_rule
DISCLAIMER: This is a DEMO application. It is not part of the production code deliverables.
Command successfully executed.
root@s32g274ardb2:~# echo "-> 미러링 설정 완료."
-> 미러링 설정 완료.
root@s32g274ardb2:~#
root@s32g274ardb2:~#
root@s32g274ardb2:~# # --- 4. 리눅스 인터페이스 활성화 ---
root@s32g274ardb2:~# echo "### 4. 리눅스 인터페이스를 활성화합니다 (IP 설정 없음)..."
### 4. 리눅스 인터페이스를 활성화합니다 (IP 설정 없음)...
root@s32g274ardb2:~# ip link set pfe0 up
root@s32g274ardb2:~# ip link set p2 up
root@s32g274ardb2:~# ip link set p3 up
root@s32g274ardb2:~#
root@s32g274ardb2:~# echo ""

root@s32g274ardb2:~# echo "### 모든 설정이 완료되었습니다. ###"
### 모든 설정이 완료되었습니다. ###
g을 보내세요. ###"~# echo "### 노트북에서 Wireshark를 실행하고, 한쪽 랜카드에서 다른 쪽으로 ping
### 노트북에서 Wireshark를 실행하고, 한쪽 랜카드에서 다른 쪽으로 ping을 보내세요. ###
root@s32g274ardb2:~#
root@s32g274ardb2:~# ^C
root@s32g274ardb2:~#
root@s32g274ardb2:~#
root@s32g274ardb2:~# #!/bin/bash
root@s32g274ardb2:~#
root@s32g274ardb2:~# # --- 1. 기존 미러링 규칙 삭제 (오류 무시) ---
root@s32g274ardb2:~# echo "### 1. 기존 미러링 규칙을 삭제합니다..."
### 1. 기존 미러링 규칙을 삭제합니다...
root@s32g274ardb2:~# libfci_cli mirror-del --mirr=cb_mirror_rule 2>/dev/null || true
DISCLAIMER: This is a DEMO application. It is not part of the production code deliverables.
ERROR (61747): demo_mirror_del() failed!
ERROR (61747): FPP_ERR_MIRROR_CURRENTLY_UTILIZED
Requested mirroring rule cannot be deleted right now, because it is currently utilized by some other PFE feature.
Check physical interfaces. Some interface is probably using this rule.
# --- 2. 하드웨어 미러링(복제) 설정 ---
echo "### 2. PFE 하드웨어를 직접 제어하여 미러링을 설정합니다..."

# 'cb_mirror_rule' 이라는 이름의 미러링 규칙을 생성합니다.
# 복제된 패킷이 나갈 목적지는 P2B 포트와 연결된 emac0 입니다.
libfci_cli mirror-add --mirr=cb_mirror_rule --interface=emac0

root@s32g274ardb2:~# echo "-> 삭제 완료."
-> 삭제 완료.
root@s32g274ardb2:~# sleep 1
# P2A 포트와 연결된 emac0로 들어오는(rx) 모든 트래픽에 cb_mirror_rule을 적용합니다.
libfci_cli phyif-update --interface=emac0 --rxmirr0=cb_mirror_rule

echo "### 모든 설정이 완료되었습니다. ###"
echo "### 이제 노트북에서 Wireshark를 실행하고, 첫 번째 랜카드에서 외부로 ping을 보내세요. ###"root@s32g274ardb2:~#
root@s32g274ardb2:~# # --- 2. 하드웨어 미러링(복제) 설정 ---
root@s32g274ardb2:~# echo "### 2. PFE 하드웨어를 직접 제어하여 미러링을 설정합니다..."
### 2. PFE 하드웨어를 직접 제어하여 미러링을 설정합니다...
root@s32g274ardb2:~#
root@s32g274ardb2:~# # 'cb_mirror_rule' 이라는 이름의 미러링 규칙을 생성합니다.
root@s32g274ardb2:~# # 복제된 패킷이 나갈 목적지는 P2B 포트와 연결된 emac0 입니다.
root@s32g274ardb2:~# libfci_cli mirror-add --mirr=cb_mirror_rule --interface=emac0
DISCLAIMER: This is a DEMO application. It is not part of the production code deliverables.
ERROR (61745): demo_mirror_add() failed!
ERROR (61745): FPP_ERR_MIRROR_ALREADY_REGISTERED
Requested mirroring rule is already registered.
root@s32g274ardb2:~#
합니다.2g274ardb2:~# # P2A 포트와 연결된 emac0로 들어오는(rx) 모든 트래픽에 cb_mirror_rule을 적용�
root@s32g274ardb2:~# libfci_cli phyif-update --interface=emac0 --rxmirr0=cb_mirror_rule
DISCLAIMER: This is a DEMO application. It is not part of the production code deliverables.
Command successfully executed.
root@s32g274ardb2:~#
root@s32g274ardb2:~# echo "### 모든 설정이 완료되었습니다. ###"
### 모든 설정이 완료되었습니다. ###
 ping을 보내세요. ###"cho "### 이제 노트북에서 Wireshark를 실행하고, 첫 번째 랜카드에서 외부로
### 이제 노트북에서 Wireshark를 실행하고, 첫 번째 랜카드에서 외부로 ping을 보내세요. ###
root@s32g274ardb2:~#
root@s32g274ardb2:~#
root@s32g274ardb2:~#
root@s32g274ardb2:~# ping -c 4 192.168.100.1
ping: connect: Network is unreachable
root@s32g274ardb2:~# ping -c 4 192.168.100.1
ping: connect: Network is unreachable
root@s32g274ardb2:~# ping 192.168.100.2
ping: connect: Network is unreachable
root@s32g274ardb2:~#
root@s32g274ardb2:~#
root@s32g274ardb2:~# #!/bin/bash
root@s32g274ardb2:~#
root@s32g274ardb2:~# # --- 1. 네트워크 완전 초기화 ---
root@s32g274ardb2:~# echo "### 1. 모든 네트워크 설정을 초기화합니다..."
### 1. 모든 네트워크 설정을 초기화합니다...
root@s32g274ardb2:~# ip link set end0 down 2>/dev/null
root@s32g274ardb2:~# ip link set pfe0 down 2>/dev/null
root@s32g274ardb2:~# ip link set p2 down 2>/dev/null && ip addr flush dev p2

# --- 2. 테스트 환경 구성 ---
echo "### 2. p2(통신용), p3(복제 감시용) 포트를 설정합니다..."
ip link set pfe0 up
# 통신 기준 포트인 p2에만 IP를 할당합니다.
root@s32g274ardb2:~# ip link set p3 down 2>/dev/null && ip addr flush dev p3
root@s32g274ardb2:~# sleep 1
ip addr add 192.168.100.101/24 dev p2
ip link set p2 up
# 감시용 포트인 p3는 IP 없이 활성화만 합니다.
ip link set p3 up
echo "-> 네트워크 설정 완료."
sleep 2

# --- 3. 포트 미러링 설정 (Frame Replication) ---
echo "### 3. tc 필터를 이용해 p2 <-> p3 양방향 미러링을 설정합니다..."
tc qdisc add dev p2 ingress 2>/dev/null
tc qdisc add dev p3 ingress 2>/dev/null
# p2로 들어오는 모든 패킷을 p3로 복제
tc filter add dev p2 parent ffff: protocol all u32 match u32 0 0 action mirred egress mirror dev p3
# p3로 들어오는 모든 패킷을 p2로 복제
tc filter add dev p3 parent ffff: protocol all u32 match u32 0 0 action mirred egress mirror dev p2

echo "### 모든 설정이 완료되었습니다. ###"root@s32g274ardb2:~#
root@s32g274ardb2:~# # --- 2. 테스트 환경 구성 ---
root@s32g274ardb2:~# echo "### 2. p2(통신용), p3(복제 감시용) 포트를 설정합니다..."
### 2. p2(통신용), p3(복제 감시용) 포트를 설정합니다...
root@s32g274ardb2:~# ip link set pfe0 up
root@s32g274ardb2:~# # 통신 기준 포트인 p2에만 IP를 할당합니다.
root@s32g274ardb2:~# ip addr add 192.168.100.101/24 dev p2
root@s32g274ardb2:~# ip link set p2 up
root@s32g274ardb2:~# # 감시용 포트인 p3는 IP 없이 활성화만 합니다.
root@s32g274ardb2:~# ip link set p3 up
root@s32g274ardb2:~# echo "-> 네트워크 설정 완료."
-> 네트워크 설정 완료.
root@s32g274ardb2:~# sleep 2
root@s32g274ardb2:~#
root@s32g274ardb2:~# # --- 3. 포트 미러링 설정 (Frame Replication) ---
root@s32g274ardb2:~# echo "### 3. tc 필터를 이용해 p2 <-> p3 양방향 미러링을 설정합니다..."
### 3. tc 필터를 이용해 p2 <-> p3 양방향 미러링을 설정합니다...
root@s32g274ardb2:~# tc qdisc add dev p2 ingress 2>/dev/null
root@s32g274ardb2:~# tc qdisc add dev p3 ingress 2>/dev/null
root@s32g274ardb2:~# # p2로 들어오는 모든 패킷을 p3로 복제
root@s32g274ardb2:~# tc filter add dev p2 parent ffff: protocol all u32 match u32 0 0 action mirred egress mirror dev p3
root@s32g274ardb2:~# # p3로 들어오는 모든 패킷을 p2로 복제
root@s32g274ardb2:~# tc filter add dev p3 parent ffff: protocol all u32 match u32 0 0 action mirred egress mirror dev p2
root@s32g274ardb2:~#
root@s32g274ardb2:~# echo "### 모든 설정이 완료되었습니다. ###"
### 모든 설정이 완료되었습니다. ###
root@s32g274ardb2:~#
root@s32g274ardb2:~#
root@s32g274ardb2:~# # GoldBox에서 실행
root@s32g274ardb2:~# ping 192.168.100.1
PING 192.168.100.1 (192.168.100.1) 56(84) bytes of data.
From 192.168.100.101 icmp_seq=1 Destination Host Unreachable
ping: sendmsg: No route to host
From 192.168.100.101 icmp_seq=2 Destination Host Unreachable
From 192.168.100.101 icmp_seq=3 Destination Host Unreachable
From 192.168.100.101 icmp_seq=5 Destination Host Unreachable
From 192.168.100.101 icmp_seq=6 Destination Host Unreachable
From 192.168.100.101 icmp_seq=7 Destination Host Unreachable
From 192.168.100.101 icmp_seq=8 Destination Host Unreachable
ping: sendmsg: No route to host
From 192.168.100.101 icmp_seq=9 Destination Host Unreachable
From 192.168.100.101 icmp_seq=10 Destination Host Unreachable
From 192.168.100.101 icmp_seq=12 Destination Host Unreachable
From 192.168.100.101 icmp_seq=13 Destination Host Unreachable
From 192.168.100.101 icmp_seq=14 Destination Host Unreachable
From 192.168.100.101 icmp_seq=15 Destination Host Unreachable
ping: sendmsg: No route to host
From 192.168.100.101 icmp_seq=16 Destination Host Unreachable
From 192.168.100.101 icmp_seq=17 Destination Host Unreachable
From 192.168.100.101 icmp_seq=19 Destination Host Unreachable
From 192.168.100.101 icmp_seq=20 Destination Host Unreachable
From 192.168.100.101 icmp_seq=21 Destination Host Unreachable
From 192.168.100.101 icmp_seq=22 Destination Host Unreachable
ping: sendmsg: No route to host
From 192.168.100.101 icmp_seq=23 Destination Host Unreachable
From 192.168.100.101 icmp_seq=24 Destination Host Unreachable
From 192.168.100.101 icmp_seq=26 Destination Host Unreachable
From 192.168.100.101 icmp_seq=27 Destination Host Unreachable
From 192.168.100.101 icmp_seq=28 Destination Host Unreachable
From 192.168.100.101 icmp_seq=29 Destination Host Unreachable
ping: sendmsg: No route to host
From 192.168.100.101 icmp_seq=30 Destination Host Unreachable
From 192.168.100.101 icmp_seq=31 Destination Host Unreachable
From 192.168.100.101 icmp_seq=33 Destination Host Unreachable
From 192.168.100.101 icmp_seq=34 Destination Host Unreachable
From 192.168.100.101 icmp_seq=35 Destination Host Unreachable
From 192.168.100.101 icmp_seq=36 Destination Host Unreachable
ping: sendmsg: No route to host
From 192.168.100.101 icmp_seq=37 Destination Host Unreachable
From 192.168.100.101 icmp_seq=38 Destination Host Unreachable
From 192.168.100.101 icmp_seq=40 Destination Host Unreachable
From 192.168.100.101 icmp_seq=41 Destination Host Unreachable
From 192.168.100.101 icmp_seq=42 Destination Host Unreachable
From 192.168.100.101 icmp_seq=43 Destination Host Unreachable
ping: sendmsg: No route to host
From 192.168.100.101 icmp_seq=44 Destination Host Unreachable
From 192.168.100.101 icmp_seq=45 Destination Host Unreachable
From 192.168.100.101 icmp_seq=47 Destination Host Unreachable
From 192.168.100.101 icmp_seq=48 Destination Host Unreachable
From 192.168.100.101 icmp_seq=49 Destination Host Unreachable
From 192.168.100.101 icmp_seq=50 Destination Host Unreachable
ping: sendmsg: No route to host
From 192.168.100.101 icmp_seq=51 Destination Host Unreachable
From 192.168.100.101 icmp_seq=52 Destination Host Unreachable
From 192.168.100.101 icmp_seq=54 Destination Host Unreachable
From 192.168.100.101 icmp_seq=55 Destination Host Unreachable
From 192.168.100.101 icmp_seq=56 Destination Host Unreachable
From 192.168.100.101 icmp_seq=57 Destination Host Unreachable
ping: sendmsg: No route to host
From 192.168.100.101 icmp_seq=58 Destination Host Unreachable
From 192.168.100.101 icmp_seq=59 Destination Host Unreachable
From 192.168.100.101 icmp_seq=61 Destination Host Unreachable
From 192.168.100.101 icmp_seq=62 Destination Host Unreachable
From 192.168.100.101 icmp_seq=63 Destination Host Unreachable
From 192.168.100.101 icmp_seq=64 Destination Host Unreachable
ping: sendmsg: No route to host
From 192.168.100.101 icmp_seq=65 Destination Host Unreachable
From 192.168.100.101 icmp_seq=66 Destination Host Unreachable
From 192.168.100.101 icmp_seq=68 Destination Host Unreachable
ping: sendmsg: No route to host
From 192.168.100.101 icmp_seq=69 Destination Host Unreachable
From 192.168.100.101 icmp_seq=70 Destination Host Unreachable
From 192.168.100.101 icmp_seq=72 Destination Host Unreachable
From 192.168.100.101 icmp_seq=73 Destination Host Unreachable
From 192.168.100.101 icmp_seq=74 Destination Host Unreachable
From 192.168.100.101 icmp_seq=75 Destination Host Unreachable
ping: sendmsg: No route to host
From 192.168.100.101 icmp_seq=76 Destination Host Unreachable
From 192.168.100.101 icmp_seq=77 Destination Host Unreachable
From 192.168.100.101 icmp_seq=79 Destination Host Unreachable
From 192.168.100.101 icmp_seq=80 Destination Host Unreachable
From 192.168.100.101 icmp_seq=81 Destination Host Unreachable
From 192.168.100.101 icmp_seq=82 Destination Host Unreachable
ping: sendmsg: No route to host
From 192.168.100.101 icmp_seq=83 Destination Host Unreachable
From 192.168.100.101 icmp_seq=84 Destination Host Unreachable
From 192.168.100.101 icmp_seq=86 Destination Host Unreachable
ping: sendmsg: No route to host
From 192.168.100.101 icmp_seq=87 Destination Host Unreachable
From 192.168.100.101 icmp_seq=88 Destination Host Unreachable
From 192.168.100.101 icmp_seq=90 Destination Host Unreachable
From 192.168.100.101 icmp_seq=91 Destination Host Unreachable
From 192.168.100.101 icmp_seq=92 Destination Host Unreachable
From 192.168.100.101 icmp_seq=93 Destination Host Unreachable
ping: sendmsg: No route to host
From 192.168.100.101 icmp_seq=94 Destination Host Unreachable
From 192.168.100.101 icmp_seq=95 Destination Host Unreachable
From 192.168.100.101 icmp_seq=97 Destination Host Unreachable
From 192.168.100.101 icmp_seq=98 Destination Host Unreachable
From 192.168.100.101 icmp_seq=99 Destination Host Unreachable
From 192.168.100.101 icmp_seq=100 Destination Host Unreachable
ping: sendmsg: No route to host
From 192.168.100.101 icmp_seq=101 Destination Host Unreachable
From 192.168.100.101 icmp_seq=102 Destination Host Unreachable
From 192.168.100.101 icmp_seq=104 Destination Host Unreachable
From 192.168.100.101 icmp_seq=105 Destination Host Unreachable
From 192.168.100.101 icmp_seq=106 Destination Host Unreachable
From 192.168.100.101 icmp_seq=107 Destination Host Unreachable
ping: sendmsg: No route to host
From 192.168.100.101 icmp_seq=108 Destination Host Unreachable
From 192.168.100.101 icmp_seq=109 Destination Host Unreachable
From 192.168.100.101 icmp_seq=111 Destination Host Unreachable
From 192.168.100.101 icmp_seq=112 Destination Host Unreachable
From 192.168.100.101 icmp_seq=113 Destination Host Unreachable
From 192.168.100.101 icmp_seq=114 Destination Host Unreachable
From 192.168.100.101 icmp_seq=115 Destination Host Unreachable
From 192.168.100.101 icmp_seq=116 Destination Host Unreachable
From 192.168.100.101 icmp_seq=117 Destination Host Unreachable
ping: sendmsg: No route to host
From 192.168.100.101 icmp_seq=118 Destination Host Unreachable
From 192.168.100.101 icmp_seq=119 Destination Host Unreachable
From 192.168.100.101 icmp_seq=121 Destination Host Unreachable
ping: sendmsg: No route to host
From 192.168.100.101 icmp_seq=122 Destination Host Unreachable
From 192.168.100.101 icmp_seq=123 Destination Host Unreachable
From 192.168.100.101 icmp_seq=125 Destination Host Unreachable
From 192.168.100.101 icmp_seq=126 Destination Host Unreachable
From 192.168.100.101 icmp_seq=127 Destination Host Unreachable
From 192.168.100.101 icmp_seq=128 Destination Host Unreachable
ping: sendmsg: No route to host
From 192.168.100.101 icmp_seq=129 Destination Host Unreachable
From 192.168.100.101 icmp_seq=130 Destination Host Unreachable
From 192.168.100.101 icmp_seq=132 Destination Host Unreachable
From 192.168.100.101 icmp_seq=133 Destination Host Unreachable
From 192.168.100.101 icmp_seq=134 Destination Host Unreachable
From 192.168.100.101 icmp_seq=135 Destination Host Unreachable
ping: sendmsg: No route to host
From 192.168.100.101 icmp_seq=136 Destination Host Unreachable
From 192.168.100.101 icmp_seq=137 Destination Host Unreachable
From 192.168.100.101 icmp_seq=139 Destination Host Unreachable
From 192.168.100.101 icmp_seq=140 Destination Host Unreachable
From 192.168.100.101 icmp_seq=141 Destination Host Unreachable
From 192.168.100.101 icmp_seq=142 Destination Host Unreachable
ping: sendmsg: No route to host
From 192.168.100.101 icmp_seq=143 Destination Host Unreachable
From 192.168.100.101 icmp_seq=144 Destination Host Unreachable
From 192.168.100.101 icmp_seq=146 Destination Host Unreachable
From 192.168.100.101 icmp_seq=147 Destination Host Unreachable
From 192.168.100.101 icmp_seq=148 Destination Host Unreachable
From 192.168.100.101 icmp_seq=149 Destination Host Unreachable
ping: sendmsg: No route to host
From 192.168.100.101 icmp_seq=150 Destination Host Unreachable
From 192.168.100.101 icmp_seq=151 Destination Host Unreachable
From 192.168.100.101 icmp_seq=153 Destination Host Unreachable
From 192.168.100.101 icmp_seq=154 Destination Host Unreachable
From 192.168.100.101 icmp_seq=155 Destination Host Unreachable
From 192.168.100.101 icmp_seq=156 Destination Host Unreachable
ping: sendmsg: No route to host
From 192.168.100.101 icmp_seq=157 Destination Host Unreachable
From 192.168.100.101 icmp_seq=158 Destination Host Unreachable
From 192.168.100.101 icmp_seq=160 Destination Host Unreachable
From 192.168.100.101 icmp_seq=161 Destination Host Unreachable
From 192.168.100.101 icmp_seq=162 Destination Host Unreachable
From 192.168.100.101 icmp_seq=163 Destination Host Unreachable
ping: sendmsg: No route to host
From 192.168.100.101 icmp_seq=164 Destination Host Unreachable
From 192.168.100.101 icmp_seq=165 Destination Host Unreachable
From 192.168.100.101 icmp_seq=167 Destination Host Unreachable
From 192.168.100.101 icmp_seq=168 Destination Host Unreachable
From 192.168.100.101 icmp_seq=169 Destination Host Unreachable
From 192.168.100.101 icmp_seq=170 Destination Host Unreachable
ping: sendmsg: No route to host
From 192.168.100.101 icmp_seq=171 Destination Host Unreachable
From 192.168.100.101 icmp_seq=172 Destination Host Unreachable
From 192.168.100.101 icmp_seq=174 Destination Host Unreachable
ping: sendmsg: No route to host
From 192.168.100.101 icmp_seq=175 Destination Host Unreachable
From 192.168.100.101 icmp_seq=176 Destination Host Unreachable
From 192.168.100.101 icmp_seq=178 Destination Host Unreachable
ping: sendmsg: No route to host
From 192.168.100.101 icmp_seq=179 Destination Host Unreachable
From 192.168.100.101 icmp_seq=180 Destination Host Unreachable
From 192.168.100.101 icmp_seq=182 Destination Host Unreachable
From 192.168.100.101 icmp_seq=183 Destination Host Unreachable
From 192.168.100.101 icmp_seq=184 Destination Host Unreachable
From 192.168.100.101 icmp_seq=185 Destination Host Unreachable
ping: sendmsg: No route to host
From 192.168.100.101 icmp_seq=186 Destination Host Unreachable
From 192.168.100.101 icmp_seq=187 Destination Host Unreachable
From 192.168.100.101 icmp_seq=189 Destination Host Unreachable
From 192.168.100.101 icmp_seq=190 Destination Host Unreachable
From 192.168.100.101 icmp_seq=191 Destination Host Unreachable
From 192.168.100.101 icmp_seq=192 Destination Host Unreachable
ping: sendmsg: No route to host
From 192.168.100.101 icmp_seq=193 Destination Host Unreachable
From 192.168.100.101 icmp_seq=194 Destination Host Unreachable
From 192.168.100.101 icmp_seq=196 Destination Host Unreachable
From 192.168.100.101 icmp_seq=197 Destination Host Unreachable
From 192.168.100.101 icmp_seq=198 Destination Host Unreachable
From 192.168.100.101 icmp_seq=199 Destination Host Unreachable
ping: sendmsg: No route to host
From 192.168.100.101 icmp_seq=200 Destination Host Unreachable
From 192.168.100.101 icmp_seq=201 Destination Host Unreachable
From 192.168.100.101 icmp_seq=203 Destination Host Unreachable
ping: sendmsg: No route to host
From 192.168.100.101 icmp_seq=204 Destination Host Unreachable
From 192.168.100.101 icmp_seq=205 Destination Host Unreachable
From 192.168.100.101 icmp_seq=207 Destination Host Unreachable
From 192.168.100.101 icmp_seq=208 Destination Host Unreachable
From 192.168.100.101 icmp_seq=209 Destination Host Unreachable
From 192.168.100.101 icmp_seq=210 Destination Host Unreachable
ping: sendmsg: No route to host
From 192.168.100.101 icmp_seq=211 Destination Host Unreachable
From 192.168.100.101 icmp_seq=212 Destination Host Unreachable
From 192.168.100.101 icmp_seq=214 Destination Host Unreachable
From 192.168.100.101 icmp_seq=215 Destination Host Unreachable
From 192.168.100.101 icmp_seq=216 Destination Host Unreachable
From 192.168.100.101 icmp_seq=217 Destination Host Unreachable
ping: sendmsg: No route to host
From 192.168.100.101 icmp_seq=218 Destination Host Unreachable
From 192.168.100.101 icmp_seq=219 Destination Host Unreachable
From 192.168.100.101 icmp_seq=221 Destination Host Unreachable
From 192.168.100.101 icmp_seq=222 Destination Host Unreachable
From 192.168.100.101 icmp_seq=223 Destination Host Unreachable
From 192.168.100.101 icmp_seq=224 Destination Host Unreachable
From 192.168.100.101 icmp_seq=225 Destination Host Unreachable
From 192.168.100.101 icmp_seq=226 Destination Host Unreachable
From 192.168.100.101 icmp_seq=227 Destination Host Unreachable
ping: sendmsg: No route to host
From 192.168.100.101 icmp_seq=228 Destination Host Unreachable
From 192.168.100.101 icmp_seq=229 Destination Host Unreachable
From 192.168.100.101 icmp_seq=231 Destination Host Unreachable
ping: sendmsg: No route to host
From 192.168.100.101 icmp_seq=232 Destination Host Unreachable
From 192.168.100.101 icmp_seq=233 Destination Host Unreachable
From 192.168.100.101 icmp_seq=235 Destination Host Unreachable
From 192.168.100.101 icmp_seq=236 Destination Host Unreachable
From 192.168.100.101 icmp_seq=237 Destination Host Unreachable
From 192.168.100.101 icmp_seq=238 Destination Host Unreachable
ping: sendmsg: No route to host
From 192.168.100.101 icmp_seq=239 Destination Host Unreachable
From 192.168.100.101 icmp_seq=240 Destination Host Unreachable
From 192.168.100.101 icmp_seq=242 Destination Host Unreachable
From 192.168.100.101 icmp_seq=243 Destination Host Unreachable
From 192.168.100.101 icmp_seq=244 Destination Host Unreachable
From 192.168.100.101 icmp_seq=245 Destination Host Unreachable
From 192.168.100.101 icmp_seq=246 Destination Host Unreachable
From 192.168.100.101 icmp_seq=247 Destination Host Unreachable
From 192.168.100.101 icmp_seq=248 Destination Host Unreachable
ping: sendmsg: No route to host
From 192.168.100.101 icmp_seq=249 Destination Host Unreachable
From 192.168.100.101 icmp_seq=250 Destination Host Unreachable
From 192.168.100.101 icmp_seq=252 Destination Host Unreachable
From 192.168.100.101 icmp_seq=253 Destination Host Unreachable
From 192.168.100.101 icmp_seq=254 Destination Host Unreachable
^C
--- 192.168.100.1 ping statistics ---
255 packets transmitted, 0 received, +216 errors, 100% packet loss, time 260084ms
pipe 3
root@s32g274ardb2:~# ^C
root@s32g274ardb2:~# ^C
root@s32g274ardb2:~# ^C
root@s32g274ardb2:~# ^C
root@s32g274ardb2:~# ^C
root@s32g274ardb2:~#
root@s32g274ardb2:~#
root@s32g274ardb2:~# ifconfig
lo: flags=73<UP,LOOPBACK,RUNNING>  mtu 65536
        inet 127.0.0.1  netmask 255.0.0.0
        inet6 ::1  prefixlen 128  scopeid 0x10<host>
        loop  txqueuelen 1000  (Local Loopback)
        RX packets 241  bytes 25712 (25.1 KiB)
        RX errors 0  dropped 0  overruns 0  frame 0
        TX packets 241  bytes 25712 (25.1 KiB)
        TX errors 0  dropped 0 overruns 0  carrier 0  collisions 0

p2: flags=4163<UP,BROADCAST,RUNNING,MULTICAST>  mtu 1500
        inet 192.168.100.101  netmask 255.255.255.0  broadcast 0.0.0.0
        inet6 fe80::204:9fff:febe:ef00  prefixlen 64  scopeid 0x20<link>
        ether 00:04:9f:be:ef:00  txqueuelen 1000  (Ethernet)
        RX packets 0  bytes 0 (0.0 B)
        RX errors 0  dropped 0  overruns 0  frame 0
        TX packets 244  bytes 11140 (10.8 KiB)
        TX errors 0  dropped 0 overruns 0  carrier 0  collisions 0

p3: flags=4163<UP,BROADCAST,RUNNING,MULTICAST>  mtu 1500
        inet6 fe80::204:9fff:febe:ef00  prefixlen 64  scopeid 0x20<link>
        ether 00:04:9f:be:ef:00  txqueuelen 1000  (Ethernet)
        RX packets 0  bytes 0 (0.0 B)
        RX errors 0  dropped 0  overruns 0  frame 0
        TX packets 24  bytes 1872 (1.8 KiB)
        TX errors 0  dropped 0 overruns 0  carrier 0  collisions 0

pfe0: flags=4163<UP,BROADCAST,RUNNING,MULTICAST>  mtu 1536
        inet6 fe80::204:9fff:febe:ef00  prefixlen 64  scopeid 0x20<link>
        ether 00:04:9f:be:ef:00  txqueuelen 1000  (Ethernet)
        RX packets 0  bytes 0 (0.0 B)
        RX errors 0  dropped 0  overruns 0  frame 0
        TX packets 332  bytes 30534 (29.8 KiB)
        TX errors 0  dropped 0 overruns 0  carrier 0  collisions 0
        device memory 0x46000000-46ffffff

pfe1: flags=4099<UP,BROADCAST,MULTICAST>  mtu 1500
        ether 00:04:9f:be:ef:01  txqueuelen 1000  (Ethernet)
        RX packets 0  bytes 0 (0.0 B)
        RX errors 0  dropped 0  overruns 0  frame 0
        TX packets 0  bytes 0 (0.0 B)
        TX errors 0  dropped 0 overruns 0  carrier 0  collisions 0
        device memory 0x46000000-46ffffff

pfe2: flags=4099<UP,BROADCAST,MULTICAST>  mtu 1500
        ether 00:04:9f:be:ef:02  txqueuelen 1000  (Ethernet)
        RX packets 0  bytes 0 (0.0 B)
        RX errors 0  dropped 0  overruns 0  frame 0
        TX packets 0  bytes 0 (0.0 B)
        TX errors 0  dropped 0 overruns 0  carrier 0  collisions 0
        device memory 0x46000000-46ffffff

root@s32g274ardb2:~#
root@s32g274ardb2:~#
root@s32g274ardb2:~# #!/bin/bash
root@s32g274ardb2:~#
root@s32g274ardb2:~# # --- 1. 기존 미러링 규칙 삭제 (오류 무시) ---
root@s32g274ardb2:~# echo "### 1. 기존 미러링 규칙을 삭제합니다..."
### 1. 기존 미러링 규칙을 삭제합니다...
root@s32g274ardb2:~# libfci_cli mirror-del --mirr=cb_mirror_rule 2>/dev/null || true
DISCLAIMER: This is a DEMO application. It is not part of the production code deliverables.
ERROR (61747): demo_mirror_del() failed!
ERROR (61747): FPP_ERR_MIRROR_CURRENTLY_UTILIZED
Requested mirroring rule cannot be deleted right now, because it is currently utilized by some other PFE feature.
Check physical interfaces. Some interface is probably using this rule.
sleep 1

# --- 2. 하드웨어 미러링(복제) 설정 ---
echo "### 2. PFE 하드웨어를 직접 제어하여 프레임 복제를 설정합니다..."
# 'cb_mirror_rule' 이라는 이름의 미러링 규칙을 생성합니다.
# 복�root@s32g274ardb2:~# echo "-> 삭제 완료."
-> 삭제 완료.
root@s32g274ardb2:~# sleep 1
출발지: emac1 (P2A 포트) 수신 트래픽"

echo ""
echo "#####################################################################"
echo "### 모든 설정이 완료되었습니다."
echo "### 이제 노트북에서 Wireshark를 실행하고, 외부로 ping을 보내세요. ###"
echo "#####################################################################"
root@s32g274ardb2:~#
root@s32g274ardb2:~# # --- 2. 하드웨어 미러링(복제) 설정 ---
root@s32g274ardb2:~# echo "### 2. PFE 하드웨어를 직접 제어하여 프레임 복제를 설정합니다..."
### 2. PFE 하드웨어를 직접 제어하여 프레임 복제를 설정합니다...
root@s32g274ardb2:~# # 'cb_mirror_rule' 이라는 이름의 미러링 규칙을 생성합니다.
root@s32g274ardb2:~# # 복제된 패킷이 나갈 목적지(Listener)는 P2B 포트와 연결된 'emac0' 입니다.
root@s32g274ardb2:~# libfci_cli mirror-add --mirr=cb_mirror_rule --interface=emac0
DISCLAIMER: This is a DEMO application. It is not part of the production code deliverables.
ERROR (61745): demo_mirror_add() failed!
ERROR (61745): FPP_ERR_MIRROR_ALREADY_REGISTERED
Requested mirroring rule is already registered.
root@s32g274ardb2:~# echo "-> 복제된 패킷의 목적지: emac0 (P2B 포트)"
-> 복제된 패킷의 목적지: emac0 (P2B 포트)
root@s32g274ardb2:~#
ule을 적용합니다.:~# # P2A 포트(Talker)와 연결된 'emac1'으로 들어오는(rx) 모든 트래픽에 cb_mirror_ru
root@s32g274ardb2:~# libfci_cli phyif-update --interface=emac1 --rxmirr0=cb_mirror_rule
DISCLAIMER: This is a DEMO application. It is not part of the production code deliverables.
Command successfully executed.
root@s32g274ardb2:~# echo "-> 복제할 트래픽의 출발지: emac1 (P2A 포트) 수신 트래픽"
-> 복제할 트래픽의 출발지: emac1 (P2A 포트) 수신 트래픽
root@s32g274ardb2:~#
root@s32g274ardb2:~# echo ""

root@s32g274ardb2:~# echo "#####################################################################"
#####################################################################
root@s32g274ardb2:~# echo "### 모든 설정이 완료되었습니다."
root@s32g274ardb2:~# echo "### 이제 노트북에서 Wireshark를 실행하고, 외부로 ping을 보내세요. ###"
### 이제 노트북에서 Wireshark를 실행하고, 외부로 ping을 보내세요. ###외부로 ping을 보내세요. ###"
root@s32g274ardb2:~# echo "#####################################################################"
#####################################################################
root@s32g274ardb2:~#
root@s32g274ardb2:~#
root@s32g274ardb2:~#
root@s32g274ardb2:~#
root@s32g274ardb2:~# ifconfig
lo: flags=73<UP,LOOPBACK,RUNNING>  mtu 65536
        inet 127.0.0.1  netmask 255.0.0.0
        inet6 ::1  prefixlen 128  scopeid 0x10<host>
        loop  txqueuelen 1000  (Local Loopback)
        RX packets 247  bytes 26012 (25.4 KiB)
        RX errors 0  dropped 0  overruns 0  frame 0
        TX packets 247  bytes 26012 (25.4 KiB)
        TX errors 0  dropped 0 overruns 0  carrier 0  collisions 0

p2: flags=4163<UP,BROADCAST,RUNNING,MULTICAST>  mtu 1500
        inet 192.168.100.101  netmask 255.255.255.0  broadcast 0.0.0.0
        inet6 fe80::204:9fff:febe:ef00  prefixlen 64  scopeid 0x20<link>
        ether 00:04:9f:be:ef:00  txqueuelen 1000  (Ethernet)
        RX packets 0  bytes 0 (0.0 B)
        RX errors 0  dropped 0  overruns 0  frame 0
        TX packets 244  bytes 11140 (10.8 KiB)
        TX errors 0  dropped 0 overruns 0  carrier 0  collisions 0

p3: flags=4163<UP,BROADCAST,RUNNING,MULTICAST>  mtu 1500
        inet6 fe80::204:9fff:febe:ef00  prefixlen 64  scopeid 0x20<link>
        ether 00:04:9f:be:ef:00  txqueuelen 1000  (Ethernet)
        RX packets 0  bytes 0 (0.0 B)
        RX errors 0  dropped 0  overruns 0  frame 0
        TX packets 24  bytes 1872 (1.8 KiB)
        TX errors 0  dropped 0 overruns 0  carrier 0  collisions 0

pfe0: flags=4163<UP,BROADCAST,RUNNING,MULTICAST>  mtu 1536
        inet6 fe80::204:9fff:febe:ef00  prefixlen 64  scopeid 0x20<link>
        ether 00:04:9f:be:ef:00  txqueuelen 1000  (Ethernet)
        RX packets 0  bytes 0 (0.0 B)
        RX errors 0  dropped 0  overruns 0  frame 0
        TX packets 333  bytes 30604 (29.8 KiB)
        TX errors 0  dropped 0 overruns 0  carrier 0  collisions 0
        device memory 0x46000000-46ffffff

pfe1: flags=4099<UP,BROADCAST,MULTICAST>  mtu 1500
        ether 00:04:9f:be:ef:01  txqueuelen 1000  (Ethernet)
        RX packets 0  bytes 0 (0.0 B)
        RX errors 0  dropped 0  overruns 0  frame 0
        TX packets 0  bytes 0 (0.0 B)
        TX errors 0  dropped 0 overruns 0  carrier 0  collisions 0
        device memory 0x46000000-46ffffff

pfe2: flags=4099<UP,BROADCAST,MULTICAST>  mtu 1500
        ether 00:04:9f:be:ef:02  txqueuelen 1000  (Ethernet)
        RX packets 0  bytes 0 (0.0 B)
        RX errors 0  dropped 0  overruns 0  frame 0
        TX packets 0  bytes 0 (0.0 B)
        TX errors 0  dropped 0 overruns 0  carrier 0  collisions 0
        device memory 0x46000000-46ffffff

root@s32g274ardb2:~# ip link
1: lo: <LOOPBACK,UP,LOWER_UP> mtu 65536 qdisc noqueue state UNKNOWN mode DEFAULT group default qlen 1000
    link/loopback 00:00:00:00:00:00 brd 00:00:00:00:00:00
2: can0: <NOARP,ECHO> mtu 16 qdisc noop state DOWN mode DEFAULT group default qlen 10
    link/can
3: can1: <NOARP,ECHO> mtu 16 qdisc noop state DOWN mode DEFAULT group default qlen 10
    link/can
4: teql0: <NOARP> mtu 1500 qdisc noop state DOWN mode DEFAULT group default qlen 100
    link/void
5: sit0@NONE: <NOARP> mtu 1480 qdisc noop state DOWN mode DEFAULT group default qlen 1000
    link/sit 0.0.0.0 brd 0.0.0.0
6: end0: <BROADCAST,MULTICAST> mtu 1500 qdisc mq state DOWN mode DEFAULT group default qlen 1000
    link/ether 12:0d:f0:9e:03:3b brd ff:ff:ff:ff:ff:ff
7: pfe0: <BROADCAST,MULTICAST,UP,LOWER_UP> mtu 1536 qdisc fq_codel state UP mode DEFAULT group default qlen 1000
    link/ether 00:04:9f:be:ef:00 brd ff:ff:ff:ff:ff:ff
8: pfe1: <NO-CARRIER,BROADCAST,MULTICAST,UP> mtu 1500 qdisc fq_codel state DOWN mode DEFAULT group default qlen 1000
    link/ether 00:04:9f:be:ef:01 brd ff:ff:ff:ff:ff:ff
9: pfe2: <NO-CARRIER,BROADCAST,MULTICAST,UP> mtu 1500 qdisc fq_codel state DOWN mode DEFAULT group default qlen 1000
    link/ether 00:04:9f:be:ef:02 brd ff:ff:ff:ff:ff:ff
10: p1@pfe0: <BROADCAST,MULTICAST> mtu 1500 qdisc noop state DOWN mode DEFAULT group default qlen 1000
    link/ether 00:04:9f:be:ef:00 brd ff:ff:ff:ff:ff:ff
11: p2@pfe0: <BROADCAST,MULTICAST,UP,LOWER_UP> mtu 1500 qdisc noqueue state UP mode DEFAULT group default qlen 1000
    link/ether 00:04:9f:be:ef:00 brd ff:ff:ff:ff:ff:ff
12: p3@pfe0: <BROADCAST,MULTICAST,UP,LOWER_UP> mtu 1500 qdisc noqueue state UP mode DEFAULT group default qlen 1000
    link/ether 00:04:9f:be:ef:00 brd ff:ff:ff:ff:ff:ff
13: trx5@pfe0: <BROADCAST,MULTICAST> mtu 1500 qdisc noop state DOWN mode DEFAULT group default qlen 1000
    link/ether 00:04:9f:be:ef:00 brd ff:ff:ff:ff:ff:ff
14: trx6@pfe0: <BROADCAST,MULTICAST> mtu 1500 qdisc noop state DOWN mode DEFAULT group default qlen 1000
    link/ether 00:04:9f:be:ef:00 brd ff:ff:ff:ff:ff:ff
15: trx7@pfe0: <BROADCAST,MULTICAST> mtu 1500 qdisc noop state DOWN mode DEFAULT group default qlen 1000
    link/ether 00:04:9f:be:ef:00 brd ff:ff:ff:ff:ff:ff
16: trx8@pfe0: <BROADCAST,MULTICAST> mtu 1500 qdisc noop state DOWN mode DEFAULT group default qlen 1000
    link/ether 00:04:9f:be:ef:00 brd ff:ff:ff:ff:ff:ff
17: trx9@pfe0: <BROADCAST,MULTICAST> mtu 1500 qdisc noop state DOWN mode DEFAULT group default qlen 1000
    link/ether 00:04:9f:be:ef:00 brd ff:ff:ff:ff:ff:ff
18: trx10@pfe0: <BROADCAST,MULTICAST> mtu 1500 qdisc noop state DOWN mode DEFAULT group default qlen 1000
    link/ether 00:04:9f:be:ef:00 brd ff:ff:ff:ff:ff:ff
root@s32g274ardb2:~# ^C
root@s32g274ardb2:~# #!/bin/bash
root@s32g274ardb2:~#
root@s32g274ardb2:~# echo "### [1단계] 네트워크 설정을 완전히 초기화합니다. ###"
### [1단계] 네트워크 설정을 완전히 초기화합니다. ###
root@s32g274ardb2:~#
root@s32g274ardb2:~# # --- 1. 기존 브릿지(br0)가 있다면 해제 및 삭제 (오류 무시) ---
ip link set br0 down 2>/dev/null || true
brctl delbr br0 2>/dev/null || true
echo "-> 브릿지 삭제 완료."
sleep 1

# --- 2. 모든 포트의 IP 주소 초기화 및 링크 내리기 ---
echo "-> 모든 pfe, p1, p2, p3 포트의 IP를 제거하고 비활성화합니다..."
ip addr flusroot@s32g274ardb2:~# echo "-> 기존 브릿지(br0)를 찾아서 삭제합니다..."
-> 기존 브릿지(br0)를 찾아서 삭제합니다...
root@s32g274ardb2:~# ip link set br0 down 2>/dev/null || true
root@s32g274ardb2:~# brctl delbr br0 2>/dev/null || true
h dev pfe0 2>/dev/null
ip addr flush dev p1 2>/dev/null
ip addr flush dev p2 2>/dev/null
ip addr flush dev p3 2>/dev/null

ip link set pfe0 down 2>/dev/null
root@s32g274ardb2:~# echo "-> 브릿지 삭제 완료."
-> 브릿지 삭제 완료.
root@s32g274ardb2:~# sleep 1
ip link set p1 down 2>/dev/null
ip link set p2 down 2>/dev/null
ip link set p3 down 2>/dev/null
echo "-> 모든 포트 비활성화 완료."
sleep 1

echo ""
echo "### [2단계] 802.1CB 테스트를 위한 환경을 다시 구성합니다. ###"

# --- 3. 물리적인 포트(p2, p3) 활성화 ---
# 이 단계에서는 IP를 할당하지 않고, 포트를 켜기만 합니다.
# 이렇게 해야 각 포트가 독립적으로 동작합니다.
echo "-> p2, p3 포트를 독립적으로 활성화합니다..."
ip link set p2 up
ip link set p3 up
echo "-> p2, p3 활성화 완료."
sleep 1

echo ""
echo "#####################################################################"
echo "### 네트워크 초기화 및 재설정이 완료되었습니다."
echo "### 이제 각 포트는 독립적으로 동작하는 깨끗한 상태입니다."
echo "### 이 상태에서 이전 단계의 libfci_cli 복제 명령어를 실행하십시오."
echo "#####################################################################"root@s32g274ardb2:~#
root@s32g274ardb2:~# # --- 2. 모든 포트의 IP 주소 초기화 및 링크 내리기 ---
root@s32g274ardb2:~# echo "-> 모든 pfe, p1, p2, p3 포트의 IP를 제거하고 비활성화합니다..."
-> 모든 pfe, p1, p2, p3 포트의 IP를 제거하고 비활성화합니다...
root@s32g274ardb2:~# ip addr flush dev pfe0 2>/dev/null
root@s32g274ardb2:~# ip addr flush dev p1 2>/dev/null
root@s32g274ardb2:~# ip addr flush dev p2 2>/dev/null
root@s32g274ardb2:~# ip addr flush dev p3 2>/dev/null
root@s32g274ardb2:~#
root@s32g274ardb2:~# ip link set pfe0 down 2>/dev/null
root@s32g274ardb2:~# ip link set p1 down 2>/dev/null
root@s32g274ardb2:~# ip link set p2 down 2>/dev/null
root@s32g274ardb2:~# ip link set p3 down 2>/dev/null
root@s32g274ardb2:~# echo "-> 모든 포트 비활성화 완료."
-> 모든 포트 비활성화 완료.
root@s32g274ardb2:~# sleep 1
root@s32g274ardb2:~#
root@s32g274ardb2:~# echo ""

root@s32g274ardb2:~# echo "### [2단계] 802.1CB 테스트를 위한 환경을 다시 구성합니다. ###"
### [2단계] 802.1CB 테스트를 위한 환경을 다시 구성합니다. ###
root@s32g274ardb2:~#
root@s32g274ardb2:~# # --- 3. 물리적인 포트(p2, p3) 활성화 ---
root@s32g274ardb2:~# # 이 단계에서는 IP를 할당하지 않고, 포트를 켜기만 합니다.
root@s32g274ardb2:~# # 이렇게 해야 각 포트가 독립적으로 동작합니다.
root@s32g274ardb2:~# echo "-> p2, p3 포트를 독립적으로 활성화합니다..."
-> p2, p3 포트를 독립적으로 활성화합니다...
root@s32g274ardb2:~# ip link set p2 up
root@s32g274ardb2:~# ip link set p3 up
root@s32g274ardb2:~# echo "-> p2, p3 활성화 완료."
-> p2, p3 활성화 완료.
root@s32g274ardb2:~# sleep 1
root@s32g274ardb2:~#
root@s32g274ardb2:~# echo ""

root@s32g274ardb2:~# echo "#####################################################################"
#####################################################################
root@s32g274ardb2:~# echo "### 네트워크 초기화 및 재설정이 완료되었습니다."
### 네트워크 초기화 및 재설정이 완료되었습니다.
root@s32g274ardb2:~# echo "### 이제 각 포트는 독립적으로 동작하는 깨끗한 상태입니다."
### 이제 각 포트는 독립적으로 동작하는 깨끗한 상태입니다.
root@s32g274ardb2:~# echo "### 이 상태에서 이전 단계의 libfci_cli 복제 명령어를 실행하십시오."
### 이 상태에서 이전 단계의 libfci_cli 복제 명령어를 실행하십시오.
root@s32g274ardb2:~# echo "#####################################################################"
#####################################################################
root@s32g274ardb2:~# #!/bin/bash
root@s32g274ardb2:~#
root@s32g274ardb2:~# # --- 1. 기존 미러링 규칙 삭제 (오류 무시) ---
root@s32g274ardb2:~# echo "### 1. 기존 미러링 규칙을 삭제합니다..."
### 1. 기존 미러링 규칙을 삭제합니다...
root@s32g274ardb2:~# libfci_cli mirror-del --mirr=cb_mirror_rule 2>/dev/null || true
DISCLAIMER: This is a DEMO application. It is not part of the production code deliverables.
ERROR (61747): demo_mirror_del() failed!
ERROR (61747): FPP_ERR_MIRROR_CURRENTLY_UTILIZED
Requested mirroring rule cannot be deleted right now, because it is currently utilized by some other PFE feature.
Check physical interfaces. Some interface is probably using this rule.
# --- 2. 하드웨어 미러링(복제) 설정 ---
echo "### 2. PFE 하드웨어를 직접 제어하여 프레임 복제를 설정합니다..."
# 'cb_mirror_rule' 이라는 이름의 미러링 규칙을 생성합니다.
# 복제된 패킷이 나갈 목적지(Listener)는 P2B 포트와 연결된 'emac0' 입니다.
libfci_cli mirror-add --mirr=cb_mirror_rule --interface=emac0root@s32g274ardb2:~# echo "-> 삭제 완료."
-> 삭제 완료.
root@s32g274ardb2:~# sleep 1
�의 출발지: emac1 (P2A 포트) 수신 트래픽"

echo ""
echo "#####################################################################"
echo "### 모든 설정이 완료되었습니다."
echo "### 이제 노트북에서 Wireshark를 실행하고, 외부로 ping을 보내세요. ###"
echo "#####################################################################"root@s32g274ardb2:~#
root@s32g274ardb2:~# # --- 2. 하드웨어 미러링(복제) 설정 ---
root@s32g274ardb2:~# echo "### 2. PFE 하드웨어를 직접 제어하여 프레임 복제를 설정합니다..."
### 2. PFE 하드웨어를 직접 제어하여 프레임 복제를 설정합니다...
root@s32g274ardb2:~# # 'cb_mirror_rule' 이라는 이름의 미러링 규칙을 생성합니다.
root@s32g274ardb2:~# # 복제된 패킷이 나갈 목적지(Listener)는 P2B 포트와 연결된 'emac0' 입니다.
root@s32g274ardb2:~# libfci_cli mirror-add --mirr=cb_mirror_rule --interface=emac0
DISCLAIMER: This is a DEMO application. It is not part of the production code deliverables.
ERROR (61745): demo_mirror_add() failed!
ERROR (61745): FPP_ERR_MIRROR_ALREADY_REGISTERED
Requested mirroring rule is already registered.
root@s32g274ardb2:~# echo "-> 복제된 패킷의 목적지: emac0 (P2B 포트)"
-> 복제된 패킷의 목적지: emac0 (P2B 포트)
root@s32g274ardb2:~#
ule을 적용합니다.:~# # P2A 포트(Talker)와 연결된 'emac1'으로 들어오는(rx) 모든 트래픽에 cb_mirror_ru
root@s32g274ardb2:~# libfci_cli phyif-update --interface=emac1 --rxmirr0=cb_mirror_rule
DISCLAIMER: This is a DEMO application. It is not part of the production code deliverables.
Command successfully executed.
root@s32g274ardb2:~# echo "-> 복제할 트래픽의 출발지: emac1 (P2A 포트) 수신 트래픽"
-> 복제할 트래픽의 출발지: emac1 (P2A 포트) 수신 트래픽
root@s32g274ardb2:~#
root@s32g274ardb2:~# echo ""

root@s32g274ardb2:~# echo "#####################################################################"
#####################################################################
root@s32g274ardb2:~# echo "### 모든 설정이 완료되었습니다."
root@s32g274ardb2:~# echo "### 이제 노트북에서 Wireshark를 실행하고, 외부로 ping을 보내세요. ###"
### 이제 노트북에서 Wireshark를 실행하고, 외부로 ping을 보내세요. ###외부로 ping을 보내세요. ###"
root@s32g274ardb2:~# echo "#####################################################################"
#####################################################################
root@s32g274ardb2:~#
root@s32g274ardb2:~#
root@s32g274ardb2:~#
root@s32g274ardb2:~#
root@s32g274ardb2:~# ping 8.8.8.8
ping: connect: Network is unreachable
root@s32g274ardb2:~# ^C
root@s32g274ardb2:~# #!/bin/bash
root@s32g274ardb2:~#
root@s32g274ardb2:~# # ===================================================================
root@s32g274ardb2:~# #           802.1CB 하드웨어 미러링(복제) 완전 초기화 및 재설정
root@s32g274ardb2:~# # ===================================================================
root@s32g274ardb2:~#
root@s32g274ardb2:~# echo "### [1단계] 기존 미러링 규칙 사용을 모두 해제합니다. ###"
### [1단계] 기존 미러링 규칙 사용을 모두 해제합니다. ###
root@s32g274ardb2:~#
�다.s32g274ardb2:~# # emac0, emac1 등 모든 물리 인터페이스에 적용된 미러링 설정을 초기화합니
root@s32g274ardb2:~# # 이렇게 해야 'UTILIZED' 오류 없이 규칙을 삭제할 수 있습니다.
root@s32g274ardb2:~# echo "-> emac0, emac1 인터페이스의 미러링 설정을 초기화합니다..."
-> emac0, emac1 인터페이스의 미러링 설정을 초기화합니다...
root@s32g274ardb2:~# libfci_cli phyif-update --interface=emac0 --rxmirr0=disable --txmirr0=disable 2>/dev/null || true
DISCLAIMER: This is a DEMO application. It is not part of the production code deliverables.
ERROR (61746): demo_phy_if_update() failed!
ERROR (61746): FPP_ERR_MIRROR_NOT_FOUND
Requested mirroring rule not found.
Is the rule name correct?
root@s32g274ardb2:~# libfci_cli phyif-update --interface=emac1 --rxmirr0=disable --txmirr0=disable 2>/dev/null || true
DISCLAIMER: This is a DEMO application. It is not part of the production code deliverables.
ERROR (61746): demo_phy_if_update() failed!
ERROR (61746): FPP_ERR_MIRROR_NOT_FOUND
Requested mirroring rule not found.
Is the rule name correct?
root@s32g274ardb2:~# echo "-> 인터페이스 설정 초기화 완료."
-> 인터페이스 설정 초기화 완료.
root@s32g274ardb2:~# sleep 1
echo ""
echo "### [3단계] PFE 하드웨어를 직접 제어하여 프레임 복제를 다시 설정합니다. ###"

# 'cb_mirror_rule' 이라는 이름의 미러링 규칙을 새로 생성합니다.
# 복제된 패킷이 나갈 목적지(Listener)는 P2B 포트와 연결된 'emac0' 입니다.
echo "-> 미러링 규칙 'cb_mirror_rule'을 새로 생성합니다 (목적지: emac0)..."
libfci_cli mirror-add --mirr=cb_mirror_rule --interface=emac0

# P2A 포트(Talker)와 연결된 'emac1'으로 들어오는(rx) 모든 트래픽에 cb_mirror_rule을 적용합니다.
echo "-> emac1으로 들어오는 트래픽을 복제하도록 설정합니다..."
libfci_cli phyif-update --interface=emac1 --rxmirr0=cb_mirror_rule

echo ""
echo "#####################################################################"
echo "### 모든 설정이 성공적으로 완료되었습니다."
echo "### 노트북의 Wireshark에서 R-TAG(eth.type == 0xf1c1)를 확인하십시오."
echo "#####################################################################"root@s32g274ardb2:~#
root@s32g274ardb2:~# echo ""

root@s32g274ardb2:~# echo "### [2단계] 기존 미러링 규칙을 삭제합니다. ###"
### [2단계] 기존 미러링 규칙을 삭제합니다. ###
root@s32g274ardb2:~# echo "-> 'cb_mirror_rule' 규칙을 삭제합니다..."
-> 'cb_mirror_rule' 규칙을 삭제합니다...
root@s32g274ardb2:~# libfci_cli mirror-del --mirr=cb_mirror_rule 2>/dev/null || true
DISCLAIMER: This is a DEMO application. It is not part of the production code deliverables.
ERROR (61747): demo_mirror_del() failed!
ERROR (61747): FPP_ERR_MIRROR_CURRENTLY_UTILIZED
Requested mirroring rule cannot be deleted right now, because it is currently utilized by some other PFE feature.
Check physical interfaces. Some interface is probably using this rule.
root@s32g274ardb2:~# echo "-> 규칙 삭제 완료. 이제 깨끗한 상태입니다."
-> 규칙 삭제 완료. 이제 깨끗한 상태입니다.
root@s32g274ardb2:~# sleep 1

root@s32g274ardb2:~#
root@s32g274ardb2:~# echo ""

니다. ###"74ardb2:~# echo "### [3단계] PFE 하드웨어를 직접 제어하여 프레임 복제를 다시 설정합�
### [3단계] PFE 하드웨어를 직접 제어하여 프레임 복제를 다시 설정합니다. ###
root@s32g274ardb2:~#
root@s32g274ardb2:~# # 'cb_mirror_rule' 이라는 이름의 미러링 규칙을 새로 생성합니다.
root@s32g274ardb2:~# # 복제된 패킷이 나갈 목적지(Listener)는 P2B 포트와 연결된 'emac0' 입니다.
root@s32g274ardb2:~# echo "-> 미러링 규칙 'cb_mirror_rule'을 새로 생성합니다 (목적지: emac0)..."
-> 미러링 규칙 'cb_mirror_rule'을 새로 생성합니다 (목적지: emac0)...
root@s32g274ardb2:~# libfci_cli mirror-add --mirr=cb_mirror_rule --interface=emac0
DISCLAIMER: This is a DEMO application. It is not part of the production code deliverables.
ERROR (61745): demo_mirror_add() failed!
ERROR (61745): FPP_ERR_MIRROR_ALREADY_REGISTERED
Requested mirroring rule is already registered.
root@s32g274ardb2:~#
ule을 적용합니다.:~# # P2A 포트(Talker)와 연결된 'emac1'으로 들어오는(rx) 모든 트래픽에 cb_mirror_ru
root@s32g274ardb2:~# echo "-> emac1으로 들어오는 트래픽을 복제하도록 설정합니다..."
-> emac1으로 들어오는 트래픽을 복제하도록 설정합니다...
root@s32g274ardb2:~# libfci_cli phyif-update --interface=emac1 --rxmirr0=cb_mirror_rule
DISCLAIMER: This is a DEMO application. It is not part of the production code deliverables.
Command successfully executed.
root@s32g274ardb2:~#
root@s32g274ardb2:~# echo ""

root@s32g274ardb2:~# echo "#####################################################################"
#####################################################################
root@s32g274ardb2:~# echo "### 모든 설정이 성공적으로 완료되었습니다."
### 모든 설정이 성공적으로 완료되었습니다.
root@s32g274ardb2:~# echo "### 노트북의 Wireshark에서 R-TAG(eth.type == 0xf1c1)를 확인하십시오."
### 노트북의 Wireshark에서 R-TAG(eth.type == 0xf1c1)를 확인하십시오.
root@s32g274ardb2:~# echo "#####################################################################"
#####################################################################
root@s32g274ardb2:~#
root@s32g274ardb2:~# # 1. p2 포트의 기존 Queueing Discipline(qdisc)을 삭제하여 초기화합니다.
root@s32g274ardb2:~# tc qdisc del dev p2 root 2>/dev/null || true
root@s32g274ardb2:~#
��.s32g274ardb2:~# # 2. 하드웨어 트래픽 클래스(TC)를 사용하기 위해 'mqprio' qdisc를 설정합니��
root@s32g274ardb2:~# #    - num_tc 2: 2개의 트래픽 클래스를 사용합니다 (TC0, TC1)
�� 매핑합니다.2:~# #    - map 1 1 1 1 0 0 0 0...: 네트워크 우선순위(priority) 4~7은 TC0으로, 0~3은 TC1��
�.t@s32g274ardb2:~# #    - queues 1@0 1@1: TC0은 하드웨어 큐 0번에, TC1은 큐 1번에 1:1로 매핑합니다
root@s32g274ardb2:~# tc qdisc add dev p2 parent root handle 100 mqprio num_tc 2 map 1 1 1 1 0 0 0 0 1 1 1 1 1 1 1 1
RTNETLINK answers: Operation not supported
root@s32g274ardb2:~#
�를 제어합니다.2:~# # 3. 'taprio' (Time-Aware Priority) qdisc를 mqprio 위에 연결하여 하드웨어 스케줄러
�점 기준)74ardb2:~# #    - base-time: 1초 뒤에 스케줄을 시작하도록 예약합니다. (명령어 입력 시
root@s32g274ardb2:~# #    - sched-entry: 시간표를 설정합니다.
니다.s32g274ardb2:~# #      - S 01 100000000: 첫 100ms(1억 ns) 동안은 Gate Mask '01'(TC0만 열림)을 적용합�
.oot@s32g274ardb2:~# #      - S 02 100000000: 다음 100ms 동안은 Gate Mask '02'(TC1만 열림)을 적용합니다.
root@s32g274ardb2:~# #      이 200ms 주기가 계속 반복됩니다.
root@s32g274ardb2:~# tc qdisc replace dev p2 parent 100:1 handle 200 taprio \
>     num_tc 2 \
>     map 1 1 1 1 0 0 0 0 1 1 1 1 1 1 1 1 \
>     queues 1@0 1@1 \
>     base-time $(($(date +%s%N) + 1000000000)) \
>     sched-entry S 01 100000000 \
>     sched-entry S 02 100000000
Error: Failed to find specified qdisc.
root@s32g274ardb2:~# # 1. p2 포트의 기존 Queueing Discipline(qdisc)을 삭제하여 초기화합니다.
root@s32g274ardb2:~# tc qdisc del dev p2 root 2>/dev/null || true
root@s32g274ardb2:~#
�.t@s32g274ardb2:~# # 2. 하드웨어 트래�� 클래스(TC)를 사용하기 위해 'mqprio' qdisc를 설정합니다
root@s32g274ardb2:~# #    - num_tc 2: 2개의 트래픽 클래스를 사용합니다 (TC0, TC1)
�� 매핑합니다.2:~# #    - map 1 1 1 1 0 0 0 0...: 네트워크 우선순위(priority) 4~7은 TC0으로, 0~3은 TC1��
�.t@s32g274ardb2:~# #    - queues 1@0 1@1: TC0은 하드웨어 큐 0번에, TC1은 큐 1번에 1:1로 매핑합니다
root@s32g274ardb2:~# tc qdisc add dev p2 parent root handle 100 mqprio num_tc 2 map 1 1 1 1 0 0 0 0 1 1 1 1 1 1 1 1
RTNETLINK answers: Operation not supported
root@s32g274ardb2:~#
�를 제어합니다.2:~# # 3. 'taprio' (Time-Aware Priority) qdisc를 mqprio 위에 연결하여 하드웨어 스케줄러
�점 기준)74ardb2:~# #    - base-time: 1초 뒤에 스케줄을 시작하도록 예약합니다. (명령어 입력 시
root@s32g274ardb2:~# #    - sched-entry: 시간표를 설정합니다.
니다.s32g274ardb2:~# #      - S 01 100000000: 첫 100ms(1억 ns) 동안은 Gate Mask '01'(TC0만 열림)을 적용합�
.oot@s32g274ardb2:~# #      - S 02 100000000: 다음 100ms 동안은 Gate Mask '02'(TC1만 열림)을 적용합니다.
root@s32g274ardb2:~# #      이 200ms 주기가 계속 반복됩니다.
root@s32g274ardb2:~# tc qdisc replace dev p2 parent 100:1 handle 200 taprio \
>     num_tc 2 \
>     map 1 1 1 1 0 0 0 0 1 1 1 1 1 1 1 1 \
>     queues 1@0 1@1 \
>     base-time $(($(date +%s%N) + 1000000000)) \
>     sched-entry S 01 100000000 \
>     sched-entry S 02 100000000
Error: Failed to find specified qdisc.
root@s32g274ardb2:~#
root@s32g274ardb2:~# ^C
root@s32g274ardb2:~# # 1. 초기화 (위와 동일)
root@s32g274ardb2:~# tc qdisc del dev p2 root 2>/dev/null || true
root@s32g274ardb2:~#
root@s32g274ardb2:~# # 2. 'mqprio' 설정 (위와 동일)
root@s32g274ardb2:~# tc qdisc add dev p2 parent root handle 100 mqprio num_tc 2 map 1 1 1 1 0 0 0 0 1 1 1 1 1 1 1 1
# 3. 'cbs' (Credit-Based Shaper) qdisc를 mqprio의 첫 번째 하드웨어 큐(100:1)에 연결합니다.
#    - idleslope: 200Mbps (200,000,000 bps) 대역폭을 할당합니다.
#    - sendslope: 링크 속도(1Gbps)에서 할당된 대역폭을 뺀 값 (-800,000,000)을 설정합니다.
tc qdisc replace dev p2 parent 100:1 cbs idleslope 200000000 sendslope -800000000RTNETLINK answers: Operation not supported
root@s32g274ardb2:~#
합니다.2g274ardb2:~# # 3. 'cbs' (Credit-Based Shaper) qdisc를 mqprio의 첫 번째 하드웨어 큐(100:1)에 연결�
root@s32g274ardb2:~# #    - idleslope: 200Mbps (200,000,000 bps) 대역폭을 할당합니다.
�정합니다.4ardb2:~# #    - sendslope: 링크 속도(1Gbps)에서 할당된 대역폭을 뺀 값 (-800,000,000)을 설
root@s32g274ardb2:~# tc qdisc replace dev p2 parent 100:1 cbs idleslope 200000000 sendslope -800000000
Error: Failed to find specified qdisc.
root@s32g274ardb2:~#
root@s32g274ardb2:~# NOTICE:  Reset status: External Reset: RESET_B (RUN)
NOTICE:  BL2: v2.10.14(release):bsp44.0-2.10.14
NOTICE:  BL2: Built : 08:13:32, May 13 2025
NOTICE:  BL2: Booting BL31


U-Boot 2022.04+g9a00323278+p0 (May 13 2025 - 06:57:56 +0000)

SoC:   NXP S32G274A rev. 2.1
CPU:   ARM Cortex-A53 r0p4 @ max 1000 MHz
Model: NXP S32G274A-RDB2
DRAM:  4 GiB
Core:  314 devices, 25 uclasses, devicetree: board
MMC:   FSL_SDHC: 0
Loading Environment from MMC... OK
s32cc_serdes_phy serdes@40480000: Using mode 0 for SerDes subsystem
pci_s32cc pcie@40400000: Could not set DEVICE ID
pci_s32cc pcie@40400000: Configuring as RootComplex
pci_s32cc pcie@40400000: Failed to get link up
In:    serial@401c8000
Out:   serial@401c8000
Err:   serial@401c8000
Board revision: RDB2/GLDBOX Revision E
PCIe:   BusDevFun       VendorId   DeviceId   Device Class       Sub-Class
__________________________________________________________________________
pcie@40400000 RootComplex
|   `-- 01:00.00        0x1957     0x4002     Bridge device           0x04
Net:
Warning: ethernet@4033c000 (eth0) using random MAC address - 8e:5a:20:a8:86:69
eth0: ethernet@4033c000
Found PFE version 0x50300 (S32G2)
pfeng pfeng-base: Uploading CLASS firmware
pfeng pfeng-base: EMAC0 block was initialized
pfeng pfeng-base: EMAC1 block was initialized
pfeng pfeng-base: EMAC2 block was initialized
pfeng pfeng-base: Enabling the CLASS block
pfeng pfeng-base: PFE Platform started successfully (mask: 7)
s32cc_serdes_phy serdes@44180000: Using mode 4 for SerDes subsystem
s32cc_serdes_phy serdes@44180000: Unstable RX detected on XPCS0
, eth1: pfe0s32cc_serdes_phy serdes@44180000: Unstable RX detected on XPCS1
, eth2: pfe1, eth3: pfe2
Hit any key to stop autoboot:  0
=>
=>
=>
=>
=>
=>
=>
