NOTICE:  Reset status: Power-On Reset
NOTICE:  BL2: v2.10.14(release):bsp44.0_rc10-2.10.14-1-gc9a7f8123-dirty
NOTICE:  BL2: Built : 08:13:32, May 13 2025
NOTICE:  BL2: Booting BL31
I/TC:
I/TC: Non-secure external DT found
I/TC: OP-TEE version: bsp44.0_rc10-4.0-dev (gcc version 13.3.0 (GCC)) #1 Mon Mar 24 14:10:41 UTC 2025 aarch64
I/TC: WARNING: This OP-TEE configuration might be insecure!
I/TC: WARNING: Please check https://optee.readthedocs.io/en/latest/architecture/porting_guidelines.html
I/TC: Primary CPU initializing
I/TC: Initializing virtualization support
I/TC: Primary CPU switching to normal world boot
I/TC: WARNING: Using fixed value for stack canary


U-Boot 2022.04+g9a00323278+p0 (May 13 2025 - 06:57:56 +0000)

SoC:   NXP S32G274A rev. 2.1
CPU:   ARM Cortex-A53 r0p4 @ max 1000 MHz
Model: NXP S32G2XX
DRAM:  4 GiB
Core:  312 devices, 24 uclasses, devicetree: board
MMC:   FSL_SDHC: 0
Loading Environment from MMC... OK
pci_s32cc pcie@40400000: Failed to get PHY 'serdes_lane0'
In:    serial@401c8000
Out:   serial@401c8000
Err:   serial@401c8000
Board revision: RDB2/GLDBOX Revision E
Net:
Warning: ethernet@4033c000 (eth0) using random MAC address - 6a:03:16:07:ea:b8
eth0: ethernet@4033c000, eth4: pfe0sl, eth5: pfe1sl, eth6: pfe2sl
Hit any key to stop autoboot:  0
=>    run write_goldvip_images
Flashing the GoldVIP images...
Flashing the GoldVIP real-time bootloader...
SF: Detected mx25uw51245g with page size 256 Bytes, erase size 64 KiB, total 64 MiB
1550432 bytes read in 69 ms (21.4 MiB/s)
SF: 1572864 bytes @ 0x0 Erased: OK
device 0 offset 0x0, size 0x17a860
SF: 1550432 bytes @ 0x0 Written: OK
Flashing the configuration for the GoldVip real-time bootloader...
SF: Detected mx25uw51245g with page size 256 Bytes, erase size 64 KiB, total 64 MiB
1580 bytes read in 4 ms (385.7 KiB/s)
SF: 65536 bytes @ 0x1f0000 Erased: OK
device 0 offset 0x1f0000, size 0x62c
SF: 1580 bytes @ 0x1f0000 Written: OK
Flashing the GoldVIP real-time gateway application...
SF: Detected mx25uw51245g with page size 256 Bytes, erase size 64 KiB, total 64 MiB
3141664 bytes read in 136 ms (22 MiB/s)
SF: 3145728 bytes @ 0x400000 Erased: OK
device 0 offset 0x400000, size 0x2ff020
SF: 3141664 bytes @ 0x400000 Written: OK
Flashing the ARM Trusted Firmware binary...
SF: Detected mx25uw51245g with page size 256 Bytes, erase size 64 KiB, total 64 MiB
144466 bytes read in 11 ms (12.5 MiB/s)
SF: 196608 bytes @ 0x200000 Erased: OK
device 0 offset 0x200000, size 0x23452
SF: 144466 bytes @ 0x200000 Written: OK
=> poweroff
Unknown command 'poweroff' - try 'help'
=> bootloader 0x2 ComDal_Init() done.
bootloader 0x2 Bootloader safety checks finished
bootloader 0x2 Secure boot activation in progress.
bootloader 0x2 PINK HSE.
bootloader 0x2 HSE PINK Size: 393296
bootloader 0x2 HSE BLUE Generated.
bootloader 0x2 HSE BLUE Size: 393296
bootloader 0x2 BLUE HSE put in place.
bootloader 0x2 Secure boot activation finished in 924.677 milliseconds.

bootloader 0x2 ComDal_Init() done.
bootloader 0x2 Bootloader safety checks finished
bootloader 0x2 Bootloader secure boot is enabled.
bootloader 0x2 Bootloader initialization complete.
bootloader 0x2 Application 0 image fragment 0 of size 225280 was loaded from QSPI, address 0x201240.
bootloader 0x2 Application 0 image fragment 0 was loaded in 10.326 milliseconds.
bootloader 0x2 Application A53_0 was loaded.
bootloader 0x2 Application 1 image fragment 0 of size 3145728 was loaded from QSPI, address 0x400000.
bootloader 0x2 Application 1 image fragment 0 was loaded in 22.389 milliseconds.
bootloader 0x2 Application M7_0 was loaded.
NOTICE:  Reset status: Power-On Reset
NOTICE:  BL2: v2.10.14(release):bsp44.0_rc10-2.10.14-1-gc9a7f8123-dirty
NOTICE:  BL2: Built : 08:13:32, May 13 2025
NOTICE:  BL2: Booting BL31
I/TC:
I/TC: Non-secure external DT found
I/TC: OP-TEE version: bsp44.0_rc10-4.0-dev (gcc version 13.3.0 (GCC)) #1 Mon Mar 24 14:10:41 UTC 2025 aarch64
I/TC: WARNING: This OP-TEE configuration might be insecure!
I/TC: WARNING: Please check https://optee.readthedocs.io/en/latest/architecture/porting_guidelines.html
I/TC: Primary CPU initializing
I/TC: Initializing virtualization support
I/TC: Primary CPU switching to normal world boot
I/TC: WARNING: Using fixed value for stack canary


U-Boot 2022.04+g9a00323278+p0 (May 13 2025 - 06:57:56 +0000)

SoC:   NXP S32G274A rev. 2.1
CPU:   ARM Cortex-A53 r0p4 @ max 1000 MHz
Model: NXP S32G2XX
DRAM:  4 GiB
Core:  312 devices, 24 uclasses, devicetree: board
MMC:   FSL_SDHC: 0
Loading Environment from MMC... OK
pci_s32cc pcie@40400000: Failed to get PHY 'serdes_lane0'
In:    serial@401c8000
Out:   serial@401c8000
Err:   serial@401c8000
Board revision: RDB2/GLDBOX Revision E
Net:
Warning: ethernet@4033c000 (eth0) using random MAC address - 0e:f4:7d:fd:96:bd
eth0: ethernet@4033c000, eth4: pfe0sl, eth5: pfe1sl, eth6: pfe2sl
Hit any key to stop autoboot:  0
1772 bytes read in 5 ms (345.7 KiB/s)
## Executing script at 80200000
17002504 bytes read in 679 ms (23.9 MiB/s)
1146888 bytes read in 47 ms (23.3 MiB/s)
60923 bytes read in 7 ms (8.3 MiB/s)
## Flattened Device Tree blob at 86a00000
   Booting using the fdt blob at 0x86a00000
   Using Device Tree in place at 0000000086a00000, end 0000000086a12fff
   fixup: pfe1: update phy addr to 0x8
Disabling XPCS1_0
Disabling XPCS1_1

Starting kernel ...

- UART enabled -
- Boot CPU booting -
- Current EL 0000000000000008 -
- Initialize CPU -
- Turning on paging -
- Zero BSS -
- Ready -
(XEN) Checking for initrd in /chosen
(XEN) RAM: 0000000080000000 - 00000000ffffffff
(XEN) RAM: 0000000880000000 - 00000008ffffffff
(XEN)
(XEN) MODULE[0]: 0000000086800000 - 0000000086965000 Xen
(XEN) MODULE[1]: 0000000086a00000 - 0000000086a10000 Device Tree
(XEN) MODULE[2]: 0000000085600000 - 0000000086637008 Kernel
(XEN)  RESVD[0]: 00000000ff600000 - 00000000ff7fffff
(XEN)  RESVD[1]: 00000000ff400000 - 00000000ff5fffff
(XEN)  RESVD[2]: 00000000fe000000 - 00000000ff3fffff
(XEN)  RESVD[3]: 0000000084000000 - 0000000084ffffff
(XEN)  RESVD[4]: 00000000c0000000 - 00000000c03fffff
(XEN)  RESVD[5]: 00000000c0400000 - 00000000c07fffff
(XEN)  RESVD[6]: 00000000d0000000 - 00000000d000007f
(XEN)  RESVD[7]: 00000000d0000080 - 00000000d00000ff
(XEN)  RESVD[8]: 0000000083200000 - 00000000835dffff
(XEN)  RESVD[9]: 00000000835e0000 - 00000000835fffff
(XEN)  RESVD[10]: 0000000083600000 - 000000008360ffff
(XEN)  RESVD[11]: 0000000034400000 - 000000003447ffff
(XEN)  RESVD[12]: 0000000034480000 - 000000003449ffff
(XEN)  RESVD[13]: 0000000034520000 - 00000000345fffff
(XEN)
(XEN)
(XEN) Command line: dom0_mem=1G dom0_max_vcpus=4 bootscrub=0 dom0_vcpus_pin
(XEN) PFN compression on bits 20...22
(XEN) Domain heap initialised
(XEN) Booting using Device Tree
(XEN) Platform: NXP S32CC
(XEN) No dtuart path configured
(XEN) Bad console= option 'dtuart'
 Xen 4.18.2
(XEN) Xen version 4.18.2 (nxf65897@swis.ro-buh01.nxp.com) (aarch64-fsl-linux-gcc (GCC) 13.3.0) debug=y 2025-03-14
(XEN) Latest ChangeSet: Thu Feb 20 15:08:45 2025 +0200 git:e4f37269c3-dirty
(XEN) build-id: aeb32f714cb175b3debed511648f1980021f0631
(XEN) Processor: 00000000410fd034: "ARM Limited", variant: 0x0, part 0xd03,rev 0x4
(XEN) 64-bit Execution:
(XEN)   Processor Features: 0000000001002222 0000000000000000
(XEN)     Exception Levels: EL3:64+32 EL2:64+32 EL1:64+32 EL0:64+32
(XEN)     Extensions: FloatingPoint AdvancedSIMD GICv3-SysReg
(XEN)   Debug Features: 0000000010305106 0000000000000000
(XEN)   Auxiliary Features: 0000000000000000 0000000000000000
(XEN)   Memory Model Features: 0000000000001122 0000000000000000
(XEN)   ISA Features:  0000000000011120 0000000000000000
(XEN) 32-bit Execution:
(XEN)   Processor Features: 0000000000000131:0000000010011011
(XEN)     Instruction Sets: AArch32 A32 Thumb Thumb-2 Jazelle
(XEN)     Extensions: GenericTimer Security
(XEN)   Debug Features: 0000000003010066
(XEN)   Auxiliary Features: 0000000000000000
(XEN)   Memory Model Features: 0000000010201105 0000000040000000
(XEN)                          0000000001260000 0000000002102211
(XEN)   ISA Features: 0000000002101110 0000000013112111 0000000021232042
(XEN)                 0000000001112131 0000000000011142 0000000000011121
(XEN) Using SMC Calling Convention v1.4
(XEN) Using PSCI v1.1
(XEN) SMP: Allowing 4 CPUs
(XEN) enabled workaround for: ARM erratum 1530924
(XEN) enabled workaround for: NXP ERRATUM ERR050481 (TLBI handled incorrectly)
(XEN) Generic Timer IRQ: phys=30 hyp=26 virt=27 Freq: 5000 KHz
(XEN) GICv3 initialization:
(XEN)       gic_dist_addr=0x00000050800000
(XEN)       gic_maintenance_irq=25
(XEN)       gic_rdist_stride=0
(XEN)       gic_rdist_regions=1
(XEN)       redistributor regions:
(XEN)         - region 0: 0x00000050880000 - 0x00000050900000
(XEN) GICv3 compatible with GICv2 cbase 0x00000050400000 vbase 0x00000050420000
(XEN) GICv3: 576 lines, (IID 0001143b).
(XEN) GICv3: CPU0: Found redistributor in region 0 @000002004001a000
(XEN) XSM Framework v1.0.1 initialized
(XEN) Initialising XSM SILO mode
(XEN) Using scheduler: SMP Credit Scheduler rev2 (credit2)
(XEN) Initializing Credit2 scheduler
(XEN)  load_precision_shift: 18
(XEN)  load_window_shift: 30
(XEN)  underload_balance_tolerance: 0
(XEN)  overload_balance_tolerance: -3
(XEN)  runqueues arrangement: socket
(XEN)  cap enforcement granularity: 10ms
(XEN) load tracking window length 1073741824 ns
(XEN) Allocated console ring of 32 KiB.
(XEN) CPU0: Guest atomics will try 10 times before pausing the domain
(XEN) Bringing up CPU1
I/TC: Secondary CPU 1 initializing
I/TC: Secondary CPU 1 switching to normal world boot
- CPU 0000000000000001 booting -
- Current EL 0000000000000008 -
- Initialize CPU -
- Turning on paging -
- Ready -
(XEN) GICv3: CPU1: Found redistributor in region 0 @000002004003a000
(XEN) CPU1: Guest atomics will try 10 times before pausing the domain
(XEN) CPU 1 booted.
(XEN) Bringing up CPU2
I/TC: Secondary CPU 2 initializing
I/TC: Secondary CPU 2 switching to normal world boot
- CPU 0000000000000100 booting -
- Current EL 0000000000000008 -
- Initialize CPU -
- Turning on paging -
- Ready -
(XEN) GICv3: CPU2: Found redistributor in region 0 @000002004005a000
(XEN) CPU2: Guest atomics will try 10 times before pausing the domain
(XEN) CPU 2 booted.
(XEN) Bringing up CPU3
I/TC: Secondary CPU 3 initializing
I/TC: Secondary CPU 3 switching to normal world boot
- CPU 0000000000000101 booting -
- Current EL 0000000000000008 -
- Initialize CPU -
- Turning on paging -
- Ready -
(XEN) GICv3: CPU3: Found redistributor in region 0 @000002004007a000
(XEN) CPU3: Guest atomics will try 10 times before pausing the domain
(XEN) Brought up 4 CPUs
(XEN) CPU 3 booted.
(XEN) I/O virtualisation disabled
(XEN) P2M: 40-bit IPA with 40-bit PA and 8-bit VMID
(XEN) P2M: 3 levels with order-1 root, VTCR 0x0000000080023558
(XEN) Scheduling granularity: cpu, 1 CPU per sched-resource
(XEN) Initializing Credit2 scheduler
(XEN)  load_precision_shift: 18
(XEN)  load_window_shift: 30
(XEN)  underload_balance_tolerance: 0
(XEN)  overload_balance_tolerance: -3
(XEN)  runqueues arrangement: socket
(XEN)  cap enforcement granularity: 10ms
(XEN) load tracking window length 1073741824 ns
(XEN) Adding cpu 0 to runqueue 0
(XEN)  First cpu on runqueue, activating
(XEN) Adding cpu 1 to runqueue 0
(XEN) Adding cpu 2 to runqueue 0
(XEN) Adding cpu 3 to runqueue 0
(XEN) OP-TEE supports 4 simultaneous threads per guest.
I/TC: Removing guest 0
E/TC:0   virt_guest_destroyed:353 Client with id 0 is not found
(XEN) Using TEE mediator for OP-TEE
(XEN) alternatives: Patching with alt table 00000200002edc18 -> 00000200002eefbc
I/TC: Added guest 1
(XEN) *** LOADING DOMAIN 0 ***
(XEN) Loading d0 kernel from boot module @ 0000000085600000
(XEN) Allocating 1:1 mappings totalling 1024MB for dom0:
(XEN) BANK[0] 0x00000090000000-0x000000c0000000 (768MB)
(XEN) BANK[1] 0x000000e0000000-0x000000f0000000 (256MB)
(XEN) Grant table range: 0x00000086800000-0x00000086840000
(XEN) Allocating PPI 16 for event channel interrupt
(XEN) d0: extended region 0: 0x86a00000->0x8fe00000
(XEN) d0: extended region 1: 0xc0800000->0xcfe00000
(XEN) d0: extended region 2: 0xd0200000->0xdfe00000
(XEN) d0: extended region 3: 0xf0000000->0xfde00000
(XEN) d0: extended region 4: 0x880000000->0x8ffe00000
(XEN) Loading zImage from 0000000085600000 to 0000000090000000-0000000091037008
(XEN) Loading d0 DTB to 0x0000000098000000-0x000000009800ee65
(XEN) Initial low memory virq threshold set at 0x4000 pages.
(XEN) Std. Loglevel: All
(XEN) Guest Loglevel: All
(XEN) *** Serial input to DOM0 (type 'CTRL-a' three times to switch input)
(XEN) Freed 360kB init memory.
(XEN) d0v0 Unhandled SMC/HVC: 0x84000050
(XEN) d0v0 Unhandled SMC/HVC: 0x8600ff01
(XEN) d0v0: vGICD: RAZ on reserved register offset 0x00000c
(XEN) d0v0: vGICD: unhandled word write 0x000000ffffffff to ICACTIVER4
(XEN) d0v0: vGICD: unhandled word write 0x000000ffffffff to ICACTIVER8
(XEN) d0v0: vGICD: unhandled word write 0x000000ffffffff to ICACTIVER12
(XEN) d0v0: vGICD: unhandled word write 0x000000ffffffff to ICACTIVER16
(XEN) d0v0: vGICD: unhandled word write 0x000000ffffffff to ICACTIVER20
(XEN) d0v0: vGICD: unhandled word write 0x000000ffffffff to ICACTIVER24
(XEN) d0v0: vGICD: unhandled word write 0x000000ffffffff to ICACTIVER28
(XEN) d0v0: vGICD: unhandled word write 0x000000ffffffff to ICACTIVER32
(XEN) d0v0: vGICD: unhandled word write 0x000000ffffffff to ICACTIVER36
(XEN) d0v0: vGICD: unhandled word write 0x000000ffffffff to ICACTIVER40
(XEN) d0v0: vGICD: unhandled word write 0x000000ffffffff to ICACTIVER44
(XEN) d0v0: vGICD: unhandled word write 0x000000ffffffff to ICACTIVER48
(XEN) d0v0: vGICD: unhandled word write 0x000000ffffffff to ICACTIVER52
(XEN) d0v0: vGICD: unhandled word write 0x000000ffffffff to ICACTIVER56
(XEN) d0v0: vGICD: unhandled word write 0x000000ffffffff to ICACTIVER60
(XEN) d0v0: vGICD: unhandled word write 0x000000ffffffff to ICACTIVER64
(XEN) d0v0: vGICD: unhandled word write 0x000000ffffffff to ICACTIVER68
(XEN) d0v0: vGICR: SGI: unhandled word write 0x000000ffffffff to ICACTIVER0
(XEN) d0v1: vGICR: SGI: unhandled word write 0x000000ffffffff to ICACTIVER0
(XEN) d0v2: vGICR: SGI: unhandled word write 0x000000ffffffff to ICACTIVER0
(XEN) d0v3: vGICR: SGI: unhandled word write 0x000000ffffffff to ICACTIVER0
[    0.000000] Booting Linux on physical CPU 0x0000000000 [0x410fd034]
[    0.000000] Linux version 6.6.85-rt53-00977-g6208e1d0d7b5-dirty (oe-user@oe-host) (aarch64-fsl-linux-gcc (GCC) 13. (GNU Binutils) 2.42.0.20240723) #1 SMP PREEMPT Wed May 14 13:40:03 UTC 2025
[    0.000000] OF: fdt: Ignoring memory block 0xd0000000 - 0xd0000080
[    0.000000] OF: fdt: Ignoring memory block 0xd0000080 - 0xd0000100
[    0.000000] Machine model: NXP S32G2 Reference Design Board 2 (S32G-VNP-RDB2)
[    0.000000] Xen 4.18 support found
[    0.000000] OF: reserved mem: 0x0000000034400000..0x000000003447ffff (512 KiB) nomap non-reusable pfebufs@34400000
[    0.000000] OF: reserved mem: 0x0000000034480000..0x000000003449ffff (128 KiB) nomap non-reusable pfebufs@34480000
[    0.000000] OF: reserved mem: 0x0000000034520000..0x00000000345fffff (896 KiB) nomap non-reusable ipcf_shm@3452000
[    0.000000] Reserved memory: created DMA memory pool at 0x0000000083200000, size 3 MiB
[    0.000000] OF: reserved mem: initialized node pfebufs@83200000, compatible id shared-dma-pool
[    0.000000] OF: reserved mem: 0x0000000083200000..0x00000000835dffff (3968 KiB) nomap non-reusable pfebufs@8320000
[    0.000000] OF: reserved mem: 0x00000000835e0000..0x00000000835fffff (128 KiB) map non-reusable pfebufs@835e0000
[    0.000000] OF: reserved mem: 0x0000000083600000..0x000000008360ffff (64 KiB) map non-reusable pfebufs@83600000
[    0.000000] OF: reserved mem: 0x0000000084000000..0x0000000084ffffff (16384 KiB) nomap non-reusable shm@84000000
[    0.000000] OF: reserved mem: 0x00000000c0000000..0x00000000c03fffff (4096 KiB) nomap non-reusable shm@c0000000
[    0.000000] OF: reserved mem: 0x00000000c0400000..0x00000000c07fffff (4096 KiB) nomap non-reusable shm@c0400000
[    0.000000] OF: reserved mem: 0x00000000d0000000..0x00000000d000007f (0 KiB) nomap non-reusable shm@d0000000
[    0.000000] OF: reserved mem: 0x00000000d0000080..0x00000000d00000ff (0 KiB) nomap non-reusable shm@d0000080
[    0.000000] OF: reserved mem: 0x00000000fe000000..0x00000000ff3fffff (20480 KiB) nomap non-reusable optee_core@fe0
[    0.000000] OF: reserved mem: 0x00000000ff400000..0x00000000ff5fffff (2048 KiB) nomap non-reusable optee_shm@ff400
[    0.000000] OF: reserved mem: 0x00000000ff600000..0x00000000ff7fffff (2048 KiB) nomap non-reusable atf@ff600000
[    0.000000] Zone ranges:
[    0.000000]   DMA      [mem 0x0000000034400000-0x00000000ff7fffff]
[    0.000000]   DMA32    empty
[    0.000000]   Normal   empty
[    0.000000] Movable zone start for each node
[    0.000000] Early memory node ranges
[    0.000000]   node   0: [mem 0x0000000034400000-0x000000003449ffff]
[    0.000000]   node   0: [mem 0x0000000034520000-0x00000000345fffff]
[    0.000000]   node   0: [mem 0x0000000083200000-0x00000000835dffff]
[    0.000000]   node   0: [mem 0x00000000835e0000-0x000000008360ffff]
[    0.000000]   node   0: [mem 0x0000000084000000-0x0000000084ffffff]
[    0.000000]   node   0: [mem 0x0000000090000000-0x00000000bfffffff]
[    0.000000]   node   0: [mem 0x00000000c0000000-0x00000000c07fffff]
[    0.000000]   node   0: [mem 0x00000000e0000000-0x00000000efffffff]
[    0.000000]   node   0: [mem 0x00000000fe000000-0x00000000ff7fffff]
[    0.000000] Initmem setup node 0 [mem 0x0000000034400000-0x00000000ff7fffff]
[    0.000000] On node 0, zone DMA: 17408 pages in unavailable ranges
[    0.000000] On node 0, zone DMA: 128 pages in unavailable ranges
[    0.000000] On node 0, zone DMA: 27648 pages in unavailable ranges
[    0.000000] On node 0, zone DMA: 2544 pages in unavailable ranges
[    0.000000] On node 0, zone DMA: 12288 pages in unavailable ranges
[    0.000000] On node 0, zone DMA: 30720 pages in unavailable ranges
[    0.000000] On node 0, zone DMA: 24576 pages in unavailable ranges
[    0.000000] On node 0, zone DMA: 2048 pages in unavailable ranges
[    0.000000] cma: Reserved 256 MiB at 0x00000000b0000000 on node -1
[    0.000000] psci: probing for conduit method from DT.
[    0.000000] psci: PSCIv1.1 detected in firmware.
[    0.000000] psci: Using standard PSCI v0.2 function IDs
[    0.000000] psci: Trusted OS migration not required
[    0.000000] psci: SMC Calling Convention v1.2
[    0.000000] percpu: Embedded 20 pages/cpu s41768 r8192 d31960 u81920
[    0.000000] Detected VIPT I-cache on CPU0
[    0.000000] CPU features: detected: GIC system register CPU interface
[    0.000000] CPU features: detected: ARM erratum 845719
[    0.000000] CPU features: detected: NXP erratum ERR050481 (TLBI by VA handled incorrectly)
[    0.000000] CPU features: detected: ARM errata 1165522, 1319367, 1530923, or 1530924
[    0.000000] alternatives: applying boot alternatives
[    0.000000] Kernel command line: console=ttyLF0,115200 earlycon=xen earlyprintk=xen root=/dev/mmcblk0p3 rootwait re_unused
[    0.000000] Unknown kernel command line parameters "earlyprintk=xen", will be passed to user space.
[    0.000000] Dentry cache hash table entries: 262144 (order: 9, 2097152 bytes, linear)
[    0.000000] Inode-cache hash table entries: 131072 (order: 8, 1048576 bytes, linear)
[    0.000000] Built 1 zonelists, mobility grouping on.  Total pages: 271545
[    0.000000] mem auto-init: stack:all(zero), heap alloc:off, heap free:off
[    0.000000] software IO TLB: area num 4.
[    0.000000] software IO TLB: mapped [mem 0x00000000ea200000-0x00000000ee200000] (64MB)
[    0.000000] Memory: 672768K/1103424K available (10560K kernel code, 732K rwdata, 3200K rodata, 1984K init, 261K bsreserved, 262144K cma-reserved)
[    0.000000] SLUB: HWalign=64, Order=0-3, MinObjects=0, CPUs=4, Nodes=1
[    0.000000] rcu: Preemptible hierarchical RCU implementation.
[    0.000000] rcu:     RCU event tracing is enabled.
[    0.000000] rcu:     RCU restricting CPUs from NR_CPUS=8 to nr_cpu_ids=4.
[    0.000000]  Trampoline variant of Tasks RCU enabled.
[    0.000000]  Tracing variant of Tasks RCU enabled.
[    0.000000] rcu: RCU calculated value of scheduler-enlistment delay is 25 jiffies.
[    0.000000] rcu: Adjusting geometry for rcu_fanout_leaf=16, nr_cpu_ids=4
[    0.000000] NR_IRQS: 64, nr_irqs: 64, preallocated irqs: 0
[    0.000000] GICv3: 544 SPIs implemented
[    0.000000] GICv3: 0 Extended SPIs implemented
[    0.000000] Root IRQ handler: gic_handle_irq
[    0.000000] GICv3: GICv3 features: 16 PPIs
[    0.000000] GICv3: CPU0: found redistributor 0 region 0:0x0000000050880000
[    0.000000] rcu: srcu_init: Setting srcu_struct sizes based on contention.
[    0.000000] arch_timer: cp15 timer(s) running at 5.00MHz (virt).
[    0.000000] clocksource: arch_sys_counter: mask: 0xffffffffffffff max_cycles: 0x127350b88, max_idle_ns: 4407952021
[    0.000001] sched_clock: 56 bits at 5MHz, resolution 200ns, wraps every 4398046511100ns
[    0.000495] Console: colour dummy device 80x25
[    0.000540] Calibrating delay loop (skipped), value calculated using timer frequency.. 10.00 BogoMIPS (lpj=20000)
[    0.000554] pid_max: default: 32768 minimum: 301
[    0.000632] LSM: initializing lsm=capability,integrity
[    0.000756] Mount-cache hash table entries: 4096 (order: 3, 32768 bytes, linear)
[    0.000774] Mountpoint-cache hash table entries: 4096 (order: 3, 32768 bytes, linear)
[    0.001863] cacheinfo: Unable to detect cache hierarchy for CPU 0
[    0.002889] RCU Tasks: Setting shift to 2 and lim to 1 rcu_task_cb_adjust=1 rcu_task_cpu_ids=4.
[    0.003002] RCU Tasks Trace: Setting shift to 2 and lim to 1 rcu_task_cb_adjust=1 rcu_task_cpu_ids=4.
[    0.003714] xen:grant_table: Grant tables using version 1 layout
[    0.003762] Grant table initialized
[    0.003802] xen:events: Using FIFO-based ABI
[    0.003931] Xen: initializing cpu0
[    0.004133] rcu: Hierarchical SRCU implementation.
[    0.004137] rcu:     Max phase no-delay instances is 1000.
[    0.005350] smp: Bringing up secondary CPUs ...
[    0.006123] Detected VIPT I-cache on CPU1
[    0.006222] GICv3: CPU1: found redistributor 1 region 0:0x00000000508a0000
[    0.012682] Xen: initializing cpu1
[    0.012742] CPU1: Booted secondary processor 0x0000000001 [0x410fd034]
[    0.013689] Detected VIPT I-cache on CPU2
[    0.013783] GICv3: CPU2: found redistributor 2 region 0:0x00000000508c0000
[    0.020215] Xen: initializing cpu2
[    0.020274] CPU2: Booted secondary processor 0x0000000002 [0x410fd034]
[    0.021140] Detected VIPT I-cache on CPU3
[    0.021196] GICv3: CPU3: found redistributor 3 region 0:0x00000000508e0000
[    0.027606] Xen: initializing cpu3
[    0.027652] CPU3: Booted secondary processor 0x0000000003 [0x410fd034]
[    0.027811] smp: Brought up 1 node, 4 CPUs
[    0.027822] SMP: Total of 4 processors activated.
[    0.027827] CPU features: detected: 32-bit EL0 Support
[    0.027833] CPU features: detected: CRC32 instructions
[    0.027959] CPU: All CPU(s) started at EL1
[    0.027963] alternatives: applying system-wide alternatives
[    0.029549] devtmpfs: initialized
[    0.041107] clocksource: jiffies: mask: 0xffffffff max_cycles: 0xffffffff, max_idle_ns: 7645041785100000 ns
[    0.041140] futex hash table entries: 1024 (order: 4, 65536 bytes, linear)
[    0.050675] pinctrl core: initialized pinctrl subsystem
[    0.051818] NET: Registered PF_NETLINK/PF_ROUTE protocol family
[    0.053047] DMA: preallocated 128 KiB GFP_KERNEL pool for atomic allocations
[    0.053156] DMA: preallocated 128 KiB GFP_KERNEL|GFP_DMA pool for atomic allocations
[    0.053265] DMA: preallocated 128 KiB GFP_KERNEL|GFP_DMA32 pool for atomic allocations
[    0.054360] thermal_sys: Registered thermal governor 'step_wise'
[    0.054538] hw-breakpoint: found 6 breakpoint and 4 watchpoint registers.
[    0.054870] ASID allocator initialised with 65536 entries
[    0.055088] Serial: AMBA PL011 UART driver
[    0.055150] scmi_core: SCMI protocol bus registered
[    0.056620] scmi_protocol scmi_dev.1: Enabled polling mode TX channel - prot_id:16
[    0.057186] arm-scmi firmware:scmi: SCMI Notifications - Core Enabled.
[    0.057281] arm-scmi firmware:scmi: SCMI Protocol v2.0 'NXP:S32G274A' Firmware version 0x0
[    0.068154] /soc/siul2@4009c000/siul2-pinctrl@4009c240: Fixed dependency cycle(s) with /soc/siul2@4009c000/siul2-pc240/jtag_pins
[    0.078881] Modules: 28544 pages in range for non-PLT usage
[    0.078894] Modules: 520064 pages in range for PLT usage
[    0.079807] HugeTLB: registered 1.00 GiB page size, pre-allocated 0 pages
[    0.079816] HugeTLB: 0 KiB vmemmap can be freed for a 1.00 GiB page
[    0.079822] HugeTLB: registered 32.0 MiB page size, pre-allocated 0 pages
[    0.079826] HugeTLB: 0 KiB vmemmap can be freed for a 32.0 MiB page
[    0.079832] HugeTLB: registered 2.00 MiB page size, pre-allocated 0 pages
[    0.079837] HugeTLB: 0 KiB vmemmap can be freed for a 2.00 MiB page
[    0.079842] HugeTLB: registered 64.0 KiB page size, pre-allocated 0 pages
[    0.079847] HugeTLB: 0 KiB vmemmap can be freed for a 64.0 KiB page
[    0.091655] xen:balloon: Initialising balloon driver
[    0.092514] SCSI subsystem initialized
[    0.092723] usbcore: registered new interface driver usbfs
[    0.092754] usbcore: registered new interface driver hub
[    0.092795] usbcore: registered new device driver usb
[    0.093743] pps_core: LinuxPPS API ver. 1 registered
[    0.093748] pps_core: Software ver. 5.3.6 - Copyright 2005-2007 Rodolfo Giometti <giometti@linux.it>
[    0.093765] PTP clock support registered
[    0.095325] vgaarb: loaded
[    0.095843] clocksource: Switched to clocksource arch_sys_counter
[    0.108079] NET: Registered PF_INET protocol family
[    0.108329] IP idents hash table entries: 32768 (order: 6, 262144 bytes, linear)
[    0.110356] tcp_listen_portaddr_hash hash table entries: 1024 (order: 2, 16384 bytes, linear)
[    0.110389] Table-perturb hash table entries: 65536 (order: 6, 262144 bytes, linear)
[    0.110403] TCP established hash table entries: 16384 (order: 5, 131072 bytes, linear)
[    0.110605] TCP bind hash table entries: 16384 (order: 7, 524288 bytes, linear)
[    0.111168] TCP: Hash tables configured (established 16384 bind 16384)
[    0.111325] UDP hash table entries: 1024 (order: 3, 32768 bytes, linear)
[    0.111382] UDP-Lite hash table entries: 1024 (order: 3, 32768 bytes, linear)
[    0.111637] NET: Registered PF_UNIX/PF_LOCAL protocol family
[    0.112422] RPC: Registered named UNIX socket transport module.
[    0.112429] RPC: Registered udp transport module.
[    0.112432] RPC: Registered tcp transport module.
[    0.112435] RPC: Registered tcp-with-tls transport module.
[    0.112439] RPC: Registered tcp NFSv4.1 backchannel transport module.
[    0.112456] PCI: CLS 0 bytes, default 64
[    0.113812] Initialise system trusted keyrings
[    0.114074] workingset: timestamp_bits=46 max_order=18 bucket_order=0
[    0.114866] fuse: init (API version 7.39)
[    0.115216] NET: Registered PF_ALG protocol family
[    0.115231] Key type asymmetric registered
[    0.115239] Asymmetric key parser 'x509' registered
[    0.115284] Block layer SCSI generic (bsg) driver version 0.4 loaded (major 247)
[    0.115478] io scheduler mq-deadline registered
[    0.115485] io scheduler kyber registered
[    0.115510] io scheduler bfq registered
[    0.120035] s32cc-siul2-pinctrl 4009c240.siul2-pinctrl: initialized s32 pinctrl driver
[    0.121816] s32cc-siul2-gpio 4009d700.siul2-gpio: No cache defaults, reading back from HW
[    0.121972] s32cc-siul2-gpio 4009d700.siul2-gpio: No cache defaults, reading back from HW
[    0.122488] gpio gpiochip0: Static allocation of GPIO base is deprecated, use dynamic allocation.
[    0.123626] s32cc-siul2-gpio 4009d700.siul2-gpio: No cache defaults, reading back from HW
[    0.123706] s32cc-siul2-gpio 4009d700.siul2-gpio: No cache defaults, reading back from HW
[    0.125751] xen:xen_evtchn: Event-channel device installed
[    0.129377] 401c8000.serial: ttyLF0 at MMIO 0x401c8000 (irq = 22, base_baud = 7812500) is a FSL_LINFLEX
[    0.129441] printk: legacy console [ttyLF0] enabled
[    1.384565] 401cc000.serial: ttyLF1 at MMIO 0x401cc000 (irq = 23, base_baud = 7812500) is a FSL_LINFLEX
[    1.396820] s32cc_fccu 4030c000.fccu: FCCU status is 0 (normal)
[    1.406025] sja1110-sw@1 enforce active low on GPIO handle
[    1.415210] spi-nor spi6.0: mx25uw51245g (65536 Kbytes)
[    1.421335] 8 fixed-partitions partitions found on MTD device 0.spi
[    1.427727] Creating 8 MTD partitions on "0.spi":
[    1.432511] 0x000000000000-0x000004000000 : "Flash-Image"
[    1.438546] 0x000000000000-0x0000000d0000 : "BL2"
[    1.443760] 0x0000000d0000-0x0000002a0000 : "FIP"
[    1.448962] 0x0000002a0000-0x0000002b0000 : "U-Boot-Env"
[    1.454798] 0x0000002b0000-0x000001380000 : "Kernel"
[    1.460282] 0x000001380000-0x0000013b0000 : "DTB"
[    1.465500] 0x0000013b0000-0x0000032c0000 : "Rootfs"
[    1.470988] 0x0000032c0000-0x000004000000 : "PFE-Firmware"
[    1.479276] vcan: Virtual CAN interface driver
[    1.483857] slcan: serial line CAN interface driver
[    1.488818] CAN device driver interface
[    1.494167] flexcan 401b4000.can: device registered (reg_base=(____ptrval____), irq(s):
[    1.502329] flexcan 401b4000.can:  28
[    1.506061] flexcan 401b4000.can:  29
[    1.509785] flexcan 401b4000.can:  30
[    1.513508] flexcan 401b4000.can:  31
[    1.517228] flexcan 401b4000.can: )
[    1.521943] flexcan 401be000.can: device registered (reg_base=(____ptrval____), irq(s):
[    1.530112] flexcan 401be000.can:  32
[    1.533842] flexcan 401be000.can:  33
[    1.537565] flexcan 401be000.can:  34
[    1.541289] flexcan 401be000.can:  35
[    1.545010] flexcan 401be000.can: )
[    1.548947] e100: Intel(R) PRO/100 Network Driver
[    1.553726] e100: Copyright(c) 1999-2006 Intel Corporation
[    1.559334] e1000: Intel(R) PRO/1000 Network Driver
[    1.564288] e1000: Copyright (c) 1999-2006 Intel Corporation.
[    1.570159] e1000e: Intel(R) PRO/1000 Network Driver
[    1.575200] e1000e: Copyright(c) 1999 - 2015 Intel Corporation.
[    1.581239] igb: Intel(R) Gigabit Ethernet Network Driver
[    1.586719] igb: Copyright (c) 2007-2014 Intel Corporation.
[    1.592951] xen_netfront: Initialising Xen virtual ethernet driver
[    1.600726] hse-uio 40210000.mu0b: standard firmware, version 2.64.0
[    1.607225] hse-uio 40210000.mu0b: successfully registered device
[    1.614120] usbcore: registered new interface driver uas
[    1.619576] usbcore: registered new interface driver usb-storage
[    1.626925] imx_usb 44064000.usb: No over current polarity defined
[    1.634399] ci_hdrc ci_hdrc.0: EHCI Host Controller
[    1.639657] ci_hdrc ci_hdrc.0: new USB bus registered, assigned bus number 1
[    1.659852] ci_hdrc ci_hdrc.0: USB 2.0 started, EHCI 1.00
[    1.665753] usb usb1: New USB device found, idVendor=1d6b, idProduct=0002, bcdDevice= 6.06
[    1.674171] usb usb1: New USB device strings: Mfr=3, Product=2, SerialNumber=1
[    1.681516] usb usb1: Product: EHCI Host Controller
[    1.686471] usb usb1: Manufacturer: Linux 6.6.85-rt53-00977-g6208e1d0d7b5-dirty ehci_hcd
[    1.694695] usb usb1: SerialNumber: ci_hdrc.0
[    1.699726] hub 1-0:1.0: USB hub found
[    1.703613] hub 1-0:1.0: 1 port detected
[    1.709989] s32cc-rtc 40060000.rtc: registered as rtc0
[    1.715307] s32cc-rtc 40060000.rtc: setting system clock to 1970-01-01T00:00:00 UTC (0)
[    1.723664] i2c_dev: i2c /dev entries driver
[    1.728718] s32cc-wdt 4010c000.watchdog: S32CC Watchdog Timer Registered. timeout=30s (nowayout=0)
[    1.739092] s32cc-wdt 40200000.watchdog: S32CC Watchdog Timer Registered. timeout=30s (nowayout=0)
[    1.748437] s32cc-wdt 40204000.watchdog: S32CC Watchdog Timer Registered. timeout=30s (nowayout=0)
[    1.757795] s32cc-wdt 40208000.watchdog: S32CC Watchdog Timer Registered. timeout=30s (nowayout=0)
[    1.767416] scmi-cpufreq scmi_dev.5: scmi_cpufreq_probe: registering cpufreq failed, err: -19
[    1.776539] sdhci: Secure Digital Host Controller Interface driver
[    1.782829] sdhci: Copyright(c) Pierre Ossman
[    1.787260] sdhci-pltfm: SDHCI platform and OF driver helper
[    1.793435] SMCCC: SOC_ID: ARCH_SOC_ID not implemented, skipping ....
[    1.800323] usbcore: registered new interface driver usbhid
[    1.806036] usbhid: USB HID core driver
[    1.822282] s32-adc 401f8000.adc: using dma0chan4 for ADC DMA transfers
[    1.824422] mmc0: SDHCI controller on 402f0000.mmc [402f0000.mmc] using ADMA
[    1.829694] s32-adc 401f8000.adc: Device initialized successfully.
[    1.850170] s32-adc 402e8000.adc: using dma1chan16 for ADC DMA transfers
[    1.857626] s32-adc 402e8000.adc: Device initialized successfully.
[    1.866045] s32-siul2-nvmem 4009c000.nvram: Initialized s32cc siul2 nvmem driver
[    1.873846] s32-siul2-nvmem 44010000.nvram: Initialized s32cc siul2 nvmem driver
[    1.881684] optee: probing for conduit method.
I/dr
    [   1.886282] optee: revision 4.0
[    1.887040] optee: dynamic shared memory is enabled
[    1.895850] optee: initialized driver
[    1.900605] NET: Registered PF_INET6 protocol family
[    1.906860] Segment Routing with IPv6
[    1.910688] In-situ OAM (IOAM) with IPv6
[    1.914831] sit: IPv6, IPv4 and MPLS over IPv4 tunneling driver
[    1.920889] mmc0: new high speed SDHC card at address 0001
[    1.921492] NET: Registered PF_PACKET protocol family
[    1.927310] mmcblk0: mmc0:0001 BB1QT 29.8 GiB
[    1.931669] Bridge firewalling registered
[    1.940407] can: controller area network core
[    1.944908]  mmcblk0: p1 p2 p3 p4 < p5 >
[    1.944948] NET: Registered PF_CAN protocol family
[    1.953787] can: raw protocol
[    1.956821] can: broadcast manager protocol
[    1.961081] can: netlink gateway - max_hops=1
[    1.965784] 8021q: 802.1Q VLAN Support v1.8
[    1.978088] Loading compiled-in X.509 certificates
[    1.998347] i2c i2c-0: using pinctrl states for GPIO recovery
[    2.004339] i2c i2c-0: using generic GPIOs for recovery
[    2.010435] pca953x 0-0022: using AI
[    2.023538] rtc-pcf85063 0-0051: registered as rtc1
[    2.028591] i2c i2c-0: IMX I2C adapter registered
[    2.033423] i2c i2c-0: using dma0chan5 (tx) and dma0chan6 (rx) for DMA transfers
[    2.041908] i2c i2c-2: using pinctrl states for GPIO recovery
[    2.047890] i2c i2c-2: using generic GPIOs for recovery
[    2.053296] i2c i2c-2: IMX I2C adapter registered
[    2.058133] i2c i2c-2: using dma1chan17 (tx) and dma1chan18 (rx) for DMA transfers
[    2.066755] i2c i2c-4: using pinctrl states for GPIO recovery
[    2.072694] i2c i2c-4: using generic GPIOs for recovery
[    2.079940] ina2xx 4-0040: power monitor ina231 (Rshunt = 1000 uOhm)
[    2.086457] i2c i2c-4: IMX I2C adapter registered
[    2.091308] i2c i2c-4: using dma1chan19 (tx) and dma1chan20 (rx) for DMA transfers
[    2.099706] phy-s32cc-serdes 40480000.serdes: Using mode 0 for SerDes subsystem
[    2.308963] s32cc-pcie 40400000.pcie: Failed to stabilize PHY link
[    2.315269] s32cc-pcie 40400000.pcie: Configuring as RootComplex
[    2.321590] s32cc-pcie 40400000.pcie: Allocated line 0 for interrupt 46 (msi)
[    2.328904] s32cc-pcie 40400000.pcie: host bridge /soc/pcie@40400000 ranges:
[    2.336103] s32cc-pcie 40400000.pcie:       IO 0x5ffffe0000..0x5ffffeffff -> 0x0000000000
[    2.344429] s32cc-pcie 40400000.pcie:      MEM 0x5800000000..0x5ffffdffff -> 0x0000000000
[    2.352776] s32cc-pcie 40400000.pcie: Memory resource size exceeds max for 32 bits
[    3.360807] s32cc-pcie 40400000.pcie: Phy link never came up
[    3.366576] s32cc-pcie 40400000.pcie: Link Up failed, EndPoint may not be connected
[    3.374463] s32cc-pcie 40400000.pcie: iATU: unroll T, 6 ob, 4 ib, align 4K, limit 1024G
[    4.382978] s32cc-pcie 40400000.pcie: Phy link never came up
[    4.388746] s32cc-pcie 40400000.pcie: Link Up failed, EndPoint may not be connected
[    5.392173] s32cc-pcie 40400000.pcie: Phy link never came up
[    5.398566] s32cc-pcie 40400000.pcie: PCI host bridge to bus 0000:00
[    5.405083] pci_bus 0000:00: root bus resource [bus 00-ff]
[    5.410661] pci_bus 0000:00: root bus resource [io  0x0000-0xffff]
[    5.416940] pci_bus 0000:00: root bus resource [mem 0x5800000000-0x5ffffdffff] (bus address [0x00000000-0x7fffdfff
[    5.427747] pci 0000:00:00.0: [1957:4002] type 01 class 0x060400
[    5.433872] pci 0000:00:00.0: reg 0x10: [mem 0x5800000000-0x58000fffff]
[    5.440602] pci 0000:00:00.0: reg 0x38: [mem 0x5800000000-0x580000ffff pref]
[    5.447869] pci 0000:00:00.0: supports D1
[    5.451947] pci 0000:00:00.0: PME# supported from D0 D1 D3hot D3cold
(XEN) xen-source/xen/arch/arm/physdev.c:20:d0v2 PHYSDEVOP cmd=25: not implemented
(XEN) xen-source/xen/arch/arm/physdev.c:20:d0v2 PHYSDEVOP cmd=15: not implemented
[    5.473379] pci 0000:00:00.0: Failed to add - passthrough or MSI/MSI-X might fail!
[    5.484708] pci 0000:00:00.0: BAR 0: assigned [mem 0x5800000000-0x58000fffff]
[    5.491971] pci 0000:00:00.0: BAR 6: assigned [mem 0x5800100000-0x580010ffff pref]
[    5.499675] pci 0000:00:00.0: PCI bridge to [bus 01-ff]
[    5.505415] pcieport 0000:00:00.0: PME: Signaling with IRQ 47
[    5.512846] s32cc-dwmac 4033c000.ethernet: IRQ eth_wake_irq not found
[    5.519407] s32cc-dwmac 4033c000.ethernet: IRQ eth_lpi not found
[    5.526622] s32cc-dwmac 4033c000.ethernet: User ID: 0x10, Synopsys ID: 0x51
[    5.533721] s32cc-dwmac 4033c000.ethernet:   DWMAC4/5
[    5.538772] s32cc-dwmac 4033c000.ethernet: DMA HW capability register supported
[    5.546197] s32cc-dwmac 4033c000.ethernet: RX Checksum Offload Engine supported
[    5.553616] s32cc-dwmac 4033c000.ethernet: TX Checksum insertion supported
[    5.560593] s32cc-dwmac 4033c000.ethernet: Wake-Up On Lan supported
[    5.567023] s32cc-dwmac 4033c000.ethernet: Enable RX Mitigation via HW Watchdog Timer
[    5.574973] s32cc-dwmac 4033c000.ethernet: Enabled L3L4 Flow TC (entries=8)
[    5.582040] s32cc-dwmac 4033c000.ethernet: Enabled RFS Flow TC (entries=10)
[    5.589119] s32cc-dwmac 4033c000.ethernet: Enabling HW TC (entries=256, max_off=256)
[    5.596982] s32cc-dwmac 4033c000.ethernet: Using 32/32 bits DMA host/device width
[    5.613057] hwmon hwmon1: temp1_input not attached to any thermal zone
[    5.622724] qoriq_thermal 400a8000.tmu: Critical rising/falling temperature threshold = 5 degree(s)
[    5.637437] nxp_s32cc_ddr_perf 403e0000.ddr-perf: probing device
[    5.644055] nxp_s32cc_ddr_perf 403e0000.ddr-perf: device initialized successfully
[    5.652120] clk: Not disabling unused clocks
[    5.769819] EXT4-fs (mmcblk0p3): mounted filesystem 265fab8b-a7f9-460c-9401-783470da9e9a r/w with ordered data modde: disabled.
[    5.782054] VFS: Mounted root (ext4 filesystem) on device 179:3.
[    5.788790] devtmpfs: mounted
[    5.792271] Freeing unused kernel memory: 1984K
[    5.796712] Run /sbin/init as init process
INIT: version 3.04 booting
Starting udev
[    6.624295] udevd[128]: starting version 3.2.14
[   14.135859] random: crng init done
[   14.179712] udevd[131]: starting eudev-3.2.14
[   14.372658] pfeng_slave: loading out-of-tree module taints kernel.
[   14.386063] pfeng-slave 46000000.pfe_slave: PFEng ethernet driver loading ...
[   14.393314] hse 40211000.mu1b: standard firmware, version 0.0.0
[   14.395195] pfeng-slave 46000000.pfe_slave: Version: 1.9.0
[   14.402126] hse 40211000.mu1b: registered algs sha1,hmac(sha1)
[   14.411985] pfeng-slave 46000000.pfe_slave: Driver commit hash: M4_DRIVER_COMMIT_HASH
[   14.414827] hse 40211000.mu1b: registered algs sha224,hmac(sha224)
[   14.419492] pfeng-slave 46000000.pfe_slave: Multi instance support: SLAVE/mdetect=on
[   14.427635] hse 40211000.mu1b: registered algs sha256,hmac(sha256)
[   14.433569] pfeng-slave 46000000.pfe_slave: Compiled by: 13.3.0
[   14.440701] hse 40211000.mu1b: registered algs sha384,hmac(sha384)
[   14.446141] pfeng-slave 46000000.pfe_slave: Cbus addr 0x46000000 size 0x1000000
[   14.451610] hse 40211000.mu1b: registered algs sha512,hmac(sha512)
[   14.458924] pfeng-slave 46000000.pfe_slave: IHC channel: 3
[   14.464997] hse 40211000.mu1b: registered alg ctr(aes)
[   14.470460] pfeng-slave 46000000.pfe_slave: MASTER IHC channel: 0
[   14.475585] hse 40211000.mu1b: registered alg cbc(aes)
[   14.481665] pfeng-slave 46000000.pfe_slave: netif name: pfe0sl
[   14.486784] hse 40211000.mu1b: registered alg ecb(aes)
[   14.492594] pfeng-slave 46000000.pfe_slave: DT mac addr: 00:04:9f:be:ff:00
[   14.497719] hse 40211000.mu1b: registered alg cfb(aes)
[   14.504576] pfeng-slave 46000000.pfe_slave: netif(pfe0sl) linked phyif: 0
[   14.509701] hse 40211000.mu1b: registered alg ofb(aes)
[   14.516465] pfeng-slave 46000000.pfe_slave: netif(pfe0sl) mode: std
[   14.521593] hse 40211000.mu1b: registered alg gcm(aes)
[   14.527971] pfeng-slave 46000000.pfe_slave: netif(pfe0sl) HIFs: count 1 map 08
[   14.533180] hse 40211000.mu1b: registered hwrng-hse
[   14.540167] pfeng-slave 46000000.pfe_slave: netif name: pfe1sl
[   14.545020] hse 40211000.mu1b: device ready, status 0x4F20
[   14.550836] pfeng-slave 46000000.pfe_slave: DT mac addr: 00:04:9f:be:ff:01
[   14.563178] pfeng-slave 46000000.pfe_slave: netif(pfe1sl) linked phyif: 1
[   14.569957] pfeng-slave 46000000.pfe_slave: netif(pfe1sl) mode: std
[   14.576249] pfeng-slave 46000000.pfe_slave: netif(pfe1sl) HIFs: count 1 map 08
[   14.583413] pfeng-slave 46000000.pfe_slave: netif name: pfe2sl
[   14.589234] pfeng-slave 46000000.pfe_slave: DT mac addr: 00:04:9f:be:ff:02
[   14.596080] pfeng-slave 46000000.pfe_slave: netif(pfe2sl) linked phyif: 2
[   14.602834] pfeng-slave 46000000.pfe_slave: netif(pfe2sl) mode: std
[   14.609088] pfeng-slave 46000000.pfe_slave: netif(pfe2sl) HIFs: count 1 map 08
[   14.616313] pfeng-slave 46000000.pfe_slave: netif name: aux0sl
[   14.622158] pfeng-slave 46000000.pfe_slave: DT mac addr: 00:04:9f:be:ff:80
[   14.628971] pfeng-slave 46000000.pfe_slave: netif(aux0sl) no linked phyif in AUX mode
[   14.636807] pfeng-slave 46000000.pfe_slave: netif(aux0sl) mode: aux
[   14.643051] pfeng-slave 46000000.pfe_slave: netif(aux0sl) HIFs: count 1 map 08
[   14.650243] pfeng-slave 46000000.pfe_slave: HIF channels mask: 0x0008
[   14.656684] pfeng-slave 46000000.pfe_slave: Wait for PFE controller UP ...
[   14.663551] pfeng-slave 46000000.pfe_slave: PFE controller UP detected
[   14.670102] pfeng-slave 46000000.pfe_slave: PFE port coherency enabled, mask 0x1e
[   14.677622] pfeng-slave 46000000.pfe_slave: assigned reserved memory node pfebufs@83600000
[   14.685806] pfeng-slave 46000000.pfe_slave: PFE CBUS p0x00000000fc48b146 mapped @ v0xffffffc082000000
[   14.695114] pfeng-slave 46000000.pfe_slave: Wait for Master UP ...
[   14.701143] pfeng-slave 46000000.pfe_slave: Detected Master UP
[   14.706981] pfeng-slave 46000000.pfe_slave: HIF3 is in clean state
[   14.713331] pfeng-slave 46000000.pfe_slave: HIF0 not configured, skipped
[   14.719810] pfeng-slave 46000000.pfe_slave: HIF1 not configured, skipped
[   14.726500] pfeng-slave 46000000.pfe_slave: HIF2 not configured, skipped
[   14.733696] pfeng-slave 46000000.pfe_slave: HIF3 enabled
[   14.738658] pfeng-slave 46000000.pfe_slave: HIF3 started
[   14.743924] pfeng-slave 46000000.pfe_slave: IDEX-slave @ master-interface 6
[   14.750879] pfeng-slave 46000000.pfe_slave: IHC client registered
[   14.765015] pfeng-slave 46000000.pfe_slave: IDEX: v2 protocol used, Resend:count=10,delay=100,100ms
[   14.773694] pfeng-slave 46000000.pfe_slave: IDEX RPC installed on HIF3
[   14.780193] pfeng-slave 46000000.pfe_slave: MDIO bus 0 disabled: Not found in DT
[   14.787575] pfeng-slave 46000000.pfe_slave: MDIO bus 1 disabled: Not found in DT
[   14.794946] pfeng-slave 46000000.pfe_slave: MDIO bus 2 disabled: Not found in DT
[   14.802353] pfeng-slave 46000000.pfe_slave pfe0sl (uninitialized): Subscribe to HIF3
[   14.810087] pfeng-slave 46000000.pfe_slave pfe1sl (uninitialized): Subscribe to HIF3
[   14.810103] pfeng-slave 46000000.pfe_slave pfe0sl (uninitialized): Host LLTX disabled
[   14.817775] pfeng-slave 46000000.pfe_slave pfe2sl (uninitialized): Subscribe to HIF3
[   14.817797] pfeng-slave 46000000.pfe_slave aux0sl (uninitialized): Subscribe to HIF3
[   14.964241] EXT4-fs (mmcblk0p3): re-mounted 265fab8b-a7f9-460c-9401-783470da9e9a r/w. Quota mode: disabled.
[   14.993821] pfeng-slave 46000000.pfe_slave pfe0sl (uninitialized): Enable HIF3
[   15.000693] pfeng-slave 46000000.pfe_slave pfe0sl (uninitialized): setting MAC addr: 00:04:9f:be:ff:00
[   15.125451] cfg80211: Loading compiled-in X.509 certificates for regulatory database
[   15.149162] Loaded X.509 cert 'sforshee: 00b28ddf47aef9cea7'
[   15.155370] Loaded X.509 cert 'wens: 61c038651aabdcf94bd0ac7ff06c7248db18c600'
[   15.167303] pfeng-slave 46000000.pfe_slave pfe0sl (uninitialized): PTP HW addend 0x80000000, max_adj configured topb
[   15.178423] pfeng-slave 46000000.pfe_slave: IEEE1588: Input Clock: 200000000Hz, Output: 100000000Hz, Accuracy: 10.
[   15.190951] pfeng-slave 46000000.pfe_slave: ERR: (DRIVER) event 1 - Driver runtime error: [pfeng-ptp.c:241] Failedr PTP clock on EMAC0
[   15.204692] pfeng-slave 46000000.pfe_slave pfe0sl: registered
[   15.210106] pfeng-slave 46000000.pfe_slave pfe1sl (uninitialized): Host LLTX disabled
[   15.282131] pfeng-slave 46000000.pfe_slave pfe1sl (uninitialized): Enable HIF3
[   15.288985] pfeng-slave 46000000.pfe_slave pfe1sl (uninitialized): setting MAC addr: 00:04:9f:be:ff:01
[   15.308431] wlan: Loading MWLAN driver
[   15.312534] wlan: Register to Bus Driver...
[   15.316470] wlan: Register to Bus Driver Done
[   15.320639] wlan: Driver loaded successfully
[   15.353516] SPI driver sja1110 has no spi_device_id for nxp,sja1110-switch
[   15.360017] SPI driver sja1110 has no spi_device_id for nxp,sja1110-uc
[   15.366628] sja1110 spi5.0: probing uc
[   15.370424] sja1110 spi5.1: probing switch
[   15.374711] sja1110 spi5.1: Could not get GPIO from device tree
[   15.382046] sja1110 spi5.1: [sja1110_post_probe_upload_worker] Trying to initialize switch
[   15.391912] sja1110 spi5.1: [sja1110_init_hw] loaded fw 'sja1110_switch.bin'
[   15.398797] sja1110 spi5.1: [sja1110_pre_switch_upload] Found switch config of size 2236
[   15.406910] sja1110 spi5.1: Uploading config...
Altering [   15.453530] sja1110 spi5.1: Successfully configured!
t[   15.453549] pfeng-slave 46000000.pfe_slave pfe1sl (uninitialized): PTP HW addend 0x80000000, max_adj configured tppb
h[   15.458619] sja1110 spi5.0: [sja1110_post_probe_upload_worker] Trying to initialize uC
e[   15.470146] pfeng-slave 46000000.pfe_slave: IEEE1588: Input Clock: 200000000Hz, Output: 100000000Hz, Accuracy: 10
 [   15.472155] pfeng-slave 46000000.pfe_slave: ERR: (DRIVER) event 1 - Driver runtime error: [pfeng-ptp.c:241] Faileer PTP clock on EMAC1
p[   15.493137] sja1110 spi5.0: [sja1110_init_hw] loaded fw 'sja1110_uc.bin'
a[   15.502736] pfeng-slave 46000000.pfe_slave pfe1sl: registered
r[   15.508682] sja1110 spi5.0: [sja1110_pre_uc_upload] Found firmware of size 320280
t[   15.514509] pfeng-slave 46000000.pfe_slave pfe2sl (uninitialized): Host LLTX disabled
i[   15.523320] sja1110 spi5.0: [sja1110_pre_uc_upload] firmware appears to be valid
tion table..[   15.538365] sja1110 spi5.0: [sja1110_pre_uc_upload] ÂµC not ready for download (Status=0x31)
.
[   15.547186] sja1110 spi5.0: Uploading firmware...
[   15.625167] pfeng-slave 46000000.pfe_slave pfe2sl (uninitialized): Enable HIF3
[   15.632012] pfeng-slave 46000000.pfe_slave pfe2sl (uninitialized): setting MAC addr: 00:04:9f:be:ff:02
[   15.798611] pfeng-slave 46000000.pfe_slave pfe2sl (uninitialized): PTP HW addend 0x80000000, max_adj configured topb
[   15.809758] pfeng-slave 46000000.pfe_slave: IEEE1588: Input Clock: 200000000Hz, Output: 100000000Hz, Accuracy: 10.
[   15.822301] pfeng-slave 46000000.pfe_slave: ERR: (DRIVER) event 1 - Driver runtime error: [pfeng-ptp.c:241] Failedr PTP clock on EMAC2
[   15.835918] pfeng-slave 46000000.pfe_slave pfe2sl: registered
[   15.841310] pfeng-slave 46000000.pfe_slave aux0sl (uninitialized): Host LLTX disabled
[   15.913318] pfeng-slave 46000000.pfe_slave aux0sl (uninitialized): Enable HIF3
[   15.920656] pfeng-slave 46000000.pfe_slave aux0sl: checksum offload not possible for AUX interface
[   15.929603] pfeng-slave 46000000.pfe_slave aux0sl: registered
[   16.856635] sja1110 spi5.0: Upload successfully verified!
fsl-image-goldvi: 27009/510976 files (0.1% non-contiguous), 417227/510976 blocks
resize2fs 1.47.0 (5-Feb-2023)
Resizing the filesystem on /dev/mmcblk0p5 to 1337344 (4k) blocks.
The filesystem on /dev/mmcblk0p5 is now 1337344 (4k) blocks long.

update-rc.d: /etc/init.d/sdcard-partitioning exists during rc.d purge (continuing)
 Removing any system startup links for sdcard-partitioning ...
  /etc/rcS.d/S30sdcard-partitioning
Fri May 30 07:27:37 UTC 2025
INIT: Entering runlevel: 5
Configuring network interfaces... ifup: interface lo already configured
[   23.144941] s32cc-dwmac 4033c000.ethernet eth0: Register MEM_TYPE_PAGE_POOL RxQ-0
[   23.152527] s32cc-dwmac 4033c000.ethernet eth0: Register MEM_TYPE_PAGE_POOL RxQ-1
[   23.160170] s32cc-dwmac 4033c000.ethernet eth0: Register MEM_TYPE_PAGE_POOL RxQ-2
[   23.167650] s32cc-dwmac 4033c000.ethernet eth0: Register MEM_TYPE_PAGE_POOL RxQ-3
[   23.175102] s32cc-dwmac 4033c000.ethernet eth0: Register MEM_TYPE_PAGE_POOL RxQ-4
[   23.251008] s32cc-dwmac 4033c000.ethernet eth0: PHY [stmmac-0:01] driver [Micrel KSZ9031 Gigabit PHY] (irq=POLL)
[   23.270849] dwmac4: Master AXI performs any burst length
[   23.275864] s32cc-dwmac 4033c000.ethernet eth0: Enabling Safety Features
[   23.282527] s32cc-dwmac 4033c000.ethernet eth0: IEEE 1588-2008 Advanced Timestamp supported
[   23.291129] s32cc-dwmac 4033c000.ethernet eth0: registered PTP clock
[   23.297774] s32cc-dwmac 4033c000.ethernet eth0: FPE workqueue start
[   23.303661] s32cc-dwmac 4033c000.ethernet eth0: configuring for phy/rgmii-id link mode
[   23.315072] 8021q: adding VLAN 0 to HW filter on device eth0
[   23.389537] xenbr0: port 1(eth0) entered blocking state
[   23.394444] xenbr0: port 1(eth0) entered disabled state
[   23.399664] s32cc-dwmac 4033c000.ethernet eth0: entered allmulticast mode
[   23.406720] s32cc-dwmac 4033c000.ethernet eth0: entered promiscuous mode
dhcpcd-10.0.6 starting
[   23.987519] pfeng-slave 46000000.pfe_slave aux0sl: HIF3 already enabled
done.
Starting system message bus: dbus.
Starting OP-TEE Supplicant: tee-supplicant.
Starting OpenBSD Secure Shell server: sshd
Starting rpcbind daemon...  generating ssh RSA host key...
done.
starting statd: done
Starting atd: OK
Error: There is no config file for conntrackd
starting DNS forwarder and DHCP server: dnsmasq... done.
Starting irqbalance: done
Starting network benchmark server: netserver.
Starting ntpd: done
Starting system log daemon...0
Starting internet superserver: xinetd.
Starting random number generator daemon.
Starting telemetry service
Starting /usr/sbin/xenstored...
Setting domain 0 name, domid and JSON config...
Done setting up Dom0
Starting xenconsoled...
Starting QEMU as disk backend for dom0
qemu-system-aarch64: unsupported machine type
Use -machine help to list supported machines
Starting domain watchdog daemon: xenwatchdogd startup

Starting auto Xen domains: V2Xdomu.cfgI/TC: Added guest 2
(XEN) xen-source/xen/common/memory.c:278:d0v3 Could not allocate order=18 extent: id=1 memflags=0xc0 (1 of 2)
(XEN) xen-source/xen/common/memory.c:278:d0v3 Could not allocate order=18 extent: id=1 memflags=0xc0 (0 of 1)
(XEN) d1v0 Unhandled SMC/HVC: 0x84000050
(XEN) d1v0 Unhandled SMC/HVC: 0x8600ff01
(XEN) d1v0: vGICD: RAZ on reserved register offset 0x00000c
(XEN) d1v0: vGICR: SGI: unhandled word write 0x000000ffffffff to ICACTIVER0
(XEN) d1v1: vGICR: SGI: unhandled word write 0x000000ffffffff to ICACTIVER0
I/TC: Reserved shared memory is enabled
I/TC: Dynamic shared memory is enabled
I/TC: Normal World virtualization support is enabled
I/TC: Asynchronous notifications are disabled
(XEN) xen-source/xen/common/grant_table.c:1909:d1v0 Expanding d1 grant table from 1 to 2 frames
(XEN) xen-source/xen/common/grant_table.c:1909:d1v0 Expanding d1 grant table from 2 to 3 frames
(XEN) xen-source/xen/common/grant_table.c:1909:d1v0 Expanding d1 grant table from 3 to 4 frames
(XEN) xen-source/xen/common/grant_table.c:1909:d1v0 Expanding d1 grant table from 4 to 5 frames
(XEN) gnttab_mark_dirty not implemented yet
  generating ssh ECDSA host key...
  generating ssh ED25519 host key...
done.
(XEN) xen-source/xen/common/grant_table.c:1909:d1v0 Expanding d1 grant table from 5 to 6 frames
(XEN) xen-source/xen/common/grant_table.c:1909:d1v0 Expanding d1 grant table from 6 to 7 frames
[done]
Configuring the PFE physical and logical interfaces
Starting AVTP listener service
Initializing all CAN interfaces
Starting crond: OK
Starting the k3s agent
Starting aws-iot-fleetwise-edge service

GoldVIP 1.14.0 (based on Auto Linux BSP 44.0) s32g274ardb2 hvc0

s32g274ardb2 login:
GoldVIP 1.14.0 (based on Auto Linux BSP 44.0) s32g274ardb2 ttyLF0

s32g274ardb2 login: root
root@s32g274ardb2:~# (XEN) xen-source/xen/common/grant_table.c:1909:d1v1 Expanding d1 grant table from 7 to 8 frames
(XEN) xen-source/xen/common/grant_table.c:1909:d1v1 Expanding d1 grant table from 8 to 9 frames
^C
root@s32g274ardb2:~# #
root@s32g274ardb2:~#
root@s32g274ardb2:~# #
root@s32g274ardb2:~# #
root@s32g274ardb2:~# #
root@s32g274ardb2:~#
root@s32g274ardb2:~# ls
benchmark  can-gw  cloud-gw  containers  dds  eth-gw  fleetwise  ota
root@s32g274ardb2:~# cd containers/
root@s32g274ardb2:~/containers# ls
goldvip-update-agents.yaml
root@s32g274ardb2:~/containers# ^C
root@s32g274ardb2:~/containers# bootloader 0x2 ComDal_Init() done.
bootloader 0x2 Bootloader safety checks finished
bootloader 0x2 Bootloader secure boot is enabled.
bootloader 0x2 Bootloader initialization complete.
bootloader 0x2 Application 0 image fragment 0 of size 225280 was loaded from QSPI, address 0x201240.
bootloader 0x2 Application 0 image fragment 0 was loaded in 10.327 milliseconds.
bootloader 0x2 Application A53_0 was loaded.
bootloader 0x2 Application 1 image fragment 0 of size 3145728 was loaded from QSPI, address 0x400000.
bootloader 0x2 Application 1 image fragment 0 was loaded in 22.396 milliseconds.
bootloader 0x2 Application M7_0 was loaded.
NOTICE:  Reset status: Power-On Reset
NOTICE:  BL2: v2.10.14(release):bsp44.0_rc10-2.10.14-1-gc9a7f8123-dirty
NOTICE:  BL2: Built : 08:13:32, May 13 2025
NOTICE:  BL2: Booting BL31
I/TC:
I/TC: Non-secure external DT found
I/TC: OP-TEE version: bsp44.0_rc10-4.0-dev (gcc version 13.3.0 (GCC)) #1 Mon Mar 24 14:10:41 UTC 2025 aarch64
I/TC: WARNING: This OP-TEE configuration might be insecure!
I/TC: WARNING: Please check https://optee.readthedocs.io/en/latest/architecture/porting_guidelines.html
I/TC: Primary CPU initializing
I/TC: Initializing virtualization support
I/TC: Primary CPU switching to normal world boot
I/TC: WARNING: Using fixed value for stack canary


U-Boot 2022.04+g9a00323278+p0 (May 13 2025 - 06:57:56 +0000)

SoC:   NXP S32G274A rev. 2.1
CPU:   ARM Cortex-A53 r0p4 @ max 1000 MHz
Model: NXP S32G2XX
DRAM:  4 GiB
Core:  312 devices, 24 uclasses, devicetree: board
MMC:   FSL_SDHC: 0
Loading Environment from MMC... OK
pci_s32cc pcie@40400000: Failed to get PHY 'serdes_lane0'
In:    serial@401c8000
Out:   serial@401c8000
Err:   serial@401c8000
Board revision: RDB2/GLDBOX Revision E
Net:
Warning: ethernet@4033c000 (eth0) using random MAC address - 72:fa:22:fa:32:9d
eth0: ethernet@4033c000, eth4: pfe0sl, eth5: pfe1sl, eth6: pfe2sl
Hit any key to stop autoboot:  0
1772 bytes read in 5 ms (345.7 KiB/s)
## Executing script at 80200000
17002504 bytes read in 678 ms (23.9 MiB/s)
1146888 bytes read in 47 ms (23.3 MiB/s)
60923 bytes read in 8 ms (7.3 MiB/s)
## Flattened Device Tree blob at 86a00000
   Booting using the fdt blob at 0x86a00000
   Using Device Tree in place at 0000000086a00000, end 0000000086a12fff
   fixup: pfe1: update phy addr to 0x8
Disabling XPCS1_0
Disabling XPCS1_1

Starting kernel ...

- UART enabled -
- Boot CPU booting -
- Current EL 0000000000000008 -
- Initialize CPU -
- Turning on paging -
- Zero BSS -
- Ready -
(XEN) Checking for initrd in /chosen
(XEN) RAM: 0000000080000000 - 00000000ffffffff
(XEN) RAM: 0000000880000000 - 00000008ffffffff
(XEN)
(XEN) MODULE[0]: 0000000086800000 - 0000000086965000 Xen
(XEN) MODULE[1]: 0000000086a00000 - 0000000086a10000 Device Tree
(XEN) MODULE[2]: 0000000085600000 - 0000000086637008 Kernel
(XEN)  RESVD[0]: 00000000ff600000 - 00000000ff7fffff
(XEN)  RESVD[1]: 00000000ff400000 - 00000000ff5fffff
(XEN)  RESVD[2]: 00000000fe000000 - 00000000ff3fffff
(XEN)  RESVD[3]: 0000000084000000 - 0000000084ffffff
(XEN)  RESVD[4]: 00000000c0000000 - 00000000c03fffff
(XEN)  RESVD[5]: 00000000c0400000 - 00000000c07fffff
(XEN)  RESVD[6]: 00000000d0000000 - 00000000d000007f
(XEN)  RESVD[7]: 00000000d0000080 - 00000000d00000ff
(XEN)  RESVD[8]: 0000000083200000 - 00000000835dffff
(XEN)  RESVD[9]: 00000000835e0000 - 00000000835fffff
(XEN)  RESVD[10]: 0000000083600000 - 000000008360ffff
(XEN)  RESVD[11]: 0000000034400000 - 000000003447ffff
(XEN)  RESVD[12]: 0000000034480000 - 000000003449ffff
(XEN)  RESVD[13]: 0000000034520000 - 00000000345fffff
(XEN)
(XEN)
(XEN) Command line: dom0_mem=1G dom0_max_vcpus=4 bootscrub=0 dom0_vcpus_pin
(XEN) PFN compression on bits 20...22
(XEN) Domain heap initialised
(XEN) Booting using Device Tree
(XEN) Platform: NXP S32CC
(XEN) No dtuart path configured
(XEN) Bad console= option 'dtuart'
 Xen 4.18.2
(XEN) Xen version 4.18.2 (nxf65897@swis.ro-buh01.nxp.com) (aarch64-fsl-linux-gcc (GCC) 13.3.0) debug=y 2025-03-14
(XEN) Latest ChangeSet: Thu Feb 20 15:08:45 2025 +0200 git:e4f37269c3-dirty
(XEN) build-id: aeb32f714cb175b3debed511648f1980021f0631
(XEN) Processor: 00000000410fd034: "ARM Limited", variant: 0x0, part 0xd03,rev 0x4
(XEN) 64-bit Execution:
(XEN)   Processor Features: 0000000001002222 0000000000000000
(XEN)     Exception Levels: EL3:64+32 EL2:64+32 EL1:64+32 EL0:64+32
(XEN)     Extensions: FloatingPoint AdvancedSIMD GICv3-SysReg
(XEN)   Debug Features: 0000000010305106 0000000000000000
(XEN)   Auxiliary Features: 0000000000000000 0000000000000000
(XEN)   Memory Model Features: 0000000000001122 0000000000000000
(XEN)   ISA Features:  0000000000011120 0000000000000000
(XEN) 32-bit Execution:
(XEN)   Processor Features: 0000000000000131:0000000010011011
(XEN)     Instruction Sets: AArch32 A32 Thumb Thumb-2 Jazelle
(XEN)     Extensions: GenericTimer Security
(XEN)   Debug Features: 0000000003010066
(XEN)   Auxiliary Features: 0000000000000000
(XEN)   Memory Model Features: 0000000010201105 0000000040000000
(XEN)                          0000000001260000 0000000002102211
(XEN)   ISA Features: 0000000002101110 0000000013112111 0000000021232042
(XEN)                 0000000001112131 0000000000011142 0000000000011121
(XEN) Using SMC Calling Convention v1.4
(XEN) Using PSCI v1.1
(XEN) SMP: Allowing 4 CPUs
(XEN) enabled workaround for: ARM erratum 1530924
(XEN) enabled workaround for: NXP ERRATUM ERR050481 (TLBI handled incorrectly)
(XEN) Generic Timer IRQ: phys=30 hyp=26 virt=27 Freq: 5000 KHz
(XEN) GICv3 initialization:
(XEN)       gic_dist_addr=0x00000050800000
(XEN)       gic_maintenance_irq=25
(XEN)       gic_rdist_stride=0
(XEN)       gic_rdist_regions=1
(XEN)       redistributor regions:
(XEN)         - region 0: 0x00000050880000 - 0x00000050900000
(XEN) GICv3 compatible with GICv2 cbase 0x00000050400000 vbase 0x00000050420000
(XEN) GICv3: 576 lines, (IID 0001143b).
(XEN) GICv3: CPU0: Found redistributor in region 0 @000002004001a000
(XEN) XSM Framework v1.0.1 initialized
(XEN) Initialising XSM SILO mode
(XEN) Using scheduler: SMP Credit Scheduler rev2 (credit2)
(XEN) Initializing Credit2 scheduler
(XEN)  load_precision_shift: 18
(XEN)  load_window_shift: 30
(XEN)  underload_balance_tolerance: 0
(XEN)  overload_balance_tolerance: -3
(XEN)  runqueues arrangement: socket
(XEN)  cap enforcement granularity: 10ms
(XEN) load tracking window length 1073741824 ns
(XEN) Allocated console ring of 32 KiB.
(XEN) CPU0: Guest atomics will try 11 times before pausing the domain
(XEN) Bringing up CPU1
I/TC: Secondary CPU 1 initializing
I/TC: Secondary CPU 1 switching to normal world boot
- CPU 0000000000000001 booting -
- Current EL 0000000000000008 -
- Initialize CPU -
- Turning on paging -
- Ready -
(XEN) GICv3: CPU1: Found redistributor in region 0 @000002004003a000
(XEN) CPU1: Guest atomics will try 10 times before pausing the domain
(XEN) CPU 1 booted.
(XEN) Bringing up CPU2
I/TC: Secondary CPU 2 initializing
I/TC: Secondary CPU 2 switching to normal world boot
- CPU 0000000000000100 booting -
- Current EL 0000000000000008 -
- Initialize CPU -
- Turning on paging -
- Ready -
(XEN) GICv3: CPU2: Found redistributor in region 0 @000002004005a000
(XEN) CPU2: Guest atomics will try 8 times before pausing the domain
(XEN) CPU 2 booted.
(XEN) Bringing up CPU3
I/TC: Secondary CPU 3 initializing
I/TC: Secondary CPU 3 switching to normal world boot
- CPU 0000000000000101 booting -
- Current EL 0000000000000008 -
- Initialize CPU -
- Turning on paging -
- Ready -
(XEN) GICv3: CPU3: Found redistributor in region 0 @000002004007a000
(XEN) CPU3: Guest atomics will try 11 times before pausing the domain
(XEN) Brought up 4 CPUs
(XEN) CPU 3 booted.
(XEN) I/O virtualisation disabled
(XEN) P2M: 40-bit IPA with 40-bit PA and 8-bit VMID
(XEN) P2M: 3 levels with order-1 root, VTCR 0x0000000080023558
(XEN) Scheduling granularity: cpu, 1 CPU per sched-resource
(XEN) Initializing Credit2 scheduler
(XEN)  load_precision_shift: 18
(XEN)  load_window_shift: 30
(XEN)  underload_balance_tolerance: 0
(XEN)  overload_balance_tolerance: -3
(XEN)  runqueues arrangement: socket
(XEN)  cap enforcement granularity: 10ms
(XEN) load tracking window length 1073741824 ns
(XEN) Adding cpu 0 to runqueue 0
(XEN)  First cpu on runqueue, activating
(XEN) Adding cpu 1 to runqueue 0
(XEN) Adding cpu 2 to runqueue 0
(XEN) Adding cpu 3 to runqueue 0
(XEN) OP-TEE supports 4 simultaneous threads per guest.
I/TC: Removing guest 0
E/TC:0   virt_guest_destroyed:353 Client with id 0 is not found
(XEN) Using TEE mediator for OP-TEE
(XEN) alternatives: Patching with alt table 00000200002edc18 -> 00000200002eefbc
I/TC: Added guest 1
(XEN) *** LOADING DOMAIN 0 ***
(XEN) Loading d0 kernel from boot module @ 0000000085600000
(XEN) Allocating 1:1 mappings totalling 1024MB for dom0:
(XEN) BANK[0] 0x00000090000000-0x000000c0000000 (768MB)
(XEN) BANK[1] 0x000000e0000000-0x000000f0000000 (256MB)
(XEN) Grant table range: 0x00000086800000-0x00000086840000
(XEN) Allocating PPI 16 for event channel interrupt
(XEN) d0: extended region 0: 0x86a00000->0x8fe00000
(XEN) d0: extended region 1: 0xc0800000->0xcfe00000
(XEN) d0: extended region 2: 0xd0200000->0xdfe00000
(XEN) d0: extended region 3: 0xf0000000->0xfde00000
(XEN) d0: extended region 4: 0x880000000->0x8ffe00000
(XEN) Loading zImage from 0000000085600000 to 0000000090000000-0000000091037008
(XEN) Loading d0 DTB to 0x0000000098000000-0x000000009800ee65
(XEN) Initial low memory virq threshold set at 0x4000 pages.
(XEN) Std. Loglevel: All
(XEN) Guest Loglevel: All
(XEN) *** Serial input to DOM0 (type 'CTRL-a' three times to switch input)
(XEN) Freed 360kB init memory.
(XEN) d0v0 Unhandled SMC/HVC: 0x84000050
(XEN) d0v0 Unhandled SMC/HVC: 0x8600ff01
(XEN) d0v0: vGICD: RAZ on reserved register offset 0x00000c
(XEN) d0v0: vGICD: unhandled word write 0x000000ffffffff to ICACTIVER4
(XEN) d0v0: vGICD: unhandled word write 0x000000ffffffff to ICACTIVER8
(XEN) d0v0: vGICD: unhandled word write 0x000000ffffffff to ICACTIVER12
(XEN) d0v0: vGICD: unhandled word write 0x000000ffffffff to ICACTIVER16
(XEN) d0v0: vGICD: unhandled word write 0x000000ffffffff to ICACTIVER20
(XEN) d0v0: vGICD: unhandled word write 0x000000ffffffff to ICACTIVER24
(XEN) d0v0: vGICD: unhandled word write 0x000000ffffffff to ICACTIVER28
(XEN) d0v0: vGICD: unhandled word write 0x000000ffffffff to ICACTIVER32
(XEN) d0v0: vGICD: unhandled word write 0x000000ffffffff to ICACTIVER36
(XEN) d0v0: vGICD: unhandled word write 0x000000ffffffff to ICACTIVER40
(XEN) d0v0: vGICD: unhandled word write 0x000000ffffffff to ICACTIVER44
(XEN) d0v0: vGICD: unhandled word write 0x000000ffffffff to ICACTIVER48
(XEN) d0v0: vGICD: unhandled word write 0x000000ffffffff to ICACTIVER52
(XEN) d0v0: vGICD: unhandled word write 0x000000ffffffff to ICACTIVER56
(XEN) d0v0: vGICD: unhandled word write 0x000000ffffffff to ICACTIVER60
(XEN) d0v0: vGICD: unhandled word write 0x000000ffffffff to ICACTIVER64
(XEN) d0v0: vGICD: unhandled word write 0x000000ffffffff to ICACTIVER68
(XEN) d0v0: vGICR: SGI: unhandled word write 0x000000ffffffff to ICACTIVER0
(XEN) d0v1: vGICR: SGI: unhandled word write 0x000000ffffffff to ICACTIVER0
(XEN) d0v2: vGICR: SGI: unhandled word write 0x000000ffffffff to ICACTIVER0
(XEN) d0v3: vGICR: SGI: unhandled word write 0x000000ffffffff to ICACTIVER0
[    0.000000] Booting Linux on physical CPU 0x0000000000 [0x410fd034]
[    0.000000] Linux version 6.6.85-rt53-00977-g6208e1d0d7b5-dirty (oe-user@oe-host) (aarch64-fsl-linux-gcc (GCC) 13. (GNU Binutils) 2.42.0.20240723) #1 SMP PREEMPT Wed May 14 13:40:03 UTC 2025
[    0.000000] OF: fdt: Ignoring memory block 0xd0000000 - 0xd0000080
[    0.000000] OF: fdt: Ignoring memory block 0xd0000080 - 0xd0000100
[    0.000000] Machine model: NXP S32G2 Reference Design Board 2 (S32G-VNP-RDB2)
[    0.000000] Xen 4.18 support found
[    0.000000] OF: reserved mem: 0x0000000034400000..0x000000003447ffff (512 KiB) nomap non-reusable pfebufs@34400000
[    0.000000] OF: reserved mem: 0x0000000034480000..0x000000003449ffff (128 KiB) nomap non-reusable pfebufs@34480000
[    0.000000] OF: reserved mem: 0x0000000034520000..0x00000000345fffff (896 KiB) nomap non-reusable ipcf_shm@3452000
[    0.000000] Reserved memory: created DMA memory pool at 0x0000000083200000, size 3 MiB
[    0.000000] OF: reserved mem: initialized node pfebufs@83200000, compatible id shared-dma-pool
[    0.000000] OF: reserved mem: 0x0000000083200000..0x00000000835dffff (3968 KiB) nomap non-reusable pfebufs@8320000
[    0.000000] OF: reserved mem: 0x00000000835e0000..0x00000000835fffff (128 KiB) map non-reusable pfebufs@835e0000
[    0.000000] OF: reserved mem: 0x0000000083600000..0x000000008360ffff (64 KiB) map non-reusable pfebufs@83600000
[    0.000000] OF: reserved mem: 0x0000000084000000..0x0000000084ffffff (16384 KiB) nomap non-reusable shm@84000000
[    0.000000] OF: reserved mem: 0x00000000c0000000..0x00000000c03fffff (4096 KiB) nomap non-reusable shm@c0000000
[    0.000000] OF: reserved mem: 0x00000000c0400000..0x00000000c07fffff (4096 KiB) nomap non-reusable shm@c0400000
[    0.000000] OF: reserved mem: 0x00000000d0000000..0x00000000d000007f (0 KiB) nomap non-reusable shm@d0000000
[    0.000000] OF: reserved mem: 0x00000000d0000080..0x00000000d00000ff (0 KiB) nomap non-reusable shm@d0000080
[    0.000000] OF: reserved mem: 0x00000000fe000000..0x00000000ff3fffff (20480 KiB) nomap non-reusable optee_core@fe0
[    0.000000] OF: reserved mem: 0x00000000ff400000..0x00000000ff5fffff (2048 KiB) nomap non-reusable optee_shm@ff400
[    0.000000] OF: reserved mem: 0x00000000ff600000..0x00000000ff7fffff (2048 KiB) nomap non-reusable atf@ff600000
[    0.000000] Zone ranges:
[    0.000000]   DMA      [mem 0x0000000034400000-0x00000000ff7fffff]
[    0.000000]   DMA32    empty
[    0.000000]   Normal   empty
[    0.000000] Movable zone start for each node
[    0.000000] Early memory node ranges
[    0.000000]   node   0: [mem 0x0000000034400000-0x000000003449ffff]
[    0.000000]   node   0: [mem 0x0000000034520000-0x00000000345fffff]
[    0.000000]   node   0: [mem 0x0000000083200000-0x00000000835dffff]
[    0.000000]   node   0: [mem 0x00000000835e0000-0x000000008360ffff]
[    0.000000]   node   0: [mem 0x0000000084000000-0x0000000084ffffff]
[    0.000000]   node   0: [mem 0x0000000090000000-0x00000000bfffffff]
[    0.000000]   node   0: [mem 0x00000000c0000000-0x00000000c07fffff]
[    0.000000]   node   0: [mem 0x00000000e0000000-0x00000000efffffff]
[    0.000000]   node   0: [mem 0x00000000fe000000-0x00000000ff7fffff]
[    0.000000] Initmem setup node 0 [mem 0x0000000034400000-0x00000000ff7fffff]
[    0.000000] On node 0, zone DMA: 17408 pages in unavailable ranges
[    0.000000] On node 0, zone DMA: 128 pages in unavailable ranges
[    0.000000] On node 0, zone DMA: 27648 pages in unavailable ranges
[    0.000000] On node 0, zone DMA: 2544 pages in unavailable ranges
[    0.000000] On node 0, zone DMA: 12288 pages in unavailable ranges
[    0.000000] On node 0, zone DMA: 30720 pages in unavailable ranges
[    0.000000] On node 0, zone DMA: 24576 pages in unavailable ranges
[    0.000000] On node 0, zone DMA: 2048 pages in unavailable ranges
[    0.000000] cma: Reserved 256 MiB at 0x00000000b0000000 on node -1
[    0.000000] psci: probing for conduit method from DT.
[    0.000000] psci: PSCIv1.1 detected in firmware.
[    0.000000] psci: Using standard PSCI v0.2 function IDs
[    0.000000] psci: Trusted OS migration not required
[    0.000000] psci: SMC Calling Convention v1.2
[    0.000000] percpu: Embedded 20 pages/cpu s41768 r8192 d31960 u81920
[    0.000000] Detected VIPT I-cache on CPU0
[    0.000000] CPU features: detected: GIC system register CPU interface
[    0.000000] CPU features: detected: ARM erratum 845719
[    0.000000] CPU features: detected: NXP erratum ERR050481 (TLBI by VA handled incorrectly)
[    0.000000] CPU features: detected: ARM errata 1165522, 1319367, 1530923, or 1530924
[    0.000000] alternatives: applying boot alternatives
[    0.000000] Kernel command line: console=ttyLF0,115200 earlycon=xen earlyprintk=xen root=/dev/mmcblk0p3 rootwait re_unused
[    0.000000] Unknown kernel command line parameters "earlyprintk=xen", will be passed to user space.
[    0.000000] Dentry cache hash table entries: 262144 (order: 9, 2097152 bytes, linear)
[    0.000000] Inode-cache hash table entries: 131072 (order: 8, 1048576 bytes, linear)
[    0.000000] Built 1 zonelists, mobility grouping on.  Total pages: 271545
[    0.000000] mem auto-init: stack:all(zero), heap alloc:off, heap free:off
[    0.000000] software IO TLB: area num 4.
[    0.000000] software IO TLB: mapped [mem 0x00000000ea200000-0x00000000ee200000] (64MB)
[    0.000000] Memory: 672768K/1103424K available (10560K kernel code, 732K rwdata, 3200K rodata, 1984K init, 261K bsreserved, 262144K cma-reserved)
[    0.000000] SLUB: HWalign=64, Order=0-3, MinObjects=0, CPUs=4, Nodes=1
[    0.000000] rcu: Preemptible hierarchical RCU implementation.
[    0.000000] rcu:     RCU event tracing is enabled.
[    0.000000] rcu:     RCU restricting CPUs from NR_CPUS=8 to nr_cpu_ids=4.
[    0.000000]  Trampoline variant of Tasks RCU enabled.
[    0.000000]  Tracing variant of Tasks RCU enabled.
[    0.000000] rcu: RCU calculated value of scheduler-enlistment delay is 25 jiffies.
[    0.000000] rcu: Adjusting geometry for rcu_fanout_leaf=16, nr_cpu_ids=4
[    0.000000] NR_IRQS: 64, nr_irqs: 64, preallocated irqs: 0
[    0.000000] GICv3: 544 SPIs implemented
[    0.000000] GICv3: 0 Extended SPIs implemented
[    0.000000] Root IRQ handler: gic_handle_irq
[    0.000000] GICv3: GICv3 features: 16 PPIs
[    0.000000] GICv3: CPU0: found redistributor 0 region 0:0x0000000050880000
[    0.000000] rcu: srcu_init: Setting srcu_struct sizes based on contention.
[    0.000000] arch_timer: cp15 timer(s) running at 5.00MHz (virt).
[    0.000000] clocksource: arch_sys_counter: mask: 0xffffffffffffff max_cycles: 0x127350b88, max_idle_ns: 4407952021
[    0.000001] sched_clock: 56 bits at 5MHz, resolution 200ns, wraps every 4398046511100ns
[    0.000500] Console: colour dummy device 80x25
[    0.000546] Calibrating delay loop (skipped), value calculated using timer frequency.. 10.00 BogoMIPS (lpj=20000)
[    0.000559] pid_max: default: 32768 minimum: 301
[    0.000636] LSM: initializing lsm=capability,integrity
[    0.000761] Mount-cache hash table entries: 4096 (order: 3, 32768 bytes, linear)
[    0.000780] Mountpoint-cache hash table entries: 4096 (order: 3, 32768 bytes, linear)
[    0.001866] cacheinfo: Unable to detect cache hierarchy for CPU 0
[    0.002890] RCU Tasks: Setting shift to 2 and lim to 1 rcu_task_cb_adjust=1 rcu_task_cpu_ids=4.
[    0.003002] RCU Tasks Trace: Setting shift to 2 and lim to 1 rcu_task_cb_adjust=1 rcu_task_cpu_ids=4.
[    0.003718] xen:grant_table: Grant tables using version 1 layout
[    0.003767] Grant table initialized
[    0.003807] xen:events: Using FIFO-based ABI
[    0.003935] Xen: initializing cpu0
[    0.004135] rcu: Hierarchical SRCU implementation.
[    0.004139] rcu:     Max phase no-delay instances is 1000.
[    0.005296] smp: Bringing up secondary CPUs ...
[    0.006109] Detected VIPT I-cache on CPU1
[    0.006209] GICv3: CPU1: found redistributor 1 region 0:0x00000000508a0000
[    0.012668] Xen: initializing cpu1
[    0.012731] CPU1: Booted secondary processor 0x0000000001 [0x410fd034]
[    0.013678] Detected VIPT I-cache on CPU2
[    0.013773] GICv3: CPU2: found redistributor 2 region 0:0x00000000508c0000
[    0.020205] Xen: initializing cpu2
[    0.020268] CPU2: Booted secondary processor 0x0000000002 [0x410fd034]
[    0.021130] Detected VIPT I-cache on CPU3
[    0.021187] GICv3: CPU3: found redistributor 3 region 0:0x00000000508e0000
[    0.027599] Xen: initializing cpu3
[    0.027644] CPU3: Booted secondary processor 0x0000000003 [0x410fd034]
[    0.027804] smp: Brought up 1 node, 4 CPUs
[    0.027814] SMP: Total of 4 processors activated.
[    0.027820] CPU features: detected: 32-bit EL0 Support
[    0.027826] CPU features: detected: CRC32 instructions
[    0.027952] CPU: All CPU(s) started at EL1
[    0.027956] alternatives: applying system-wide alternatives
[    0.029547] devtmpfs: initialized
[    0.041110] clocksource: jiffies: mask: 0xffffffff max_cycles: 0xffffffff, max_idle_ns: 7645041785100000 ns
[    0.041142] futex hash table entries: 1024 (order: 4, 65536 bytes, linear)
[    0.050714] pinctrl core: initialized pinctrl subsystem
[    0.051845] NET: Registered PF_NETLINK/PF_ROUTE protocol family
[    0.053094] DMA: preallocated 128 KiB GFP_KERNEL pool for atomic allocations
[    0.053201] DMA: preallocated 128 KiB GFP_KERNEL|GFP_DMA pool for atomic allocations
[    0.053311] DMA: preallocated 128 KiB GFP_KERNEL|GFP_DMA32 pool for atomic allocations
[    0.054401] thermal_sys: Registered thermal governor 'step_wise'
[    0.054580] hw-breakpoint: found 6 breakpoint and 4 watchpoint registers.
[    0.054909] ASID allocator initialised with 65536 entries
[    0.055124] Serial: AMBA PL011 UART driver
[    0.055185] scmi_core: SCMI protocol bus registered
[    0.056621] scmi_protocol scmi_dev.1: Enabled polling mode TX channel - prot_id:16
[    0.057192] arm-scmi firmware:scmi: SCMI Notifications - Core Enabled.
[    0.057287] arm-scmi firmware:scmi: SCMI Protocol v2.0 'NXP:S32G274A' Firmware version 0x0
[    0.068191] /soc/siul2@4009c000/siul2-pinctrl@4009c240: Fixed dependency cycle(s) with /soc/siul2@4009c000/siul2-pc240/jtag_pins
[    0.078912] Modules: 28544 pages in range for non-PLT usage
[    0.078925] Modules: 520064 pages in range for PLT usage
[    0.079843] HugeTLB: registered 1.00 GiB page size, pre-allocated 0 pages
[    0.079854] HugeTLB: 0 KiB vmemmap can be freed for a 1.00 GiB page
[    0.079860] HugeTLB: registered 32.0 MiB page size, pre-allocated 0 pages
[    0.079864] HugeTLB: 0 KiB vmemmap can be freed for a 32.0 MiB page
[    0.079869] HugeTLB: registered 2.00 MiB page size, pre-allocated 0 pages
[    0.079873] HugeTLB: 0 KiB vmemmap can be freed for a 2.00 MiB page
[    0.079879] HugeTLB: registered 64.0 KiB page size, pre-allocated 0 pages
[    0.079884] HugeTLB: 0 KiB vmemmap can be freed for a 64.0 KiB page
[    0.091708] xen:balloon: Initialising balloon driver
[    0.092569] SCSI subsystem initialized
[    0.092781] usbcore: registered new interface driver usbfs
[    0.092813] usbcore: registered new interface driver hub
[    0.092855] usbcore: registered new device driver usb
[    0.093793] pps_core: LinuxPPS API ver. 1 registered
[    0.093799] pps_core: Software ver. 5.3.6 - Copyright 2005-2007 Rodolfo Giometti <giometti@linux.it>
[    0.093815] PTP clock support registered
[    0.095364] vgaarb: loaded
[    0.095885] clocksource: Switched to clocksource arch_sys_counter
[    0.108006] NET: Registered PF_INET protocol family
[    0.108253] IP idents hash table entries: 32768 (order: 6, 262144 bytes, linear)
[    0.110279] tcp_listen_portaddr_hash hash table entries: 1024 (order: 2, 16384 bytes, linear)
[    0.110314] Table-perturb hash table entries: 65536 (order: 6, 262144 bytes, linear)
[    0.110327] TCP established hash table entries: 16384 (order: 5, 131072 bytes, linear)
[    0.110520] TCP bind hash table entries: 16384 (order: 7, 524288 bytes, linear)
[    0.111085] TCP: Hash tables configured (established 16384 bind 16384)
[    0.111274] UDP hash table entries: 1024 (order: 3, 32768 bytes, linear)
[    0.111331] UDP-Lite hash table entries: 1024 (order: 3, 32768 bytes, linear)
[    0.111588] NET: Registered PF_UNIX/PF_LOCAL protocol family
[    0.112346] RPC: Registered named UNIX socket transport module.
[    0.112353] RPC: Registered udp transport module.
[    0.112357] RPC: Registered tcp transport module.
[    0.112360] RPC: Registered tcp-with-tls transport module.
[    0.112363] RPC: Registered tcp NFSv4.1 backchannel transport module.
[    0.112380] PCI: CLS 0 bytes, default 64
[    0.113749] Initialise system trusted keyrings
[    0.113995] workingset: timestamp_bits=46 max_order=18 bucket_order=0
[    0.114783] fuse: init (API version 7.39)
[    0.115134] NET: Registered PF_ALG protocol family
[    0.115149] Key type asymmetric registered
[    0.115157] Asymmetric key parser 'x509' registered
[    0.115203] Block layer SCSI generic (bsg) driver version 0.4 loaded (major 247)
[    0.115397] io scheduler mq-deadline registered
[    0.115403] io scheduler kyber registered
[    0.115428] io scheduler bfq registered
[    0.119988] s32cc-siul2-pinctrl 4009c240.siul2-pinctrl: initialized s32 pinctrl driver
[    0.121742] s32cc-siul2-gpio 4009d700.siul2-gpio: No cache defaults, reading back from HW
[    0.121903] s32cc-siul2-gpio 4009d700.siul2-gpio: No cache defaults, reading back from HW
[    0.122445] gpio gpiochip0: Static allocation of GPIO base is deprecated, use dynamic allocation.
[    0.123582] s32cc-siul2-gpio 4009d700.siul2-gpio: No cache defaults, reading back from HW
[    0.123662] s32cc-siul2-gpio 4009d700.siul2-gpio: No cache defaults, reading back from HW
[    0.125713] xen:xen_evtchn: Event-channel device installed
[    0.129319] 401c8000.serial: ttyLF0 at MMIO 0x401c8000 (irq = 22, base_baud = 7812500) is a FSL_LINFLEX
[    0.129383] printk: legacy console [ttyLF0] enabled
[    1.384590] 401cc000.serial: ttyLF1 at MMIO 0x401cc000 (irq = 23, base_baud = 7812500) is a FSL_LINFLEX
[    1.396625] s32cc_fccu 4030c000.fccu: FCCU status is 0 (normal)
[    1.405819] sja1110-sw@1 enforce active low on GPIO handle
[    1.414887] spi-nor spi6.0: mx25uw51245g (65536 Kbytes)
[    1.420975] 8 fixed-partitions partitions found on MTD device 0.spi
[    1.427372] Creating 8 MTD partitions on "0.spi":
[    1.432159] 0x000000000000-0x000004000000 : "Flash-Image"
[    1.438149] 0x000000000000-0x0000000d0000 : "BL2"
[    1.443367] 0x0000000d0000-0x0000002a0000 : "FIP"
[    1.448581] 0x0000002a0000-0x0000002b0000 : "U-Boot-Env"
[    1.454437] 0x0000002b0000-0x000001380000 : "Kernel"
[    1.459979] 0x000001380000-0x0000013b0000 : "DTB"
[    1.465196] 0x0000013b0000-0x0000032c0000 : "Rootfs"
[    1.470668] 0x0000032c0000-0x000004000000 : "PFE-Firmware"
[    1.478937] vcan: Virtual CAN interface driver
[    1.483491] slcan: serial line CAN interface driver
[    1.488448] CAN device driver interface
[    1.493767] flexcan 401b4000.can: device registered (reg_base=(____ptrval____), irq(s):
[    1.501930] flexcan 401b4000.can:  28
[    1.505660] flexcan 401b4000.can:  29
[    1.509380] flexcan 401b4000.can:  30
[    1.513104] flexcan 401b4000.can:  31
[    1.516825] flexcan 401b4000.can: )
[    1.521454] flexcan 401be000.can: device registered (reg_base=(____ptrval____), irq(s):
[    1.529610] flexcan 401be000.can:  32
[    1.533339] flexcan 401be000.can:  33
[    1.537059] flexcan 401be000.can:  34
[    1.540790] flexcan 401be000.can:  35
[    1.544507] flexcan 401be000.can: )
[    1.548444] e100: Intel(R) PRO/100 Network Driver
[    1.553221] e100: Copyright(c) 1999-2006 Intel Corporation
[    1.558824] e1000: Intel(R) PRO/1000 Network Driver
[    1.563775] e1000: Copyright (c) 1999-2006 Intel Corporation.
[    1.569646] e1000e: Intel(R) PRO/1000 Network Driver
[    1.574688] e1000e: Copyright(c) 1999 - 2015 Intel Corporation.
[    1.580728] igb: Intel(R) Gigabit Ethernet Network Driver
[    1.586207] igb: Copyright (c) 2007-2014 Intel Corporation.
[    1.592430] xen_netfront: Initialising Xen virtual ethernet driver
[    1.600083] hse-uio 40210000.mu0b: standard firmware, version 2.64.0
[    1.606561] hse-uio 40210000.mu0b: successfully registered device
[    1.613412] usbcore: registered new interface driver uas
[    1.618863] usbcore: registered new interface driver usb-storage
[    1.626144] imx_usb 44064000.usb: No over current polarity defined
[    1.633613] ci_hdrc ci_hdrc.0: EHCI Host Controller
[    1.638828] ci_hdrc ci_hdrc.0: new USB bus registered, assigned bus number 1
[    1.659897] ci_hdrc ci_hdrc.0: USB 2.0 started, EHCI 1.00
[    1.665854] usb usb1: New USB device found, idVendor=1d6b, idProduct=0002, bcdDevice= 6.06
[    1.674281] usb usb1: New USB device strings: Mfr=3, Product=2, SerialNumber=1
[    1.681620] usb usb1: Product: EHCI Host Controller
[    1.686579] usb usb1: Manufacturer: Linux 6.6.85-rt53-00977-g6208e1d0d7b5-dirty ehci_hcd
[    1.694797] usb usb1: SerialNumber: ci_hdrc.0
[    1.699902] hub 1-0:1.0: USB hub found
[    1.703766] hub 1-0:1.0: 1 port detected
[    1.710180] s32cc-rtc 40060000.rtc: registered as rtc0
[    1.715482] s32cc-rtc 40060000.rtc: setting system clock to 1970-01-01T00:00:00 UTC (0)
[    1.723828] i2c_dev: i2c /dev entries driver
[    1.728881] s32cc-wdt 4010c000.watchdog: S32CC Watchdog Timer Registered. timeout=30s (nowayout=0)
[    1.739265] s32cc-wdt 40200000.watchdog: S32CC Watchdog Timer Registered. timeout=30s (nowayout=0)
[    1.748617] s32cc-wdt 40204000.watchdog: S32CC Watchdog Timer Registered. timeout=30s (nowayout=0)
[    1.757966] s32cc-wdt 40208000.watchdog: S32CC Watchdog Timer Registered. timeout=30s (nowayout=0)
[    1.767572] scmi-cpufreq scmi_dev.5: scmi_cpufreq_probe: registering cpufreq failed, err: -19
[    1.776820] sdhci: Secure Digital Host Controller Interface driver
[    1.783107] sdhci: Copyright(c) Pierre Ossman
[    1.787538] sdhci-pltfm: SDHCI platform and OF driver helper
[    1.793725] SMCCC: SOC_ID: ARCH_SOC_ID not implemented, skipping ....
[    1.800524] usbcore: registered new interface driver usbhid
[    1.806185] usbhid: USB HID core driver
[    1.822285] s32-adc 401f8000.adc: using dma0chan4 for ADC DMA transfers
[    1.826282] mmc0: SDHCI controller on 402f0000.mmc [402f0000.mmc] using ADMA
[    1.829744] s32-adc 401f8000.adc: Device initialized successfully.
[    1.850077] s32-adc 402e8000.adc: using dma1chan16 for ADC DMA transfers
[    1.857504] s32-adc 402e8000.adc: Device initialized successfully.
[    1.865880] s32-siul2-nvmem 4009c000.nvram: Initialized s32cc siul2 nvmem driver
[    1.870758] mmc0: new high speed SDHC card at address 0001
[    1.873621] s32-siul2-nvmem 44010000.nvram: Initialized s32cc siul2 nvmem driver
[    1.879842] mmcblk0: mmc0:0001 BB1QT 29.8 GiB
[    1.886784] optee: probing for conduit method.
[    1.894293]  mmcblk0: p1 p2 p3 p4 < p5 p6 >
I/ t[   1.895484] optee: revision 4.0
[    1.900410] optee: dynamic shared memory is enabled
[    1.909094] optee: initialized driver
[    1.913779] NET: Registered PF_INET6 protocol family
[    1.920032] Segment Routing with IPv6
[    1.923797] In-situ OAM (IOAM) with IPv6
[    1.927914] sit: IPv6, IPv4 and MPLS over IPv4 tunneling driver
[    1.934504] NET: Registered PF_PACKET protocol family
[    1.939682] Bridge firewalling registered
[    1.944031] can: controller area network core
[    1.948513] NET: Registered PF_CAN protocol family
[    1.953389] can: raw protocol
[    1.956409] can: broadcast manager protocol
[    1.960664] can: netlink gateway - max_hops=1
[    1.965347] 8021q: 802.1Q VLAN Support v1.8
[    1.977622] Loading compiled-in X.509 certificates
[    1.997742] i2c i2c-0: using pinctrl states for GPIO recovery
[    2.003732] i2c i2c-0: using generic GPIOs for recovery
[    2.009846] pca953x 0-0022: using AI
[    2.022078] rtc-pcf85063 0-0051: registered as rtc1
[    2.027126] i2c i2c-0: IMX I2C adapter registered
[    2.031977] i2c i2c-0: using dma0chan5 (tx) and dma0chan6 (rx) for DMA transfers
[    2.040605] i2c i2c-2: using pinctrl states for GPIO recovery
[    2.046559] i2c i2c-2: using generic GPIOs for recovery
[    2.051967] i2c i2c-2: IMX I2C adapter registered
[    2.056816] i2c i2c-2: using dma1chan17 (tx) and dma1chan18 (rx) for DMA transfers
[    2.065531] i2c i2c-4: using pinctrl states for GPIO recovery
[    2.071472] i2c i2c-4: using generic GPIOs for recovery
[    2.078560] ina2xx 4-0040: power monitor ina231 (Rshunt = 1000 uOhm)
[    2.085078] i2c i2c-4: IMX I2C adapter registered
[    2.089940] i2c i2c-4: using dma1chan19 (tx) and dma1chan20 (rx) for DMA transfers
[    2.098330] phy-s32cc-serdes 40480000.serdes: Using mode 0 for SerDes subsystem
[    2.307827] s32cc-pcie 40400000.pcie: Failed to stabilize PHY link
[    2.314138] s32cc-pcie 40400000.pcie: Configuring as RootComplex
[    2.320460] s32cc-pcie 40400000.pcie: Allocated line 0 for interrupt 46 (msi)
[    2.327766] s32cc-pcie 40400000.pcie: host bridge /soc/pcie@40400000 ranges:
[    2.334962] s32cc-pcie 40400000.pcie:       IO 0x5ffffe0000..0x5ffffeffff -> 0x0000000000
[    2.343283] s32cc-pcie 40400000.pcie:      MEM 0x5800000000..0x5ffffdffff -> 0x0000000000
[    2.351613] s32cc-pcie 40400000.pcie: Memory resource size exceeds max for 32 bits
[    3.359644] s32cc-pcie 40400000.pcie: Phy link never came up
[    3.365416] s32cc-pcie 40400000.pcie: Link Up failed, EndPoint may not be connected
[    3.373297] s32cc-pcie 40400000.pcie: iATU: unroll T, 6 ob, 4 ib, align 4K, limit 1024G
[    4.381817] s32cc-pcie 40400000.pcie: Phy link never came up
[    4.387587] s32cc-pcie 40400000.pcie: Link Up failed, EndPoint may not be connected
[    5.395691] s32cc-pcie 40400000.pcie: Phy link never came up
[    5.402057] s32cc-pcie 40400000.pcie: PCI host bridge to bus 0000:00
[    5.408528] pci_bus 0000:00: root bus resource [bus 00-ff]
[    5.414106] pci_bus 0000:00: root bus resource [io  0x0000-0xffff]
[    5.420393] pci_bus 0000:00: root bus resource [mem 0x5800000000-0x5ffffdffff] (bus address [0x00000000-0x7fffdfff
[    5.431210] pci 0000:00:00.0: [1957:4002] type 01 class 0x060400
[    5.437343] pci 0000:00:00.0: reg 0x10: [mem 0x5800000000-0x58000fffff]
[    5.444081] pci 0000:00:00.0: reg 0x38: [mem 0x5800000000-0x580000ffff pref]
[    5.451346] pci 0000:00:00.0: supports D1
[    5.455425] pci 0000:00:00.0: PME# supported from D0 D1 D3hot D3cold
(XEN) xen-source/xen/arch/arm/physdev.c:20:d0v0 PHYSDEVOP cmd=25: not implemented
(XEN) xen-source/xen/arch/arm/physdev.c:20:d0v0 PHYSDEVOP cmd=15: not implemented
[    5.476875] pci 0000:00:00.0: Failed to add - passthrough or MSI/MSI-X might fail!
[    5.488196] pci 0000:00:00.0: BAR 0: assigned [mem 0x5800000000-0x58000fffff]
[    5.495460] pci 0000:00:00.0: BAR 6: assigned [mem 0x5800100000-0x580010ffff pref]
[    5.503156] pci 0000:00:00.0: PCI bridge to [bus 01-ff]
[    5.508934] pcieport 0000:00:00.0: PME: Signaling with IRQ 47
[    5.516430] s32cc-dwmac 4033c000.ethernet: IRQ eth_wake_irq not found
[    5.523001] s32cc-dwmac 4033c000.ethernet: IRQ eth_lpi not found
[    5.530161] s32cc-dwmac 4033c000.ethernet: User ID: 0x10, Synopsys ID: 0x51
[    5.537253] s32cc-dwmac 4033c000.ethernet:   DWMAC4/5
[    5.542304] s32cc-dwmac 4033c000.ethernet: DMA HW capability register supported
[    5.549735] s32cc-dwmac 4033c000.ethernet: RX Checksum Offload Engine supported
[    5.557164] s32cc-dwmac 4033c000.ethernet: TX Checksum insertion supported
[    5.564149] s32cc-dwmac 4033c000.ethernet: Wake-Up On Lan supported
[    5.570596] s32cc-dwmac 4033c000.ethernet: Enable RX Mitigation via HW Watchdog Timer
[    5.578553] s32cc-dwmac 4033c000.ethernet: Enabled L3L4 Flow TC (entries=8)
[    5.585625] s32cc-dwmac 4033c000.ethernet: Enabled RFS Flow TC (entries=10)
[    5.592715] s32cc-dwmac 4033c000.ethernet: Enabling HW TC (entries=256, max_off=256)
[    5.600583] s32cc-dwmac 4033c000.ethernet: Using 32/32 bits DMA host/device width
[    5.616544] hwmon hwmon1: temp1_input not attached to any thermal zone
[    5.626261] qoriq_thermal 400a8000.tmu: Critical rising/falling temperature threshold = 5 degree(s)
[    5.641083] nxp_s32cc_ddr_perf 403e0000.ddr-perf: probing device
[    5.647690] nxp_s32cc_ddr_perf 403e0000.ddr-perf: device initialized successfully
[    5.655707] clk: Not disabling unused clocks
[    7.137655] EXT4-fs (mmcblk0p3): recovery complete
[    7.166627] EXT4-fs (mmcblk0p3): mounted filesystem 265fab8b-a7f9-460c-9401-783470da9e9a r/w with ordered data modde: disabled.
[    7.178749] VFS: Mounted root (ext4 filesystem) on device 179:3.
[    7.184791] devtmpfs: mounted
[    7.188597] Freeing unused kernel memory: 1984K
[    7.193093] Run /sbin/init as init process
INIT: version 3.04 booting
Starting udev
[    8.032314] udevd[131]: starting version 3.2.14
[   15.207914] random: crng init done
[   15.247561] udevd[132]: starting eudev-3.2.14
[   15.435312] hse 40211000.mu1b: standard firmware, version 0.0.0
[   15.440952] hse 40211000.mu1b: registered algs sha1,hmac(sha1)
[   15.445703] pfeng_slave: loading out-of-tree module taints kernel.
[   15.455409] hse 40211000.mu1b: registered algs sha224,hmac(sha224)
[   15.477723] hse 40211000.mu1b: registered algs sha256,hmac(sha256)
[   15.478372] pfeng-slave 46000000.pfe_slave: PFEng ethernet driver loading ...
[   15.488695] hse 40211000.mu1b: registered algs sha384,hmac(sha384)
[   15.490787] pfeng-slave 46000000.pfe_slave: Version: 1.9.0
[   15.498465] hse 40211000.mu1b: registered algs sha512,hmac(sha512)
[   15.502334] pfeng-slave 46000000.pfe_slave: Driver commit hash: M4_DRIVER_COMMIT_HASH
[   15.502356] pfeng-slave 46000000.pfe_slave: Multi instance support: SLAVE/mdetect=on
[   15.502364] pfeng-slave 46000000.pfe_slave: Compiled by: 13.3.0
[   15.508555] pfeng-slave 46000000.pfe_slave: Cbus addr 0x46000000 size 0x1000000
[   15.516451] hse 40211000.mu1b: registered alg ctr(aes)
[   15.524735] pfeng-slave 46000000.pfe_slave: IHC channel: 3
[   15.530029] hse 40211000.mu1b: registered alg cbc(aes)
[   15.537284] pfeng-slave 46000000.pfe_slave: MASTER IHC channel: 0
[   15.542280] hse 40211000.mu1b: registered alg ecb(aes)
[   15.547749] pfeng-slave 46000000.pfe_slave: netif name: pfe0sl
[   15.552866] hse 40211000.mu1b: registered alg cfb(aes)
[   15.558941] pfeng-slave 46000000.pfe_slave: DT mac addr: 00:04:9f:be:ff:00
[   15.564065] hse 40211000.mu1b: registered alg ofb(aes)
[   15.569886] pfeng-slave 46000000.pfe_slave: netif(pfe0sl) linked phyif: 0
[   15.575002] hse 40211000.mu1b: registered alg gcm(aes)
[   15.581852] pfeng-slave 46000000.pfe_slave: netif(pfe0sl) mode: std
[   15.582003] pfeng-slave 46000000.pfe_slave: netif(pfe0sl) HIFs: count 1 map 08
[   15.587219] hse 40211000.mu1b: registered hwrng-hse
[   15.593766] pfeng-slave 46000000.pfe_slave: netif name: pfe1sl
[   15.593777] pfeng-slave 46000000.pfe_slave: DT mac addr: 00:04:9f:be:ff:01
[   15.593788] pfeng-slave 46000000.pfe_slave: netif(pfe1sl) linked phyif: 1
[   15.598952] hse 40211000.mu1b: device ready, status 0x4F20
[   15.605118] pfeng-slave 46000000.pfe_slave: netif(pfe1sl) mode: std
[   15.605128] pfeng-slave 46000000.pfe_slave: netif(pfe1sl) HIFs: count 1 map 08
[   15.605145] pfeng-slave 46000000.pfe_slave: netif name: pfe2sl
[   15.661391] pfeng-slave 46000000.pfe_slave: DT mac addr: 00:04:9f:be:ff:02
[   15.668275] pfeng-slave 46000000.pfe_slave: netif(pfe2sl) linked phyif: 2
[   15.675030] pfeng-slave 46000000.pfe_slave: netif(pfe2sl) mode: std
[   15.681251] pfeng-slave 46000000.pfe_slave: netif(pfe2sl) HIFs: count 1 map 08
[   15.688469] pfeng-slave 46000000.pfe_slave: netif name: aux0sl
[   15.694300] pfeng-slave 46000000.pfe_slave: DT mac addr: 00:04:9f:be:ff:80
[   15.701118] pfeng-slave 46000000.pfe_slave: netif(aux0sl) no linked phyif in AUX mode
[   15.708968] pfeng-slave 46000000.pfe_slave: netif(aux0sl) mode: aux
[   15.715221] pfeng-slave 46000000.pfe_slave: netif(aux0sl) HIFs: count 1 map 08
[   15.722386] pfeng-slave 46000000.pfe_slave: HIF channels mask: 0x0008
[   15.728821] pfeng-slave 46000000.pfe_slave: Wait for PFE controller UP ...
[   15.735692] pfeng-slave 46000000.pfe_slave: PFE controller UP detected
[   15.742218] pfeng-slave 46000000.pfe_slave: PFE port coherency enabled, mask 0x1e
[   15.749724] pfeng-slave 46000000.pfe_slave: assigned reserved memory node pfebufs@83600000
[   15.757902] pfeng-slave 46000000.pfe_slave: PFE CBUS p0x0000000007f2939c mapped @ v0xffffffc082000000
[   15.767124] pfeng-slave 46000000.pfe_slave: Wait for Master UP ...
[   15.773271] pfeng-slave 46000000.pfe_slave: Detected Master UP
[   15.779109] pfeng-slave 46000000.pfe_slave: HIF3 is in clean state
[   15.785468] pfeng-slave 46000000.pfe_slave: HIF0 not configured, skipped
[   15.791913] pfeng-slave 46000000.pfe_slave: HIF1 not configured, skipped
[   15.798607] pfeng-slave 46000000.pfe_slave: HIF2 not configured, skipped
[   15.805860] pfeng-slave 46000000.pfe_slave: HIF3 enabled
[   15.810813] pfeng-slave 46000000.pfe_slave: HIF3 started
[   15.816113] pfeng-slave 46000000.pfe_slave: IDEX-slave @ master-interface 6
[   15.823054] pfeng-slave 46000000.pfe_slave: IHC client registered
[   15.866189] pfeng-slave 46000000.pfe_slave: IDEX: v2 protocol used, Resend:count=10,delay=100,100ms
[   15.874885] pfeng-slave 46000000.pfe_slave: IDEX RPC installed on HIF3
[   15.881383] pfeng-slave 46000000.pfe_slave: MDIO bus 0 disabled: Not found in DT
[   15.888753] pfeng-slave 46000000.pfe_slave: MDIO bus 1 disabled: Not found in DT
[   15.896136] pfeng-slave 46000000.pfe_slave: MDIO bus 2 disabled: Not found in DT
[   15.903567] pfeng-slave 46000000.pfe_slave pfe0sl (uninitialized): Subscribe to HIF3
[   15.911342] pfeng-slave 46000000.pfe_slave pfe1sl (uninitialized): Subscribe to HIF3
[   15.919006] pfeng-slave 46000000.pfe_slave pfe0sl (uninitialized): Host LLTX disabled
[   15.920128] pfeng-slave 46000000.pfe_slave pfe2sl (uninitialized): Subscribe to HIF3
[   15.934908] pfeng-slave 46000000.pfe_slave aux0sl (uninitialized): Subscribe to HIF3
[   16.038137] pfeng-slave 46000000.pfe_slave pfe0sl (uninitialized): Enable HIF3
[   16.044994] pfeng-slave 46000000.pfe_slave pfe0sl (uninitialized): setting MAC addr: 00:04:9f:be:ff:00
[   16.084291] EXT4-fs (mmcblk0p3): re-mounted 265fab8b-a7f9-460c-9401-783470da9e9a r/w. Quota mode: disabled.
[   16.239334] cfg80211: Loading compiled-in X.509 certificates for regulatory database
[   16.262535] Loaded X.509 cert 'sforshee: 00b28ddf47aef9cea7'
[   16.268757] Loaded X.509 cert 'wens: 61c038651aabdcf94bd0ac7ff06c7248db18c600'
[   16.324631] pfeng-slave 46000000.pfe_slave pfe0sl (uninitialized): PTP HW addend 0x80000000, max_adj configured topb
[   16.335739] pfeng-slave 46000000.pfe_slave: IEEE1588: Input Clock: 200000000Hz, Output: 100000000Hz, Accuracy: 10.
[   16.348291] pfeng-slave 46000000.pfe_slave: ERR: (DRIVER) event 1 - Driver runtime error: [pfeng-ptp.c:241] Failedr PTP clock on EMAC0
[   16.361752] pfeng-slave 46000000.pfe_slave pfe0sl: registered
[   16.367142] pfeng-slave 46000000.pfe_slave pfe1sl (uninitialized): Host LLTX disabled
[   16.413104] wlan: Loading MWLAN driver
[   16.417215] wlan: Register to Bus Driver...
[   16.421155] wlan: Register to Bus Driver Done
[   16.425632] wlan: Driver loaded successfully
[   16.439100] pfeng-slave 46000000.pfe_slave pfe1sl (uninitialized): Enable HIF3
[   16.445992] pfeng-slave 46000000.pfe_slave pfe1sl (uninitialized): setting MAC addr: 00:04:9f:be:ff:01
[   16.457963] SPI driver sja1110 has no spi_device_id for nxp,sja1110-switch
[   16.464515] SPI driver sja1110 has no spi_device_id for nxp,sja1110-uc
[   16.471243] sja1110 spi5.0: probing uc
[   16.474859] sja1110 spi5.1: probing switch
[   16.479204] sja1110 spi5.1: Could not get GPIO from device tree
[   16.484763] sja1110 spi5.1: [sja1110_post_probe_upload_worker] Trying to initialize switch
[   16.496871] sja1110 spi5.1: [sja1110_init_hw] loaded fw 'sja1110_switch.bin'
[   16.503696] sja1110 spi5.1: [sja1110_pre_switch_upload] Found switch config of size 2236
[   16.512382] sja1110 spi5.1: Uploading config...
[   16.556545] sja1110 spi5.1: Successfully configured!
[   16.561185] sja1110 spi5.0: [sja1110_post_probe_upload_worker] Trying to initialize uC
[   16.584291] sja1110 spi5.0: [sja1110_init_hw] loaded fw 'sja1110_uc.bin'
[   16.590652] sja1110 spi5.0: [sja1110_pre_uc_upload] Found firmware of size 320280
[   16.598215] sja1110 spi5.0: [sja1110_pre_uc_upload] firmware appears to be valid
[   16.605591] sja1110 spi5.0: [sja1110_pre_uc_upload] ÂµC not ready for download (Status=0x31)
Fri [   16.614250] sja1110 spi5.0: Uploading firmware...
May 30 07:30:01 UTC 2025
[   16.724667] pfeng-slave 46000000.pfe_slave pfe1sl (uninitialized): PTP HW addend 0x80000000, max_adj configured topb
[   16.735790] pfeng-slave 46000000.pfe_slave: IEEE1588: Input Clock: 200000000Hz, Output: 100000000Hz, Accuracy: 10.
[   16.748392] pfeng-slave 46000000.pfe_slave: ERR: (DRIVER) event 1 - Driver runtime error: [pfeng-ptp.c:241] Failedr PTP clock on EMAC1
[   16.761897] pfeng-slave 46000000.pfe_slave pfe1sl: registered
[   16.767282] pfeng-slave 46000000.pfe_slave pfe2sl (uninitialized): Host LLTX disabled
[   16.841284] pfeng-slave 46000000.pfe_slave pfe2sl (uninitialized): Enable HIF3
[   16.848148] pfeng-slave 46000000.pfe_slave pfe2sl (uninitialized): setting MAC addr: 00:04:9f:be:ff:02
[   17.013749] pfeng-slave 46000000.pfe_slave pfe2sl (uninitialized): PTP HW addend 0x80000000, max_adj configured topb
[   17.024865] pfeng-slave 46000000.pfe_slave: IEEE1588: Input Clock: 200000000Hz, Output: 100000000Hz, Accuracy: 10.
[   17.037462] pfeng-slave 46000000.pfe_slave: ERR: (DRIVER) event 1 - Driver runtime error: [pfeng-ptp.c:241] Failedr PTP clock on EMAC2
[   17.051058] pfeng-slave 46000000.pfe_slave pfe2sl: registered
[   17.056452] pfeng-slave 46000000.pfe_slave aux0sl (uninitialized): Host LLTX disabled
[   17.129440] pfeng-slave 46000000.pfe_slave aux0sl (uninitialized): Enable HIF3
[   17.136803] pfeng-slave 46000000.pfe_slave aux0sl: checksum offload not possible for AUX interface
[   17.145750] pfeng-slave 46000000.pfe_slave aux0sl: registered
INIT: Entering runlevel: 5
Configuring network interfaces... ifup: interface lo already configured
[   17.773652] sja1110 spi5.0: Upload successfully verified!
[   17.852669] s32cc-dwmac 4033c000.ethernet eth0: Register MEM_TYPE_PAGE_POOL RxQ-0
[   17.860181] s32cc-dwmac 4033c000.ethernet eth0: Register MEM_TYPE_PAGE_POOL RxQ-1
[   17.867717] s32cc-dwmac 4033c000.ethernet eth0: Register MEM_TYPE_PAGE_POOL RxQ-2
[   17.875182] s32cc-dwmac 4033c000.ethernet eth0: Register MEM_TYPE_PAGE_POOL RxQ-3
[   17.882711] s32cc-dwmac 4033c000.ethernet eth0: Register MEM_TYPE_PAGE_POOL RxQ-4
[   17.959073] s32cc-dwmac 4033c000.ethernet eth0: PHY [stmmac-0:01] driver [Micrel KSZ9031 Gigabit PHY] (irq=POLL)
[   17.978912] dwmac4: Master AXI performs any burst length
