NOTICE:  Reset status: Power-On Reset
NOTICE:  BL2: v2.5(release):bsp35.0_rc8-2.5
NOTICE:  BL2: Built : 13:21:28, Nov 29 2022
NOTICE:  BL2: Booting BL31


U-Boot 2020.04+gf30287c440 (Nov 29 2022 - 16:57:39

CPU:   NXP S32G274A rev. 2.1
Model: NXP S32G274A-RDB2
DRAM:  3.5 GiB
Ignore unsupported SCMI protocol 19
MMC:   FSL_SDHC: 0
Loading Environment from MMC... OK
Configuring PCIe0 as RootComplex
PCIe0: Failed to get link up
PCI: Failed autoconfig bar 20
PCI: Failed autoconfig bar 24
In:    serial@401c8000
Out:   serial@401c8000
Err:   serial@401c8000
Board revision: RDB3 Revision E
Net:   EQOS phy: rgmii @ 1

Warning: eth_eqos (eth0) using random MAC address -
eth0: eth_eqos PFE: emac0: sgmii emac1: none emac2:
** Unrecognized filesystem type **
PFEng firmware file 'mmc@0:1:s32g_pfe_class.fw' loa

Hit any key to stop autoboot:  0
** Unrecognized filesystem type **
PFEng firmware file 'mmc@0:1:s32g_pfe_class.fw' loa
 PFE: emac0: sgmii emac1: none emac2: rgmii
pfeng_cfg_mode_enable: Invalid PFE device
switch to partitions #0, OK
mmc0 is current device
** Unrecognized filesystem type **
Booting from net ...
 PFE: emac0: sgmii emac1: none emac2: rgmii
** Unrecognized filesystem type **
PFEng firmware file 'mmc@0:1:s32g_pfe_class.fw' loa
eth_eqos Waiting for PHY auto negotiation to comple
phy_startup() failed: -110FAILED: -110** Unrecogniz
PFEng firmware file 'mmc@0:1:s32g_pfe_class.fw' loa
eth_eqos Waiting for PHY auto negotiation to comple
phy_startup() failed: -110FAILED: -110** Unrecogniz
PFEng firmware file 'mmc@0:1:s32g_pfe_class.fw' loa
Bad Linux ARM64 Image magic!
=> <INTERRUPT>
=> '
>
>
> NOTICE:  Reset status: External Reset: RESET_B (R
NOTICE:  BL2: v2.10.14(release):bsp44.0_rc10-2.10.1
NOTICE:  BL2: Built : 08:13:32, May 13 2025
NOTICE:  BL2: Booting BL31
I/TC:
I/TC: Non-secure external DT found
I/TC: OP-TEE version: bsp44.0_rc10-4.0-dev (gcc ver                                             24 14:10:41 UTC 2025 aarch64
I/TC: WARNING: This OP-TEE configuration might be i
I/TC: WARNING: Please check https://optee.readthedo                                            porting_guidelines.html
I/TC: Primary CPU initializing
I/TC: Initializing virtualization support
I/TC: Primary CPU switching to normal world boot
I/TC: WARNING: Using fixed value for stack canary


U-Boot 2022.04+g9a00323278+p0 (May 13 2025 - 06:57:

SoC:   NXP S32G274A rev. 2.1
CPU:   ARM Cortex-A53 r0p4 @ max 1000 MHz
Model: NXP S32G2XX
DRAM:  4 GiB
Core:  312 devices, 24 uclasses, devicetree: board
MMC:   FSL_SDHC: 0
Loading Environment from MMC... OK
pci_s32cc pcie@40400000: Failed to get PHY 'serdes_
In:    serial@401c8000
Out:   serial@401c8000
Err:   serial@401c8000
Board revision: RDB2/GLDBOX Revision E
Net:
Warning: ethernet@4033c000 (eth0) using random MAC
eth0: ethernet@4033c000, eth4: pfe0sl, eth5: pfe1sl
Hit any key to stop autoboot:  0
1772 bytes read in 4 ms (432.6 KiB/s)
## Executing script at 80200000
17002504 bytes read in 679 ms (23.9 MiB/s)
1146888 bytes read in 47 ms (23.3 MiB/s)
60923 bytes read in 7 ms (8.3 MiB/s)
## Flattened Device Tree blob at 86a00000
   Booting using the fdt blob at 0x86a00000
   Using Device Tree in place at 0000000086a00000,
   fixup: pfe1: update phy addr to 0x8
Disabling XPCS1_0
Disabling XPCS1_1

Starting kernel ...

- UART enabled -
- Boot CPU booting -
- Current EL 0000000000000008 -
- Initialize CPU -
- Turning on paging -
- Zero BSS -
- Ready -
(XEN) Checking for initrd in /chosen
(XEN) RAM: 0000000080000000 - 00000000ffffffff
(XEN) RAM: 0000000880000000 - 00000008ffffffff
(XEN)
(XEN) MODULE[0]: 0000000086800000 - 000000008696500
(XEN) MODULE[1]: 0000000086a00000 - 0000000086a1000
(XEN) MODULE[2]: 0000000085600000 - 000000008663700
(XEN)  RESVD[0]: 00000000ff600000 - 00000000ff7ffff
(XEN)  RESVD[1]: 00000000ff400000 - 00000000ff5ffff
(XEN)  RESVD[2]: 00000000fe000000 - 00000000ff3ffff
(XEN)  RESVD[3]: 0000000084000000 - 0000000084fffff
(XEN)  RESVD[4]: 00000000c0000000 - 00000000c03ffff
(XEN)  RESVD[5]: 00000000c0400000 - 00000000c07ffff
(XEN)  RESVD[6]: 00000000d0000000 - 00000000d000007
(XEN)  RESVD[7]: 00000000d0000080 - 00000000d00000f
(XEN)  RESVD[8]: 0000000083200000 - 00000000835dfff
(XEN)  RESVD[9]: 00000000835e0000 - 00000000835ffff
(XEN)  RESVD[10]: 0000000083600000 - 000000008360ff
(XEN)  RESVD[11]: 0000000034400000 - 000000003447ff
(XEN)  RESVD[12]: 0000000034480000 - 000000003449ff
(XEN)  RESVD[13]: 0000000034520000 - 00000000345fff
(XEN)
(XEN)
(XEN) Command line: dom0_mem=1G dom0_max_vcpus=4 bo
(XEN) PFN compression on bits 20...22
(XEN) Domain heap initialised
(XEN) Booting using Device Tree
(XEN) Platform: NXP S32CC
(XEN) No dtuart path configured
(XEN) Bad console= option 'dtuart'
 Xen 4.18.2
(XEN) Xen version 4.18.2 (nxf65897@swis.ro-buh01.nx                                             (GCC) 13.3.0) debug=y 2025-03-14
(XEN) Latest ChangeSet: Thu Feb 20 15:08:45 2025 +0
(XEN) build-id: aeb32f714cb175b3debed511648f1980021
(XEN) Processor: 00000000410fd034: "ARM Limited", v                                            x4
(XEN) 64-bit Execution:
(XEN)   Processor Features: 0000000001002222 000000
(XEN)     Exception Levels: EL3:64+32 EL2:64+32 EL1
(XEN)     Extensions: FloatingPoint AdvancedSIMD GI
(XEN)   Debug Features: 0000000010305106 0000000000
(XEN)   Auxiliary Features: 0000000000000000 000000
(XEN)   Memory Model Features: 0000000000001122 000
(XEN)   ISA Features:  0000000000011120 00000000000
(XEN) 32-bit Execution:
(XEN)   Processor Features: 0000000000000131:000000
(XEN)     Instruction Sets: AArch32 A32 Thumb Thumb
(XEN)     Extensions: GenericTimer Security
(XEN)   Debug Features: 0000000003010066
(XEN)   Auxiliary Features: 0000000000000000
(XEN)   Memory Model Features: 0000000010201105 000
(XEN)                          0000000001260000 000
(XEN)   ISA Features: 0000000002101110 000000001311
(XEN)                 0000000001112131 000000000001
(XEN) Using SMC Calling Convention v1.4
(XEN) Using PSCI v1.1
(XEN) SMP: Allowing 4 CPUs
(XEN) enabled workaround for: ARM erratum 1530924
(XEN) enabled workaround for: NXP ERRATUM ERR050481
(XEN) Generic Timer IRQ: phys=30 hyp=26 virt=27 Fre
(XEN) GICv3 initialization:
(XEN)       gic_dist_addr=0x00000050800000
(XEN)       gic_maintenance_irq=25
(XEN)       gic_rdist_stride=0
(XEN)       gic_rdist_regions=1
(XEN)       redistributor regions:
(XEN)         - region 0: 0x00000050880000 - 0x0000
(XEN) GICv3 compatible with GICv2 cbase 0x000000504
(XEN) GICv3: 576 lines, (IID 0001143b).
(XEN) GICv3: CPU0: Found redistributor in region 0
(XEN) XSM Framework v1.0.1 initialized
(XEN) Initialising XSM SILO mode
(XEN) Using scheduler: SMP Credit Scheduler rev2 (c
(XEN) Initializing Credit2 scheduler
(XEN)  load_precision_shift: 18
(XEN)  load_window_shift: 30
(XEN)  underload_balance_tolerance: 0
(XEN)  overload_balance_tolerance: -3
(XEN)  runqueues arrangement: socket
(XEN)  cap enforcement granularity: 10ms
(XEN) load tracking window length 1073741824 ns
(XEN) Allocated console ring of 32 KiB.
(XEN) CPU0: Guest atomics will try 11 times before
(XEN) Bringing up CPU1
I/TC: Secondary CPU 1 initializing
I/TC: Secondary CPU 1 switching to normal world boo
- CPU 0000000000000001 booting -
- Current EL 0000000000000008 -
- Initialize CPU -
- Turning on paging -
- Ready -
(XEN) GICv3: CPU1: Found redistributor in region 0
(XEN) CPU1: Guest atomics will try 11 times before
(XEN) CPU 1 booted.
(XEN) Bringing up CPU2
I/TC: Secondary CPU 2 initializing
I/TC: Secondary CPU 2 switching to normal world boo
- CPU 0000000000000100 booting -
- Current EL 0000000000000008 -
- Initialize CPU -
- Turning on paging -
- Ready -
(XEN) GICv3: CPU2: Found redistributor in region 0
(XEN) CPU2: Guest atomics will try 11 times before
(XEN) CPU 2 booted.
(XEN) Bringing up CPU3
I/TC: Secondary CPU 3 initializing
I/TC: Secondary CPU 3 switching to normal world boo
- CPU 0000000000000101 booting -
- Current EL 0000000000000008 -
- Initialize CPU -
- Turning on paging -
- Ready -
(XEN) GICv3: CPU3: Found redistributor in region 0
(XEN) CPU3: Guest atomics will try 10 times before
(XEN) Brought up 4 CPUs
(XEN) CPU 3 booted.
(XEN) I/O virtualisation disabled
(XEN) P2M: 40-bit IPA with 40-bit PA and 8-bit VMID
(XEN) P2M: 3 levels with order-1 root, VTCR 0x00000
(XEN) Scheduling granularity: cpu, 1 CPU per sched-
(XEN) Initializing Credit2 scheduler
(XEN)  load_precision_shift: 18
(XEN)  load_window_shift: 30
(XEN)  underload_balance_tolerance: 0
(XEN)  overload_balance_tolerance: -3
(XEN)  runqueues arrangement: socket
(XEN)  cap enforcement granularity: 10ms
(XEN) load tracking window length 1073741824 ns
(XEN) Adding cpu 0 to runqueue 0
(XEN)  First cpu on runqueue, activating
(XEN) Adding cpu 1 to runqueue 0
(XEN) Adding cpu 2 to runqueue 0
(XEN) Adding cpu 3 to runqueue 0
(XEN) OP-TEE supports 4 simultaneous threads per gu
I/TC: Removing guest 0
E/TC:0   virt_guest_destroyed:353 Client with id 0
(XEN) Using TEE mediator for OP-TEE
(XEN) alternatives: Patching with alt table 0000020
I/TC: Added guest 1
(XEN) *** LOADING DOMAIN 0 ***
(XEN) Loading d0 kernel from boot module @ 00000000
(XEN) Allocating 1:1 mappings totalling 1024MB for
(XEN) BANK[0] 0x00000090000000-0x000000c0000000 (76
(XEN) BANK[1] 0x000000e0000000-0x000000f0000000 (25
(XEN) Grant table range: 0x00000086800000-0x0000008
(XEN) Allocating PPI 16 for event channel interrupt
(XEN) d0: extended region 0: 0x86a00000->0x8fe00000
(XEN) d0: extended region 1: 0xc0800000->0xcfe00000
(XEN) d0: extended region 2: 0xd0200000->0xdfe00000
(XEN) d0: extended region 3: 0xf0000000->0xfde00000
(XEN) d0: extended region 4: 0x880000000->0x8ffe000
(XEN) Loading zImage from 0000000085600000 to 00000
(XEN) Loading d0 DTB to 0x0000000098000000-0x000000
(XEN) Initial low memory virq threshold set at 0x40
(XEN) Std. Loglevel: All
(XEN) Guest Loglevel: All
(XEN) *** Serial input to DOM0 (type 'CTRL-a' three
(XEN) Freed 360kB init memory.
(XEN) d0v0 Unhandled SMC/HVC: 0x84000050
(XEN) d0v0 Unhandled SMC/HVC: 0x8600ff01
(XEN) d0v0: vGICD: RAZ on reserved register offset
(XEN) d0v0: vGICD: unhandled word write 0x000000fff
(XEN) d0v0: vGICD: unhandled word write 0x000000fff
(XEN) d0v0: vGICD: unhandled word write 0x000000fff
(XEN) d0v0: vGICD: unhandled word write 0x000000fff
(XEN) d0v0: vGICD: unhandled word write 0x000000fff
(XEN) d0v0: vGICD: unhandled word write 0x000000fff
(XEN) d0v0: vGICD: unhandled word write 0x000000fff
(XEN) d0v0: vGICD: unhandled word write 0x000000fff
(XEN) d0v0: vGICD: unhandled word write 0x000000fff
(XEN) d0v0: vGICD: unhandled word write 0x000000fff
(XEN) d0v0: vGICD: unhandled word write 0x000000fff
(XEN) d0v0: vGICD: unhandled word write 0x000000fff
(XEN) d0v0: vGICD: unhandled word write 0x000000fff
(XEN) d0v0: vGICD: unhandled word write 0x000000fff
(XEN) d0v0: vGICD: unhandled word write 0x000000fff
(XEN) d0v0: vGICD: unhandled word write 0x000000fff
(XEN) d0v0: vGICD: unhandled word write 0x000000fff
(XEN) d0v0: vGICR: SGI: unhandled word write 0x0000
(XEN) d0v1: vGICR: SGI: unhandled word write 0x0000
(XEN) d0v2: vGICR: SGI: unhandled word write 0x0000
(XEN) d0v3: vGICR: SGI: unhandled word write 0x0000
[    0.000000] Booting Linux on physical CPU 0x0000
[    0.000000] Linux version 6.6.85-rt53-00977-g620                                            3.0, GNU ld (GNU Binutils) 2.42.0.20240723) #1 SMP
[    0.000000] OF: fdt: Ignoring memory block 0xd00
[    0.000000] OF: fdt: Ignoring memory block 0xd00
[    0.000000] Machine model: NXP S32G2 Reference D
[    0.000000] Xen 4.18 support found
[    0.000000] OF: reserved mem: 0x0000000034400000
[    0.000000] OF: reserved mem: 0x0000000034480000
[    0.000000] OF: reserved mem: 0x0000000034520000                                            0
[    0.000000] Reserved memory: created DMA memory
[    0.000000] OF: reserved mem: initialized node p
[    0.000000] OF: reserved mem: 0x0000000083200000                                            0
[    0.000000] OF: reserved mem: 0x00000000835e0000
[    0.000000] OF: reserved mem: 0x0000000083600000
[    0.000000] OF: reserved mem: 0x0000000084000000
[    0.000000] OF: reserved mem: 0x00000000c0000000
[    0.000000] OF: reserved mem: 0x00000000c0400000
[    0.000000] OF: reserved mem: 0x00000000d0000000
[    0.000000] OF: reserved mem: 0x00000000d0000080
[    0.000000] OF: reserved mem: 0x00000000fe000000                                            00000
[    0.000000] OF: reserved mem: 0x00000000ff400000                                            000
[    0.000000] OF: reserved mem: 0x00000000ff600000
[    0.000000] Zone ranges:
[    0.000000]   DMA      [mem 0x0000000034400000-0
[    0.000000]   DMA32    empty
[    0.000000]   Normal   empty
[    0.000000] Movable zone start for each node
[    0.000000] Early memory node ranges
[    0.000000]   node   0: [mem 0x0000000034400000-
[    0.000000]   node   0: [mem 0x0000000034520000-
[    0.000000]   node   0: [mem 0x0000000083200000-
[    0.000000]   node   0: [mem 0x00000000835e0000-
[    0.000000]   node   0: [mem 0x0000000084000000-
[    0.000000]   node   0: [mem 0x0000000090000000-
[    0.000000]   node   0: [mem 0x00000000c0000000-
[    0.000000]   node   0: [mem 0x00000000e0000000-
[    0.000000]   node   0: [mem 0x00000000fe000000-
[    0.000000] Initmem setup node 0 [mem 0x00000000
[    0.000000] On node 0, zone DMA: 17408 pages in
[    0.000000] On node 0, zone DMA: 128 pages in un
[    0.000000] On node 0, zone DMA: 27648 pages in
[    0.000000] On node 0, zone DMA: 2544 pages in u
[    0.000000] On node 0, zone DMA: 12288 pages in
[    0.000000] On node 0, zone DMA: 30720 pages in
[    0.000000] On node 0, zone DMA: 24576 pages in
[    0.000000] On node 0, zone DMA: 2048 pages in u
[    0.000000] cma: Reserved 256 MiB at 0x00000000b
[    0.000000] psci: probing for conduit method fro
[    0.000000] psci: PSCIv1.1 detected in firmware.
[    0.000000] psci: Using standard PSCI v0.2 funct
[    0.000000] psci: Trusted OS migration not requi
[    0.000000] psci: SMC Calling Convention v1.2
[    0.000000] percpu: Embedded 20 pages/cpu s41768
[    0.000000] Detected VIPT I-cache on CPU0
[    0.000000] CPU features: detected: GIC system r
[    0.000000] CPU features: detected: ARM erratum
[    0.000000] CPU features: detected: NXP erratum
[    0.000000] CPU features: detected: ARM errata 1
[    0.000000] alternatives: applying boot alternat
[    0.000000] Kernel command line: console=ttyLF0,                                            w clk_ignore_unused
[    0.000000] Unknown kernel command line paramete
[    0.000000] Dentry cache hash table entries: 262
[    0.000000] Inode-cache hash table entries: 1310
[    0.000000] Built 1 zonelists, mobility grouping
[    0.000000] mem auto-init: stack:all(zero), heap
[    0.000000] software IO TLB: area num 4.
[    0.000000] software IO TLB: mapped [mem 0x00000
[    0.000000] Memory: 672768K/1103424K available (                                            s, 168512K reserved, 262144K cma-reserved)
[    0.000000] SLUB: HWalign=64, Order=0-3, MinObje
[    0.000000] rcu: Preemptible hierarchical RCU im
[    0.000000] rcu:     RCU event tracing is enable
[    0.000000] rcu:     RCU restricting CPUs from N
[    0.000000]  Trampoline variant of Tasks RCU ena
[    0.000000]  Tracing variant of Tasks RCU enable
[    0.000000] rcu: RCU calculated value of schedul
[    0.000000] rcu: Adjusting geometry for rcu_fano
[    0.000000] NR_IRQS: 64, nr_irqs: 64, preallocat
[    0.000000] GICv3: 544 SPIs implemented
[    0.000000] GICv3: 0 Extended SPIs implemented
[    0.000000] Root IRQ handler: gic_handle_irq
[    0.000000] GICv3: GICv3 features: 16 PPIs
[    0.000000] GICv3: CPU0: found redistributor 0 r
[    0.000000] rcu: srcu_init: Setting srcu_struct
[    0.000000] arch_timer: cp15 timer(s) running at
[    0.000000] clocksource: arch_sys_counter: mask:                                            20 ns
[    0.000001] sched_clock: 56 bits at 5MHz, resolu
[    0.000500] Console: colour dummy device 80x25
[    0.000545] Calibrating delay loop (skipped), va
[    0.000560] pid_max: default: 32768 minimum: 301
[    0.000638] LSM: initializing lsm=capability,int
[    0.000763] Mount-cache hash table entries: 4096
[    0.000780] Mountpoint-cache hash table entries:
[    0.001863] cacheinfo: Unable to detect cache hi
[    0.002887] RCU Tasks: Setting shift to 2 and li
[    0.003001] RCU Tasks Trace: Setting shift to 2
[    0.003713] xen:grant_table: Grant tables using
[    0.003759] Grant table initialized
[    0.003797] xen:events: Using FIFO-based ABI
[    0.003923] Xen: initializing cpu0
[    0.004124] rcu: Hierarchical SRCU implementatio
[    0.004129] rcu:     Max phase no-delay instance
[    0.005335] smp: Bringing up secondary CPUs ...
[    0.006113] Detected VIPT I-cache on CPU1
[    0.006213] GICv3: CPU1: found redistributor 1 r
[    0.012670] Xen: initializing cpu1
[    0.012732] CPU1: Booted secondary processor 0x0
[    0.013655] Detec
                    [done]
Configuring the PFE physical and logical interfaces
Starting AVTP listener service
Initializing all CAN interfaces
Starting crond: OK
Starting the k3s agent
Starting aws-iot-fleetwise-edge service
Traceback (most recent call last):
  File "/home/root/can-gw/avtp_listener.py", line 9
    main()
  File "/home/root/can-gw/avtp_listener.py", line 9
    raw_socket.bind((args.interface, 0))
OSError: [Errno 19] No such device

GoldVIP 1.14.0 (based on Auto Linux BSP 44.0) s32g2

s32g274ardb2 login:
GoldVIP 1.14.0 (based on Auto Linux BSP 44.0) s32g2

s32g274ardb2 login: root
root@s32g274ardb2:~# [   43.802074] pfeng-slave 460                                            eng-slave-drv.c:272] PFE controller UP timed out
(XEN) xen-source/xen/common/grant_table.c:1909:d1v1
(XEN) xen-source/xen/common/grant_table.c:1909:d1v1

root@s32g274ardb2:~# ifconfig
can0: flags=193<UP,RUNNING,NOARP>  mtu 72
        unspec 00-00-00-00-00-00-00-00-00-00-00-00-
        RX packets 0  bytes 0 (0.0 B)
        RX errors 0  dropped 0  overruns 0  frame 0
        TX packets 0  bytes 0 (0.0 B)
        TX errors 0  dropped 0 overruns 0  carrier

can1: flags=193<UP,RUNNING,NOARP>  mtu 72
        unspec 00-00-00-00-00-00-00-00-00-00-00-00-
        RX packets 0  bytes 0 (0.0 B)
        RX errors 0  dropped 0  overruns 0  frame 0
        TX packets 0  bytes 0 (0.0 B)
        TX errors 0  dropped 0 overruns 0  carrier

dummy0: flags=195<UP,BROADCAST,RUNNING,NOARP>  mtu
        inet 10.255.255.254  netmask 255.255.255.0
        inet6 fe80::a6:99ff:fe13:5c30  prefixlen 64
        ether 02:a6:99:13:5c:30  txqueuelen 1000  (
        RX packets 0  bytes 0 (0.0 B)
        RX errors 0  dropped 0  overruns 0  frame 0
        TX packets 31  bytes 2650 (2.5 KiB)
        TX errors 0  dropped 0 overruns 0  carrier

eth0: flags=4099<UP,BROADCAST,MULTICAST>  mtu 1500
        ether ba:a3:ad:2b:c7:de  txqueuelen 1000  (
        RX packets 0  bytes 0 (0.0 B)
        RX errors 0  dropped 0  overruns 0  frame 0
        TX packets 0  bytes 0 (0.0 B)
        TX errors 0  dropped 0 overruns 0  carrier
        device interrupt 50  base 0x2000

flannel.1: flags=4163<UP,BROADCAST,RUNNING,MULTICAS
        inet 10.42.1.0  netmask 255.255.255.255  br
        inet6 fe80::49f:59ff:fefd:11d  prefixlen 64
        ether 06:9f:59:fd:01:1d  txqueuelen 0  (Eth
        RX packets 0  bytes 0 (0.0 B)
        RX errors 0  dropped 0  overruns 0  frame 0
        TX packets 0  bytes 0 (0.0 B)
        TX errors 0  dropped 5 overruns 0  carrier

lo: flags=73<UP,LOOPBACK,RUNNING>  mtu 65536
        inet 127.0.0.1  netmask 255.0.0.0
        inet6 ::1  prefixlen 128  scopeid 0x10<host
        loop  txqueuelen 1000  (Local Loopback)
        RX packets 3310  bytes 1488085 (1.4 MiB)
        RX errors 0  dropped 0  overruns 0  frame 0
        TX packets 3310  bytes 1488085 (1.4 MiB)
        TX errors 0  dropped 0 overruns 0  carrier

v2xbr: flags=4163<UP,BROADCAST,RUNNING,MULTICAST>
        inet 10.0.100.10  netmask 255.255.255.0  br
        inet6 fe80::d078:95ff:fe96:8c3d  prefixlen
        ether fe:ff:ff:ff:ff:ff  txqueuelen 1000  (
        RX packets 1949  bytes 1178648 (1.1 MiB)
        RX errors 0  dropped 0  overruns 0  frame 0
        TX packets 2608  bytes 920749 (899.1 KiB)
        TX errors 0  dropped 0 overruns 0  carrier

vif1.0: flags=4163<UP,BROADCAST,RUNNING,MULTICAST>
        inet6 fe80::fcff:ffff:feff:ffff  prefixlen
        ether fe:ff:ff:ff:ff:ff  txqueuelen 1000  (
        RX packets 23  bytes 4456 (4.3 KiB)
        RX errors 0  dropped 0  overruns 0  frame 0
        TX packets 33  bytes 5594 (5.4 KiB)
        TX errors 0  dropped 0 overruns 0  carrier

vif1.1: flags=4163<UP,BROADCAST,RUNNING,MULTICAST>
        inet6 fe80::fcff:ffff:feff:ffff  prefixlen
        ether fe:ff:ff:ff:ff:ff  txqueuelen 1000  (
        RX packets 1949  bytes 1178648 (1.1 MiB)
        RX errors 0  dropped 0  overruns 0  frame 0
        TX packets 2609  bytes 920731 (899.1 KiB)
        TX errors 0  dropped 0 overruns 0  carrier

xenbr0: flags=4163<UP,BROADCAST,RUNNING,MULTICAST>
        inet6 fe80::5670:2555:477f:e09b  prefixlen
        ether ba:a3:ad:2b:c7:de  txqueuelen 1000  (
        RX packets 23  bytes 4456 (4.3 KiB)
        RX errors 0  dropped 0  overruns 0  frame 0
        TX packets 21  bytes 4658 (4.5 KiB)
        TX errors 0  dropped 0 overruns 0  carrier

root@s32g274ardb2:~# ^C
root@s32g274ardb2:~# dmesg | grep pfe
[    0.000000] OF: reserved mem: 0x0000000034400000
[    0.000000] OF: reserved mem: 0x0000000034480000
[    0.000000] OF: reserved mem: initialized node p
[    0.000000] OF: reserved mem: 0x0000000083200000                                            0
[    0.000000] OF: reserved mem: 0x00000000835e0000
[    0.000000] OF: reserved mem: 0x0000000083600000
[   14.799736] pfeng_slave: loading out-of-tree mod
[   14.816058] pfeng-slave 46000000.pfe_slave: PFEn
[   14.823003] pfeng-slave 46000000.pfe_slave: Vers
[   14.833484] pfeng-slave 46000000.pfe_slave: Driv
[   14.842936] pfeng-slave 46000000.pfe_slave: Mult
[   14.851757] pfeng-slave 46000000.pfe_slave: Comp
[   14.858187] pfeng-slave 46000000.pfe_slave: Cbus
[   14.865224] pfeng-slave 46000000.pfe_slave: IHC
[   14.870608] pfeng-slave 46000000.pfe_slave: MAST
[   14.876796] pfeng-slave 46000000.pfe_slave: neti
[   14.882547] pfeng-slave 46000000.pfe_slave: DT m
[   14.889317] pfeng-slave 46000000.pfe_slave: neti
[   14.896106] pfeng-slave 46000000.pfe_slave: neti
[   14.902476] pfeng-slave 46000000.pfe_slave: neti
[   14.909593] pfeng-slave 46000000.pfe_slave: neti
[   14.915381] pfeng-slave 46000000.pfe_slave: DT m
[   14.922259] pfeng-slave 46000000.pfe_slave: neti
[   14.928984] pfeng-slave 46000000.pfe_slave: neti
[   14.935241] pfeng-slave 46000000.pfe_slave: neti
[   14.942449] pfeng-slave 46000000.pfe_slave: neti
[   14.948253] pfeng-slave 46000000.pfe_slave: DT m
[   14.955112] pfeng-slave 46000000.pfe_slave: neti
[   14.961907] pfeng-slave 46000000.pfe_slave: neti
[   14.968140] pfeng-slave 46000000.pfe_slave: neti
[   14.975355] pfeng-slave 46000000.pfe_slave: neti
[   14.981163] pfeng-slave 46000000.pfe_slave: DT m
[   14.988050] pfeng-slave 46000000.pfe_slave: neti
[   14.995898] pfeng-slave 46000000.pfe_slave: neti
[   15.002094] pfeng-slave 46000000.pfe_slave: neti
[   15.009313] pfeng-slave 46000000.pfe_slave: HIF
[   15.015731] pfeng-slave 46000000.pfe_slave: Wait
[   43.802074] pfeng-slave 46000000.pfe_slave: ERR:                                            PFE controller UP timed out
root@s32g274ardb2:~# root@s32g274ardb2:~# ifconfig
-sh: root@s32g274ardb2:~#: command not found
root@s32g274ardb2:~# ifconfig pfe0 192.168.1.10 net
SIOCSIFADDR: No such device
pfe0: ERROR while getting interface flags: No such
SIOCSIFNETMASK: No such device
pfe0: ERROR while getting interface flags: No such
root@s32g274ardb2:~# ifconfig
can0: flags=193<UP,RUNNING,NOARP>  mtu 72
        unspec 00-00-00-00-00-00-00-00-00-00-00-00-
        RX packets 0  bytes 0 (0.0 B)
        RX errors 0  dropped 0  overruns 0  frame 0
        TX packets 0  bytes 0 (0.0 B)
        TX errors 0  dropped 0 overruns 0  carrier

can1: flags=193<UP,RUNNING,NOARP>  mtu 72
        unspec 00-00-00-00-00-00-00-00-00-00-00-00-
        RX packets 0  bytes 0 (0.0 B)
        RX errors 0  dropped 0  overruns 0  frame 0
        TX packets 0  bytes 0 (0.0 B)
        TX errors 0  dropped 0 overruns 0  carrier

dummy0: flags=195<UP,BROADCAST,RUNNING,NOARP>  mtu
        inet 10.255.255.254  netmask 255.255.255.0
        inet6 fe80::a6:99ff:fe13:5c30  prefixlen 64
        ether 02:a6:99:13:5c:30  txqueuelen 1000  (
        RX packets 0  bytes 0 (0.0 B)
        RX errors 0  dropped 0  overruns 0  frame 0
        TX packets 48  bytes 4140 (4.0 KiB)
        TX errors 0  dropped 0 overruns 0  carrier

eth0: flags=4163<UP,BROADCAST,RUNNING,MULTICAST>  m
        inet6 fe80::b8a3:adff:fe2b:c7de  prefixlen
        ether ba:a3:ad:2b:c7:de  txqueuelen 1000  (
        RX packets 35  bytes 8036 (7.8 KiB)
        RX errors 0  dropped 0  overruns 0  frame 0
        TX packets 48  bytes 12724 (12.4 KiB)
        TX errors 0  dropped 0 overruns 0  carrier
        device interrupt 50  base 0x2000

flannel.1: flags=4163<UP,BROADCAST,RUNNING,MULTICAS
        inet 10.42.1.0  netmask 255.255.255.255  br
        inet6 fe80::49f:59ff:fefd:11d  prefixlen 64
        ether 06:9f:59:fd:01:1d  txqueuelen 0  (Eth
        RX packets 0  bytes 0 (0.0 B)
        RX errors 0  dropped 0  overruns 0  frame 0
        TX packets 0  bytes 0 (0.0 B)
        TX errors 0  dropped 5 overruns 0  carrier

lo: flags=73<UP,LOOPBACK,RUNNING>  mtu 65536
        inet 127.0.0.1  netmask 255.0.0.0
        inet6 ::1  prefixlen 128  scopeid 0x10<host
        loop  txqueuelen 1000  (Local Loopback)
        RX packets 8783  bytes 3360395 (3.2 MiB)
        RX errors 0  dropped 0  overruns 0  frame 0
        TX packets 8783  bytes 3360395 (3.2 MiB)
        TX errors 0  dropped 0 overruns 0  carrier

v2xbr: flags=4163<UP,BROADCAST,RUNNING,MULTICAST>
        inet 10.0.100.10  netmask 255.255.255.0  br
        inet6 fe80::d078:95ff:fe96:8c3d  prefixlen
        ether fe:ff:ff:ff:ff:ff  txqueuelen 1000  (
        RX packets 6228  bytes 2666136 (2.5 MiB)
        RX errors 0  dropped 0  overruns 0  frame 0
        TX packets 9279  bytes 3814659 (3.6 MiB)
        TX errors 0  dropped 0 overruns 0  carrier

vif1.0: flags=4163<UP,BROADCAST,RUNNING,MULTICAST>
        inet6 fe80::fcff:ffff:feff:ffff  prefixlen
        ether fe:ff:ff:ff:ff:ff  txqueuelen 1000  (
        RX packets 52  bytes 13968 (13.6 KiB)
        RX errors 0  dropped 0  overruns 0  frame 0
        TX packets 100  bytes 23758 (23.2 KiB)
        TX errors 0  dropped 0 overruns 0  carrier

vif1.1: flags=4163<UP,BROADCAST,RUNNING,MULTICAST>
        inet6 fe80::fcff:ffff:feff:ffff  prefixlen
        ether fe:ff:ff:ff:ff:ff  txqueuelen 1000  (
        RX packets 6228  bytes 2666136 (2.5 MiB)
        RX errors 0  dropped 0  overruns 0  frame 0
        TX packets 9283  bytes 3814851 (3.6 MiB)
        TX errors 0  dropped 0 overruns 0  carrier

xenbr0: flags=4163<UP,BROADCAST,RUNNING,MULTICAST>
        inet6 fe80::5670:2555:477f:e09b  prefixlen
        ether ba:a3:ad:2b:c7:de  txqueuelen 1000  (
        RX packets 87  bytes 21514 (21.0 KiB)
        RX errors 0  dropped 0  overruns 0  frame 0
        TX packets 50  bytes 14576 (14.2 KiB)
        TX errors 0  dropped 0 overruns 0  carrier

root@s32g274ardb2:~# ifconfig eth0 192.168.0.10 net
root@s32g274ardb2:~# ifconfig eth0
eth0: flags=4163<UP,BROADCAST,RUNNING,MULTICAST>  m
        inet 192.168.0.10  netmask 255.255.255.0  b
        inet6 fe80::b8a3:adff:fe2b:c7de  prefixlen
        ether ba:a3:ad:2b:c7:de  txqueuelen 1000  (
        RX packets 41  bytes 8678 (8.4 KiB)
        RX errors 0  dropped 0  overruns 0  frame 0
        TX packets 50  bytes 13408 (13.0 KiB)
        TX errors 0  dropped 0 overruns 0  carrier
        device interrupt 50  base 0x2000

root@s32g274ardb2:~# ^C
root@s32g274ardb2:~# ping 192.168.0.11
PING 192.168.0.11 (192.168.0.11) 56(84) bytes of da
From 192.168.0.10 icmp_seq=1 Destination Host Unrea
From 192.168.0.10 icmp_seq=2 Destination Host Unrea
From 192.168.0.10 icmp_seq=3 Destination Host Unrea
From 192.168.0.10 icmp_seq=4 Destination Host Unrea
From 192.168.0.10 icmp_seq=5 Destination Host Unrea
From 192.168.0.10 icmp_seq=6 Destination Host Unrea
From 192.168.0.10 icmp_seq=7 Destination Host Unrea
From 192.168.0.10 icmp_seq=8 Destination Host Unrea
From 192.168.0.10 icmp_seq=9 Destination Host Unrea
From 192.168.0.10 icmp_seq=10 Destination Host Unre
From 192.168.0.10 icmp_seq=11 Destination Host Unre
From 192.168.0.10 icmp_seq=12 Destination Host Unre
From 192.168.0.10 icmp_seq=13 Destination Host Unre
From 192.168.0.10 icmp_seq=14 Destination Host Unre
From 192.168.0.10 icmp_seq=15 Destination Host Unre
From 192.168.0.10 icmp_seq=16 Destination Host Unre
From 192.168.0.10 icmp_seq=17 Destination Host Unre
From 192.168.0.10 icmp_seq=18 Destination Host Unre
From 192.168.0.10 icmp_seq=19 Destination Host Unre
From 192.168.0.10 icmp_seq=20 Destination Host Unre
From 192.168.0.10 icmp_seq=21 Destination Host Unre
From 192.168.0.10 icmp_seq=22 Destination Host Unre
From 192.168.0.10 icmp_seq=23 Destination Host Unre
From 192.168.0.10 icmp_seq=24 Destination Host Unre
From 192.168.0.10 icmp_seq=25 Destination Host Unre
From 192.168.0.10 icmp_seq=26 Destination Host Unre
From 192.168.0.10 icmp_seq=27 Destination Host Unre
From 192.168.0.10 icmp_seq=28 Destination Host Unre
From 192.168.0.10 icmp_seq=29 Destination Host Unre
From 192.168.0.10 icmp_seq=30 Destination Host Unre
From 192.168.0.10 icmp_seq=31 Destination Host Unre
From 192.168.0.10 icmp_seq=32 Destination Host Unre
From 192.168.0.10 icmp_seq=33 Destination Host Unre
From 192.168.0.10 icmp_seq=34 Destination Host Unre
From 192.168.0.10 icmp_seq=35 Destination Host Unre
From 192.168.0.10 icmp_seq=36 Destination Host Unre
From 192.168.0.10 icmp_seq=37 Destination Host Unre
From 192.168.0.10 icmp_seq=38 Destination Host Unre
From 192.168.0.10 icmp_seq=39 Destination Host Unre
From 192.168.0.10 icmp_seq=41 Destination Host Unre
^C
--- 192.168.0.11 ping statistics ---
44 packets transmitted, 0 received, +40 errors, 100
pipe 4
root@s32g274ardb2:~# ^C
root@s32g274ardb2:~# # s32g274ardb2 보드와 s32g399a
root@s32g274ardb2:~# route -n
Kernel IP routing table
Destination     Gateway         Genmask         Fla
0.0.0.0         10.255.255.1    0.0.0.0         UG
10.0.100.0      0.0.0.0         255.255.255.0   U
10.42.0.0       10.42.0.0       255.255.255.0   UG
10.255.255.0    0.0.0.0         255.255.255.0   U
192.168.0.0     0.0.0.0         255.255.255.0   U
root@s32g274ardb2:~# ^C
root@s32g274ardb2:~# ping 192.168.0.10
PING 192.168.0.10 (192.168.0.10) 56(84) bytes of da
64 bytes from 192.168.0.10: icmp_seq=1 ttl=64 time=
64 bytes from 192.168.0.10: icmp_seq=2 ttl=64 time=
64 bytes from 192.168.0.10: icmp_seq=3 ttl=64 time=
64 bytes from 192.168.0.10: icmp_seq=4 ttl=64 time=
64 bytes from 192.168.0.10: icmp_seq=5 ttl=64 time=
64 bytes from 192.168.0.10: icmp_seq=6 ttl=64 time=
64 bytes from 192.168.0.10: icmp_seq=7 ttl=64 time=
64 bytes from 192.168.0.10: icmp_seq=8 ttl=64 time=
64 bytes from 192.168.0.10: icmp_seq=9 ttl=64 time=
64 bytes from 192.168.0.10: icmp_seq=10 ttl=64 time
64 bytes from 192.168.0.10: icmp_seq=11 ttl=64 time
64 bytes from 192.168.0.10: icmp_seq=12 ttl=64 time
64 bytes from 192.168.0.10: icmp_seq=13 ttl=64 time
64 bytes from 192.168.0.10: icmp_seq=14 ttl=64 time
64 bytes from 192.168.0.10: icmp_seq=15 ttl=64 time
64 bytes from 192.168.0.10: icmp_seq=16 ttl=64 time
64 bytes from 192.168.0.10: icmp_seq=17 ttl=64 time
64 bytes from 192.168.0.10: icmp_seq=18 ttl=64 time
64 bytes from 192.168.0.10: icmp_seq=19 ttl=64 time
64 bytes from 192.168.0.10: icmp_seq=20 ttl=64 time
64 bytes from 192.168.0.10: icmp_seq=21 ttl=64 time
64 bytes from 192.168.0.10: icmp_seq=22 ttl=64 time
64 bytes from 192.168.0.10: icmp_seq=23 ttl=64 time
64 bytes from 192.168.0.10: icmp_seq=24 ttl=64 time
64 bytes from 192.168.0.10: icmp_seq=25 ttl=64 time
64 bytes from 192.168.0.10: icmp_seq=26 ttl=64 time
64 bytes from 192.168.0.10: icmp_seq=27 ttl=64 time
64 bytes from 192.168.0.10: icmp_seq=28 ttl=64 time
64 bytes from 192.168.0.10: icmp_seq=29 ttl=64 time
64 bytes from 192.168.0.10: icmp_seq=30 ttl=64 time
64 bytes from 192.168.0.10: icmp_seq=31 ttl=64 time
64 bytes from 192.168.0.10: icmp_seq=32 ttl=64 time
64 bytes from 192.168.0.10: icmp_seq=33 ttl=64 time
64 bytes from 192.168.0.10: icmp_seq=34 ttl=64 time
64 bytes from 192.168.0.10: icmp_seq=35 ttl=64 time
64 bytes from 192.168.0.10: icmp_seq=36 ttl=64 time
64 bytes from 192.168.0.10: icmp_seq=37 ttl=64 time
64 bytes from 192.168.0.10: icmp_seq=38 ttl=64 time
64 bytes from 192.168.0.10: icmp_seq=39 ttl=64 time
64 bytes from 192.168.0.10: icmp_seq=40 ttl=64 time
64 bytes from 192.168.0.10: icmp_seq=41 ttl=64 time
64 bytes from 192.168.0.10: icmp_seq=42 ttl=64 time
64 bytes from 192.168.0.10: icmp_seq=43 ttl=64 time
64 bytes from 192.168.0.10: icmp_seq=44 ttl=64 time
64 bytes from 192.168.0.10: icmp_seq=45 ttl=64 time
64 bytes from 192.168.0.10: icmp_seq=46 ttl=64 time
64 bytes from 192.168.0.10: icmp_seq=47 ttl=64 time
64 bytes from 192.168.0.10: icmp_seq=48 ttl=64 time
64 bytes from 192.168.0.10: icmp_seq=49 ttl=64 time
64 bytes from 192.168.0.10: icmp_seq=50 ttl=64 time
64 bytes from 192.168.0.10: icmp_seq=51 ttl=64 time
64 bytes from 192.168.0.10: icmp_seq=52 ttl=64 time
64 bytes from 192.168.0.10: icmp_seq=53 ttl=64 time
64 bytes from 192.168.0.10: icmp_seq=54 ttl=64 time
64 bytes from 192.168.0.10: icmp_seq=55 ttl=64 time
64 bytes from 192.168.0.10: icmp_seq=56 ttl=64 time
64 bytes from 192.168.0.10: icmp_seq=57 ttl=64 time
64 bytes from 192.168.0.10: icmp_seq=58 ttl=64 time
64 bytes from 192.168.0.10: icmp_seq=59 ttl=64 time
64 bytes from 192.168.0.10: icmp_seq=60 ttl=64 time
64 bytes from 192.168.0.10: icmp_seq=61 ttl=64 time
64 bytes from 192.168.0.10: icmp_seq=62 ttl=64 time
64 bytes from 192.168.0.10: icmp_seq=63 ttl=64 time
64 bytes from 192.168.0.10: icmp_seq=64 ttl=64 time
64 bytes from 192.168.0.10: icmp_seq=65 ttl=64 time
64 bytes from 192.168.0.10: icmp_seq=66 ttl=64 time
64 bytes from 192.168.0.10: icmp_seq=67 ttl=64 time
64 bytes from 192.168.0.10: icmp_seq=68 ttl=64 time
64 bytes from 192.168.0.10: icmp_seq=69 ttl=64 time
64 bytes from 192.168.0.10: icmp_seq=70 ttl=64 time
64 bytes from 192.168.0.10: icmp_seq=71 ttl=64 time
64 bytes from 192.168.0.10: icmp_seq=72 ttl=64 time
64 bytes from 192.168.0.10: icmp_seq=73 ttl=64 time
64 bytes from 192.168.0.10: icmp_seq=74 ttl=64 time
64 bytes from 192.168.0.10: icmp_seq=75 ttl=64 time
64 bytes from 192.168.0.10: icmp_seq=76 ttl=64 time
64 bytes from 192.168.0.10: icmp_seq=77 ttl=64 time
64 bytes from 192.168.0.10: icmp_seq=78 ttl=64 time
64 bytes from 192.168.0.10: icmp_seq=79 ttl=64 time
64 bytes from 192.168.0.10: icmp_seq=80 ttl=64 time
64 bytes from 192.168.0.10: icmp_seq=81 ttl=64 time
64 bytes from 192.168.0.10: icmp_seq=82 ttl=64 time
64 bytes from 192.168.0.10: icmp_seq=83 ttl=64 time
64 bytes from 192.168.0.10: icmp_seq=84 ttl=64 time
64 bytes from 192.168.0.10: icmp_seq=85 ttl=64 time
64 bytes from 192.168.0.10: icmp_seq=86 ttl=64 time
64 bytes from 192.168.0.10: icmp_seq=87 ttl=64 time
64 bytes from 192.168.0.10: icmp_seq=88 ttl=64 time
64 bytes from 192.168.0.10: icmp_seq=89 ttl=64 time
64 bytes from 192.168.0.10: icmp_seq=90 ttl=64 time
64 bytes from 192.168.0.10: icmp_seq=91 ttl=64 time
64 bytes from 192.168.0.10: icmp_seq=92 ttl=64 time
64 bytes from 192.168.0.10: icmp_seq=93 ttl=64 time
64 bytes from 192.168.0.10: icmp_seq=94 ttl=64 time
64 bytes from 192.168.0.10: icmp_seq=95 ttl=64 time
64 bytes from 192.168.0.10: icmp_seq=96 ttl=64 time
64 bytes from 192.168.0.10: icmp_seq=97 ttl=64 time
64 bytes from 192.168.0.10: icmp_seq=98 ttl=64 time
64 bytes from 192.168.0.10: icmp_seq=99 ttl=64 time
64 bytes from 192.168.0.10: icmp_seq=100 ttl=64 tim
64 bytes from 192.168.0.10: icmp_seq=101 ttl=64 tim
64 bytes from 192.168.0.10: icmp_seq=102 ttl=64 tim
64 bytes from 192.168.0.10: icmp_seq=103 ttl=64 tim
64 bytes from 192.168.0.10: icmp_seq=104 ttl=64 tim
64 bytes from 192.168.0.10: icmp_seq=105 ttl=64 tim
64 bytes from 192.168.0.10: icmp_seq=106 ttl=64 tim
64 bytes from 192.168.0.10: icmp_seq=107 ttl=64 tim
64 bytes from 192.168.0.10: icmp_seq=108 ttl=64 tim
64 bytes from 192.168.0.10: icmp_seq=109 ttl=64 tim
64 bytes from 192.168.0.10: icmp_seq=110 ttl=64 tim
64 bytes from 192.168.0.10: icmp_seq=111 ttl=64 tim
64 bytes from 192.168.0.10: icmp_seq=112 ttl=64 tim
64 bytes from 192.168.0.10: icmp_seq=113 ttl=64 tim
64 bytes from 192.168.0.10: icmp_seq=114 ttl=64 tim
64 bytes from 192.168.0.10: icmp_seq=115 ttl=64 tim
64 bytes from 192.168.0.10: icmp_seq=116 ttl=64 tim
64 bytes from 192.168.0.10: icmp_seq=117 ttl=64 tim
64 bytes from 192.168.0.10: icmp_seq=118 ttl=64 tim
64 bytes from 192.168.0.10: icmp_seq=119 ttl=64 tim
64 bytes from 192.168.0.10: icmp_seq=120 ttl=64 tim
64 bytes from 192.168.0.10: icmp_seq=121 ttl=64 tim
64 bytes from 192.168.0.10: icmp_seq=122 ttl=64 tim
64 bytes from 192.168.0.10: icmp_seq=123 ttl=64 tim
64 bytes from 192.168.0.10: icmp_seq=124 ttl=64 tim
64 bytes from 192.168.0.10: icmp_seq=125 ttl=64 tim
64 bytes from 192.168.0.10: icmp_seq=126 ttl=64 tim
64 bytes from 192.168.0.10: icmp_seq=127 ttl=64 tim
64 bytes from 192.168.0.10: icmp_seq=128 ttl=64 tim
64 bytes from 192.168.0.10: icmp_seq=129 ttl=64 tim
64 bytes from 192.168.0.10: icmp_seq=130 ttl=64 tim
64 bytes from 192.168.0.10: icmp_seq=131 ttl=64 tim
64 bytes from 192.168.0.10: icmp_seq=132 ttl=64 tim
64 bytes from 192.168.0.10: icmp_seq=133 ttl=64 tim
64 bytes from 192.168.0.10: icmp_seq=134 ttl=64 tim
64 bytes from 192.168.0.10: icmp_seq=135 ttl=64 tim
64 bytes from 192.168.0.10: icmp_seq=136 ttl=64 tim
64 bytes from 192.168.0.10: icmp_seq=137 ttl=64 tim
64 bytes from 192.168.0.10: icmp_seq=138 ttl=64 tim
64 bytes from 192.168.0.10: icmp_seq=139 ttl=64 tim
64 bytes from 192.168.0.10: icmp_seq=140 ttl=64 tim
64 bytes from 192.168.0.10: icmp_seq=141 ttl=64 tim
64 bytes from 192.168.0.10: icmp_seq=142 ttl=64 tim
64 bytes from 192.168.0.10: icmp_seq=143 ttl=64 tim
64 bytes from 192.168.0.10: icmp_seq=144 ttl=64 tim
64 bytes from 192.168.0.10: icmp_seq=145 ttl=64 tim
64 bytes from 192.168.0.10: icmp_seq=146 ttl=64 tim
64 bytes from 192.168.0.10: icmp_seq=147 ttl=64 tim
64 bytes from 192.168.0.10: icmp_seq=148 ttl=64 tim
64 bytes from 192.168.0.10: icmp_seq=149 ttl=64 tim
64 bytes from 192.168.0.10: icmp_seq=150 ttl=64 tim
64 bytes from 192.168.0.10: icmp_seq=151 ttl=64 tim
64 bytes from 192.168.0.10: icmp_seq=152 ttl=64 tim
64 bytes from 192.168.0.10: icmp_seq=153 ttl=64 tim
64 bytes from 192.168.0.10: icmp_seq=154 ttl=64 tim
64 bytes from 192.168.0.10: icmp_seq=155 ttl=64 tim
64 bytes from 192.168.0.10: icmp_seq=156 ttl=64 tim
64 bytes from 192.168.0.10: icmp_seq=157 ttl=64 tim
64 bytes from 192.168.0.10: icmp_seq=158 ttl=64 tim
64 bytes from 192.168.0.10: icmp_seq=159 ttl=64 tim
64 bytes from 192.168.0.10: icmp_seq=160 ttl=64 tim
64 bytes from 192.168.0.10: icmp_seq=161 ttl=64 tim
64 bytes from 192.168.0.10: icmp_seq=162 ttl=64 tim
64 bytes from 192.168.0.10: icmp_seq=163 ttl=64 tim
64 bytes from 192.168.0.10: icmp_seq=164 ttl=64 tim
64 bytes from 192.168.0.10: icmp_seq=165 ttl=64 tim
64 bytes from 192.168.0.10: icmp_seq=166 ttl=64 tim
64 bytes from 192.168.0.10: icmp_seq=167 ttl=64 tim
64 bytes from 192.168.0.10: icmp_seq=168 ttl=64 tim
64 bytes from 192.168.0.10: icmp_seq=169 ttl=64 tim
64 bytes from 192.168.0.10: icmp_seq=170 ttl=64 tim
64 bytes from 192.168.0.10: icmp_seq=171 ttl=64 tim
64 bytes from 192.168.0.10: icmp_seq=172 ttl=64 tim
64 bytes from 192.168.0.10: icmp_seq=173 ttl=64 tim
64 bytes from 192.168.0.10: icmp_seq=174 ttl=64 tim
64 bytes from 192.168.0.10: icmp_seq=175 ttl=64 tim
64 bytes from 192.168.0.10: icmp_seq=176 ttl=64 tim
64 bytes from 192.168.0.10: icmp_seq=177 ttl=64 tim
64 bytes from 192.168.0.10: icmp_seq=178 ttl=64 tim
64 bytes from 192.168.0.10: icmp_seq=179 ttl=64 tim
64 bytes from 192.168.0.10: icmp_seq=180 ttl=64 tim
64 bytes from 192.168.0.10: icmp_seq=181 ttl=64 tim
64 bytes from 192.168.0.10: icmp_seq=182 ttl=64 tim
64 bytes from 192.168.0.10: icmp_seq=183 ttl=64 tim
64 bytes from 192.168.0.10: icmp_seq=184 ttl=64 tim
64 bytes from 192.168.0.10: icmp_seq=185 ttl=64 tim
64 bytes from 192.168.0.10: icmp_seq=186 ttl=64 tim
64 bytes from 192.168.0.10: icmp_seq=187 ttl=64 tim
64 bytes from 192.168.0.10: icmp_seq=188 ttl=64 tim
64 bytes from 192.168.0.10: icmp_seq=189 ttl=64 tim
64 bytes from 192.168.0.10: icmp_seq=190 ttl=64 tim
64 bytes from 192.168.0.10: icmp_seq=191 ttl=64 tim
64 bytes from 192.168.0.10: icmp_seq=192 ttl=64 tim
64 bytes from 192.168.0.10: icmp_seq=193 ttl=64 tim
64 bytes from 192.168.0.10: icmp_seq=194 ttl=64 tim
64 bytes from 192.168.0.10: icmp_seq=195 ttl=64 tim
64 bytes from 192.168.0.10: icmp_seq=196 ttl=64 tim
64 bytes from 192.168.0.10: icmp_seq=197 ttl=64 tim
64 bytes from 192.168.0.10: icmp_seq=198 ttl=64 tim
64 bytes from 192.168.0.10: icmp_seq=199 ttl=64 tim
64 bytes from 192.168.0.10: icmp_seq=200 ttl=64 tim
64 bytes from 192.168.0.10: icmp_seq=201 ttl=64 tim
64 bytes from 192.168.0.10: icmp_seq=202 ttl=64 tim
64 bytes from 192.168.0.10: icmp_seq=203 ttl=64 tim
64 bytes from 192.168.0.10: icmp_seq=204 ttl=64 tim
64 bytes from 192.168.0.10: icmp_seq=205 ttl=64 tim
64 bytes from 192.168.0.10: icmp_seq=206 ttl=64 tim
64 bytes from 192.168.0.10: icmp_seq=207 ttl=64 tim
64 bytes from 192.168.0.10: icmp_seq=208 ttl=64 tim
64 bytes from 192.168.0.10: icmp_seq=209 ttl=64 tim
64 bytes from 192.168.0.10: icmp_seq=210 ttl=64 tim
64 bytes from 192.168.0.10: icmp_seq=211 ttl=64 tim
64 bytes from 192.168.0.10: icmp_seq=212 ttl=64 tim
64 bytes from 192.168.0.10: icmp_seq=213 ttl=64 tim
64 bytes from 192.168.0.10: icmp_seq=214 ttl=64 tim
64 bytes from 192.168.0.10: icmp_seq=215 ttl=64 tim
64 bytes from 192.168.0.10: icmp_seq=216 ttl=64 tim
64 bytes from 192.168.0.10: icmp_seq=217 ttl=64 tim
64 bytes from 192.168.0.10: icmp_seq=218 ttl=64 tim
64 bytes from 192.168.0.10: icmp_seq=219 ttl=64 tim
64 bytes from 192.168.0.10: icmp_seq=220 ttl=64 tim
64 bytes from 192.168.0.10: icmp_seq=221 ttl=64 tim
64 bytes from 192.168.0.10: icmp_seq=222 ttl=64 tim
64 bytes from 192.168.0.10: icmp_seq=223 ttl=64 tim
64 bytes from 192.168.0.10: icmp_seq=224 ttl=64 tim
64 bytes from 192.168.0.10: icmp_seq=225 ttl=64 tim
64 bytes from 192.168.0.10: icmp_seq=226 ttl=64 tim
64 bytes from 192.168.0.10: icmp_seq=227 ttl=64 tim
64 bytes from 192.168.0.10: icmp_seq=228 ttl=64 tim
64 bytes from 192.168.0.10: icmp_seq=229 ttl=64 tim
64 bytes from 192.168.0.10: icmp_seq=230 ttl=64 tim
64 bytes from 192.168.0.10: icmp_seq=231 ttl=64 tim
64 bytes from 192.168.0.10: icmp_seq=232 ttl=64 tim
64 bytes from 192.168.0.10: icmp_seq=233 ttl=64 tim
64 bytes from 192.168.0.10: icmp_seq=234 ttl=64 tim
64 bytes from 192.168.0.10: icmp_seq=235 ttl=64 tim
64 bytes from 192.168.0.10: icmp_seq=236 ttl=64 tim
64 bytes from 192.168.0.10: icmp_seq=237 ttl=64 tim
64 bytes from 192.168.0.10: icmp_seq=238 ttl=64 tim
64 bytes from 192.168.0.10: icmp_seq=239 ttl=64 tim
64 bytes from 192.168.0.10: icmp_seq=240 ttl=64 tim
64 bytes from 192.168.0.10: icmp_seq=241 ttl=64 tim
64 bytes from 192.168.0.10: icmp_seq=242 ttl=64 tim
64 bytes from 192.168.0.10: icmp_seq=243 ttl=64 tim
64 bytes from 192.168.0.10: icmp_seq=244 ttl=64 tim
64 bytes from 192.168.0.10: icmp_seq=245 ttl=64 tim
64 bytes from 192.168.0.10: icmp_seq=246 ttl=64 tim
64 bytes from 192.168.0.10: icmp_seq=247 ttl=64 tim
64 bytes from 192.168.0.10: icmp_seq=248 ttl=64 tim
64 bytes from 192.168.0.10: icmp_seq=249 ttl=64 tim
64 bytes from 192.168.0.10: icmp_seq=250 ttl=64 tim
64 bytes from 192.168.0.10: icmp_seq=251 ttl=64 tim
64 bytes from 192.168.0.10: icmp_seq=252 ttl=64 tim
64 bytes from 192.168.0.10: icmp_seq=253 ttl=64 tim
64 bytes from 192.168.0.10: icmp_seq=254 ttl=64 tim
64 bytes from 192.168.0.10: icmp_seq=255 ttl=64 tim
64 bytes from 192.168.0.10: icmp_seq=256 ttl=64 tim
64 bytes from 192.168.0.10: icmp_seq=257 ttl=64 tim
64 bytes from 192.168.0.10: icmp_seq=258 ttl=64 tim
64 bytes from 192.168.0.10: icmp_seq=259 ttl=64 tim
64 bytes from 192.168.0.10: icmp_seq=260 ttl=64 tim
64 bytes from 192.168.0.10: icmp_seq=261 ttl=64 tim
64 bytes from 192.168.0.10: icmp_seq=262 ttl=64 tim
64 bytes from 192.168.0.10: icmp_seq=263 ttl=64 tim
64 bytes from 192.168.0.10: icmp_seq=264 ttl=64 tim
64 bytes from 192.168.0.10: icmp_seq=265 ttl=64 tim
64 bytes from 192.168.0.10: icmp_seq=266 ttl=64 tim
64 bytes from 192.168.0.10: icmp_seq=267 ttl=64 tim
64 bytes from 192.168.0.10: icmp_seq=268 ttl=64 tim
64 bytes from 192.168.0.10: icmp_seq=269 ttl=64 tim
64 bytes from 192.168.0.10: icmp_seq=270 ttl=64 tim
64 bytes from 192.168.0.10: icmp_seq=271 ttl=64 tim
64 bytes from 192.168.0.10: icmp_seq=272 ttl=64 tim
64 bytes from 192.168.0.10: icmp_seq=273 ttl=64 tim
64 bytes from 192.168.0.10: icmp_seq=274 ttl=64 tim
64 bytes from 192.168.0.10: icmp_seq=275 ttl=64 tim
64 bytes from 192.168.0.10: icmp_seq=276 ttl=64 tim
64 bytes from 192.168.0.10: icmp_seq=277 ttl=64 tim
64 bytes from 192.168.0.10: icmp_seq=278 ttl=64 tim
64 bytes from 192.168.0.10: icmp_seq=279 ttl=64 tim
64 bytes from 192.168.0.10: icmp_seq=280 ttl=64 tim
64 bytes from 192.168.0.10: icmp_seq=281 ttl=64 tim
64 bytes from 192.168.0.10: icmp_seq=282 ttl=64 tim
64 bytes from 192.168.0.10: icmp_seq=283 ttl=64 tim
64 bytes from 192.168.0.10: icmp_seq=284 ttl=64 tim
64 bytes from 192.168.0.10: icmp_seq=285 ttl=64 tim
64 bytes from 192.168.0.10: icmp_seq=286 ttl=64 tim
64 bytes from 192.168.0.10: icmp_seq=287 ttl=64 tim
64 bytes from 192.168.0.10: icmp_seq=288 ttl=64 tim
64 bytes from 192.168.0.10: icmp_seq=289 ttl=64 tim
64 bytes from 192.168.0.10: icmp_seq=290 ttl=64 tim
64 bytes from 192.168.0.10: icmp_seq=291 ttl=64 tim
64 bytes from 192.168.0.10: icmp_seq=292 ttl=64 tim
64 bytes from 192.168.0.10: icmp_seq=293 ttl=64 tim
64 bytes from 192.168.0.10: icmp_seq=294 ttl=64 tim
64 bytes from 192.168.0.10: icmp_seq=295 ttl=64 tim
64 bytes from 192.168.0.10: icmp_seq=296 ttl=64 tim
64 bytes from 192.168.0.10: icmp_seq=297 ttl=64 tim
64 bytes from 192.168.0.10: icmp_seq=298 ttl=64 tim
64 bytes from 192.168.0.10: icmp_seq=299 ttl=64 tim
64 bytes from 192.168.0.10: icmp_seq=300 ttl=64 tim
64 bytes from 192.168.0.10: icmp_seq=301 ttl=64 tim
64 bytes from 192.168.0.10: icmp_seq=302 ttl=64 tim
64 bytes from 192.168.0.10: icmp_seq=303 ttl=64 tim
64 bytes from 192.168.0.10: icmp_seq=304 ttl=64 tim
64 bytes from 192.168.0.10: icmp_seq=305 ttl=64 tim
64 bytes from 192.168.0.10: icmp_seq=306 ttl=64 tim
64 bytes from 192.168.0.10: icmp_seq=307 ttl=64 tim
64 bytes from 192.168.0.10: icmp_seq=308 ttl=64 tim
64 bytes from 192.168.0.10: icmp_seq=309 ttl=64 tim
64 bytes from 192.168.0.10: icmp_seq=310 ttl=64 tim
64 bytes from 192.168.0.10: icmp_seq=311 ttl=64 tim
64 bytes from 192.168.0.10: icmp_seq=312 ttl=64 tim
64 bytes from 192.168.0.10: icmp_seq=313 ttl=64 tim
64 bytes from 192.168.0.10: icmp_seq=314 ttl=64 tim
64 bytes from 192.168.0.10: icmp_seq=315 ttl=64 tim
64 bytes from 192.168.0.10: icmp_seq=316 ttl=64 tim
64 bytes from 192.168.0.10: icmp_seq=317 ttl=64 tim
64 bytes from 192.168.0.10: icmp_seq=318 ttl=64 tim
64 bytes from 192.168.0.10: icmp_seq=319 ttl=64 tim
64 bytes from 192.168.0.10: icmp_seq=320 ttl=64 tim
64 bytes from 192.168.0.10: icmp_seq=321 ttl=64 tim
64 bytes from 192.168.0.10: icmp_seq=322 ttl=64 tim
64 bytes from 192.168.0.10: icmp_seq=323 ttl=64 tim
64 bytes from 192.168.0.10: icmp_seq=324 ttl=64 tim
64 bytes from 192.168.0.10: icmp_seq=325 ttl=64 tim
64 bytes from 192.168.0.10: icmp_seq=326 ttl=64 tim
64 bytes from 192.168.0.10: icmp_seq=327 ttl=64 tim
64 bytes from 192.168.0.10: icmp_seq=328 ttl=64 tim
64 bytes from 192.168.0.10: icmp_seq=329 ttl=64 tim
64 bytes from 192.168.0.10: icmp_seq=330 ttl=64 tim
64 bytes from 192.168.0.10: icmp_seq=331 ttl=64 tim
64 bytes from 192.168.0.10: icmp_seq=332 ttl=64 tim
64 bytes from 192.168.0.10: icmp_seq=333 ttl=64 tim
64 bytes from 192.168.0.10: icmp_seq=334 ttl=64 tim
64 bytes from 192.168.0.10: icmp_seq=335 ttl=64 tim
64 bytes from 192.168.0.10: icmp_seq=336 ttl=64 tim
64 bytes from 192.168.0.10: icmp_seq=337 ttl=64 tim
64 bytes from 192.168.0.10: icmp_seq=338 ttl=64 tim
64 bytes from 192.168.0.10: icmp_seq=339 ttl=64 tim
64 bytes from 192.168.0.10: icmp_seq=340 ttl=64 tim
64 bytes from 192.168.0.10: icmp_seq=341 ttl=64 tim
64 bytes from 192.168.0.10: icmp_seq=342 ttl=64 tim
64 bytes from 192.168.0.10: icmp_seq=343 ttl=64 tim
64 bytes from 192.168.0.10: icmp_seq=344 ttl=64 tim
^C
--- 192.168.0.10 ping statistics ---
344 packets transmitted, 344 received, 0% packet lo
rtt min/avg/max/mdev = 0.123/0.203/0.294/0.015 ms
root@s32g274ardb2:~# loady
-sh: loady: command not found
root@s32g274ardb2:~# ^C
root@s32g274ardb2:~# vi tsn_listener.c


~
~
~
~
~
~
~
~
~
~
~
~
~
~
~
~
~
~
~
~
~
~
~
~
~
~
~
~
~
~
~
~
~
~tsn_listener.c" [New]
~
~
~
~
~
~
~
~
~
~
~
~
~
~
~
~
~
~
~
~
~
~
~
~
~
~
~
~
~
~
~
~
~
~
~
~
~
~
~
~
~
~
~
~
~

~
~
~
~
~
~
~
~
~
~
~
~
~
~
~
~
~
~
~
~
~
~
~
~
~
~
~
~
~
~
~
~
~
~
~
~
~
~
~
~
~
~
~
~
// �~L~L�~]���~E: tsn_listener.c
// #include <stdio.h>
// #include <stdlib.h>
// #include <string.h>
// #include <unistd.h>
// #include <arpa/inet.h>
// #include <sys/socket.h>
// #include <sys/time.h> // gettimeofday()를 �~\~D
//
// // --- �~D��| ~U ��~R ---
// #define LISTENER_IP "192.168.0.10" // �~^~P기
// #define PORT 8888
// #define BUF_SIZE 1024
// // ---------------
//
// void error_handling(char *message);
//
// int main() {
//     int sock;
//         struct sockaddr_in listener_addr, talker
//             socklen_t talker_addr_size;
//                 char message[BUF_SIZE];
//                     int str_len;
//
//                         // UDP �~F~L��~S �~D
//                             sock = socket(PF_INE
//                                 if (sock == -1)
//
//                                     memset(&list
//                                         listener
//                                             list
//
//
//                                                                                             er_addr)) == -1) {
//
//
//
//                                                                                              %s:%d\n", LISTENER_IP, PORT);
//
//
//
//                                                                                             er_addr);
//                                                                                             k, message, BUF_SIZE - 1, 0, (struct sockaddr*)&tal
//
//                                                                                             r_len > 0) {
//                                                                                                   message[str_len] = 0;
//
//                                                                                                               // �~L��~B��~]~D ��~[�~]~
//                                                                                                                           struct timeval curren
//                                                                                                                                       gettimeof
//                                                                                             
//                                                                                                                                                                                            ��~\�| �
//                                                                                                                                                                                            age: %s\n",
//                                                                                                                                                                                            v_sec, (long)current_time.tv_usec, message);
//                                                                                             
//                                                                                             
//
//                                                                                                                                                                                            e(sock);
//                                                                                             















return 0;
//                                                                                                                                                                                            }
//
//                                                                                                                                                                                            void error_handling(char *message) {
//                                                                                                                                                                                                perror(message);
//                                                                                                                                                                                                    exit(1);
//                                                                                                                                                                                                    }


//                                                                                                                                                                                            
//                                                                                                                                                                                            
//                                                                                                                                                                                            ~
"tsn_listener.c" [New] 68L, 6272B written
root@s32g274ardb2:~# gcc -o tsn_listener tsn_listen
/usr/lib/gcc/aarch64-fsl-linux/13.3.0/../../../../a                                            ../../Scrt1.o: in function `_start':
/usr/src/debug/glibc/2.39+git/csu/../sysdeps/aarch6
/usr/lib/gcc/aarch64-fsl-linux/13.3.0/../../../../a                                            eps/aarch64/start.S:82:(.text+0x20): undefined refe
collect2: error: ld returned 1 exit status
root@s32g274ardb2:~# ^C
root@s32g274ardb2:~# vi benchmark_listener.c


~
~
~
~
~
~
~
~
~
~
~
~
~
~
~
~
~
~
~
~
~
~
~
~
~
~
~
~
~
~
~
~
~
~benchmark_listener.c" [New]
~
~
~
~
~
~
~
~
~
~
~
~
~
~
~
~
~
~
~
~
~
~
~
~
~
~
~
~
~
~
~
~
~
~
~
~
~
~
~
~
~
~
~
~
~

~
~
~
~
~
~
~
~
~
~
~
~
~
~
~
~
~
~
~
~
~
~
~
~
~
~
~
~
~
~
~
~
~
~
~
~
~
~
~
~
~
~
~
~
#include <stdio.h>
#include <stdlib.h>
#include <string.h>
#include <unistd.h>
#include <arpa/inet.h>
#include <sys/socket.h>

#define LISTENER_IP "192.168.0.10"
#define PORT 8888
#define BUF_SIZE 1024

void error_handling(char *message);

int main() {
            int sock;
                struct sockaddr_in listener_addr, t
                    socklen_t talker_addr_size;
                        char message[BUF_SIZE];
                            int str_len;

                                sock = socket(PF_IN
                                    if (sock == -1)

                                        memset(&lis
                                            listene
                                                lis



                                                                                               ner_addr)) == -1) {





                                                                                               
                                                                                               );
                                                                                               ��~@��
                                                                                               (sock, message, BUF_SIZE, 0, (struct sockaddr*)&tal
                                                                                               n > 0) {
                                                                                                 // ��~[�~]~@ �~L��~B��~]~D 그�~L~@��~\
                                                                                                             sendto(sock, message, str_len, 0, (st
                                                                                                                         // printf("Echoed packet.                                            ~] ��~X리~DD
                                                                                                                                 }
                                                                                                                                     }

                                                                                                                                         close(soc
                                                                                                                                             retur
                                                                                                                                             }

                                                                                                                                             void
                                                                                                                                                 p
                                                                                                                                                                                             1                                                                                              14,0-1        All                                                                              5,1                                                                                            4"benchmark_listener.c" [New] 56L, 2578B written                                               13,0-1        All                                                                              1"benchmark_listener.c" 56L, 2578B written
root@s32g274ardb2:~# ls
benchmark             benchmark_listener.c~  cloud-gw    dds     fleetwise  tsn_listener.c
benchmark_listener.c  can-gw                 containers  eth-gw  ota
root@s32g274ardb2:~# rm benchmark
benchmark/             benchmark_listener.c   benchmark_listener.c~
root@s32g274ardb2:~# rm benchmark
benchmark/             benchmark_listener.c   benchmark_listener.c~
root@s32g274ardb2:~# ls
benchmark             benchmark_listener.c~  cloud-gw    dds     fleetwise  tsn_listener.c
benchmark_listener.c  can-gw                 containers  eth-gw  ota
root@s32g274ardb2:~# ls
benchmark             benchmark_listener.c~  cloud-gw    dds     fleetwise  tsn_listener.c
benchmark_listener.c  can-gw                 containers  eth-gw  ota
root@s32g274ardb2:~# ^C
root@s32g274ardb2:~# ^C
root@s32g274ardb2:~#
