bootloader 0x2 ComDal_Init() done.
bootloader 0x2 Bootloader safety checks finished
bootloader 0x2 Bootloader secure boot is enabled.
bootloader 0x2 Bootloader initialization complete.
bootloader 0x2 Application 0 image fragment 0 of size 225280 was loaded from QSPI, address 0x201240.
bootloader 0x2 Application 0 image fragment 0 was loaded in 10.326 milliseconds.
bootloader 0x2 Application A53_0 was loaded.
bootloader 0x2 Application 1 image fragment 0 of size 3145728 was loaded from QSPI, address 0x400000.
bootloader 0x2 Application 1 image fragment 0 was loaded in 22.396 milliseconds.
bootloader 0x2 Application M7_0 was loaded.
NOTICE:  Reset status: Error
NOTICE:  BL2: v2.10.14(release):bsp44.0_rc10-2.10.14-1-gc9a7f8123-dirty
NOTICE:  BL2: Built : 08:13:32, May 13 2025
NOTICE:  BL2: Booting BL31
I/TC:
I/TC: Non-secure external DT found
I/TC: OP-TEE version: bsp44.0_rc10-4.0-dev (gcc version 13.3.0 (GCC)) #1 Mon Mar 24 14:10:41 UTC 2025 aarch64
I/TC: WARNING: This OP-TEE configuration might be insecure!
I/TC: WARNING: Please check https://optee.readthedocs.io/en/latest/architecture/porting_guidelines.html
I/TC: Primary CPU initializing
I/TC: Initializing virtualization support
I/TC: Primary CPU switching to normal world boot
I/TC: WARNING: Using fixed value for stack canary


U-Boot 2022.04+g9a00323278+p0 (May 13 2025 - 06:57:56 +0000)

SoC:   NXP S32G274A rev. 2.1
CPU:   ARM Cortex-A53 r0p4 @ max 1000 MHz
Model: NXP S32G2XX
DRAM:  4 GiB
Core:  312 devices, 24 uclasses, devicetree: board
MMC:   FSL_SDHC: 0
Loading Environment from MMC... OK
Failed to update XPCS0 for SerDes1
Failed to update XPCS1 for SerDes1
pci_s32cc pcie@40400000: Failed to get PHY 'serdes_lane0'
In:    serial@401c8000
Out:   serial@401c8000
Err:   serial@401c8000
Board revision: RDB2/GLDBOX Revision E
Net:
Warning: ethernet@4033c000 (eth0) using random MAC address - 9a:60:1a:60:8b:31
eth0: ethernet@4033c000, eth4: pfe0sl, eth5: pfe1sl, eth6: pfe2sl
Hit any key to stop autoboot:  0
1772 bytes read in 5 ms (345.7 KiB/s)
## Executing script at 80200000
17002504 bytes read in 678 ms (23.9 MiB/s)
1146888 bytes read in 47 ms (23.3 MiB/s)
60923 bytes read in 7 ms (8.3 MiB/s)
## Flattened Device Tree blob at 86a00000
   Booting using the fdt blob at 0x86a00000
   Using Device Tree in place at 0000000086a00000, end 0000000086a12fff
   fixup: pfe1: update phy addr to 0x8
Failed to configure XPCS1_1
Failed to update XPCS1 for SerDes1

Starting kernel ...

- UART enabled -
- Boot CPU booting -
- Current EL 0000000000000008 -
- Initialize CPU -
- Turning on paging -
- Zero BSS -
- Ready -
(XEN) Checking for initrd in /chosen
(XEN) RAM: 0000000080000000 - 00000000ffffffff
(XEN) RAM: 0000000880000000 - 00000008ffffffff
(XEN)
(XEN) MODULE[0]: 0000000086800000 - 0000000086965000 Xen
(XEN) MODULE[1]: 0000000086a00000 - 0000000086a10000 Device Tree
(XEN) MODULE[2]: 0000000085600000 - 0000000086637008 Kernel
(XEN)  RESVD[0]: 00000000ff600000 - 00000000ff7fffff
(XEN)  RESVD[1]: 00000000ff400000 - 00000000ff5fffff
(XEN)  RESVD[2]: 00000000fe000000 - 00000000ff3fffff
(XEN)  RESVD[3]: 0000000084000000 - 0000000084ffffff
(XEN)  RESVD[4]: 00000000c0000000 - 00000000c03fffff
(XEN)  RESVD[5]: 00000000c0400000 - 00000000c07fffff
(XEN)  RESVD[6]: 00000000d0000000 - 00000000d000007f
(XEN)  RESVD[7]: 00000000d0000080 - 00000000d00000ff
(XEN)  RESVD[8]: 0000000083200000 - 00000000835dffff
(XEN)  RESVD[9]: 00000000835e0000 - 00000000835fffff
(XEN)  RESVD[10]: 0000000083600000 - 000000008360ffff
(XEN)  RESVD[11]: 0000000034400000 - 000000003447ffff
(XEN)  RESVD[12]: 0000000034480000 - 000000003449ffff
(XEN)  RESVD[13]: 0000000034520000 - 00000000345fffff
(XEN)
(XEN)
(XEN) Command line: dom0_mem=1G dom0_max_vcpus=4 bootscrub=0 dom0_vcpus_pin
(XEN) PFN compression on bits 20...22
(XEN) Domain heap initialised
(XEN) Booting using Device Tree
(XEN) Platform: NXP S32CC
(XEN) No dtuart path configured
(XEN) Bad console= option 'dtuart'
 Xen 4.18.2
(XEN) Xen version 4.18.2 (nxf65897@swis.ro-buh01.nxp.com) (aarch64-fsl-linux-gcc (GCC) 13.3.0) debug=y 2025-03-14
(XEN) Latest ChangeSet: Thu Feb 20 15:08:45 2025 +0200 git:e4f37269c3-dirty
(XEN) build-id: aeb32f714cb175b3debed511648f1980021f0631
(XEN) Processor: 00000000410fd034: "ARM Limited", variant: 0x0, part 0xd03,rev 0x4
(XEN) 64-bit Execution:
(XEN)   Processor Features: 0000000001002222 0000000000000000
(XEN)     Exception Levels: EL3:64+32 EL2:64+32 EL1:64+32 EL0:64+32
(XEN)     Extensions: FloatingPoint AdvancedSIMD GICv3-SysReg
(XEN)   Debug Features: 0000000010305106 0000000000000000
(XEN)   Auxiliary Features: 0000000000000000 0000000000000000
(XEN)   Memory Model Features: 0000000000001122 0000000000000000
(XEN)   ISA Features:  0000000000011120 0000000000000000
(XEN) 32-bit Execution:
(XEN)   Processor Features: 0000000000000131:0000000010011011
(XEN)     Instruction Sets: AArch32 A32 Thumb Thumb-2 Jazelle
(XEN)     Extensions: GenericTimer Security
(XEN)   Debug Features: 0000000003010066
(XEN)   Auxiliary Features: 0000000000000000
(XEN)   Memory Model Features: 0000000010201105 0000000040000000
(XEN)                          0000000001260000 0000000002102211
(XEN)   ISA Features: 0000000002101110 0000000013112111 0000000021232042
(XEN)                 0000000001112131 0000000000011142 0000000000011121
(XEN) Using SMC Calling Convention v1.4
(XEN) Using PSCI v1.1
(XEN) SMP: Allowing 4 CPUs
(XEN) enabled workaround for: ARM erratum 1530924
(XEN) enabled workaround for: NXP ERRATUM ERR050481 (TLBI handled incorrectly)
(XEN) Generic Timer IRQ: phys=30 hyp=26 virt=27 Freq: 5000 KHz
(XEN) GICv3 initialization:
(XEN)       gic_dist_addr=0x00000050800000
(XEN)       gic_maintenance_irq=25
(XEN)       gic_rdist_stride=0
(XEN)       gic_rdist_regions=1
(XEN)       redistributor regions:
(XEN)         - region 0: 0x00000050880000 - 0x00000050900000
(XEN) GICv3 compatible with GICv2 cbase 0x00000050400000 vbase 0x00000050420000
(XEN) GICv3: 576 lines, (IID 0001143b).
(XEN) GICv3: CPU0: Found redistributor in region 0 @000002004001a000
(XEN) XSM Framework v1.0.1 initialized
(XEN) Initialising XSM SILO mode
(XEN) Using scheduler: SMP Credit Scheduler rev2 (credit2)
(XEN) Initializing Credit2 scheduler
(XEN)  load_precision_shift: 18
(XEN)  load_window_shift: 30
(XEN)  underload_balance_tolerance: 0
(XEN)  overload_balance_tolerance: -3
(XEN)  runqueues arrangement: socket
(XEN)  cap enforcement granularity: 10ms
(XEN) load tracking window length 1073741824 ns
(XEN) Allocated console ring of 32 KiB.
(XEN) CPU0: Guest atomics will try 9 times before pausing the domain
(XEN) Bringing up CPU1
I/TC: Secondary CPU 1 initializing
I/TC: Secondary CPU 1 switching to normal world boot
- CPU 0000000000000001 booting -
- Current EL 0000000000000008 -
- Initialize CPU -
- Turning on paging -
- Ready -
(XEN) GICv3: CPU1: Found redistributor in region 0 @000002004003a000
(XEN) CPU1: Guest atomics will try 11 times before pausing the domain
(XEN) CPU 1 booted.
(XEN) Bringing up CPU2
I/TC: Secondary CPU 2 initializing
I/TC: Secondary CPU 2 switching to normal world boot
- CPU 0000000000000100 booting -
- Current EL 0000000000000008 -
- Initialize CPU -
- Turning on paging -
- Ready -
(XEN) GICv3: CPU2: Found redistributor in region 0 @000002004005a000
(XEN) CPU2: Guest atomics will try 4 times before pausing the domain
(XEN) CPU 2 booted.
(XEN) Bringing up CPU3
I/TC: Secondary CPU 3 initializing
I/TC: Secondary CPU 3 switching to normal world boot
- CPU 0000000000000101 booting -
- Current EL 0000000000000008 -
- Initialize CPU -
- Turning on paging -
- Ready -
(XEN) GICv3: CPU3: Found redistributor in region 0 @000002004007a000
(XEN) CPU3: Guest atomics will try 11 times before pausing the domain
(XEN) Brought up 4 CPUs
(XEN) CPU 3 booted.
(XEN) I/O virtualisation disabled
(XEN) P2M: 40-bit IPA with 40-bit PA and 8-bit VMID
(XEN) P2M: 3 levels with order-1 root, VTCR 0x0000000080023558
(XEN) Scheduling granularity: cpu, 1 CPU per sched-resource
(XEN) Initializing Credit2 scheduler
(XEN)  load_precision_shift: 18
(XEN)  load_window_shift: 30
(XEN)  underload_balance_tolerance: 0
(XEN)  overload_balance_tolerance: -3
(XEN)  runqueues arrangement: socket
(XEN)  cap enforcement granularity: 10ms
(XEN) load tracking window length 1073741824 ns
(XEN) Adding cpu 0 to runqueue 0
(XEN)  First cpu on runqueue, activating
(XEN) Adding cpu 1 to runqueue 0
(XEN) Adding cpu 2 to runqueue 0
(XEN) Adding cpu 3 to runqueue 0
(XEN) OP-TEE supports 4 simultaneous threads per guest.
I/TC: Removing guest 0
E/TC:0   virt_guest_destroyed:353 Client with id 0 is not found
(XEN) Using TEE mediator for OP-TEE
(XEN) alternatives: Patching with alt table 00000200002edc18 -> 00000200002eefbc
I/TC: Added guest 1
(XEN) *** LOADING DOMAIN 0 ***
(XEN) Loading d0 kernel from boot module @ 0000000085600000
(XEN) Allocating 1:1 mappings totalling 1024MB for dom0:
(XEN) BANK[0] 0x00000090000000-0x000000c0000000 (768MB)
(XEN) BANK[1] 0x000000e0000000-0x000000f0000000 (256MB)
(XEN) Grant table range: 0x00000086800000-0x00000086840000
(XEN) Allocating PPI 16 for event channel interrupt
(XEN) d0: extended region 0: 0x86a00000->0x8fe00000
(XEN) d0: extended region 1: 0xc0800000->0xcfe00000
(XEN) d0: extended region 2: 0xd0200000->0xdfe00000
(XEN) d0: extended region 3: 0xf0000000->0xfde00000
(XEN) d0: extended region 4: 0x880000000->0x8ffe00000
(XEN) Loading zImage from 0000000085600000 to 0000000090000000-0000000091037008
(XEN) Loading d0 DTB to 0x0000000098000000-0x000000009800ee85
(XEN) Initial low memory virq threshold set at 0x4000 pages.
(XEN) Std. Loglevel: All
(XEN) Guest Loglevel: All
(XEN) *** Serial input to DOM0 (type 'CTRL-a' three times to switch input)
(XEN) Freed 360kB init memory.
(XEN) d0v0 Unhandled SMC/HVC: 0x84000050
(XEN) d0v0 Unhandled SMC/HVC: 0x8600ff01
(XEN) d0v0: vGICD: RAZ on reserved register offset 0x00000c
(XEN) d0v0: vGICD: unhandled word write 0x000000ffffffff to ICACTIVER4
(XEN) d0v0: vGICD: unhandled word write 0x000000ffffffff to ICACTIVER8
(XEN) d0v0: vGICD: unhandled word write 0x000000ffffffff to ICACTIVER12
(XEN) d0v0: vGICD: unhandled word write 0x000000ffffffff to ICACTIVER16
(XEN) d0v0: vGICD: unhandled word write 0x000000ffffffff to ICACTIVER20
(XEN) d0v0: vGICD: unhandled word write 0x000000ffffffff to ICACTIVER24
(XEN) d0v0: vGICD: unhandled word write 0x000000ffffffff to ICACTIVER28
(XEN) d0v0: vGICD: unhandled word write 0x000000ffffffff to ICACTIVER32
(XEN) d0v0: vGICD: unhandled word write 0x000000ffffffff to ICACTIVER36
(XEN) d0v0: vGICD: unhandled word write 0x000000ffffffff to ICACTIVER40
(XEN) d0v0: vGICD: unhandled word write 0x000000ffffffff to ICACTIVER44
(XEN) d0v0: vGICD: unhandled word write 0x000000ffffffff to ICACTIVER48
(XEN) d0v0: vGICD: unhandled word write 0x000000ffffffff to ICACTIVER52
(XEN) d0v0: vGICD: unhandled word write 0x000000ffffffff to ICACTIVER56
(XEN) d0v0: vGICD: unhandled word write 0x000000ffffffff to ICACTIVER60
(XEN) d0v0: vGICD: unhandled word write 0x000000ffffffff to ICACTIVER64
(XEN) d0v0: vGICD: unhandled word write 0x000000ffffffff to ICACTIVER68
(XEN) d0v0: vGICR: SGI: unhandled word write 0x000000ffffffff to ICACTIVER0
(XEN) d0v1: vGICR: SGI: unhandled word write 0x000000ffffffff to ICACTIVER0
(XEN) d0v2: vGICR: SGI: unhandled word write 0x000000ffffffff to ICACTIVER0
(XEN) d0v3: vGICR: SGI: unhandled word write 0x000000ffffffff to ICACTIVER0
[    0.000000] Booting Linux on physical CPU 0x0000000000 [0x410fd034]
[    0.000000] Linux version 6.6.85-rt53-00977-g6208e1d0d7b5-dirty (oe-user@oe-host) (aarch64-fsl-linux-gcc (GCC) 13.3.0, GNU ld (GNU Binutils) 2.42.0.20240723) #1 SMP PREEMPT Wed May 14 13:40:03 UTC 2025
[    0.000000] OF: fdt: Ignoring memory block 0xd0000000 - 0xd0000080
[    0.000000] OF: fdt: Ignoring memory block 0xd0000080 - 0xd0000100
[    0.000000] Machine model: NXP S32G2 Reference Design Board 2 (S32G-VNP-RDB2)
[    0.000000] Xen 4.18 support found
[    0.000000] OF: reserved mem: 0x0000000034400000..0x000000003447ffff (512 KiB) nomap non-reusable pfebufs@34400000
[    0.000000] OF: reserved mem: 0x0000000034480000..0x000000003449ffff (128 KiB) nomap non-reusable pfebufs@34480000
[    0.000000] OF: reserved mem: 0x0000000034520000..0x00000000345fffff (896 KiB) nomap non-reusable ipcf_shm@34520000
[    0.000000] Reserved memory: created DMA memory pool at 0x0000000083200000, size 3 MiB
[    0.000000] OF: reserved mem: initialized node pfebufs@83200000, compatible id shared-dma-pool
[    0.000000] OF: reserved mem: 0x0000000083200000..0x00000000835dffff (3968 KiB) nomap non-reusable pfebufs@83200000
[    0.000000] OF: reserved mem: 0x00000000835e0000..0x00000000835fffff (128 KiB) map non-reusable pfebufs@835e0000
[    0.000000] OF: reserved mem: 0x0000000083600000..0x000000008360ffff (64 KiB) map non-reusable pfebufs@83600000
[    0.000000] OF: reserved mem: 0x0000000084000000..0x0000000084ffffff (16384 KiB) nomap non-reusable shm@84000000
[    0.000000] OF: reserved mem: 0x00000000c0000000..0x00000000c03fffff (4096 KiB) nomap non-reusable shm@c0000000
[    0.000000] OF: reserved mem: 0x00000000c0400000..0x00000000c07fffff (4096 KiB) nomap non-reusable shm@c0400000
[    0.000000] OF: reserved mem: 0x00000000d0000000..0x00000000d000007f (0 KiB) nomap non-reusable shm@d0000000
[    0.000000] OF: reserved mem: 0x00000000d0000080..0x00000000d00000ff (0 KiB) nomap non-reusable shm@d0000080
[    0.000000] OF: reserved mem: 0x00000000fe000000..0x00000000ff3fffff (20480 KiB) nomap non-reusable optee_core@fe000000
[    0.000000] OF: reserved mem: 0x00000000ff400000..0x00000000ff5fffff (2048 KiB) nomap non-reusable optee_shm@ff400000
[    0.000000] OF: reserved mem: 0x00000000ff600000..0x00000000ff7fffff (2048 KiB) nomap non-reusable atf@ff600000
[    0.000000] Zone ranges:
[    0.000000]   DMA      [mem 0x0000000034400000-0x00000000ff7fffff]
[    0.000000]   DMA32    empty
[    0.000000]   Normal   empty
[    0.000000] Movable zone start for each node
[    0.000000] Early memory node ranges
[    0.000000]   node   0: [mem 0x0000000034400000-0x000000003449ffff]
[    0.000000]   node   0: [mem 0x0000000034520000-0x00000000345fffff]
[    0.000000]   node   0: [mem 0x0000000083200000-0x00000000835dffff]
[    0.000000]   node   0: [mem 0x00000000835e0000-0x000000008360ffff]
[    0.000000]   node   0: [mem 0x0000000084000000-0x0000000084ffffff]
[    0.000000]   node   0: [mem 0x0000000090000000-0x00000000bfffffff]
[    0.000000]   node   0: [mem 0x00000000c0000000-0x00000000c07fffff]
[    0.000000]   node   0: [mem 0x00000000e0000000-0x00000000efffffff]
[    0.000000]   node   0: [mem 0x00000000fe000000-0x00000000ff7fffff]
[    0.000000] Initmem setup node 0 [mem 0x0000000034400000-0x00000000ff7fffff]
[    0.000000] On node 0, zone DMA: 17408 pages in unavailable ranges
[    0.000000] On node 0, zone DMA: 128 pages in unavailable ranges
[    0.000000] On node 0, zone DMA: 27648 pages in unavailable ranges
[    0.000000] On node 0, zone DMA: 2544 pages in unavailable ranges
[    0.000000] On node 0, zone DMA: 12288 pages in unavailable ranges
[    0.000000] On node 0, zone DMA: 30720 pages in unavailable ranges
[    0.000000] On node 0, zone DMA: 24576 pages in unavailable ranges
[    0.000000] On node 0, zone DMA: 2048 pages in unavailable ranges
[    0.000000] cma: Reserved 256 MiB at 0x00000000b0000000 on node -1
[    0.000000] psci: probing for conduit method from DT.
[    0.000000] psci: PSCIv1.1 detected in firmware.
[    0.000000] psci: Using standard PSCI v0.2 function IDs
[    0.000000] psci: Trusted OS migration not required
[    0.000000] psci: SMC Calling Convention v1.2
[    0.000000] percpu: Embedded 20 pages/cpu s41768 r8192 d31960 u81920
[    0.000000] Detected VIPT I-cache on CPU0
[    0.000000] CPU features: detected: GIC system register CPU interface
[    0.000000] CPU features: detected: ARM erratum 845719
[    0.000000] CPU features: detected: NXP erratum ERR050481 (TLBI by VA handled incorrectly)
[    0.000000] CPU features: detected: ARM errata 1165522, 1319367, 1530923, or 1530924
[    0.000000] alternatives: applying boot alternatives
[    0.000000] Kernel command line: console=ttyLF0,115200 earlycon=xen earlyprintk=xen root=/dev/mmcblk0p3 rootwait rw clk_ignore_unused
[    0.000000] Unknown kernel command line parameters "earlyprintk=xen", will be passed to user space.
[    0.000000] Dentry cache hash table entries: 262144 (order: 9, 2097152 bytes, linear)
[    0.000000] Inode-cache hash table entries: 131072 (order: 8, 1048576 bytes, linear)
[    0.000000] Built 1 zonelists, mobility grouping on.  Total pages: 271545
[    0.000000] mem auto-init: stack:all(zero), heap alloc:off, heap free:off
[    0.000000] software IO TLB: area num 4.
[    0.000000] software IO TLB: mapped [mem 0x00000000ea200000-0x00000000ee200000] (64MB)
[    0.000000] Memory: 672772K/1103424K available (10560K kernel code, 732K rwdata, 3200K rodata, 1984K init, 261K bss, 168508K reserved, 262144K cma-reserved)
[    0.000000] SLUB: HWalign=64, Order=0-3, MinObjects=0, CPUs=4, Nodes=1
[    0.000000] rcu: Preemptible hierarchical RCU implementation.
[    0.000000] rcu:     RCU event tracing is enabled.
[    0.000000] rcu:     RCU restricting CPUs from NR_CPUS=8 to nr_cpu_ids=4.
[    0.000000]  Trampoline variant of Tasks RCU enabled.
[    0.000000]  Tracing variant of Tasks RCU enabled.
[    0.000000] rcu: RCU calculated value of scheduler-enlistment delay is 25 jiffies.
[    0.000000] rcu: Adjusting geometry for rcu_fanout_leaf=16, nr_cpu_ids=4
[    0.000000] NR_IRQS: 64, nr_irqs: 64, preallocated irqs: 0
[    0.000000] GICv3: 544 SPIs implemented
[    0.000000] GICv3: 0 Extended SPIs implemented
[    0.000000] Root IRQ handler: gic_handle_irq
[    0.000000] GICv3: GICv3 features: 16 PPIs
[    0.000000] GICv3: CPU0: found redistributor 0 region 0:0x0000000050880000
[    0.000000] rcu: srcu_init: Setting srcu_struct sizes based on contention.
[    0.000000] arch_timer: cp15 timer(s) running at 5.00MHz (virt).
[    0.000000] clocksource: arch_sys_counter: mask: 0xffffffffffffff max_cycles: 0x127350b88, max_idle_ns: 440795202120 ns
[    0.000001] sched_clock: 56 bits at 5MHz, resolution 200ns, wraps every 4398046511100ns
[    0.000497] Console: colour dummy device 80x25
[    0.000542] Calibrating delay loop (skipped), value calculated using timer frequency.. 10.00 BogoMIPS (lpj=20000)
[    0.000555] pid_max: default: 32768 minimum: 301
[    0.000633] LSM: initializing lsm=capability,integrity
[    0.000759] Mount-cache hash table entries: 4096 (order: 3, 32768 bytes, linear)
[    0.000778] Mountpoint-cache hash table entries: 4096 (order: 3, 32768 bytes, linear)
[    0.001871] cacheinfo: Unable to detect cache hierarchy for CPU 0
[    0.002892] RCU Tasks: Setting shift to 2 and lim to 1 rcu_task_cb_adjust=1 rcu_task_cpu_ids=4.
[    0.003006] RCU Tasks Trace: Setting shift to 2 and lim to 1 rcu_task_cb_adjust=1 rcu_task_cpu_ids=4.
[    0.003710] xen:grant_table: Grant tables using version 1 layout
[    0.003762] Grant table initialized
[    0.003801] xen:events: Using FIFO-based ABI
[    0.003931] Xen: initializing cpu0
[    0.004133] rcu: Hierarchical SRCU implementation.
[    0.004137] rcu:     Max phase no-delay instances is 1000.
[    0.005345] smp: Bringing up secondary CPUs ...
[    0.006120] Detected VIPT I-cache on CPU1
[    0.006221] GICv3: CPU1: found redistributor 1 region 0:0x00000000508a0000
[    0.012679] Xen: initializing cpu1
[    0.012739] CPU1: Booted secondary processor 0x0000000001 [0x410fd034]
[    0.013682] Detected VIPT I-cache on CPU2
[    0.013778] GICv3: CPU2: found redistributor 2 region 0:0x00000000508c0000
[    0.020208] Xen: initializing cpu2
[    0.020266] CPU2: Booted secondary processor 0x0000000002 [0x410fd034]
[    0.021130] Detected VIPT I-cache on CPU3
[    0.021187] GICv3: CPU3: found redistributor 3 region 0:0x00000000508e0000
[    0.027597] Xen: initializing cpu3
[    0.027644] CPU3: Booted secondary processor 0x0000000003 [0x410fd034]
[    0.027804] smp: Brought up 1 node, 4 CPUs
[    0.027816] SMP: Total of 4 processors activated.
[    0.027822] CPU features: detected: 32-bit EL0 Support
[    0.027828] CPU features: detected: CRC32 instructions
[    0.027957] CPU: All CPU(s) started at EL1
[    0.027961] alternatives: applying system-wide alternatives
[    0.029556] devtmpfs: initialized
[    0.041175] clocksource: jiffies: mask: 0xffffffff max_cycles: 0xffffffff, max_idle_ns: 7645041785100000 ns
[    0.041207] futex hash table entries: 1024 (order: 4, 65536 bytes, linear)
[    0.050694] pinctrl core: initialized pinctrl subsystem
[    0.051825] NET: Registered PF_NETLINK/PF_ROUTE protocol family
[    0.053083] DMA: preallocated 128 KiB GFP_KERNEL pool for atomic allocations
[    0.053189] DMA: preallocated 128 KiB GFP_KERNEL|GFP_DMA pool for atomic allocations
[    0.053297] DMA: preallocated 128 KiB GFP_KERNEL|GFP_DMA32 pool for atomic allocations
[    0.054388] thermal_sys: Registered thermal governor 'step_wise'
[    0.054569] hw-breakpoint: found 6 breakpoint and 4 watchpoint registers.
[    0.054906] ASID allocator initialised with 65536 entries
[    0.055126] Serial: AMBA PL011 UART driver
[    0.055188] scmi_core: SCMI protocol bus registered
[    0.056628] scmi_protocol scmi_dev.1: Enabled polling mode TX channel - prot_id:16
[    0.057186] arm-scmi firmware:scmi: SCMI Notifications - Core Enabled.
[    0.057281] arm-scmi firmware:scmi: SCMI Protocol v2.0 'NXP:S32G274A' Firmware version 0x0
[    0.068294] /soc/siul2@4009c000/siul2-pinctrl@4009c240: Fixed dependency cycle(s) with /soc/siul2@4009c000/siul2-pinctrl@4009c240/jtag_pins
[    0.079045] Modules: 28544 pages in range for non-PLT usage
[    0.079060] Modules: 520064 pages in range for PLT usage
[    0.079978] HugeTLB: registered 1.00 GiB page size, pre-allocated 0 pages
[    0.079989] HugeTLB: 0 KiB vmemmap can be freed for a 1.00 GiB page
[    0.079997] HugeTLB: registered 32.0 MiB page size, pre-allocated 0 pages
[    0.080001] HugeTLB: 0 KiB vmemmap can be freed for a 32.0 MiB page
[    0.080006] HugeTLB: registered 2.00 MiB page size, pre-allocated 0 pages
[    0.080010] HugeTLB: 0 KiB vmemmap can be freed for a 2.00 MiB page
[    0.080015] HugeTLB: registered 64.0 KiB page size, pre-allocated 0 pages
[    0.080020] HugeTLB: 0 KiB vmemmap can be freed for a 64.0 KiB page
[    0.091826] xen:balloon: Initialising balloon driver
[    0.092694] SCSI subsystem initialized
[    0.092907] usbcore: registered new interface driver usbfs
[    0.092938] usbcore: registered new interface driver hub
[    0.092979] usbcore: registered new device driver usb
[    0.093916] pps_core: LinuxPPS API ver. 1 registered
[    0.093921] pps_core: Software ver. 5.3.6 - Copyright 2005-2007 Rodolfo Giometti <giometti@linux.it>
[    0.093937] PTP clock support registered
[    0.095495] vgaarb: loaded
[    0.096018] clocksource: Switched to clocksource arch_sys_counter
[    0.108184] NET: Registered PF_INET protocol family
[    0.108434] IP idents hash table entries: 32768 (order: 6, 262144 bytes, linear)
[    0.110483] tcp_listen_portaddr_hash hash table entries: 1024 (order: 2, 16384 bytes, linear)
[    0.110516] Table-perturb hash table entries: 65536 (order: 6, 262144 bytes, linear)
[    0.110530] TCP established hash table entries: 16384 (order: 5, 131072 bytes, linear)
[    0.110721] TCP bind hash table entries: 16384 (order: 7, 524288 bytes, linear)
[    0.111282] TCP: Hash tables configured (established 16384 bind 16384)
[    0.111433] UDP hash table entries: 1024 (order: 3, 32768 bytes, linear)
[    0.111489] UDP-Lite hash table entries: 1024 (order: 3, 32768 bytes, linear)
[    0.111743] NET: Registered PF_UNIX/PF_LOCAL protocol family
[    0.112519] RPC: Registered named UNIX socket transport module.
[    0.112526] RPC: Registered udp transport module.
[    0.112529] RPC: Registered tcp transport module.
[    0.112532] RPC: Registered tcp-with-tls transport module.
[    0.112536] RPC: Registered tcp NFSv4.1 backchannel transport module.
[    0.112554] PCI: CLS 0 bytes, default 64
[    0.114117] Initialise system trusted keyrings
[    0.114400] workingset: timestamp_bits=46 max_order=18 bucket_order=0
[    0.115173] fuse: init (API version 7.39)
[    0.115525] NET: Registered PF_ALG protocol family
[    0.115539] Key type asymmetric registered
[    0.115548] Asymmetric key parser 'x509' registered
[    0.115593] Block layer SCSI generic (bsg) driver version 0.4 loaded (major 247)
[    0.115788] io scheduler mq-deadline registered
[    0.115795] io scheduler kyber registered
[    0.115821] io scheduler bfq registered
[    0.120373] s32cc-siul2-pinctrl 4009c240.siul2-pinctrl: initialized s32 pinctrl driver
[    0.122176] s32cc-siul2-gpio 4009d700.siul2-gpio: No cache defaults, reading back from HW
[    0.122330] s32cc-siul2-gpio 4009d700.siul2-gpio: No cache defaults, reading back from HW
[    0.122845] gpio gpiochip0: Static allocation of GPIO base is deprecated, use dynamic allocation.
[    0.124031] s32cc-siul2-gpio 4009d700.siul2-gpio: No cache defaults, reading back from HW
[    0.124106] s32cc-siul2-gpio 4009d700.siul2-gpio: No cache defaults, reading back from HW
[    0.126066] xen:xen_evtchn: Event-channel device installed
[    0.129657] 401c8000.serial: ttyLF0 at MMIO 0x401c8000 (irq = 22, base_baud = 7812500) is a FSL_LINFLEX
[    0.129726] printk: legacy console [ttyLF0] enabled
[    1.384730] 401cc000.serial: ttyLF1 at MMIO 0x401cc000 (irq = 23, base_baud = 7812500) is a FSL_LINFLEX
[    1.396760] s32cc_fccu 4030c000.fccu: FCCU status is 0 (normal)
[    1.405958] sja1110-sw@1 enforce active low on GPIO handle
[    1.415071] spi-nor spi6.0: mx25uw51245g (65536 Kbytes)
[    1.421137] 8 fixed-partitions partitions found on MTD device 0.spi
[    1.427524] Creating 8 MTD partitions on "0.spi":
[    1.432307] 0x000000000000-0x000004000000 : "Flash-Image"
[    1.438316] 0x000000000000-0x0000000d0000 : "BL2"
[    1.443525] 0x0000000d0000-0x0000002a0000 : "FIP"
[    1.448738] 0x0000002a0000-0x0000002b0000 : "U-Boot-Env"
[    1.454595] 0x0000002b0000-0x000001380000 : "Kernel"
[    1.460092] 0x000001380000-0x0000013b0000 : "DTB"
[    1.465304] 0x0000013b0000-0x0000032c0000 : "Rootfs"
[    1.470776] 0x0000032c0000-0x000004000000 : "PFE-Firmware"
[    1.479025] vcan: Virtual CAN interface driver
[    1.483583] slcan: serial line CAN interface driver
[    1.488545] CAN device driver interface
[    1.493872] flexcan 401b4000.can: device registered (reg_base=(____ptrval____), irq(s):
[    1.502037] flexcan 401b4000.can:  28
[    1.505767] flexcan 401b4000.can:  29
[    1.509488] flexcan 401b4000.can:  30
[    1.513208] flexcan 401b4000.can:  31
[    1.516925] flexcan 401b4000.can: )
[    1.521565] flexcan 401be000.can: device registered (reg_base=(____ptrval____), irq(s):
[    1.529722] flexcan 401be000.can:  32
[    1.533450] flexcan 401be000.can:  33
[    1.537168] flexcan 401be000.can:  34
[    1.540891] flexcan 401be000.can:  35
[    1.544613] flexcan 401be000.can: )
[    1.548549] e100: Intel(R) PRO/100 Network Driver
[    1.553324] e100: Copyright(c) 1999-2006 Intel Corporation
[    1.558926] e1000: Intel(R) PRO/1000 Network Driver
[    1.563876] e1000: Copyright (c) 1999-2006 Intel Corporation.
[    1.569749] e1000e: Intel(R) PRO/1000 Network Driver
[    1.574788] e1000e: Copyright(c) 1999 - 2015 Intel Corporation.
[    1.580826] igb: Intel(R) Gigabit Ethernet Network Driver
[    1.586307] igb: Copyright (c) 2007-2014 Intel Corporation.
[    1.592551] xen_netfront: Initialising Xen virtual ethernet driver
[    1.600214] hse-uio 40210000.mu0b: standard firmware, version 2.64.0
[    1.606707] hse-uio 40210000.mu0b: successfully registered device
[    1.613573] usbcore: registered new interface driver uas
[    1.619022] usbcore: registered new interface driver usb-storage
[    1.626314] imx_usb 44064000.usb: No over current polarity defined
[    1.633691] ci_hdrc ci_hdrc.0: EHCI Host Controller
[    1.638907] ci_hdrc ci_hdrc.0: new USB bus registered, assigned bus number 1
[    1.660033] ci_hdrc ci_hdrc.0: USB 2.0 started, EHCI 1.00
[    1.665990] usb usb1: New USB device found, idVendor=1d6b, idProduct=0002, bcdDevice= 6.06
[    1.674417] usb usb1: New USB device strings: Mfr=3, Product=2, SerialNumber=1
[    1.681756] usb usb1: Product: EHCI Host Controller
[    1.686713] usb usb1: Manufacturer: Linux 6.6.85-rt53-00977-g6208e1d0d7b5-dirty ehci_hcd
[    1.694933] usb usb1: SerialNumber: ci_hdrc.0
[    1.700078] hub 1-0:1.0: USB hub found
[    1.703942] hub 1-0:1.0: 1 port detected
[    1.710369] s32cc-rtc 40060000.rtc: registered as rtc0
[    1.715680] s32cc-rtc 40060000.rtc: setting system clock to 1970-01-01T00:00:00 UTC (0)
[    1.724065] i2c_dev: i2c /dev entries driver
[    1.729132] s32cc-wdt 4010c000.watchdog: S32CC Watchdog Timer Registered. timeout=30s (nowayout=0)
[    1.739376] s32cc-wdt 40200000.watchdog: S32CC Watchdog Timer Registered. timeout=30s (nowayout=0)
[    1.748731] s32cc-wdt 40204000.watchdog: S32CC Watchdog Timer Registered. timeout=30s (nowayout=0)
[    1.758061] s32cc-wdt 40208000.watchdog: S32CC Watchdog Timer Registered. timeout=30s (nowayout=0)
[    1.767702] scmi-cpufreq scmi_dev.5: scmi_cpufreq_probe: registering cpufreq failed, err: -19
[    1.776985] sdhci: Secure Digital Host Controller Interface driver
[    1.783285] sdhci: Copyright(c) Pierre Ossman
[    1.787721] sdhci-pltfm: SDHCI platform and OF driver helper
[    1.793873] SMCCC: SOC_ID: ARCH_SOC_ID not implemented, skipping ....
[    1.800696] usbcore: registered new interface driver usbhid
[    1.806364] usbhid: USB HID core driver
[    1.822423] s32-adc 401f8000.adc: using dma0chan4 for ADC DMA transfers
[    1.826496] mmc0: SDHCI controller on 402f0000.mmc [402f0000.mmc] using ADMA
[    1.829862] s32-adc 401f8000.adc: Device initialized successfully.
[    1.850221] s32-adc 402e8000.adc: using dma1chan16 for ADC DMA transfers
[    1.857676] s32-adc 402e8000.adc: Device initialized successfully.
[    1.866061] s32-siul2-nvmem 4009c000.nvram: Initialized s32cc siul2 nvmem driver
[    1.871201] mmc0: new high speed SDHC card at address 0001
[    1.873837] s32-siul2-nvmem 44010000.nvram: Initialized s32cc siul2 nvmem driver
[    1.880068] mmcblk0: mmc0:0001 BB1QT 29.8 GiB
[    1.886969] optee: probing for conduit method.
[    1.894789]  mmcblk0: p1 p2 p3 p4 < p5 p6 >
I/  [   1.895669] optee: revision 4.0
[    1.900659] optee: dynamic shared memory is enabled
[    1.909361] optee: initialized driver
[    1.914088] NET: Registered PF_INET6 protocol family
[    1.920274] Segment Routing with IPv6
[    1.924048] In-situ OAM (IOAM) with IPv6
[    1.928131] sit: IPv6, IPv4 and MPLS over IPv4 tunneling driver
[    1.934743] NET: Registered PF_PACKET protocol family
[    1.939920] Bridge firewalling registered
[    1.944216] can: controller area network core
[    1.948699] NET: Registered PF_CAN protocol family
[    1.953565] can: raw protocol
[    1.956583] can: broadcast manager protocol
[    1.960838] can: netlink gateway - max_hops=1
[    1.965494] 8021q: 802.1Q VLAN Support v1.8
[    1.977707] Loading compiled-in X.509 certificates
[    1.998421] i2c i2c-0: using pinctrl states for GPIO recovery
[    2.004397] i2c i2c-0: using generic GPIOs for recovery
[    2.010496] pca953x 0-0022: using AI
[    2.022935] rtc-pcf85063 0-0051: registered as rtc1
[    2.028009] i2c i2c-0: IMX I2C adapter registered
[    2.032859] i2c i2c-0: using dma0chan5 (tx) and dma0chan6 (rx) for DMA transfers
[    2.041369] i2c i2c-2: using pinctrl states for GPIO recovery
[    2.047335] i2c i2c-2: using generic GPIOs for recovery
[    2.052738] i2c i2c-2: IMX I2C adapter registered
[    2.057601] i2c i2c-2: using dma1chan17 (tx) and dma1chan18 (rx) for DMA transfers
[    2.066251] i2c i2c-4: using pinctrl states for GPIO recovery
[    2.072183] i2c i2c-4: using generic GPIOs for recovery
[    2.079438] ina2xx 4-0040: power monitor ina231 (Rshunt = 1000 uOhm)
[    2.085970] i2c i2c-4: IMX I2C adapter registered
[    2.090827] i2c i2c-4: using dma1chan19 (tx) and dma1chan20 (rx) for DMA transfers
[    2.099199] phy-s32cc-serdes 40480000.serdes: Using mode 0 for SerDes subsystem
[    2.308592] s32cc-pcie 40400000.pcie: Failed to stabilize PHY link
[    2.314898] s32cc-pcie 40400000.pcie: Configuring as RootComplex
[    2.321223] s32cc-pcie 40400000.pcie: Allocated line 0 for interrupt 46 (msi)
[    2.328533] s32cc-pcie 40400000.pcie: host bridge /soc/pcie@40400000 ranges:
[    2.335731] s32cc-pcie 40400000.pcie:       IO 0x5ffffe0000..0x5ffffeffff -> 0x0000000000
[    2.344056] s32cc-pcie 40400000.pcie:      MEM 0x5800000000..0x5ffffdffff -> 0x0000000000
[    2.352383] s32cc-pcie 40400000.pcie: Memory resource size exceeds max for 32 bits
[    3.360423] s32cc-pcie 40400000.pcie: Phy link never came up
[    3.366194] s32cc-pcie 40400000.pcie: Link Up failed, EndPoint may not be connected
[    3.374080] s32cc-pcie 40400000.pcie: iATU: unroll T, 6 ob, 4 ib, align 4K, limit 1024G
[    4.382613] s32cc-pcie 40400000.pcie: Phy link never came up
[    4.388380] s32cc-pcie 40400000.pcie: Link Up failed, EndPoint may not be connected
[    5.396492] s32cc-pcie 40400000.pcie: Phy link never came up
[    5.402864] s32cc-pcie 40400000.pcie: PCI host bridge to bus 0000:00
[    5.409336] pci_bus 0000:00: root bus resource [bus 00-ff]
[    5.414916] pci_bus 0000:00: root bus resource [io  0x0000-0xffff]
[    5.421202] pci_bus 0000:00: root bus resource [mem 0x5800000000-0x5ffffdffff] (bus address [0x00000000-0x7fffdffff])
[    5.432031] pci 0000:00:00.0: [1957:4002] type 01 class 0x060400
[    5.438164] pci 0000:00:00.0: reg 0x10: [mem 0x5800000000-0x58000fffff]
[    5.444901] pci 0000:00:00.0: reg 0x38: [mem 0x5800000000-0x580000ffff pref]
[    5.452162] pci 0000:00:00.0: supports D1
[    5.456241] pci 0000:00:00.0: PME# supported from D0 D1 D3hot D3cold
(XEN) xen-source/xen/arch/arm/physdev.c:20:d0v1 PHYSDEVOP cmd=25: not implemented
(XEN) xen-source/xen/arch/arm/physdev.c:20:d0v1 PHYSDEVOP cmd=15: not implemented
[    5.477688] pci 0000:00:00.0: Failed to add - passthrough or MSI/MSI-X might fail!
[    5.489001] pci 0000:00:00.0: BAR 0: assigned [mem 0x5800000000-0x58000fffff]
[    5.496264] pci 0000:00:00.0: BAR 6: assigned [mem 0x5800100000-0x580010ffff pref]
[    5.503972] pci 0000:00:00.0: PCI bridge to [bus 01-ff]
[    5.509746] pcieport 0000:00:00.0: PME: Signaling with IRQ 47
[    5.517342] s32cc-dwmac 4033c000.ethernet: IRQ eth_wake_irq not found
[    5.523943] s32cc-dwmac 4033c000.ethernet: IRQ eth_lpi not found
[    5.531171] s32cc-dwmac 4033c000.ethernet: User ID: 0x10, Synopsys ID: 0x51
[    5.538263] s32cc-dwmac 4033c000.ethernet:   DWMAC4/5
[    5.543320] s32cc-dwmac 4033c000.ethernet: DMA HW capability register supported
[    5.550749] s32cc-dwmac 4033c000.ethernet: RX Checksum Offload Engine supported
[    5.558177] s32cc-dwmac 4033c000.ethernet: TX Checksum insertion supported
[    5.565161] s32cc-dwmac 4033c000.ethernet: Wake-Up On Lan supported
[    5.571598] s32cc-dwmac 4033c000.ethernet: Enable RX Mitigation via HW Watchdog Timer
[    5.579553] s32cc-dwmac 4033c000.ethernet: Enabled L3L4 Flow TC (entries=8)
[    5.586631] s32cc-dwmac 4033c000.ethernet: Enabled RFS Flow TC (entries=10)
[    5.593709] s32cc-dwmac 4033c000.ethernet: Enabling HW TC (entries=256, max_off=256)
[    5.601577] s32cc-dwmac 4033c000.ethernet: Using 32/32 bits DMA host/device width
[    5.617558] hwmon hwmon1: temp1_input not attached to any thermal zone
[    5.627241] qoriq_thermal 400a8000.tmu: Critical rising/falling temperature threshold = 5 degree(s)
[    5.642071] nxp_s32cc_ddr_perf 403e0000.ddr-perf: probing device
[    5.648677] nxp_s32cc_ddr_perf 403e0000.ddr-perf: device initialized successfully
[    5.656690] clk: Not disabling unused clocks
[    7.884316] EXT4-fs (mmcblk0p3): recovery complete
[    7.894778] EXT4-fs (mmcblk0p3): mounted filesystem 265fab8b-a7f9-460c-9401-783470da9e9a r/w with ordered data mode. Quota mode: disabled.
[    7.906901] VFS: Mounted root (ext4 filesystem) on device 179:3.
[    7.913785] devtmpfs: mounted
[    7.917298] Freeing unused kernel memory: 1984K
[    7.921817] Run /sbin/init as init process
INIT: version 3.04 booting
Starting udev
[    8.730863] udevd[130]: starting version 3.2.14
[   16.140037] random: crng init done
[   16.183633] udevd[131]: starting eudev-3.2.14
[   16.367382] hse 40211000.mu1b: standard firmware, version 0.0.0
[   16.373551] hse 40211000.mu1b: registered algs sha1,hmac(sha1)
[   16.379622] hse 40211000.mu1b: registered algs sha224,hmac(sha224)
[   16.382424] pfeng_slave: loading out-of-tree module taints kernel.
[   16.385535] hse 40211000.mu1b: registered algs sha256,hmac(sha256)
[   16.399027] pfeng-slave 46000000.pfe_slave: PFEng ethernet driver loading ...
[   16.413385] pfeng-slave 46000000.pfe_slave: Version: 1.9.0
[   16.418291] hse 40211000.mu1b: registered algs sha384,hmac(sha384)
[   16.418839] pfeng-slave 46000000.pfe_slave: Driver commit hash: M4_DRIVER_COMMIT_HASH
[   16.424761] hse 40211000.mu1b: registered algs sha512,hmac(sha512)
[   16.433385] pfeng-slave 46000000.pfe_slave: Multi instance support: SLAVE/mdetect=on
[   16.439749] hse 40211000.mu1b: registered alg ctr(aes)
[   16.446723] pfeng-slave 46000000.pfe_slave: Compiled by: 13.3.0
[   16.451851] hse 40211000.mu1b: registered alg cbc(aes)
[   16.458013] pfeng-slave 46000000.pfe_slave: Cbus addr 0x46000000 size 0x1000000
[   16.462593] hse 40211000.mu1b: registered alg ecb(aes)
[   16.469789] pfeng-slave 46000000.pfe_slave: IHC channel: 3
[   16.469807] pfeng-slave 46000000.pfe_slave: MASTER IHC channel: 0
[   16.469823] pfeng-slave 46000000.pfe_slave: netif name: pfe0sl
[   16.474936] hse 40211000.mu1b: registered alg cfb(aes)
[   16.480373] pfeng-slave 46000000.pfe_slave: DT mac addr: 00:04:9f:be:ff:00
[   16.480390] pfeng-slave 46000000.pfe_slave: netif(pfe0sl) linked phyif: 0
[   16.480398] pfeng-slave 46000000.pfe_slave: netif(pfe0sl) mode: std
[   16.480547] pfeng-slave 46000000.pfe_slave: netif(pfe0sl) HIFs: count 1 map 08
[   16.486503] hse 40211000.mu1b: registered alg ofb(aes)
[   16.492273] pfeng-slave 46000000.pfe_slave: netif name: pfe1sl
[   16.492285] pfeng-slave 46000000.pfe_slave: DT mac addr: 00:04:9f:be:ff:01
[   16.497404] hse 40211000.mu1b: registered alg gcm(aes)
[   16.504238] pfeng-slave 46000000.pfe_slave: netif(pfe1sl) linked phyif: 1
[   16.504248] pfeng-slave 46000000.pfe_slave: netif(pfe1sl) mode: std
[   16.504256] pfeng-slave 46000000.pfe_slave: netif(pfe1sl) HIFs: count 1 map 08
[   16.504270] pfeng-slave 46000000.pfe_slave: netif name: pfe2sl
[   16.504278] pfeng-slave 46000000.pfe_slave: DT mac addr: 00:04:9f:be:ff:02
[   16.511421] hse 40211000.mu1b: registered hwrng-hse
[   16.517264] pfeng-slave 46000000.pfe_slave: netif(pfe2sl) linked phyif: 2
[   16.517274] pfeng-slave 46000000.pfe_slave: netif(pfe2sl) mode: std
[   16.517282] pfeng-slave 46000000.pfe_slave: netif(pfe2sl) HIFs: count 1 map 08
[   16.524481] hse 40211000.mu1b: device ready, status 0x4F20
[   16.529590] pfeng-slave 46000000.pfe_slave: netif name: aux0sl
[   16.529601] pfeng-slave 46000000.pfe_slave: DT mac addr: 00:04:9f:be:ff:80
[   16.529608] pfeng-slave 46000000.pfe_slave: netif(aux0sl) no linked phyif in AUX mode
[   16.529615] pfeng-slave 46000000.pfe_slave: netif(aux0sl) mode: aux
[   16.529622] pfeng-slave 46000000.pfe_slave: netif(aux0sl) HIFs: count 1 map 08
[   16.529633] pfeng-slave 46000000.pfe_slave: HIF channels mask: 0x0008
[   16.529649] pfeng-slave 46000000.pfe_slave: Wait for PFE controller UP ...
[   16.529687] pfeng-slave 46000000.pfe_slave: PFE controller UP detected
[   16.664659] pfeng-slave 46000000.pfe_slave: PFE port coherency enabled, mask 0x1e
[   16.672181] pfeng-slave 46000000.pfe_slave: assigned reserved memory node pfebufs@83600000
[   16.680352] pfeng-slave 46000000.pfe_slave: PFE CBUS p0x000000007cf23cca mapped @ v0xffffffc082000000
[   16.689504] pfeng-slave 46000000.pfe_slave: Wait for Master UP ...
[   16.695676] pfeng-slave 46000000.pfe_slave: Detected Master UP
[   16.701495] pfeng-slave 46000000.pfe_slave: HIF3 is in clean state
[   16.707873] pfeng-slave 46000000.pfe_slave: HIF0 not configured, skipped
[   16.714302] pfeng-slave 46000000.pfe_slave: HIF1 not configured, skipped
[   16.720988] pfeng-slave 46000000.pfe_slave: HIF2 not configured, skipped
[   16.728206] pfeng-slave 46000000.pfe_slave: HIF3 enabled
[   16.733176] pfeng-slave 46000000.pfe_slave: HIF3 started
[   16.738424] pfeng-slave 46000000.pfe_slave: IDEX-slave @ master-interface 6
[   16.745401] pfeng-slave 46000000.pfe_slave: IHC client registered
[   16.802587] pfeng-slave 46000000.pfe_slave: IDEX: v2 protocol used, Resend:count=10,delay=100,100ms
[   16.811261] pfeng-slave 46000000.pfe_slave: IDEX RPC installed on HIF3
[   16.817754] pfeng-slave 46000000.pfe_slave: MDIO bus 0 disabled: Not found in DT
[   16.825130] pfeng-slave 46000000.pfe_slave: MDIO bus 1 disabled: Not found in DT
[   16.832521] pfeng-slave 46000000.pfe_slave: MDIO bus 2 disabled: Not found in DT
[   16.839948] pfeng-slave 46000000.pfe_slave pfe0sl (uninitialized): Subscribe to HIF3
[   16.847723] pfeng-slave 46000000.pfe_slave pfe1sl (uninitialized): Subscribe to HIF3
[   16.847789] pfeng-slave 46000000.pfe_slave pfe0sl (uninitialized): Host LLTX disabled
[   16.855409] pfeng-slave 46000000.pfe_slave pfe2sl (uninitialized): Subscribe to HIF3
[   16.871032] pfeng-slave 46000000.pfe_slave aux0sl (uninitialized): Subscribe to HIF3
[   16.974094] pfeng-slave 46000000.pfe_slave pfe0sl (uninitialized): Enable HIF3
[   16.980967] pfeng-slave 46000000.pfe_slave pfe0sl (uninitialized): setting MAC addr: 00:04:9f:be:ff:00
[   17.096414] EXT4-fs (mmcblk0p3): re-mounted 265fab8b-a7f9-460c-9401-783470da9e9a r/w. Quota mode: disabled.
[   17.203620] pfeng-slave 46000000.pfe_slave pfe0sl (uninitialized): PTP HW addend 0x80000000, max_adj configured to 46566128 ppb
[   17.214747] pfeng-slave 46000000.pfe_slave: IEEE1588: Input Clock: 200000000Hz, Output: 100000000Hz, Accuracy: 10.0ns
[   17.227280] pfeng-slave 46000000.pfe_slave: ERR: (DRIVER) event 1 - Driver runtime error: [pfeng-ptp.c:241] Failed to register PTP clock on EMAC0
[   17.240817] pfeng-slave 46000000.pfe_slave pfe0sl: registered
[   17.246263] pfeng-slave 46000000.pfe_slave pfe1sl (uninitialized): Host LLTX disabled
[   17.256450] cfg80211: Loading compiled-in X.509 certificates for regulatory database
[   17.279906] Loaded X.509 cert 'sforshee: 00b28ddf47aef9cea7'
[   17.286125] Loaded X.509 cert 'wens: 61c038651aabdcf94bd0ac7ff06c7248db18c600'
[   17.319202] pfeng-slave 46000000.pfe_slave pfe1sl (uninitialized): Enable HIF3
[   17.326044] pfeng-slave 46000000.pfe_slave pfe1sl (uninitialized): setting MAC addr: 00:04:9f:be:ff:01
[   17.427512] wlan: Loading MWLAN driver
[   17.431618] wlan: Register to Bus Driver...
[   17.435563] wlan: Register to Bus Driver Done
[   17.439726] wlan: Driver loaded successfully
[   17.471761] SPI driver sja1110 has no spi_device_id for nxp,sja1110-switch
[   17.478343] SPI driver sja1110 has no spi_device_id for nxp,sja1110-uc
[   17.484984] sja1110 spi5.0: probing uc
[   17.488680] sja1110 spi5.1: probing switch
[   17.493138] sja1110 spi5.1: Could not get GPIO from device tree
[   17.498703] sja1110 spi5.1: [sja1110_post_probe_upload_worker] Trying to initialize switch
[   17.509832] sja1110 spi5.1: [sja1110_init_hw] loaded fw 'sja1110_switch.bin'
[   17.516700] sja1110 spi5.1: [sja1110_pre_switch_upload] Found switch config of size 2236
[   17.524907] sja1110 spi5.1: Uploading config...
[   17.547662] pfeng-slave 46000000.pfe_slave pfe1sl (uninitialized): PTP HW addend 0x80000000, max_adj configured to 46566128 ppb
[   17.558795] pfeng-slave 46000000.pfe_slave: IEEE1588: Input Clock: 200000000Hz, Output: 100000000Hz, Accuracy: 10.0ns
[   17.571383] pfeng-slave 46000000.pfe_slave: ERR: (DRIVER) event 1 - Driver runtime error: [pfeng-ptp.c:241] Failed to register PTP clock on EMAC1
[   17.584928] pfeng-slave 46000000.pfe_slave pfe1sl: registered
[   17.590318] pfeng-slave 46000000.pfe_slave pfe2sl (uninitialized): Host LLTX disabled
[   17.593306] sja1110 spi5.1: Successfully configured!
[   17.603121] sja1110 spi5.0: [sja1110_post_probe_upload_worker] Trying to initialize uC
[   17.626094] sja1110 spi5.0: [sja1110_init_hw] loaded fw 'sja1110_uc.bin'
[   17.632479] sja1110 spi5.0: [sja1110_pre_uc_upload] Found firmware of size 320280
[   17.640038] sja1110 spi5.0: [sja1110_pre_uc_upload] firmware appears to be valid
Fr[   17.647450] sja1110 spi5.0: [sja1110_pre_uc_upload] ÂµC not ready for download (Status=0x31)
i May[   17.656308] sja1110 spi5.0: Uploading firmware...
 30 07:30:00 UTC 2025
[   17.720384] pfeng-slave 46000000.pfe_slave pfe2sl (uninitialized): Enable HIF3
[   17.727251] pfeng-slave 46000000.pfe_slave pfe2sl (uninitialized): setting MAC addr: 00:04:9f:be:ff:02
[   17.892836] pfeng-slave 46000000.pfe_slave pfe2sl (uninitialized): PTP HW addend 0x80000000, max_adj configured to 46566128 ppb
[   17.903958] pfeng-slave 46000000.pfe_slave: IEEE1588: Input Clock: 200000000Hz, Output: 100000000Hz, Accuracy: 10.0ns
[   17.916518] pfeng-slave 46000000.pfe_slave: ERR: (DRIVER) event 1 - Driver runtime error: [pfeng-ptp.c:241] Failed to register PTP clock on EMAC2
[   17.930034] pfeng-slave 46000000.pfe_slave pfe2sl: registered
[   17.935411] pfeng-slave 46000000.pfe_slave aux0sl (uninitialized): Host LLTX disabled
[   18.008444] pfeng-slave 46000000.pfe_slave aux0sl (uninitialized): Enable HIF3
[   18.015832] pfeng-slave 46000000.pfe_slave aux0sl: checksum offload not possible for AUX interface
[   18.024761] pfeng-slave 46000000.pfe_slave aux0sl: registered
INIT: Entering runlevel: 5
Configuring network interfaces... ifup: interface lo already configured
[   18.825442] sja1110 spi5.0: Upload successfully verified!
[   18.933591] s32cc-dwmac 4033c000.ethernet eth0: Register MEM_TYPE_PAGE_POOL RxQ-0
[   18.941097] s32cc-dwmac 4033c000.ethernet eth0: Register MEM_TYPE_PAGE_POOL RxQ-1
[   18.948550] s32cc-dwmac 4033c000.ethernet eth0: Register MEM_TYPE_PAGE_POOL RxQ-2
[   18.956049] s32cc-dwmac 4033c000.ethernet eth0: Register MEM_TYPE_PAGE_POOL RxQ-3
[   18.963650] s32cc-dwmac 4033c000.ethernet eth0: Register MEM_TYPE_PAGE_POOL RxQ-4
[   19.039189] s32cc-dwmac 4033c000.ethernet eth0: PHY [stmmac-0:01] driver [Micrel KSZ9031 Gigabit PHY] (irq=POLL)
[   19.059054] dwmac4: Master AXI performs any burst length
[   19.064070] s32cc-dwmac 4033c000.ethernet eth0: Enabling Safety Features
[   19.070733] s32cc-dwmac 4033c000.ethernet eth0: IEEE 1588-2008 Advanced Timestamp supported
[   19.079378] s32cc-dwmac 4033c000.ethernet eth0: registered PTP clock
[   19.086109] s32cc-dwmac 4033c000.ethernet eth0: FPE workqueue start
[   19.092016] s32cc-dwmac 4033c000.ethernet eth0: configuring for phy/rgmii-id link mode
[   19.103433] 8021q: adding VLAN 0 to HW filter on device eth0
[   19.176920] xenbr0: port 1(eth0) entered blocking state
[   19.181837] xenbr0: port 1(eth0) entered disabled state
[   19.187031] s32cc-dwmac 4033c000.ethernet eth0: entered allmulticast mode
[   19.194136] s32cc-dwmac 4033c000.ethernet eth0: entered promiscuous mode
dhcpcd-10.0.6 starting
DUID 00:01:00:01:2f:cc:1a:72:c6:fc:53:ec:d0:92
[   19.763160] pfeng-slave 46000000.pfe_slave aux0sl: HIF3 already enabled
done.
Starting system message bus: dbus.
Starting OP-TEE Supplicant: tee-supplicant.
Starting OpenBSD Secure Shell server: sshd
Starting rpcbind daemon...done.
starting statd: done
done.
Starting atd: OK
Error: There is no config file for conntrackd
starting DNS forwarder and DHCP server: dnsmasq... done.
Starting irqbalance: done
Starting network benchmark server: netserver.
Starting ntpd: done
Starting system log daemon...0
Starting internet superserver: xinetd.
Starting random number generator daemon.
Starting telemetry service
Starting /usr/sbin/xenstored...
Setting domain 0 name, domid and JSON config...
Done setting up Dom0
Starting xenconsoled...
Starting QEMU as disk backend for dom0
qemu-system-aarch64: unsupported machine type
Use -machine help to list supported machines
Starting domain watchdog daemon: xenwatchdogd startup

Starting auto Xen domains: V2Xdomu.cfgI/TC: Added guest 2
(XEN) xen-source/xen/common/memory.c:278:d0v1 Could not allocate order=18 extent: id=1 memflags=0xc0 (1 of 2)
(XEN) xen-source/xen/common/memory.c:278:d0v1 Could not allocate order=18 extent: id=1 memflags=0xc0 (0 of 1)
(XEN) d1v0 Unhandled SMC/HVC: 0x84000050
(XEN) d1v0 Unhandled SMC/HVC: 0x8600ff01
(XEN) d1v0: vGICD: RAZ on reserved register offset 0x00000c
(XEN) d1v0: vGICR: SGI: unhandled word write 0x000000ffffffff to ICACTIVER0
(XEN) d1v1: vGICR: SGI: unhandled word write 0x000000ffffffff to ICACTIVER0
(XEN) xen-source/xen/common/grant_tI/lC:c:e90r:edvs Expdnmimory is ena tab
memory is enabledesd
t_taCl .s:nchr:dovs Eopindcagio1s raet table fra/gea
                                               m 2 to 3 frames
(XEN) xen-source/xen/common/grant_table.c:1909:d1v0 Expanding d1 grant table from 3 to 4 frames
(XEN) xen-source/xen/common/grant_table.c:1909:d1v0 Expanding d1 grant table from 4 to 5 frames
(XEN) gnttab_mark_dirty not implemented yet
[done]
Configuring the PFE physical and logical interfaces
Starting AVTP listener service
Initializing all CAN interfaces
Starting crond: OK
Starting the k3s agent
Starting aws-iot-fleetwise-edge service

GoldVIP 1.14.0 (based on Auto Linux BSP 44.0) s32g274ardb2 hvc0

s32g274ardb2 login:
GoldVIP 1.14.0 (based on Auto Linux BSP 44.0) s32g274ardb2 ttyLF0

s32g274ardb2 login: root
root@s32g274ardb2:~# ^C
root@s32g274ardb2:~# ^C
root@s32g274ardb2:~# ip a
1: lo: <LOOPBACK,UP,LOWER_UP> mtu 65536 qdisc noqueue state UNKNOWN group default qlen 1000
    link/loopback 00:00:00:00:00:00 brd 00:00:00:00:00:00
    inet 127.0.0.1/8 scope host lo
       valid_lft forever preferred_lft forever
    inet6 ::1/128 scope host proto kernel_lo
       valid_lft forever preferred_lft forever
2: can0: <NOARP,UP,LOWER_UP,ECHO> mtu 72 qdisc pfifo_fast state UP group default qlen 1000
    link/can
3: can1: <NOARP,UP,LOWER_UP,ECHO> mtu 72 qdisc pfifo_fast state UP group default qlen 1000
    link/can
4: sit0@NONE: <NOARP> mtu 1480 qdisc noop state DOWN group default qlen 1000
    link/sit 0.0.0.0 brd 0.0.0.0
5: eth0: <NO-CARRIER,BROADCAST,MULTICAST,UP> mtu 1500 qdisc mq master xenbr0 state DOWN group default qlen 1000
    link/ether 9a:60:1a:60:8b:31 brd ff:ff:ff:ff:ff:ff
6: pfe0sl: <BROADCAST,MULTICAST,UP,LOWER_UP> mtu 1500 qdisc pfifo_fast state UP group default qlen 1000
    link/ether 00:04:9f:be:ff:00 brd ff:ff:ff:ff:ff:ff
    inet6 fe80::204:9fff:febe:ff00/64 scope link proto kernel_ll
       valid_lft forever preferred_lft forever
7: pfe1sl: <BROADCAST,MULTICAST,UP,LOWER_UP> mtu 1500 qdisc pfifo_fast state UP group default qlen 1000
    link/ether 00:04:9f:be:ff:01 brd ff:ff:ff:ff:ff:ff
    inet6 fe80::204:9fff:febe:ff01/64 scope link proto kernel_ll
       valid_lft forever preferred_lft forever
8: pfe2sl: <BROADCAST,MULTICAST,UP,LOWER_UP> mtu 1500 qdisc pfifo_fast state UP group default qlen 1000
    link/ether 00:04:9f:be:ff:02 brd ff:ff:ff:ff:ff:ff
    inet6 fe80::204:9fff:febe:ff02/64 scope link proto kernel_ll
       valid_lft forever preferred_lft forever
9: aux0sl: <BROADCAST,MULTICAST,UP,LOWER_UP> mtu 1500 qdisc pfifo_fast state UP group default qlen 1000
    link/ether 00:04:9f:be:ff:80 brd ff:ff:ff:ff:ff:ff
    inet6 fe80::204:9fff:febe:ff80/64 scope link proto kernel_ll
       valid_lft forever preferred_lft forever
10: dummy0: <BROADCAST,NOARP,UP,LOWER_UP> mtu 1500 qdisc noqueue state UNKNOWN group default qlen 1000
    link/ether 1e:8e:f8:85:af:8d brd ff:ff:ff:ff:ff:ff
    inet 10.255.255.254/24 scope global dummy0
       valid_lft forever preferred_lft forever
    inet6 fe80::1c8e:f8ff:fe85:af8d/64 scope link proto kernel_ll
       valid_lft forever preferred_lft forever
11: v2xbr: <BROADCAST,MULTICAST,UP,LOWER_UP> mtu 1500 qdisc noqueue state UP group default qlen 1000
    link/ether fe:ff:ff:ff:ff:ff brd ff:ff:ff:ff:ff:ff
    inet 10.0.100.10/24 scope global v2xbr
       valid_lft forever preferred_lft forever
    inet6 fe80::88cc:19ff:fef4:c35/64 scope link proto kernel_ll
       valid_lft forever preferred_lft forever
12: xenbr0: <BROADCAST,MULTICAST,UP,LOWER_UP> mtu 1500 qdisc noqueue state UP group default qlen 1000
    link/ether 9a:60:1a:60:8b:31 brd ff:ff:ff:ff:ff:ff
    inet6 fe80::a159:1bf1:bc1b:e957/64 scope link
       valid_lft forever preferred_lft forever
13: vif1.0: <BROADCAST,MULTICAST,UP,LOWER_UP> mtu 1500 qdisc mq master xenbr0 state UP group default qlen 1000
    link/ether fe:ff:ff:ff:ff:ff brd ff:ff:ff:ff:ff:ff
    inet6 fe80::fcff:ffff:feff:ffff/64 scope link proto kernel_ll
       valid_lft forever preferred_lft forever
14: vif1.1: <BROADCAST,MULTICAST,UP,LOWER_UP> mtu 1500 qdisc mq master v2xbr state UP group default qlen 1000
    link/ether fe:ff:ff:ff:ff:ff brd ff:ff:ff:ff:ff:ff
    inet6 fe80::fcff:ffff:feff:ffff/64 scope link proto kernel_ll
       valid_lft forever preferred_lft forever
root@s32g274ardb2:~# ifconfig -a
aux0sl: flags=4163<UP,BROADCAST,RUNNING,MULTICAST>  mtu 1500
        inet6 fe80::204:9fff:febe:ff80  prefixlen 64  scopeid 0x20<link>
        ether 00:04:9f:be:ff:80  txqueuelen 1000  (Ethernet)
        RX packets 0  bytes 0 (0.0 B)
        RX errors 0  dropped 0  overruns 0  frame 0
        TX packets 13  bytes 1046 (1.0 KiB)
        TX errors 0  dropped 0 overruns 0  carrier 0  collisions 0
        device memory 0x46000000-46ffffff

can0: flags=193<UP,RUNNING,NOARP>  mtu 72
        unspec 00-00-00-00-00-00-00-00-00-00-00-00-00-00-00-00  txqueuelen 1000  (UNSPEC)
        RX packets 0  bytes 0 (0.0 B)
        RX errors 0  dropped 0  overruns 0  frame 0
        TX packets 0  bytes 0 (0.0 B)
        TX errors 0  dropped 0 overruns 0  carrier 0  collisions 0

can1: flags=193<UP,RUNNING,NOARP>  mtu 72
        unspec 00-00-00-00-00-00-00-00-00-00-00-00-00-00-00-00  txqueuelen 1000  (UNSPEC)
        RX packets 0  bytes 0 (0.0 B)
        RX errors 0  dropped 0  overruns 0  frame 0
        TX packets 0  bytes 0 (0.0 B)
        TX errors 0  dropped 0 overruns 0  carrier 0  collisions 0

dummy0: flags=195<UP,BROADCAST,RUNNING,NOARP>  mtu 1500
        inet 10.255.255.254  netmask 255.255.255.0  broadcast 0.0.0.0
        inet6 fe80::1c8e:f8ff:fe85:af8d  prefixlen 64  scopeid 0x20<link>
        ether 1e:8e:f8:85:af:8d  txqueuelen 1000  (Ethernet)
        RX packets 0  bytes 0 (0.0 B)
        RX errors 0  dropped 0  overruns 0  frame 0
        TX packets 25  bytes 2110 (2.0 KiB)
        TX errors 0  dropped 0 overruns 0  carrier 0  collisions 0

eth0: flags=4099<UP,BROADCAST,MULTICAST>  mtu 1500
        ether 9a:60:1a:60:8b:31  txqueuelen 1000  (Ethernet)
        RX packets 0  bytes 0 (0.0 B)
        RX errors 0  dropped 0  overruns 0  frame 0
        TX packets 0  bytes 0 (0.0 B)
        TX errors 0  dropped 0 overruns 0  carrier 0  collisions 0
        device interrupt 50  base 0xe000

lo: flags=73<UP,LOOPBACK,RUNNING>  mtu 65536
        inet 127.0.0.1  netmask 255.0.0.0
        inet6 ::1  prefixlen 128  scopeid 0x10<host>
        loop  txqueuelen 1000  (Local Loopback)
        RX packets 2546  bytes 342008 (333.9 KiB)
        RX errors 0  dropped 0  overruns 0  frame 0
        TX packets 2546  bytes 342008 (333.9 KiB)
        TX errors 0  dropped 0 overruns 0  carrier 0  collisions 0

pfe0sl: flags=4163<UP,BROADCAST,RUNNING,MULTICAST>  mtu 1500
        inet6 fe80::204:9fff:febe:ff00  prefixlen 64  scopeid 0x20<link>
        ether 00:04:9f:be:ff:00  txqueuelen 1000  (Ethernet)
        RX packets 7  bytes 2352 (2.2 KiB)
        RX errors 0  dropped 0  overruns 0  frame 0
        TX packets 14  bytes 1116 (1.0 KiB)
        TX errors 0  dropped 0 overruns 0  carrier 0  collisions 0
        device memory 0x46000000-46ffffff

pfe1sl: flags=4163<UP,BROADCAST,RUNNING,MULTICAST>  mtu 1500
        inet6 fe80::204:9fff:febe:ff01  prefixlen 64  scopeid 0x20<link>
        ether 00:04:9f:be:ff:01  txqueuelen 1000  (Ethernet)
        RX packets 0  bytes 0 (0.0 B)
        RX errors 0  dropped 0  overruns 0  frame 0
        TX packets 14  bytes 1116 (1.0 KiB)
        TX errors 0  dropped 0 overruns 0  carrier 0  collisions 0
        device memory 0x46000000-46ffffff

pfe2sl: flags=4163<UP,BROADCAST,RUNNING,MULTICAST>  mtu 1500
        inet6 fe80::204:9fff:febe:ff02  prefixlen 64  scopeid 0x20<link>
        ether 00:04:9f:be:ff:02  txqueuelen 1000  (Ethernet)
        RX packets 0  bytes 0 (0.0 B)
        RX errors 0  dropped 0  overruns 0  frame 0
        TX packets 13  bytes 1046 (1.0 KiB)
        TX errors 0  dropped 0 overruns 0  carrier 0  collisions 0
        device memory 0x46000000-46ffffff

sit0: flags=128<NOARP>  mtu 1480
        unspec 00-00-00-00-00-00-C4-9A-00-00-00-00-00-00-00-00  txqueuelen 1000  (UNSPEC)
        RX packets 0  bytes 0 (0.0 B)
        RX errors 0  dropped 0  overruns 0  frame 0
        TX packets 0  bytes 0 (0.0 B)
        TX errors 0  dropped 0 overruns 0  carrier 0  collisions 0

v2xbr: flags=4163<UP,BROADCAST,RUNNING,MULTICAST>  mtu 1500
        inet 10.0.100.10  netmask 255.255.255.0  broadcast 0.0.0.0
        inet6 fe80::88cc:19ff:fef4:c35  prefixlen 64  scopeid 0x20<link>
        ether fe:ff:ff:ff:ff:ff  txqueuelen 1000  (Ethernet)
        RX packets 706  bytes 65656 (64.1 KiB)
        RX errors 0  dropped 0  overruns 0  frame 0
        TX packets 1335  bytes 774974 (756.8 KiB)
        TX errors 0  dropped 0 overruns 0  carrier 0  collisions 0

vif1.0: flags=4163<UP,BROADCAST,RUNNING,MULTICAST>  mtu 1500
        inet6 fe80::fcff:ffff:feff:ffff  prefixlen 64  scopeid 0x20<link>
        ether fe:ff:ff:ff:ff:ff  txqueuelen 1000  (Ethernet)
        RX packets 21  bytes 3780 (3.6 KiB)
        RX errors 0  dropped 0  overruns 0  frame 0
        TX packets 31  bytes 4910 (4.7 KiB)
        TX errors 0  dropped 0 overruns 0  carrier 0  collisions 0

vif1.1: flags=4163<UP,BROADCAST,RUNNING,MULTICAST>  mtu 1500
        inet6 fe80::fcff:ffff:feff:ffff  prefixlen 64  scopeid 0x20<link>
        ether fe:ff:ff:ff:ff:ff  txqueuelen 1000  (Ethernet)
        RX packets 706  bytes 65656 (64.1 KiB)
        RX errors 0  dropped 0  overruns 0  frame 0
        TX packets 1336  bytes 774956 (756.7 KiB)
        TX errors 0  dropped 0 overruns 0  carrier 0  collisions 0

xenbr0: flags=4163<UP,BROADCAST,RUNNING,MULTICAST>  mtu 1500
        inet6 fe80::a159:1bf1:bc1b:e957  prefixlen 64  scopeid 0x20<link>
        ether 9a:60:1a:60:8b:31  txqueuelen 1000  (Ethernet)
        RX packets 21  bytes 3780 (3.6 KiB)
        RX errors 0  dropped 0  overruns 0  frame 0
        TX packets 19  bytes 3974 (3.8 KiB)
        TX errors 0  dropped 0 overruns 0  carrier 0  collisions 0

root@s32g274ardb2:~# netstat -tulnp
Active Internet connections (only servers)
Proto Recv-Q Send-Q Local Address           Foreign Address         State       PID/Program name
tcp        0      0 127.0.0.1:6444          0.0.0.0:*               LISTEN      1049/k3s agent
tcp        0      0 0.0.0.0:48541           0.0.0.0:*               LISTEN      617/rpc.statd
tcp        0      0 0.0.0.0:111             0.0.0.0:*               LISTEN      611/rpcbind
tcp        0      0 0.0.0.0:22              0.0.0.0:*               LISTEN      619/sshd: /usr/sbin
tcp        0      0 0.0.0.0:53              0.0.0.0:*               LISTEN      628/dnsmasq
tcp        0      0 127.0.0.1:51001         0.0.0.0:*               LISTEN      658/python3
tcp6       0      0 :::43361                :::*                    LISTEN      617/rpc.statd
tcp6       0      0 :::111                  :::*                    LISTEN      611/rpcbind
tcp6       0      0 :::23                   :::*                    LISTEN      654/xinetd
tcp6       0      0 :::22                   :::*                    LISTEN      619/sshd: /usr/sbin
tcp6       0      0 :::53                   :::*                    LISTEN      628/dnsmasq
tcp6       0      0 :::12865                :::*                    LISTEN      635/netserver
udp        0      0 127.0.0.1:793           0.0.0.0:*                           617/rpc.statd
udp        0      0 0.0.0.0:41818           0.0.0.0:*                           617/rpc.statd
udp        0      0 0.0.0.0:38964           0.0.0.0:*                           658/python3
udp        0      0 0.0.0.0:53              0.0.0.0:*                           628/dnsmasq
udp        0      0 0.0.0.0:111             0.0.0.0:*                           611/rpcbind
udp        0      0 10.0.100.10:123         0.0.0.0:*                           641/ntpd
udp        0      0 10.255.255.254:123      0.0.0.0:*                           641/ntpd
udp        0      0 127.0.0.1:123           0.0.0.0:*                           641/ntpd
udp        0      0 0.0.0.0:123             0.0.0.0:*                           641/ntpd
udp        0      0 0.0.0.0:32905           0.0.0.0:*                           658/python3
udp        0      0 0.0.0.0:7400            0.0.0.0:*                           658/python3
udp        0      0 0.0.0.0:7410            0.0.0.0:*                           658/python3
udp        0      0 0.0.0.0:7411            0.0.0.0:*                           658/python3
udp6       0      0 :::53                   :::*                                628/dnsmasq
udp6       0      0 :::53328                :::*                                617/rpc.statd
udp6       0      0 :::111                  :::*                                611/rpcbind
udp6       0      0 fe80::fcff:ffff:fef:123 :::*                                641/ntpd
udp6       0      0 fe80::fcff:ffff:fef:123 :::*                                641/ntpd
udp6       0      0 fe80::a159:1bf1:bc1:123 :::*                                641/ntpd
udp6       0      0 fe80::88cc:19ff:fef:123 :::*                                641/ntpd
udp6       0      0 fe80::204:9fff:febe:123 :::*                                641/ntpd
udp6       0      0 fe80::204:9fff:febe:123 :::*                                641/ntpd
udp6       0      0 fe80::204:9fff:febe:123 :::*                                641/ntpd
udp6       0      0 fe80::204:9fff:febe:123 :::*                                641/ntpd
udp6       0      0 fe80::1c8e:f8ff:fe8:123 :::*                                641/ntpd
udp6       0      0 ::1:123                 :::*                                641/ntpd
udp6       0      0 :::123                  :::*                                641/ntpd
udp6       0      0 fe80::a159:1bf1:bc1:546 :::*                                981/dhcpcd: [DHCP6
root@s32g274ardb2:~# ss -tulnp
-sh: ss: command not found
root@s32g274ardb2:~# lspci -vvv
00:00.0 PCI bridge: Freescale Semiconductor Inc Device 4002 (prog-if 00 [Normal decode])
        Control: I/O+ Mem+ BusMaster+ SpecCycle- MemWINV- VGASnoop- ParErr- Stepping- SERR+ FastB2B- DisINTx-
        Status: Cap+ 66MHz- UDF- FastB2B- ParErr- DEVSEL=fast >TAbort- <TAbort- <MAbort- >SERR- <PERR- INTx-
        Latency: 0
        Interrupt: pin A routed to IRQ 47
        Region 0: Memory at 5800000000 (32-bit, non-prefetchable) [virtual] [size=1M]
        Bus: primary=00, secondary=01, subordinate=ff, sec-latency=0
        I/O behind bridge: f000-0fff [disabled] [16-bit]
        Memory behind bridge: fff00000-000fffff [disabled] [32-bit]
        Prefetchable memory behind bridge: fff00000-000fffff [disabled] [32-bit]
        Secondary status: 66MHz- FastB2B- ParErr- DEVSEL=fast >TAbort- <TAbort- <MAbort- <SERR- <PERR-
        Expansion ROM at 5800100000 [virtual] [disabled] [size=64K]
        BridgeCtl: Parity- SERR- NoISA- VGA- VGA16- MAbort- >Reset- FastB2B-
                PriDiscTmr- SecDiscTmr- DiscTmrStat- DiscTmrSERREn-
        Capabilities: [40] Power Management version 3
                Flags: PMEClk- DSI- D1+ D2- AuxCurrent=375mA PME(D0+,D1+,D2-,D3hot+,D3cold+)
                Status: D0 NoSoftRst+ PME-Enable- DSel=0 DScale=0 PME-
        Capabilities: [50] MSI: Enable- Count=1/1 Maskable+ 64bit+
                Address: 0000000000000000  Data: 0000
                Masking: 00000000  Pending: 00000000
        Capabilities: [70] Express (v2) Root Port (Slot-), IntMsgNum 0
                DevCap: MaxPayload 256 bytes, PhantFunc 0
                        ExtTag- RBE+
                DevCtl: CorrErr+ NonFatalErr+ FatalErr+ UnsupReq+
                        RlxdOrd+ ExtTag- PhantFunc- AuxPwr- NoSnoop-
                        MaxPayload 256 bytes, MaxReadReq 256 bytes
                DevSta: CorrErr- NonFatalErr- FatalErr- UnsupReq- AuxPwr+ TransPend-
                LnkCap: Port #0, Speed 8GT/s, Width x2, ASPM L1, Exit Latency L1 <16us
                        ClockPM- Surprise- LLActRep+ BwNot- ASPMOptComp+
                LnkCtl: ASPM Disabled; RCB 64 bytes, LnkDisable- CommClk-
                        ExtSynch- ClockPM- AutWidDis- BWInt- AutBWInt-
                LnkSta: Speed 2.5GT/s, Width x1
                        TrErr- Train- SlotClk+ DLActive- BWMgmt- ABWMgmt-
                RootCap: CRSVisible-
                RootCtl: ErrCorrectable- ErrNon-Fatal- ErrFatal- PMEIntEna+ CRSVisible-
                RootSta: PME ReqID 0000, PMEStatus- PMEPending-
                DevCap2: Completion Timeout: Range ABCD, TimeoutDis+ NROPrPrP+ LTR-
                         10BitTagComp- 10BitTagReq- OBFF Not Supported, ExtFmt- EETLPPrefix-
                         EmergencyPowerReduction Not Supported, EmergencyPowerReductionInit-
                         FRS- LN System CLS Not Supported, TPHComp- ExtTPHComp- ARIFwd-
                         AtomicOpsCap: Routing- 32bit- 64bit- 128bitCAS-
                DevCtl2: Completion Timeout: 50us to 50ms, TimeoutDis- ARIFwd-
                         AtomicOpsCtl: ReqEn- EgressBlck-
                         IDOReq- IDOCompl- LTR- EmergencyPowerReductionReq-
                         10BitTagReq- OBFF Disabled, EETLPPrefixBlk-
                LnkCap2: Supported Link Speeds: 2.5-8GT/s, Crosslink- Retimer- 2Retimers- DRS-
                LnkCtl2: Target Link Speed: 8GT/s, EnterCompliance- SpeedDis-
                         Transmit Margin: Normal Operating Range, EnterModifiedCompliance- ComplianceSOS-
                         Compliance Preset/De-emphasis: -6dB de-emphasis, 0dB preshoot
                LnkSta2: Current De-emphasis Level: -3.5dB, EqualizationComplete- EqualizationPhase1-
                         EqualizationPhase2- EqualizationPhase3- LinkEqualizationRequest-
                         Retimer- 2Retimers- CrosslinkRes: unsupported
        Capabilities: [b0] MSI-X: Enable- Count=64 Masked-
                Vector table: BAR=2 offset=00000000
                PBA: BAR=2 offset=00001000
        Capabilities: [100 v2] Advanced Error Reporting
                UESta:  DLP- SDES- TLP- FCP- CmpltTO- CmpltAbrt- UnxCmplt- RxOF- MalfTLP- ECRC- UnsupReq- ACSViol-
                UEMsk:  DLP- SDES- TLP- FCP- CmpltTO- CmpltAbrt- UnxCmplt- RxOF- MalfTLP- ECRC- UnsupReq- ACSViol-
                UESvrt: DLP+ SDES+ TLP- FCP+ CmpltTO- CmpltAbrt- UnxCmplt- RxOF+ MalfTLP+ ECRC- UnsupReq- ACSViol-
                CESta:  RxErr- BadTLP- BadDLLP- Rollover- Timeout- AdvNonFatalErr-
                CEMsk:  RxErr- BadTLP- BadDLLP- Rollover- Timeout- AdvNonFatalErr+
                AERCap: First Error Pointer: 00, ECRCGenCap+ ECRCGenEn- ECRCChkCap+ ECRCChkEn-
                        MultHdrRecCap- MultHdrRecEn- TLPPfxPres- HdrLogCap-
                HeaderLog: 00000000 00000000 00000000 00000000
                RootCmd: CERptEn- NFERptEn- FERptEn-
                RootSta: CERcvd- MultCERcvd- UERcvd- MultUERcvd-
                         FirstFatal- NonFatalMsg- FatalMsg- IntMsgNum 0
                ErrorSrc: ERR_COR: 0000 ERR_FATAL/NONFATAL: 0000
        Capabilities: [148 v1] Secondary PCI Express
                LnkCtl3: LnkEquIntrruptEn- PerformEqu-
                LaneErrStat: 0
        Capabilities: [158 v1] Vendor Specific Information: ID=0002 Rev=4 Len=100 <?>
        Capabilities: [258 v1] Vendor Specific Information: ID=0001 Rev=1 Len=038 <?>
        Kernel driver in use: pcieport

root@s32g274ardb2:~# lsusb
Bus 001 Device 001: ID 1d6b:0002
root@s32g274ardb2:~# lsmod
Module                  Size  Used by
xt_physdev             12288  4
xen_pciback            49152  0
xen_netback            57344  4
xen_blkback            45056  2
xen_gntalloc           12288  0
xen_gntdev             16384  2
dummy                  12288  0
sja1110                20480  0
moal                  831488  0
mlan                  573440  1 moal
cfg80211              368640  1 moal
ipc_chdev              49152  0
ipc_shm_dev            32768  1 ipc_chdev
pfeng_slave           180224  0
hse                    45056  0
root@s32g274ardb2:~# dmesg
[    0.000000] Booting Linux on physical CPU 0x0000000000 [0x410fd034]
[    0.000000] Linux version 6.6.85-rt53-00977-g6208e1d0d7b5-dirty (oe-user@oe-host) (aarch64-fsl-linux-gcc (GCC) 13.3.0, GNU ld (GNU Binutils) 2.42.0.20240723) #1 SMP PREEMPT Wed May 14 13:40:03 UTC 2025
[    0.000000] OF: fdt: Ignoring memory block 0xd0000000 - 0xd0000080
[    0.000000] OF: fdt: Ignoring memory block 0xd0000080 - 0xd0000100
[    0.000000] Machine model: NXP S32G2 Reference Design Board 2 (S32G-VNP-RDB2)
[    0.000000] Xen 4.18 support found
[    0.000000] OF: reserved mem: 0x0000000034400000..0x000000003447ffff (512 KiB) nomap non-reusable pfebufs@34400000
[    0.000000] OF: reserved mem: 0x0000000034480000..0x000000003449ffff (128 KiB) nomap non-reusable pfebufs@34480000
[    0.000000] OF: reserved mem: 0x0000000034520000..0x00000000345fffff (896 KiB) nomap non-reusable ipcf_shm@34520000
[    0.000000] Reserved memory: created DMA memory pool at 0x0000000083200000, size 3 MiB
[    0.000000] OF: reserved mem: initialized node pfebufs@83200000, compatible id shared-dma-pool
[    0.000000] OF: reserved mem: 0x0000000083200000..0x00000000835dffff (3968 KiB) nomap non-reusable pfebufs@83200000
[    0.000000] OF: reserved mem: 0x00000000835e0000..0x00000000835fffff (128 KiB) map non-reusable pfebufs@835e0000
[    0.000000] OF: reserved mem: 0x0000000083600000..0x000000008360ffff (64 KiB) map non-reusable pfebufs@83600000
[    0.000000] OF: reserved mem: 0x0000000084000000..0x0000000084ffffff (16384 KiB) nomap non-reusable shm@84000000
[    0.000000] OF: reserved mem: 0x00000000c0000000..0x00000000c03fffff (4096 KiB) nomap non-reusable shm@c0000000
[    0.000000] OF: reserved mem: 0x00000000c0400000..0x00000000c07fffff (4096 KiB) nomap non-reusable shm@c0400000
[    0.000000] OF: reserved mem: 0x00000000d0000000..0x00000000d000007f (0 KiB) nomap non-reusable shm@d0000000
[    0.000000] OF: reserved mem: 0x00000000d0000080..0x00000000d00000ff (0 KiB) nomap non-reusable shm@d0000080
[    0.000000] OF: reserved mem: 0x00000000fe000000..0x00000000ff3fffff (20480 KiB) nomap non-reusable optee_core@fe000000
[    0.000000] OF: reserved mem: 0x00000000ff400000..0x00000000ff5fffff (2048 KiB) nomap non-reusable optee_shm@ff400000
[    0.000000] OF: reserved mem: 0x00000000ff600000..0x00000000ff7fffff (2048 KiB) nomap non-reusable atf@ff600000
[    0.000000] Zone ranges:
[    0.000000]   DMA      [mem 0x0000000034400000-0x00000000ff7fffff]
[    0.000000]   DMA32    empty
[    0.000000]   Normal   empty
[    0.000000] Movable zone start for each node
[    0.000000] Early memory node ranges
[    0.000000]   node   0: [mem 0x0000000034400000-0x000000003449ffff]
[    0.000000]   node   0: [mem 0x0000000034520000-0x00000000345fffff]
[    0.000000]   node   0: [mem 0x0000000083200000-0x00000000835dffff]
[    0.000000]   node   0: [mem 0x00000000835e0000-0x000000008360ffff]
[    0.000000]   node   0: [mem 0x0000000084000000-0x0000000084ffffff]
[    0.000000]   node   0: [mem 0x0000000090000000-0x00000000bfffffff]
[    0.000000]   node   0: [mem 0x00000000c0000000-0x00000000c07fffff]
[    0.000000]   node   0: [mem 0x00000000e0000000-0x00000000efffffff]
[    0.000000]   node   0: [mem 0x00000000fe000000-0x00000000ff7fffff]
[    0.000000] Initmem setup node 0 [mem 0x0000000034400000-0x00000000ff7fffff]
[    0.000000] On node 0, zone DMA: 17408 pages in unavailable ranges
[    0.000000] On node 0, zone DMA: 128 pages in unavailable ranges
[    0.000000] On node 0, zone DMA: 27648 pages in unavailable ranges
[    0.000000] On node 0, zone DMA: 2544 pages in unavailable ranges
[    0.000000] On node 0, zone DMA: 12288 pages in unavailable ranges
[    0.000000] On node 0, zone DMA: 30720 pages in unavailable ranges
[    0.000000] On node 0, zone DMA: 24576 pages in unavailable ranges
[    0.000000] On node 0, zone DMA: 2048 pages in unavailable ranges
[    0.000000] cma: Reserved 256 MiB at 0x00000000b0000000 on node -1
[    0.000000] psci: probing for conduit method from DT.
[    0.000000] psci: PSCIv1.1 detected in firmware.
[    0.000000] psci: Using standard PSCI v0.2 function IDs
[    0.000000] psci: Trusted OS migration not required
[    0.000000] psci: SMC Calling Convention v1.2
[    0.000000] percpu: Embedded 20 pages/cpu s41768 r8192 d31960 u81920
[    0.000000] pcpu-alloc: s41768 r8192 d31960 u81920 alloc=20*4096
[    0.000000] pcpu-alloc: [0] 0 [0] 1 [0] 2 [0] 3
[    0.000000] Detected VIPT I-cache on CPU0
[    0.000000] CPU features: detected: GIC system register CPU interface
[    0.000000] CPU features: detected: ARM erratum 845719
[    0.000000] CPU features: detected: NXP erratum ERR050481 (TLBI by VA handled incorrectly)
[    0.000000] CPU features: detected: ARM errata 1165522, 1319367, 1530923, or 1530924
[    0.000000] alternatives: applying boot alternatives
[    0.000000] Kernel command line: console=ttyLF0,115200 earlycon=xen earlyprintk=xen root=/dev/mmcblk0p3 rootwait rw clk_ignore_unused
[    0.000000] Unknown kernel command line parameters "earlyprintk=xen", will be passed to user space.
[    0.000000] Dentry cache hash table entries: 262144 (order: 9, 2097152 bytes, linear)
[    0.000000] Inode-cache hash table entries: 131072 (order: 8, 1048576 bytes, linear)
[    0.000000] Built 1 zonelists, mobility grouping on.  Total pages: 271545
[    0.000000] mem auto-init: stack:all(zero), heap alloc:off, heap free:off
[    0.000000] software IO TLB: area num 4.
[    0.000000] software IO TLB: mapped [mem 0x00000000ea200000-0x00000000ee200000] (64MB)
[    0.000000] Memory: 672772K/1103424K available (10560K kernel code, 732K rwdata, 3200K rodata, 1984K init, 261K bss, 168508K reserved, 262144K cma-reserved)
[    0.000000] SLUB: HWalign=64, Order=0-3, MinObjects=0, CPUs=4, Nodes=1
[    0.000000] rcu: Preemptible hierarchical RCU implementation.
[    0.000000] rcu:     RCU event tracing is enabled.
[    0.000000] rcu:     RCU restricting CPUs from NR_CPUS=8 to nr_cpu_ids=4.
[    0.000000]  Trampoline variant of Tasks RCU enabled.
[    0.000000]  Tracing variant of Tasks RCU enabled.
[    0.000000] rcu: RCU calculated value of scheduler-enlistment delay is 25 jiffies.
[    0.000000] rcu: Adjusting geometry for rcu_fanout_leaf=16, nr_cpu_ids=4
[    0.000000] NR_IRQS: 64, nr_irqs: 64, preallocated irqs: 0
[    0.000000] GICv3: 544 SPIs implemented
[    0.000000] GICv3: 0 Extended SPIs implemented
[    0.000000] Root IRQ handler: gic_handle_irq
[    0.000000] GICv3: GICv3 features: 16 PPIs
[    0.000000] GICv3: CPU0: found redistributor 0 region 0:0x0000000050880000
[    0.000000] rcu: srcu_init: Setting srcu_struct sizes based on contention.
[    0.000000] arch_timer: cp15 timer(s) running at 5.00MHz (virt).
[    0.000000] clocksource: arch_sys_counter: mask: 0xffffffffffffff max_cycles: 0x127350b88, max_idle_ns: 440795202120 ns
[    0.000001] sched_clock: 56 bits at 5MHz, resolution 200ns, wraps every 4398046511100ns
[    0.000497] Console: colour dummy device 80x25
[    0.000542] Calibrating delay loop (skipped), value calculated using timer frequency.. 10.00 BogoMIPS (lpj=20000)
[    0.000555] pid_max: default: 32768 minimum: 301
[    0.000633] LSM: initializing lsm=capability,integrity
[    0.000759] Mount-cache hash table entries: 4096 (order: 3, 32768 bytes, linear)
[    0.000778] Mountpoint-cache hash table entries: 4096 (order: 3, 32768 bytes, linear)
[    0.001871] cacheinfo: Unable to detect cache hierarchy for CPU 0
[    0.002892] RCU Tasks: Setting shift to 2 and lim to 1 rcu_task_cb_adjust=1 rcu_task_cpu_ids=4.
[    0.003006] RCU Tasks Trace: Setting shift to 2 and lim to 1 rcu_task_cb_adjust=1 rcu_task_cpu_ids=4.
[    0.003710] xen:grant_table: Grant tables using version 1 layout
[    0.003762] Grant table initialized
[    0.003801] xen:events: Using FIFO-based ABI
[    0.003931] Xen: initializing cpu0
[    0.004133] rcu: Hierarchical SRCU implementation.
[    0.004137] rcu:     Max phase no-delay instances is 1000.
[    0.005345] smp: Bringing up secondary CPUs ...
[    0.006120] Detected VIPT I-cache on CPU1
[    0.006221] GICv3: CPU1: found redistributor 1 region 0:0x00000000508a0000
[    0.012679] Xen: initializing cpu1
[    0.012739] CPU1: Booted secondary processor 0x0000000001 [0x410fd034]
[    0.013682] Detected VIPT I-cache on CPU2
[    0.013778] GICv3: CPU2: found redistributor 2 region 0:0x00000000508c0000
[    0.020208] Xen: initializing cpu2
[    0.020266] CPU2: Booted secondary processor 0x0000000002 [0x410fd034]
[    0.021130] Detected VIPT I-cache on CPU3
[    0.021187] GICv3: CPU3: found redistributor 3 region 0:0x00000000508e0000
[    0.027597] Xen: initializing cpu3
[    0.027644] CPU3: Booted secondary processor 0x0000000003 [0x410fd034]
[    0.027804] smp: Brought up 1 node, 4 CPUs
[    0.027816] SMP: Total of 4 processors activated.
[    0.027822] CPU features: detected: 32-bit EL0 Support
[    0.027828] CPU features: detected: CRC32 instructions
[    0.027957] CPU: All CPU(s) started at EL1
[    0.027961] alternatives: applying system-wide alternatives
[    0.029556] devtmpfs: initialized
[    0.041175] clocksource: jiffies: mask: 0xffffffff max_cycles: 0xffffffff, max_idle_ns: 7645041785100000 ns
[    0.041207] futex hash table entries: 1024 (order: 4, 65536 bytes, linear)
[    0.050694] pinctrl core: initialized pinctrl subsystem
[    0.051825] NET: Registered PF_NETLINK/PF_ROUTE protocol family
[    0.053083] DMA: preallocated 128 KiB GFP_KERNEL pool for atomic allocations
[    0.053189] DMA: preallocated 128 KiB GFP_KERNEL|GFP_DMA pool for atomic allocations
[    0.053297] DMA: preallocated 128 KiB GFP_KERNEL|GFP_DMA32 pool for atomic allocations
[    0.054388] thermal_sys: Registered thermal governor 'step_wise'
[    0.054569] hw-breakpoint: found 6 breakpoint and 4 watchpoint registers.
[    0.054906] ASID allocator initialised with 65536 entries
[    0.055126] Serial: AMBA PL011 UART driver
[    0.055188] scmi_core: SCMI protocol bus registered
[    0.056628] scmi_protocol scmi_dev.1: Enabled polling mode TX channel - prot_id:16
[    0.057186] arm-scmi firmware:scmi: SCMI Notifications - Core Enabled.
[    0.057281] arm-scmi firmware:scmi: SCMI Protocol v2.0 'NXP:S32G274A' Firmware version 0x0
[    0.068294] /soc/siul2@4009c000/siul2-pinctrl@4009c240: Fixed dependency cycle(s) with /soc/siul2@4009c000/siul2-pinctrl@4009c240/jtag_pins
[    0.079045] Modules: 28544 pages in range for non-PLT usage
[    0.079060] Modules: 520064 pages in range for PLT usage
[    0.079978] HugeTLB: registered 1.00 GiB page size, pre-allocated 0 pages
[    0.079989] HugeTLB: 0 KiB vmemmap can be freed for a 1.00 GiB page
[    0.079997] HugeTLB: registered 32.0 MiB page size, pre-allocated 0 pages
[    0.080001] HugeTLB: 0 KiB vmemmap can be freed for a 32.0 MiB page
[    0.080006] HugeTLB: registered 2.00 MiB page size, pre-allocated 0 pages
[    0.080010] HugeTLB: 0 KiB vmemmap can be freed for a 2.00 MiB page
[    0.080015] HugeTLB: registered 64.0 KiB page size, pre-allocated 0 pages
[    0.080020] HugeTLB: 0 KiB vmemmap can be freed for a 64.0 KiB page
[    0.091826] xen:balloon: Initialising balloon driver
[    0.092694] SCSI subsystem initialized
[    0.092907] usbcore: registered new interface driver usbfs
[    0.092938] usbcore: registered new interface driver hub
[    0.092979] usbcore: registered new device driver usb
[    0.093916] pps_core: LinuxPPS API ver. 1 registered
[    0.093921] pps_core: Software ver. 5.3.6 - Copyright 2005-2007 Rodolfo Giometti <giometti@linux.it>
[    0.093937] PTP clock support registered
[    0.095495] vgaarb: loaded
[    0.096018] clocksource: Switched to clocksource arch_sys_counter
[    0.108184] NET: Registered PF_INET protocol family
[    0.108434] IP idents hash table entries: 32768 (order: 6, 262144 bytes, linear)
[    0.110483] tcp_listen_portaddr_hash hash table entries: 1024 (order: 2, 16384 bytes, linear)
[    0.110516] Table-perturb hash table entries: 65536 (order: 6, 262144 bytes, linear)
[    0.110530] TCP established hash table entries: 16384 (order: 5, 131072 bytes, linear)
[    0.110721] TCP bind hash table entries: 16384 (order: 7, 524288 bytes, linear)
[    0.111282] TCP: Hash tables configured (established 16384 bind 16384)
[    0.111433] UDP hash table entries: 1024 (order: 3, 32768 bytes, linear)
[    0.111489] UDP-Lite hash table entries: 1024 (order: 3, 32768 bytes, linear)
[    0.111743] NET: Registered PF_UNIX/PF_LOCAL protocol family
[    0.112519] RPC: Registered named UNIX socket transport module.
[    0.112526] RPC: Registered udp transport module.
[    0.112529] RPC: Registered tcp transport module.
[    0.112532] RPC: Registered tcp-with-tls transport module.
[    0.112536] RPC: Registered tcp NFSv4.1 backchannel transport module.
[    0.112554] PCI: CLS 0 bytes, default 64
[    0.114117] Initialise system trusted keyrings
[    0.114400] workingset: timestamp_bits=46 max_order=18 bucket_order=0
[    0.115173] fuse: init (API version 7.39)
[    0.115525] NET: Registered PF_ALG protocol family
[    0.115539] Key type asymmetric registered
[    0.115548] Asymmetric key parser 'x509' registered
[    0.115593] Block layer SCSI generic (bsg) driver version 0.4 loaded (major 247)
[    0.115788] io scheduler mq-deadline registered
[    0.115795] io scheduler kyber registered
[    0.115821] io scheduler bfq registered
[    0.120373] s32cc-siul2-pinctrl 4009c240.siul2-pinctrl: initialized s32 pinctrl driver
[    0.122176] s32cc-siul2-gpio 4009d700.siul2-gpio: No cache defaults, reading back from HW
[    0.122330] s32cc-siul2-gpio 4009d700.siul2-gpio: No cache defaults, reading back from HW
[    0.122845] gpio gpiochip0: Static allocation of GPIO base is deprecated, use dynamic allocation.
[    0.124031] s32cc-siul2-gpio 4009d700.siul2-gpio: No cache defaults, reading back from HW
[    0.124106] s32cc-siul2-gpio 4009d700.siul2-gpio: No cache defaults, reading back from HW
[    0.126066] xen:xen_evtchn: Event-channel device installed
[    0.129657] 401c8000.serial: ttyLF0 at MMIO 0x401c8000 (irq = 22, base_baud = 7812500) is a FSL_LINFLEX
[    0.129726] printk: legacy console [ttyLF0] enabled
[    1.384730] 401cc000.serial: ttyLF1 at MMIO 0x401cc000 (irq = 23, base_baud = 7812500) is a FSL_LINFLEX
[    1.396760] s32cc_fccu 4030c000.fccu: FCCU status is 0 (normal)
[    1.405958] sja1110-sw@1 enforce active low on GPIO handle
[    1.415071] spi-nor spi6.0: mx25uw51245g (65536 Kbytes)
[    1.421137] 8 fixed-partitions partitions found on MTD device 0.spi
[    1.427524] Creating 8 MTD partitions on "0.spi":
[    1.432307] 0x000000000000-0x000004000000 : "Flash-Image"
[    1.438316] 0x000000000000-0x0000000d0000 : "BL2"
[    1.443525] 0x0000000d0000-0x0000002a0000 : "FIP"
[    1.448738] 0x0000002a0000-0x0000002b0000 : "U-Boot-Env"
[    1.454595] 0x0000002b0000-0x000001380000 : "Kernel"
[    1.460092] 0x000001380000-0x0000013b0000 : "DTB"
[    1.465304] 0x0000013b0000-0x0000032c0000 : "Rootfs"
[    1.470776] 0x0000032c0000-0x000004000000 : "PFE-Firmware"
[    1.479025] vcan: Virtual CAN interface driver
[    1.483583] slcan: serial line CAN interface driver
[    1.488545] CAN device driver interface
[    1.493872] flexcan 401b4000.can: device registered (reg_base=(____ptrval____), irq(s):
[    1.502037] flexcan 401b4000.can:  28
[    1.505767] flexcan 401b4000.can:  29
[    1.509488] flexcan 401b4000.can:  30
[    1.513208] flexcan 401b4000.can:  31
[    1.516925] flexcan 401b4000.can: )
[    1.521565] flexcan 401be000.can: device registered (reg_base=(____ptrval____), irq(s):
[    1.529722] flexcan 401be000.can:  32
[    1.533450] flexcan 401be000.can:  33
[    1.537168] flexcan 401be000.can:  34
[    1.540891] flexcan 401be000.can:  35
[    1.544613] flexcan 401be000.can: )
[    1.548549] e100: Intel(R) PRO/100 Network Driver
[    1.553324] e100: Copyright(c) 1999-2006 Intel Corporation
[    1.558926] e1000: Intel(R) PRO/1000 Network Driver
[    1.563876] e1000: Copyright (c) 1999-2006 Intel Corporation.
[    1.569749] e1000e: Intel(R) PRO/1000 Network Driver
[    1.574788] e1000e: Copyright(c) 1999 - 2015 Intel Corporation.
[    1.580826] igb: Intel(R) Gigabit Ethernet Network Driver
[    1.586307] igb: Copyright (c) 2007-2014 Intel Corporation.
[    1.592551] xen_netfront: Initialising Xen virtual ethernet driver
[    1.600214] hse-uio 40210000.mu0b: standard firmware, version 2.64.0
[    1.606707] hse-uio 40210000.mu0b: successfully registered device
[    1.613573] usbcore: registered new interface driver uas
[    1.619022] usbcore: registered new interface driver usb-storage
[    1.626314] imx_usb 44064000.usb: No over current polarity defined
[    1.633691] ci_hdrc ci_hdrc.0: EHCI Host Controller
[    1.638907] ci_hdrc ci_hdrc.0: new USB bus registered, assigned bus number 1
[    1.660033] ci_hdrc ci_hdrc.0: USB 2.0 started, EHCI 1.00
[    1.665990] usb usb1: New USB device found, idVendor=1d6b, idProduct=0002, bcdDevice= 6.06
[    1.674417] usb usb1: New USB device strings: Mfr=3, Product=2, SerialNumber=1
[    1.681756] usb usb1: Product: EHCI Host Controller
[    1.686713] usb usb1: Manufacturer: Linux 6.6.85-rt53-00977-g6208e1d0d7b5-dirty ehci_hcd
[    1.694933] usb usb1: SerialNumber: ci_hdrc.0
[    1.700078] hub 1-0:1.0: USB hub found
[    1.703942] hub 1-0:1.0: 1 port detected
[    1.710369] s32cc-rtc 40060000.rtc: registered as rtc0
[    1.715680] s32cc-rtc 40060000.rtc: setting system clock to 1970-01-01T00:00:00 UTC (0)
[    1.724065] i2c_dev: i2c /dev entries driver
[    1.729132] s32cc-wdt 4010c000.watchdog: S32CC Watchdog Timer Registered. timeout=30s (nowayout=0)
[    1.739376] s32cc-wdt 40200000.watchdog: S32CC Watchdog Timer Registered. timeout=30s (nowayout=0)
[    1.748731] s32cc-wdt 40204000.watchdog: S32CC Watchdog Timer Registered. timeout=30s (nowayout=0)
[    1.758061] s32cc-wdt 40208000.watchdog: S32CC Watchdog Timer Registered. timeout=30s (nowayout=0)
[    1.767702] scmi-cpufreq scmi_dev.5: scmi_cpufreq_probe: registering cpufreq failed, err: -19
[    1.776985] sdhci: Secure Digital Host Controller Interface driver
[    1.783285] sdhci: Copyright(c) Pierre Ossman
[    1.787721] sdhci-pltfm: SDHCI platform and OF driver helper
[    1.793873] SMCCC: SOC_ID: ARCH_SOC_ID not implemented, skipping ....
[    1.800696] usbcore: registered new interface driver usbhid
[    1.806364] usbhid: USB HID core driver
[    1.822423] s32-adc 401f8000.adc: using dma0chan4 for ADC DMA transfers
[    1.826496] mmc0: SDHCI controller on 402f0000.mmc [402f0000.mmc] using ADMA
[    1.829862] s32-adc 401f8000.adc: Device initialized successfully.
[    1.850221] s32-adc 402e8000.adc: using dma1chan16 for ADC DMA transfers
[    1.857676] s32-adc 402e8000.adc: Device initialized successfully.
[    1.866061] s32-siul2-nvmem 4009c000.nvram: Initialized s32cc siul2 nvmem driver
[    1.871201] mmc0: new high speed SDHC card at address 0001
[    1.873837] s32-siul2-nvmem 44010000.nvram: Initialized s32cc siul2 nvmem driver
[    1.880068] mmcblk0: mmc0:0001 BB1QT 29.8 GiB
[    1.886969] optee: probing for conduit method.
[    1.894789]  mmcblk0: p1 p2 p3 p4 < p5 p6 >
[    1.895669] optee: revision 4.0
[    1.900659] optee: dynamic shared memory is enabled
[    1.909361] optee: initialized driver
[    1.914088] NET: Registered PF_INET6 protocol family
[    1.920274] Segment Routing with IPv6
[    1.924048] In-situ OAM (IOAM) with IPv6
[    1.928131] sit: IPv6, IPv4 and MPLS over IPv4 tunneling driver
[    1.934743] NET: Registered PF_PACKET protocol family
[    1.939920] Bridge firewalling registered
[    1.944216] can: controller area network core
[    1.948699] NET: Registered PF_CAN protocol family
[    1.953565] can: raw protocol
[    1.956583] can: broadcast manager protocol
[    1.960838] can: netlink gateway - max_hops=1
[    1.965494] 8021q: 802.1Q VLAN Support v1.8
[    1.977707] Loading compiled-in X.509 certificates
[    1.998421] i2c i2c-0: using pinctrl states for GPIO recovery
[    2.004397] i2c i2c-0: using generic GPIOs for recovery
[    2.010496] pca953x 0-0022: using AI
[    2.022935] rtc-pcf85063 0-0051: registered as rtc1
[    2.028009] i2c i2c-0: IMX I2C adapter registered
[    2.032859] i2c i2c-0: using dma0chan5 (tx) and dma0chan6 (rx) for DMA transfers
[    2.041369] i2c i2c-2: using pinctrl states for GPIO recovery
[    2.047335] i2c i2c-2: using generic GPIOs for recovery
[    2.052738] i2c i2c-2: IMX I2C adapter registered
[    2.057601] i2c i2c-2: using dma1chan17 (tx) and dma1chan18 (rx) for DMA transfers
[    2.066251] i2c i2c-4: using pinctrl states for GPIO recovery
[    2.072183] i2c i2c-4: using generic GPIOs for recovery
[    2.079438] ina2xx 4-0040: power monitor ina231 (Rshunt = 1000 uOhm)
[    2.085970] i2c i2c-4: IMX I2C adapter registered
[    2.090827] i2c i2c-4: using dma1chan19 (tx) and dma1chan20 (rx) for DMA transfers
[    2.099199] phy-s32cc-serdes 40480000.serdes: Using mode 0 for SerDes subsystem
[    2.308592] s32cc-pcie 40400000.pcie: Failed to stabilize PHY link
[    2.314898] s32cc-pcie 40400000.pcie: Configuring as RootComplex
[    2.321223] s32cc-pcie 40400000.pcie: Allocated line 0 for interrupt 46 (msi)
[    2.328533] s32cc-pcie 40400000.pcie: host bridge /soc/pcie@40400000 ranges:
[    2.335731] s32cc-pcie 40400000.pcie:       IO 0x5ffffe0000..0x5ffffeffff -> 0x0000000000
[    2.344056] s32cc-pcie 40400000.pcie:      MEM 0x5800000000..0x5ffffdffff -> 0x0000000000
[    2.352383] s32cc-pcie 40400000.pcie: Memory resource size exceeds max for 32 bits
[    3.360423] s32cc-pcie 40400000.pcie: Phy link never came up
[    3.366194] s32cc-pcie 40400000.pcie: Link Up failed, EndPoint may not be connected
[    3.374080] s32cc-pcie 40400000.pcie: iATU: unroll T, 6 ob, 4 ib, align 4K, limit 1024G
[    4.382613] s32cc-pcie 40400000.pcie: Phy link never came up
[    4.388380] s32cc-pcie 40400000.pcie: Link Up failed, EndPoint may not be connected
[    5.396492] s32cc-pcie 40400000.pcie: Phy link never came up
[    5.402864] s32cc-pcie 40400000.pcie: PCI host bridge to bus 0000:00
[    5.409336] pci_bus 0000:00: root bus resource [bus 00-ff]
[    5.414916] pci_bus 0000:00: root bus resource [io  0x0000-0xffff]
[    5.421202] pci_bus 0000:00: root bus resource [mem 0x5800000000-0x5ffffdffff] (bus address [0x00000000-0x7fffdffff])
[    5.432031] pci 0000:00:00.0: [1957:4002] type 01 class 0x060400
[    5.438164] pci 0000:00:00.0: reg 0x10: [mem 0x5800000000-0x58000fffff]
[    5.444901] pci 0000:00:00.0: reg 0x38: [mem 0x5800000000-0x580000ffff pref]
[    5.452162] pci 0000:00:00.0: supports D1
[    5.456241] pci 0000:00:00.0: PME# supported from D0 D1 D3hot D3cold
[    5.477688] pci 0000:00:00.0: Failed to add - passthrough or MSI/MSI-X might fail!
[    5.489001] pci 0000:00:00.0: BAR 0: assigned [mem 0x5800000000-0x58000fffff]
[    5.496264] pci 0000:00:00.0: BAR 6: assigned [mem 0x5800100000-0x580010ffff pref]
[    5.503972] pci 0000:00:00.0: PCI bridge to [bus 01-ff]
[    5.509746] pcieport 0000:00:00.0: PME: Signaling with IRQ 47
[    5.517342] s32cc-dwmac 4033c000.ethernet: IRQ eth_wake_irq not found
[    5.523943] s32cc-dwmac 4033c000.ethernet: IRQ eth_lpi not found
[    5.531171] s32cc-dwmac 4033c000.ethernet: User ID: 0x10, Synopsys ID: 0x51
[    5.538263] s32cc-dwmac 4033c000.ethernet:   DWMAC4/5
[    5.543320] s32cc-dwmac 4033c000.ethernet: DMA HW capability register supported
[    5.550749] s32cc-dwmac 4033c000.ethernet: RX Checksum Offload Engine supported
[    5.558177] s32cc-dwmac 4033c000.ethernet: TX Checksum insertion supported
[    5.565161] s32cc-dwmac 4033c000.ethernet: Wake-Up On Lan supported
[    5.571598] s32cc-dwmac 4033c000.ethernet: Enable RX Mitigation via HW Watchdog Timer
[    5.579553] s32cc-dwmac 4033c000.ethernet: Enabled L3L4 Flow TC (entries=8)
[    5.586631] s32cc-dwmac 4033c000.ethernet: Enabled RFS Flow TC (entries=10)
[    5.593709] s32cc-dwmac 4033c000.ethernet: Enabling HW TC (entries=256, max_off=256)
[    5.601577] s32cc-dwmac 4033c000.ethernet: Using 32/32 bits DMA host/device width
[    5.617558] hwmon hwmon1: temp1_input not attached to any thermal zone
[    5.627241] qoriq_thermal 400a8000.tmu: Critical rising/falling temperature threshold = 5 degree(s)
[    5.642071] nxp_s32cc_ddr_perf 403e0000.ddr-perf: probing device
[    5.648677] nxp_s32cc_ddr_perf 403e0000.ddr-perf: device initialized successfully
[    5.656690] clk: Not disabling unused clocks
[    7.884316] EXT4-fs (mmcblk0p3): recovery complete
[    7.894778] EXT4-fs (mmcblk0p3): mounted filesystem 265fab8b-a7f9-460c-9401-783470da9e9a r/w with ordered data mode. Quota mode: disabled.
[    7.906901] VFS: Mounted root (ext4 filesystem) on device 179:3.
[    7.913785] devtmpfs: mounted
[    7.917298] Freeing unused kernel memory: 1984K
[    7.921817] Run /sbin/init as init process
[    7.925521]   with arguments:
[    7.925526]     /sbin/init
[    7.925531]   with environment:
[    7.925537]     HOME=/
[    7.925542]     TERM=linux
[    7.925547]     earlyprintk=xen
[    8.730863] udevd[130]: starting version 3.2.14
[   16.140037] random: crng init done
[   16.183633] udevd[131]: starting eudev-3.2.14
[   16.367382] hse 40211000.mu1b: standard firmware, version 0.0.0
[   16.373551] hse 40211000.mu1b: registered algs sha1,hmac(sha1)
[   16.379622] hse 40211000.mu1b: registered algs sha224,hmac(sha224)
[   16.382424] pfeng_slave: loading out-of-tree module taints kernel.
[   16.385535] hse 40211000.mu1b: registered algs sha256,hmac(sha256)
[   16.399027] pfeng-slave 46000000.pfe_slave: PFEng ethernet driver loading ...
[   16.413385] pfeng-slave 46000000.pfe_slave: Version: 1.9.0
[   16.418291] hse 40211000.mu1b: registered algs sha384,hmac(sha384)
[   16.418839] pfeng-slave 46000000.pfe_slave: Driver commit hash: M4_DRIVER_COMMIT_HASH
[   16.424761] hse 40211000.mu1b: registered algs sha512,hmac(sha512)
[   16.433385] pfeng-slave 46000000.pfe_slave: Multi instance support: SLAVE/mdetect=on
[   16.439749] hse 40211000.mu1b: registered alg ctr(aes)
[   16.446723] pfeng-slave 46000000.pfe_slave: Compiled by: 13.3.0
[   16.451851] hse 40211000.mu1b: registered alg cbc(aes)
[   16.458013] pfeng-slave 46000000.pfe_slave: Cbus addr 0x46000000 size 0x1000000
[   16.462593] hse 40211000.mu1b: registered alg ecb(aes)
[   16.469789] pfeng-slave 46000000.pfe_slave: IHC channel: 3
[   16.469807] pfeng-slave 46000000.pfe_slave: MASTER IHC channel: 0
[   16.469823] pfeng-slave 46000000.pfe_slave: netif name: pfe0sl
[   16.474936] hse 40211000.mu1b: registered alg cfb(aes)
[   16.480373] pfeng-slave 46000000.pfe_slave: DT mac addr: 00:04:9f:be:ff:00
[   16.480390] pfeng-slave 46000000.pfe_slave: netif(pfe0sl) linked phyif: 0
[   16.480398] pfeng-slave 46000000.pfe_slave: netif(pfe0sl) mode: std
[   16.480547] pfeng-slave 46000000.pfe_slave: netif(pfe0sl) HIFs: count 1 map 08
[   16.486503] hse 40211000.mu1b: registered alg ofb(aes)
[   16.492273] pfeng-slave 46000000.pfe_slave: netif name: pfe1sl
[   16.492285] pfeng-slave 46000000.pfe_slave: DT mac addr: 00:04:9f:be:ff:01
[   16.497404] hse 40211000.mu1b: registered alg gcm(aes)
[   16.504238] pfeng-slave 46000000.pfe_slave: netif(pfe1sl) linked phyif: 1
[   16.504248] pfeng-slave 46000000.pfe_slave: netif(pfe1sl) mode: std
[   16.504256] pfeng-slave 46000000.pfe_slave: netif(pfe1sl) HIFs: count 1 map 08
[   16.504270] pfeng-slave 46000000.pfe_slave: netif name: pfe2sl
[   16.504278] pfeng-slave 46000000.pfe_slave: DT mac addr: 00:04:9f:be:ff:02
[   16.511421] hse 40211000.mu1b: registered hwrng-hse
[   16.517264] pfeng-slave 46000000.pfe_slave: netif(pfe2sl) linked phyif: 2
[   16.517274] pfeng-slave 46000000.pfe_slave: netif(pfe2sl) mode: std
[   16.517282] pfeng-slave 46000000.pfe_slave: netif(pfe2sl) HIFs: count 1 map 08
[   16.524481] hse 40211000.mu1b: device ready, status 0x4F20
[   16.529590] pfeng-slave 46000000.pfe_slave: netif name: aux0sl
[   16.529601] pfeng-slave 46000000.pfe_slave: DT mac addr: 00:04:9f:be:ff:80
[   16.529608] pfeng-slave 46000000.pfe_slave: netif(aux0sl) no linked phyif in AUX mode
[   16.529615] pfeng-slave 46000000.pfe_slave: netif(aux0sl) mode: aux
[   16.529622] pfeng-slave 46000000.pfe_slave: netif(aux0sl) HIFs: count 1 map 08
[   16.529633] pfeng-slave 46000000.pfe_slave: HIF channels mask: 0x0008
[   16.529649] pfeng-slave 46000000.pfe_slave: Wait for PFE controller UP ...
[   16.529687] pfeng-slave 46000000.pfe_slave: PFE controller UP detected
[   16.664659] pfeng-slave 46000000.pfe_slave: PFE port coherency enabled, mask 0x1e
[   16.672181] pfeng-slave 46000000.pfe_slave: assigned reserved memory node pfebufs@83600000
[   16.680352] pfeng-slave 46000000.pfe_slave: PFE CBUS p0x000000007cf23cca mapped @ v0xffffffc082000000
[   16.689504] pfeng-slave 46000000.pfe_slave: Wait for Master UP ...
[   16.695676] pfeng-slave 46000000.pfe_slave: Detected Master UP
[   16.701495] pfeng-slave 46000000.pfe_slave: HIF3 is in clean state
[   16.707873] pfeng-slave 46000000.pfe_slave: HIF0 not configured, skipped
[   16.714302] pfeng-slave 46000000.pfe_slave: HIF1 not configured, skipped
[   16.720988] pfeng-slave 46000000.pfe_slave: HIF2 not configured, skipped
[   16.728206] pfeng-slave 46000000.pfe_slave: HIF3 enabled
[   16.733176] pfeng-slave 46000000.pfe_slave: HIF3 started
[   16.738424] pfeng-slave 46000000.pfe_slave: IDEX-slave @ master-interface 6
[   16.745401] pfeng-slave 46000000.pfe_slave: IHC client registered
[   16.802587] pfeng-slave 46000000.pfe_slave: IDEX: v2 protocol used, Resend:count=10,delay=100,100ms
[   16.811261] pfeng-slave 46000000.pfe_slave: IDEX RPC installed on HIF3
[   16.817754] pfeng-slave 46000000.pfe_slave: MDIO bus 0 disabled: Not found in DT
[   16.825130] pfeng-slave 46000000.pfe_slave: MDIO bus 1 disabled: Not found in DT
[   16.832521] pfeng-slave 46000000.pfe_slave: MDIO bus 2 disabled: Not found in DT
[   16.839948] pfeng-slave 46000000.pfe_slave pfe0sl (uninitialized): Subscribe to HIF3
[   16.847723] pfeng-slave 46000000.pfe_slave pfe1sl (uninitialized): Subscribe to HIF3
[   16.847789] pfeng-slave 46000000.pfe_slave pfe0sl (uninitialized): Host LLTX disabled
[   16.855409] pfeng-slave 46000000.pfe_slave pfe2sl (uninitialized): Subscribe to HIF3
[   16.871032] pfeng-slave 46000000.pfe_slave aux0sl (uninitialized): Subscribe to HIF3
[   16.974094] pfeng-slave 46000000.pfe_slave pfe0sl (uninitialized): Enable HIF3
[   16.980967] pfeng-slave 46000000.pfe_slave pfe0sl (uninitialized): setting MAC addr: 00:04:9f:be:ff:00
[   17.096414] EXT4-fs (mmcblk0p3): re-mounted 265fab8b-a7f9-460c-9401-783470da9e9a r/w. Quota mode: disabled.
[   17.203620] pfeng-slave 46000000.pfe_slave pfe0sl (uninitialized): PTP HW addend 0x80000000, max_adj configured to 46566128 ppb
[   17.214747] pfeng-slave 46000000.pfe_slave: IEEE1588: Input Clock: 200000000Hz, Output: 100000000Hz, Accuracy: 10.0ns
[   17.227280] pfeng-slave 46000000.pfe_slave: ERR: (DRIVER) event 1 - Driver runtime error: [pfeng-ptp.c:241] Failed to register PTP clock on EMAC0
[   17.240817] pfeng-slave 46000000.pfe_slave pfe0sl: registered
[   17.246263] pfeng-slave 46000000.pfe_slave pfe1sl (uninitialized): Host LLTX disabled
[   17.256450] cfg80211: Loading compiled-in X.509 certificates for regulatory database
