���bVSb�ZRKogF�K��ZK�kV�*�������j�ͭ                                                                                                                                                                                          �������������r����Ž�������                                                                                                                                                                                           �5R��r���ʺ����������������r�                                                                                                                                                                                          ѕ��*�j
         ����*�j*����*�jJ����jR�                                                                                                                                                                                              ng 46000000.pfe: PFE controller reset done
[    6.426850] pfeng 46000000.pfe: TX clock on EMAC                                                                                                                                                                                          ed
[    6.426903] pfeng 46000000.pfe: RX clock on EMAC                                                                                                                                                                                          ed
[[    6.426962] pfeng 46000000.pfe: TX clock on EMA                                                                                                                                                                                          led
 pfeng 46000000.pfe: RX clock on EMAC1 for interfac
[[    6.427135] pfeng 46000000.pfe: TX clock on EMA                                                                                                                                                                                          talled
0[    6.427160] pfeng 46000000.pfe: RX clock on EMA                                                                                                                                                                                          talled
;[    6.427360] pfeng 46000000.pfe: assigned reserv                                                                                                                                                                                          00
3[    6.427417] pfeng 46000000.pfe: assigned reserv                                                                                                                                                                                          00
2[    6.427500] pfeng 46000000.pfe: assigned reserv                                                                                                                                                                                          00
m[    6.427541] pfeng 46000000.pfe: assigned reserv                                                                                                                                                                                          00
 [    6.445529] pfeng 46000000.pfe: Firmware: CLASS                                                                                                                                                                                          es]
 [    6.445560] pfeng 46000000.pfe: Firmware: UTIL                                                                                                                                                                                           ]
O[    6.445599] pfeng 46000000.pfe: PFE CBUS p0x460                                                                                                                                                                                          00000 (0x1000000 bytes)
K[    6.445608] pfeng 46000000.pfe: HW version 0x50
 [    6.445618] pfeng 46000000.pfe: Silicon S32G2
 [    6.446755] pfeng 46000000.pfe: PFE_ERRORS:Pari
 pfeng 46000000.pfe: PFE_ERRORS:Watchdog instance c
[[    6.446776] pfeng 46000000.pfe: BMU1 buffer bas
0[    6.446879] pfeng 46000000.pfe: BMU2 buffer bas                                                                                                                                                                                          )
m[    6.448194] pfeng 46000000.pfe: register IRQ 77
][    6.457770] pfeng 46000000.pfe: Firmware .elf d
 [    6.457769] pfeng 46000000.pfe: BMU_EMPTY_INT (                                                                                                                                                                                          ool ready.
R[    6.457792] pfeng 46000000.pfe: BMU_EMPTY_INT (                                                                                                                                                                                          ool ready.
e[    6.457794] pfeng 46000000.pfe: Uploading CLASS
a[    6.457805] pfeng 46000000.pfe: Selected FW loa                                                                                                                                                                                          allel
c[    6.485471] pfeng 46000000.pfe: pfe_ct.h file v                                                                                                                                                                                          08168ad2c8"
h[    6.502251] pfeng 46000000.pfe: [FW VERSION] 1.                                                                                                                                                                                          8:33 (), ID: 0x31454650
e[    6.502692] pfeng 46000000.pfe: Uploading UTIL
d[    6.502700] pfeng 46000000.pfe: Selected FW loa                                                                                                                                                                                          allel
 [    6.507220] pfeng 46000000.pfe: pfe_ct.h file v                                                                                                                                                                                          08168ad2c8"
t[    6.513087] pfeng 46000000.pfe: VLAN ID incorre                                                                                                                                                                                          VLAN ID = 0x01.
a[    6.513107] pfeng 46000000.pfe: VLAN stats size                                                                                                                                                                                          default VLAN stats size = 20.
r[    6.513204] pfeng 46000000.pfe: Fall-back bridg
g[    6.513212] pfeng 46000000.pfe: Default bridge
e[    6.513624] pfeng 46000000.pfe: Routing table c                                                                                                                                                                                          000, Pool @ p0x34088000 (65536 bytes)
t[    6.513887] pfeng 46000000.pfe: Feature err0512
 [    6.515749] random: systemd: uninitialized uran
 random: systemd: uninitialized urandom read (16 by
[[    6.515887] random: systemd: uninitialized uran
0[    6.516044] pfeng 46000000.pfe: MDIO bus 0 disa
;[    6.516060] pfeng 46000000.pfe: MDIO bus 1 disa
1[    6.526795] pfeng 46000000.pfe: MDIO bus 2 enab
;[    6.527191] pfeng 46000000.pfe: HIF0 enabled
3[    6.527448] pfeng 46000000.pfe: HIF1 enabled
9[    6.527720] pfeng 46000000.pfe: HIF2 enabled
m[    6.527726] pfeng 46000000.pfe: HIF3 not config
S[    6.528669] pfeng 46000000.pfe pfe0: registered
y[    6.528680] pfeng 46000000.pfe pfe0: Subscribe
s[    6.529118] pfeng 46000000.pfe pfe0: Enable HIF
t[    6.529288] pfeng 46000000.pfe pfe0: setting MA
e[    6.529320] pfeng 46000000.pfe pfe0: PTP HW add                                                                                                                                                                                          gured to 46566128 ppb
m[    6.529331] pfeng 46000000.pfe: IEEE1588: Input                                                                                                                                                                                          100000000Hz, Accuracy: 10.0ns
 [    6.536039] pfeng 46000000.pfe pfe0: Registered                                                                                                                                                                                           EMAC0
I[    6.537001] pfeng 46000000.pfe pfe1: registered
n[    6.537014] pfeng 46000000.pfe pfe1: Subscribe
i[    6.537454] pfeng 46000000.pfe pfe1: Enable HIF
t[    6.537618] pfeng 46000000.pfe pfe1: setting MA
i[    6.537654] pfeng 46000000.pfe pfe1: PTP HW add                                                                                                                                                                                          gured to 46566128 ppb
a[    6.537665] pfeng 46000000.pfe: IEEE1588: Input                                                                                                                                                                                          100000000Hz, Accuracy: 10.0ns
l[    6.538192] pfeng 46000000.pfe pfe1: Registered                                                                                                                                                                                           EMAC1
i[    6.538855] pfeng 46000000.pfe pfe2: registered
z[    6.538865] pfeng 46000000.pfe pfe2: Subscribe
a[    6.539280] pfeng 46000000.pfe pfe2: Enable HIF
t[    6.539443] pfeng 46000000.pfe pfe2: setting MA
i[    6.539468] pfeng 46000000.pfe pfe2: PTP HW add                                                                                                                                                                                          gured to 46566128 ppb
o[    6.539478] pfeng 46000000.pfe: IEEE1588: Input                                                                                                                                                                                          100000000Hz, Accuracy: 10.0ns
n[    6.539983] pfeng 46000000.pfe pfe2: Registered                                                                                                                                                                                           EMAC2
.
[  OK  ] Started Daily Cleanup of Temporary Directo
[  OK  ] Reached target System Time Set.
[  OK  ] Reached target System Time Synchronized.
[  OK  ] Started Daily rotation of log files.
[  OK  ] Reached target Timers.
[  OK  ] Listening on D-Bus System Message Bus Sock
         Starting sshd.socket.
[  OK  ] Listening on sshd.socket.
[  OK  ] Reached target Sockets.
[  OK  ] Reached target Basic System.
[  OK  ] Started Job spooling tools.
[  OK  ] Started Periodic Command Scheduler.
[  OK  ] Started D-Bus System Message Bus.
         Starting IPv6 Packet Filtering Framework..
         Starting IPv4 Packet Filtering Framework..
[  OK  ] Started irqbalance daemon.
[  OK  ] Started Hardware RNG Entropy Gatherer Daem
[    7.455152] random: crng init done
[    7.455170] random: 133 urandom warning(s) misse
[  OK  ] Started strongSwan IPsec I…IKEv2 daemon u
[  OK  ] Started System Logging Service.
         Starting User Login Management...
         Starting OpenSSH Key Generation...
[  OK  ] Finished Load/Save Random Seed.
[  OK  ] Finished IPv6 Packet Filtering Framework.
[  OK  ] Finished IPv4 Packet Filtering Framework.
[  OK  ] Finished OpenSSH Key Generation.
[  OK  ] Reached target Network (Pre).
         Starting Network Service...
[  OK  ] Started User Login Management.
[  OK  ] Started Network Service.
         Starting Network Name Resolution...
[  OK  ] Started Network Name Resolution.
[  OK  ] Reached target Network.
[  OK  ] Reached target Host and Network Name Looku
[  OK  ] Started NFS status monitor for NFSv2/3 loc
[  OK  ] Started Respond to IPv6 Node Information Q
[  OK  ] Started Network Router Discovery Daemon.
         Starting Permit User Sessions...
[  OK  ] Started Xinetd A Powerful Replacement For
[  OK  ] Finished Permit User Sessions.
[  OK  ] Started Getty on tty1.
[  OK  ] Started Serial Getty on ttyLF0.
[  OK  ] Reached target Login Prompts.
[  OK  ] Reached target Multi-User System.
         Starting Update UTMP about System Runlevel
[  OK  ] Finished Update UTMP about System Runlevel

Auto Linux BSP 35.0 s32g274ardb2 ttyLF0

s32g274ardb2 login: root
root@s32g274ardb2:~# NOTICE:  Reset status: Power-O
NOTICE:  BL2: v2.5(release):bsp35.0_rc8-2.5
NOTICE:  BL2: Built : 13:21:28, Nov 29 2022
NOTICE:  BL2: Booting BL31


U-Boot 2020.04+gf30287c440 (Nov 29 2022 - 16:57:39

CPU:   NXP S32G274A rev. 2.1
Model: NXP S32G274A-RDB2
DRAM:  3.5 GiB
Ignore unsupported SCMI protocol 19
MMC:   FSL_SDHC: 0
Loading Environment from MMC... OK
Configuring PCIe0 as RootComplex
PCIe0: Failed to get link up
PCI: Failed autoconfig bar 20
PCI: Failed autoconfig bar 24
In:    serial@401c8000
Out:   serial@401c8000
Err:   serial@401c8000
Board revision: RDB3 Revision E
Net:   EQOS phy: rgmii @ 1

Warning: eth_eqos (eth0) using random MAC address -
eth0: eth_eqos PFE: emac0: sgmii emac1: none emac2:
, eth1: eth_pfeng
Hit any key to stop autoboot:  0
 PFE: emac0: sgmii emac1: none emac2: rgmii
 PFE: emac0: sgmii emac1: none emac2: rgmii
switch to partitions #0, OK
mmc0 is current device
13758472 bytes read in 602 ms (21.8 MiB/s)
Booting from mmc ...
44501 bytes read in 17 ms (2.5 MiB/s)
## Flattened Device Tree blob at 83000000
   Booting using the fdt blob at 0x83000000
   Using Device Tree in place at 0000000083000000,
   fixup: pfe0 set to 00:01:be:be:ef:11
   fixup: pfe1 set to 00:01:be:be:ef:22
   fixup: pfe2 set to 00:01:be:be:ef:33

Starting kernel ...

[    0.000000] Booting Linux on physical CPU 0x0000
[    0.000000] Linux version 5.10.145-rt74+g1594b25                                                                                                                                                                                          h64-fsl-linux-gcc (GCC) 10.2.0, GNU ld (GNU Binutil                                                                                                                                                                                           Nov 29 10:33:39 UTC 2022
[    0.000000] Machine model: NXP S32G274A-RDB2
[    0.000000] earlycon: linflex0 at MMIO 0x0000000                                                                                                                                                                                          )
[    0.000000] printk: bootconsole [linflex0] enabl
[    0.000000] Reserved memory: created DMA memory                                                                                                                                                                                           ize 3 MiB
[    0.000000] OF: reserved mem: initialized node p                                                                                                                                                                                          d shared-dma-pool
[    0.000000] Zone ranges:
[    0.000000]   DMA      [mem 0x0000000080000000-0
[    0.000000]   DMA32    empty
[    0.000000]   Normal   [mem 0x0000000100000000-0
[    0.000000] Movable zone start for each node
[    0.000000] Early memory node ranges
[    0.000000]   node   0: [mem 0x0000000080000000-
[    0.000000]   node   0: [mem 0x0000000083200000-
[    0.000000]   node   0: [mem 0x00000000835e0000-
[    0.000000]   node   0: [mem 0x0000000084000000-
[    0.000000]   node   0: [mem 0x0000000084400000-
[    0.000000]   node   0: [mem 0x0000000085000000-
[    0.000000]   node   0: [mem 0x0000000085001000-
[    0.000000]   node   0: [mem 0x00000000c0000000-
[    0.000000]   node   0: [mem 0x00000000c0800000-
[    0.000000]   node   0: [mem 0x00000000d0000000-
[    0.000000]   node   0: [mem 0x00000000d0400000-
[    0.000000]   node   0: [mem 0x0000000880000000-
[    0.000000] Initmem setup node 0 [mem 0x00000000
[    0.000000] On node 0 totalpages: 917504
[    0.000000]   DMA zone: 7168 pages used for memm
[    0.000000]   DMA zone: 0 pages reserved
[    0.000000]   DMA zone: 524288 pages, LIFO batch
[    0.000000]   Normal zone: 5376 pages used for m
[    0.000000]   Normal zone: 393216 pages, LIFO ba
[    0.000000] cma: Reserved 256 MiB at 0x00000000e
[    0.000000] psci: probing for conduit method fro
[    0.000000] psci: PSCIv1.1 detected in firmware.
[    0.000000] psci: Using standard PSCI v0.2 funct
[    0.000000] psci: MIGRATE_INFO_TYPE not supporte
[    0.000000] psci: SMC Calling Convention v1.2
[    0.000000] percpu: Embedded 17 pages/cpu s30936
[    0.000000] pcpu-alloc: s30936 r8192 d30504 u696
[    0.000000] pcpu-alloc: [0] 0 [0] 1 [0] 2 [0] 3
[    0.000000] Detected VIPT I-cache on CPU0
[    0.000000] CPU features: detected: ARM erratum
[    0.000000] CPU features: detected: GIC system r
[    0.000000] CPU features: detected: ARM errata 1                                                                                                                                                                                          1530924
[    0.000000] CPU features: detected: NXP erratum                                                                                                                                                                                           rectly)
[    0.000000] Built 1 zonelists, mobility grouping
[    0.000000] Kernel command line: console=ttyLF0,                                                                                                                                                                                          otwait rw earlycon nohz=off coherent_pool=64M
[    0.000000] Dentry cache hash table entries: 524                                                                                                                                                                                          , linear)
[    0.000000] Inode-cache hash table entries: 2621                                                                                                                                                                                          linear)
[    0.000000] mem auto-init: stack:off, heap alloc
[    0.000000] software IO TLB: mapped [mem 0x00000                                                                                                                                                                                          0] (64MB)
[    0.000000] Memory: 3234540K/3670016K available                                                                                                                                                                                           ta, 2816K rodata, 1280K init, 239K bss, 173332K res
[    0.000000] rcu: Preemptible hierarchical RCU im
[    0.000000] rcu:     RCU event tracing is enable
[    0.000000] rcu:     RCU restricting CPUs from N
[    0.000000]  Trampoline variant of Tasks RCU ena
[    0.000000]  Tracing variant of Tasks RCU enable
[    0.000000] rcu: RCU calculated value of schedul                                                                                                                                                                                          fies.
[    0.000000] rcu: Adjusting geometry for rcu_fano
[    0.000000] NR_IRQS: 64, nr_irqs: 64, preallocat
[    0.000000] GICv3: 544 SPIs implemented
[    0.000000] GICv3: 0 Extended SPIs implemented
[    0.000000] GICv3: Distributor has no Range Sele
[    0.000000] GICv3: MBI range [167:182]
[    0.000000] GICv3: Using MBI frame 0x00000000508
[    0.000000] GICv3: 16 PPIs implemented
[    0.000000] GICv3: CPU0: found redistributor 0 r
[    0.000000] ITS: No ITS available, not enabling
[    0.000000] arch_timer: cp15 timer(s) running at
[    0.000000] clocksource: arch_sys_counter: mask:                                                                                                                                                                                           0x127350b88, max_idle_ns: 440795202120 ns
[    0.000001] sched_clock: 56 bits at 5MHz, resolu                                                                                                                                                                                          46511100ns
[    0.008659] Console: colour dummy device 80x25
[    0.012708] Calibrating delay loop (skipped), va                                                                                                                                                                                          equency.. 10.00 BogoMIPS (lpj=20000)
[    0.022915] pid_max: default: 32768 minimum: 301
[    0.027697] Mount-cache hash table entries: 8192                                                                                                                                                                                          ar)
[    0.034914] Mountpoint-cache hash table entries:                                                                                                                                                                                           linear)
[    0.044552] rcu: Hierarchical SRCU implementatio
[    0.049777] smp: Bringing up secondary CPUs ...
[    0.054690] Detected VIPT I-cache on CPU1
[    0.058311] GICv3: CPU1: found redistributor 1 r
[    0.065191] CPU1: Booted secondary processor 0x0
[    0.072432] Detected VIPT I-cache on CPU2
[    0.076035] GICv3: CPU2: found redistributor 100
[    0.083080] CPU2: Booted secondary processor 0x0
[    0.090327] Detected VIPT I-cache on CPU3
[    0.093913] GICv3: CPU3: found redistributor 101
[    0.100951] CPU3: Booted secondary processor 0x0
[    0.107554] smp: Brought up 1 node, 4 CPUs
[    0.111541] SMP: Total of 4 processors activated
[    0.116219] CPU features: detected: 32-bit EL0 S
[    0.121351] CPU features: detected: CRC32 instru
[    0.138743] CPU: All CPU(s) started at EL1
[    0.142433] alternatives: patching kernel code
[    0.147811] devtmpfs: initialized
[    0.158180] clocksource: jiffies: mask: 0xffffff                                                                                                                                                                                          x_idle_ns: 7645041785100000 ns
[    0.167520] futex hash table entries: 1024 (orde
[    0.185595] pinctrl core: initialized pinctrl su
[    0.191374] NET: Registered protocol family 16
[    0.197233] DMA: preallocated 4096 KiB GFP_KERNE
[    0.205240] DMA: preallocated 4096 KiB GFP_KERNE                                                                                                                                                                                          ocations
[    0.213924] DMA: preallocated 4096 KiB GFP_KERNE                                                                                                                                                                                          llocations
[    0.222005] thermal_sys: Registered thermal gove
[    0.222500] hw-breakpoint: found 6 breakpoint an
[    0.234965] ASID allocator initialised with 6553
[    0.240350] Serial: AMBA PL011 UART driver
[    0.245197] arm-scmi firmware:scmi: SCMI Notific
[    0.251353] arm-scmi firmware:scmi: SCMI Protoco                                                                                                                                                                                          e version 0x0
[    0.286538] HugeTLB registered 1.00 GiB page siz
[    0.292840] HugeTLB registered 32.0 MiB page siz
[    0.299510] HugeTLB registered 2.00 MiB page siz
[    0.306197] HugeTLB registered 64.0 KiB page siz
[    0.322802] vgaarb: loaded
[    0.325324] SCSI subsystem initialized
[    0.329036] usbcore: registered new interface dr
[    0.334339] usbcore: registered new interface dr
[    0.339639] usbcore: registered new device drive
[    0.345245] pps_core: LinuxPPS API ver. 1 regist
[    0.349778] pps_core: Software ver. 5.3.6 - Copy                                                                                                                                                                                          tti <giometti@linux.it>
[    0.358901] PTP clock support registered
[    0.363873] clocksource: Switched to clocksource
[    0.375682] NET: Registered protocol family 2
[    0.379928] IP idents hash table entries: 65536                                                                                                                                                                                           ar)
[    0.389044] tcp_listen_portaddr_hash hash table                                                                                                                                                                                           8 bytes, linear)
[    0.397255] TCP established hash table entries:                                                                                                                                                                                           , linear)
[    0.405299] TCP bind hash table entries: 32768 (                                                                                                                                                                                          r)
[    0.413108] TCP: Hash tables configured (establi
[    0.419414] UDP hash table entries: 2048 (order:
[    0.425982] UDP-Lite hash table entries: 2048 (o
[    0.433318] NET: Registered protocol family 1
[    0.437994] RPC: Registered named UNIX socket tr
[    0.443492] RPC: Registered udp transport module
[    0.448175] RPC: Registered tcp transport module
[    0.452861] RPC: Registered tcp NFSv4.1 backchan
[    0.459296] PCI: CLS 0 bytes, default 64
[    0.464053] hw perfevents: enabled with armv8_pm                                                                                                                                                                                          ailable
[    0.472946] workingset: timestamp_bits=62 max_or
[    0.479964] fuse: init (API version 7.32)
[    0.483699] NET: Registered protocol family 38
[    0.488011] Block layer SCSI generic (bsg) drive                                                                                                                                                                                          48)
[    0.495348] io scheduler mq-deadline registered
[    0.499866] io scheduler kyber registered
[    0.505844] s32g-siul2-pinctrl 4009c240.siul2-pi                                                                                                                                                                                          l driver
[    0.514621] gpio-345 (sja1110-rst-phy-t1): hogge
[    0.520135] gpio-402 (sja1110-rst-core): hogged
[    0.529176] serial: Freescale linflex driver
[    0.533287] 401c8000.serial: ttyLF0 at MMIO 0x40                                                                                                                                                                                          [    0.542839] printk: console [ttyLF0] enabled
[    0.542839] printk: console [ttyLF0] enabled
[    0.551527] printk: bootconsole [linflex0] disab
[    0.551527] printk: bootconsole [linflex0] disab
[    0.561989] 401cc000.serial: ttyLF1 at MMIO 0x40                                                                                                                                                                                           7812500) is a FSL_LINFLEX
[    0.572029] 402bc000.serial: ttyLF2 at MMIO 0x40                                                                                                                                                                                           7812500) is a FSL_LINFLEX
[    0.583333] fsl_fccu 4030c000.fccu: FCCU status
[    0.594554] spi-nor spi6.0: mx25uw51245g (65536
[    0.600591] 7 fixed-partitions partitions found
[    0.606992] Creating 7 MTD partitions on "0.spi"
[    0.611821] 0x000000000000-0x000004000000 : "Fla
[    0.617721] 0x000000000000-0x0000001e0000 : "FIP
[    0.622787] 0x0000001e0000-0x0000001f0000 : "U-B
[    0.628483] 0x0000001f0000-0x000000ff0000 : "Ker
[    0.633807] 0x000000ff0000-0x0000010f0000 : "DTB
[    0.638859] 0x0000010f0000-0x000003000000 : "Roo
[    0.644186] 0x000003000000-0x000004000000 : "PFE
[    0.651784] vcan: Virtual CAN interface driver
[    0.656334] slcan: serial line CAN interface dri
[    0.661305] slcan: 10 dynamic interface channels
[    0.666098] CAN device driver interface
[    0.671188] flexcan 401b4000.flexcan: device reg                                                                                                                                                                                          ____), irq(s):
[    0.679706] flexcan 401b4000.flexcan:  26
[    0.683796] flexcan 401b4000.flexcan:  27
[    0.687885] flexcan 401b4000.flexcan:  28
[    0.691970] flexcan 401b4000.flexcan:  29
[    0.696056] flexcan 401b4000.flexcan: )
[    0.700917] flexcan 401be000.flexcan: device reg                                                                                                                                                                                          ____), irq(s):
[    0.709433] flexcan 401be000.flexcan:  30
[    0.713520] flexcan 401be000.flexcan:  31
[    0.717605] flexcan 401be000.flexcan:  32
[    0.721689] flexcan 401be000.flexcan:  33
[    0.725774] flexcan 401be000.flexcan: )
[    0.730166] e100: Intel(R) PRO/100 Network Drive
[    0.734970] e100: Copyright(c) 1999-2006 Intel C
[    0.740611] e1000: Intel(R) PRO/1000 Network Dri
[    0.745585] e1000: Copyright (c) 1999-2006 Intel
[    0.751481] e1000e: Intel(R) PRO/1000 Network Dr
[    0.756536] e1000e: Copyright(c) 1999 - 2015 Int
[    0.762595] igb: Intel(R) Gigabit Ethernet Netwo
[    0.768094] igb: Copyright (c) 2007-2014 Intel C
[    0.774426] s32cc-dwmac 4033c000.ethernet: IRQ e
[    0.780993] s32cc-dwmac 4033c000.ethernet: IRQ e
[    0.787323] s32cc-dwmac 4033c000.ethernet: no re
[    0.793687] s32cc-dwmac 4033c000.ethernet: phy m
[    0.800091] s32cc-dwmac 4033c000.ethernet: User
[    0.807195] s32cc-dwmac 4033c000.ethernet:   DWM
[    0.812262] s32cc-dwmac 4033c000.ethernet: DMA H                                                                                                                                                                                          ed
[    0.819709] s32cc-dwmac 4033c000.ethernet: RX Ch                                                                                                                                                                                          ed
[    0.827153] s32cc-dwmac 4033c000.ethernet: TX Ch
[    0.834157] s32cc-dwmac 4033c000.ethernet: Wake-
[    0.840600] s32cc-dwmac 4033c000.ethernet: Enabl                                                                                                                                                                                          latform
[    0.848489] s32cc-dwmac 4033c000.ethernet: Enabl                                                                                                                                                                                          og Timer
[    0.856476] s32cc-dwmac 4033c000.ethernet: devic                                                                                                                                                                                          72
[    0.863972] s32cc-dwmac 4033c000.ethernet: Enabl
[    0.870633] s32cc-dwmac 4033c000.ethernet: Enabl                                                                                                                                                                                          ff=256)
[    0.878525] s32cc-dwmac 4033c000.ethernet: Using
[    0.898070] hse-uio 40210000.mu0b: firmware not
[    0.903624] ehci_hcd: USB 2.0 'Enhanced' Host Co
[    0.910282] ehci-pci: EHCI PCI platform driver
[    0.915107] usbcore: registered new interface dr
[    0.920569] usbcore: registered new interface dr
[    0.929002] s32gen1-rtc 40060000.rtc: registered
[    0.934461] s32gen1-rtc 40060000.rtc: setting sy                                                                                                                                                                                          0:00 UTC (0)
[    0.943054] i2c /dev entries driver
[    0.947182] sac58r-wdt 4010c000.watchdog: SAC58R                                                                                                                                                                                          tered. timeout=30s (nowayout=0)
[    0.957460] sac58r-wdt 40200000.watchdog: SAC58R                                                                                                                                                                                          tered. timeout=30s (nowayout=0)
[    0.967710] sac58r-wdt 40204000.watchdog: SAC58R                                                                                                                                                                                          tered. timeout=30s (nowayout=0)
[    0.977953] sac58r-wdt 40208000.watchdog: SAC58R                                                                                                                                                                                          tered. timeout=30s (nowayout=0)
[    0.988324] sdhci: Secure Digital Host Controlle
[    0.994620] sdhci: Copyright(c) Pierre Ossman
[    0.999056] sdhci-pltfm: SDHCI platform and OF d
[    1.005148] SMCCC: SOC_ID: ARCH_SOC_ID not imple
[    1.005406] mmc0: CQHCI version 5.10
[    1.012307] hse 40211000.mu1b: MU interface not
[    1.020946] usbcore: registered new interface dr
[    1.026628] usbhid: USB HID core driver
[    1.042351] s32-adc 401f8000.adc: Device initial
[    1.043875] mmc0: SDHCI controller on 402f0000.m
[    1.060299] s32-adc 402e8000.adc: Device initial
[    1.067041] nxp_s32_ddr_perf 403e0000.ddr-perf:
[    1.073399] nxp_s32_ddr_perf 403e0000.ddr-perf:                                                                                                                                                                                           ly
[    1.080997] s32-siul2-nvmem 4009c000.nvram: init
[    1.088430] s32-siul2-nvmem 44010000.nvram: init
[    1.089269] mmc0: new high speed SDHC card at ad
[    1.096442] NET: Registered protocol family 10
[    1.102010] mmcblk0: mmc0:0001 SD32G 28.8 GiB
[    1.106806] Segment Routing with IPv6
[    1.114200]  mmcblk0: p1 p2
[    1.114201] sit: IPv6, IPv4 and MPLS over IPv4 t
[    1.123768] NET: Registered protocol family 17
[    1.128538] can: controller area network core
[    1.133031] NET: Registered protocol family 29
[    1.137563] can: raw protocol
[    1.140594] can: broadcast manager protocol
[    1.144865] can: netlink gateway - max_hops=1
[    1.149339] 8021q: 802.1Q VLAN Support v1.8
[    1.153845] printk: console [ttyLF0]: printing t
[    1.161473] i2c i2c-0: using pinctrl states for
[    1.161592] i2c i2c-0: using generic GPIOs for r
[    1.161871] pca953x 0-0022: using AI
[    1.168671] rtc-pcf85063 0-0051: registered as r
[    1.168716] i2c i2c-0: IMX I2C adapter registere
[    1.168775] i2c i2c-0: using dma0chan4 (tx) and                                                                                                                                                                                           ers
[    1.169685] i2c i2c-2: using pinctrl states for
[    1.169760] i2c i2c-2: using generic GPIOs for r
[    1.169837] i2c i2c-2: IMX I2C adapter registere
[    1.169892] i2c i2c-2: using dma1chan18 (tx) and                                                                                                                                                                                          sfers
[    1.170643] i2c i2c-4: using pinctrl states for
[    1.170692] i2c i2c-4: using generic GPIOs for r
[    1.170771] i2c i2c-4: IMX I2C adapter registere
[    1.170813] i2c i2c-4: using dma1chan20 (tx) and                                                                                                                                                                                          sfers
[    1.171525] phy-s32gen1-serdes 40480000.serdes:                                                                                                                                                                                           stem
[    1.171948] phy-s32gen1-serdes 44180000.serdes:                                                                                                                                                                                           stem
[    1.300840] phy-s32gen1-serdes 44180000.serdes:
[    1.300861] phy-s32gen1-serdes 44180000.serdes:
[    1.301120] s32gen1-pcie 40400000.pcie: Configur
[    2.302220] s32gen1-pcie 40400000.pcie: Failed t
[    2.302232] s32gen1-pcie 40400000.pcie: Configur
[    2.302251] s32gen1-pcie 40400000.pcie: host bri                                                                                                                                                                                          :
[    2.302301] s32gen1-pcie 40400000.pcie:       IO                                                                                                                                                                                          > 0x0000000000
[    2.302323] s32gen1-pcie 40400000.pcie:      MEM                                                                                                                                                                                          > 0x0000000000
[    3.299865] s32gen1-pcie 40400000.pcie: Phy link
[    3.300005] s32gen1-pcie 40400000.pcie: PCI host
[    3.300013] pci_bus 0000:00: root bus resource [
[    3.300023] pci_bus 0000:00: root bus resource [
[    3.300031] pci_bus 0000:00: root bus resource [                                                                                                                                                                                          ] (bus address [0x00000000-0x7fffdffff])
[    3.300080] pci 0000:00:00.0: [1957:4002] type 0
[    3.300127] pci 0000:00:00.0: reg 0x38: [mem 0x5
[    3.300229] pci 0000:00:00.0: supports D1
[    3.300235] pci 0000:00:00.0: PME# supported fro
[    3.305639] pci 0000:00:00.0: BAR 0: assigned [m
[    3.305654] pci 0000:00:00.0: BAR 6: assigned [m                                                                                                                                                                                          pref]
[    3.305666] pci 0000:00:00.0: PCI bridge to [bus
[    3.306039] pcieport 0000:00:00.0: PME: Signalin
[    3.307273] imx_usb 44064000.usb: No over curren
[    3.308005] ci_hdrc ci_hdrc.0: EHCI Host Control
[    3.308187] ci_hdrc ci_hdrc.0: new USB bus regis
[    3.323879] ci_hdrc ci_hdrc.0: USB 2.0 started,
[    3.324045] usb usb1: New USB device found, idVe                                                                                                                                                                                          dDevice= 5.10
[    3.324054] usb usb1: New USB device strings: Mf                                                                                                                                                                                          1
[    3.324061] usb usb1: Product: EHCI Host Control
[    3.324068] usb usb1: Manufacturer: Linux 5.10.1                                                                                                                                                                                          d
[    3.324075] usb usb1: SerialNumber: ci_hdrc.0
[    3.324475] hub 1-0:1.0: USB hub found
[    3.324504] hub 1-0:1.0: 1 port detected
[    3.397633] EXT4-fs (mmcblk0p2): recovery comple
[    3.398646] EXT4-fs (mmcblk0p2): mounted filesys                                                                                                                                                                                          pts: (null)
[    3.398721] VFS: Mounted root (ext4 filesystem)
[    3.399675] devtmpfs: mounted
[    3.400311] Freeing unused kernel memory: 1280K
[    3.488004] Run /sbin/init as init process
[    3.839679] systemd[1]: System time before build
[    3.895617] systemd[1]: systemd 246 running in s                                                                                                                                                                                          INUX +IMA -APPARMOR -SMACK +SYSVINIT +UTMP -LIBCRYP                                                                                                                                                                                          XZ -LZ4 -ZSTD -SECCOMP +BLKID -ELFUTILS +KMOD -IDN2                                                                                                                                                                                          y=hybrid)
[    3.896172] systemd[1]: Detected architecture ar

Welcome to Auto Linux BSP 35.0 (gatesgarth)!

[    3.937113] systemd[1]: Set hostname to <s32g274
[    4.010448] systemd-sysv-generator[116]: SysV se                                                                                                                                                                                          acks a native systemd unit file. Automatically gene                                                                                                                                                                                          ibility. Please update package to include a native                                                                                                                                                                                           o make it more safe and robust.
[    4.390960] systemd[1]: Queued start job for def                                                                                                                                                                                          .
[    4.392430] random: systemd: uninitialized urand
[    4.393794] systemd[1]: Created slice system-get
[  OK  ] Created slice system-getty.slice.
[  OK  ] Created slice     4.432045] random: system                                                                                                                                                                                           (16 bytes read)
3[    4.432679] systemd[1]: Created slice system-mo
9msystem-modprobe.slice.
[  OK  ] Created slice     4.459996] random: system                                                                                                                                                                                           (16 bytes read)
9[    4.460581] systemd[1]: Created slice system-se
msystem-serial\x2dgetty.slice.
[  OK  ] Created slice [    4.492425] systemd[1]: C                                                                                                                                                                                           Slice.
User and Session Slice.
[  OK  ] Started Dispatc[    4.520275] systemd[1]:                                                                                                                                                                                           uests to Console Directory Watch.
h Password …ts to Console Directory Watch.
[  OK  ] Started Forward P[    4.552160] systemd[1]                                                                                                                                                                                          quests to Wall Directory Watch.
assword R…uests to Wall Directory Watch.
[  OK  ] Reached target P[    4.580226] systemd[1]:
aths.
[  OK  ] Reached target Remo[    4.600017] systemd[                                                                                                                                                                                          e Systems.
te File Systems.
[  OK  ] Reached target Slic[    4.620015] systemd[
es.
[  OK  ] Reached target Swap[    4.640030] systemd[
.
[  OK  ] Listening on     4.684539] systemd[1]: Lis                                                                                                                                                                                          vation Socket.
9mRPCbind Server Activation Socket.
[  OK  ] Reached target RP[    4.712150] systemd[1]                                                                                                                                                                                          per.
C Port Mapper.
[  OK  ] Listening on     4.732638] systemd[1]: Lis
9mSyslog Socket.
[  OK  ] Listening on in[    4.752344] systemd[1]:                                                                                                                                                                                           ility Named Pipe.
itctl Compatibility Named Pipe.
[    4.783085] systemd[1]: Condition check resulted                                                                                                                                                                                          g skipped.
[    4.783721] systemd[1]: Listening on Journal Soc
[  OK  ] Listening on Journal Socket (/dev/log).
[  OK  ] Listening on     4.812576] systemd[1]: Lis
mJournal Socket.
[  OK  ] Listening on     4.832822] systemd[1]: Lis                                                                                                                                                                                          link Socket.
;39mNetwork Service Netlink Socket.
[  OK  ] Listening on     4.856621] systemd[1]: Lis                                                                                                                                                                                          .
mudev Control Socket.
[  OK  ] Listening on u[    4.880404] systemd[1]: L                                                                                                                                                                                          t.
dev Kernel Socket.
[  OK  ] Listening on U[    4.904439] systemd[1]: L                                                                                                                                                                                          ager Socket.
ser Database Manager Socket.
         Mount[    4.930808] systemd[1]: Mounting H
ing Huge Pages File System...
        [    4.956571] systemd[1]: Condition check                                                                                                                                                                                           ue File System being skipped.
 [    4.959370] systemd[1]: Mounting Kernel Debug F
Mounting Kernel Debug File System...
[    4.988538] systemd[1]: Condition check resulted                                                                                                                                                                                          being skipped.
[    4.989085] systemd[1]: Condition check resulted                                                                                                                                                                                          ice nodes for the current kernel being skipped.
[    4.992029] systemd[1]: Starting Load Kernel Mod
         Starting Load Kernel Module configfs...
         Start[    5.034832] systemd[1]: Starting L
ing Load Kernel Module drm...
         Start[    5.058845] systemd[1]: Starting L
ing Load Kernel Module fuse...
         Startin[    5.082652] systemd[1]: Starting
g RPC Bind...
[    5.100292] systemd[1]: Condition check resulted                                                                                                                                                                                           Device being skipped.
[    5.105245] systemd[1]: Starting Journal Service
         Starting Journal Service...
         Starti[    5.146724] systemd[1]: Starting
ng Load Kernel Modules...
         Star[    5.170910] systemd[1]: Starting Re                                                                                                                                                                                          stems...
ti[    5.171335] sja1110: loading out-of-tree modul
n[    5.172215] sja1110 spi5.0: probing uc
g[    5.172401] sja1110 spi5.1: probing switch
     5.172752] sja1110 spi5.1: Could not get GPIO f
mRemount Ro[    5.172775] sja1110 spi5.1: [sja1110_                                                                                                                                                                                          ing to initialize switch
ot[    5.175598] sja1110 spi5.1: [sja1110_init_hw]                                                                                                                                                                                           '
 and Kern[    5.175692] sja1110 spi5.1: [sja1110_pr                                                                                                                                                                                           config of size 2236
e[    5.175824] sja1110 spi5.1: Uploading config...
l[    5.197149] sja1110 spi5.1: Successfully config
 [    5.197198] sja1110 spi5.0: [sja1110_post_probe                                                                                                                                                                                          tialize uC
F[    5.197543] EXT4-fs (mmcblk0p2): re-mounted. Op
i[    5.216913] sja1110 spi5.0: [sja1110_init_hw] l
l[    5.216935] sja1110 spi5.0: [sja1110_pre_uc_upl                                                                                                                                                                                          20280
e[    5.217042] sja1110 spi5.0: [sja1110_pre_uc_upl                                                                                                                                                                                          alid
 [    5.217087] sja1110 spi5.0: [sja1110_pre_uc_upl                                                                                                                                                                                          d (Status=0x31)
S[    5.217125] sja1110 spi5.0: [sja1110_uc_parse_s                                                                                                                                                                                          (0xfb)
y[    5.217132] sja1110 spi5.0: [sja1110_uc_read_st                                                                                                                                                                                          d with -22
s[    5.217138] sja1110 spi5.0: [sja1110_pre_uc_upl
t[    5.217176] sja1110 spi5.0: [sja1110_uc_parse_s                                                                                                                                                                                          (0xfb)
e[    5.217183] sja1110 spi5.0: [sja1110_uc_read_st                                                                                                                                                                                          d with -22
m[    5.217189] sja1110 spi5.0: [sja1110_pre_uc_upl
s[    5.217226] sja1110 spi5.0: [sja1110_uc_parse_s                                                                                                                                                                                          (0xfb)
 sja1110 spi5.0: [sja1110_uc_read_status] Parsing u
[[    5.217239] sja1110 spi5.0: [sja1110_pre_uc_upl
0[    5.217274] sja1110 spi5.0: [sja1110_uc_parse_s                                                                                                                                                                                          (0xfb)
m[    5.217281] sja1110 spi5.0: [sja1110_uc_read_st                                                                                                                                                                                          d with -22
.[    5.217288] sja1110 spi5.0: [sja1110_pre_uc_upl
.[    5.217323] sja1110 spi5.0: [sja1110_uc_parse_s                                                                                                                                                                                          (0xfb)
.[    5.217329] sja1110 spi5.0: [sja1110_uc_read_st                                                                                                                                                                                          d with -22
[    5.217335] sja1110 spi5.0: [sja1110_pre_uc_uplo

[    5.217370] sja1110 spi5.0: [sja1110_uc_parse_st                                                                                                                                                                                          0xfb)
[    5.217377] sja1110 spi5.0: [sja1110_uc_read_sta                                                                                                                                                                                           with -22
[    5.217383] sja1110 spi5.0: [sja1110_pre_uc_uplo
[    5.217417] sja1110 spi5.0: [sja1110_uc_parse_st                                                                                                                                                                                          0xfb)
[    5.217424] sja1110 spi5.0: [sja1110_uc_read_sta                                                                                                                                                                                           with -22
[    5.217430] sja1110 spi5.0: [sja1110_pre_uc_uplo
[    5.217465] sja1110 spi5.0: [sja1110_uc_parse_st                                                                                                                                                                                          0xfb)
[    5.217473] sja1110 spi5.0: [sja1110_uc_read_sta                                                                                                                                                                                           with -22
[    5.217479] sja1110 spi5.0: [sja1110_pre_uc_uplo
[    5.217515] sja1110 spi5.0: [sja1110_uc_parse_st                                                                                                                                                                                          0xfb)
[    5.217522] sja1110 spi5.0: [sja1110_uc_read_sta                                                                                                                                                                                           with -22
 [    5.217529] sja1110 spi5.0: [sja1110_pre_uc_upl
 [    5.217536] sja1110 spi5.0: checking firmware f
 [    5.448292] random: systemd: uninitialized uran
 [    5.450748] systemd[1]: Starting Coldplug All u
 [    5.451817] random: systemd-journal: uninitiali                                                                                                                                                                                          ad)
    Starting Coldplug All udev Devices...
[    5.530427] random: systemd: uninitialized urand
[    5.534650] systemd[1]: Started RPC Bind.
[  OK  ] Started RPC Bind.
[  OK  ] Started Jou[    5.560628] systemd[1]: Star
rnal Service.
[  OK  ] Mounted Huge Pages File System.
[  OK  ] Mounted Kernel Debug File System.
[  OK  ] Finished Load Kernel Module configfs.
[  OK  ] Finished Load Kernel Module drm.
[  OK  ] Finished Load Kernel Module fuse.
[  OK  ] Finished Load Kernel Modules.
[  OK  ] Finished Remount Root and Kernel File Syst
         Mounting FUSE Control File System...
         Mounting Kernel Configuration File System.
         Starting Flush Journal to Persistent Stora
         Starting Apply Kernel Variables...
         Starting Create Static Device Nodes in /de
[  OK  ] Mounted FUSE Control File System.
[  OK  ] Mounted Kernel Configuration File System.
[  OK  ] Finished Flush Journal to Persistent Stora
[  OK  ] Finished Coldplug All udev Devices.
[  OK  ] Finished Apply Kernel Variables.
[  OK  ] Finished Create Static Device Nodes in /de
[  OK  ] Reached target Local File Systems (Pre).
         Mounting /tmp...
         Mounting /var/volatile...
         Starting Rule-based Manage…for Device Eve
[  OK  ] Mounted /tmp.
[  OK  ] Mounted /var/volatile.
         Mounting /var/volatile/tmp...
         Starting Load/Save Random Seed...
[  OK  ] Started Rule-based Manager for Device Even
[  OK  ] Mounted /var/volatile/tmp.
[  OK  ] Reached target Local File Systems.
         Starting Create Volatile Files and Directo
[  OK  ] Finished Create Volatile Files and Directo
         Starting Network Time Synchronization...
         Starting Update UTMP about System Boot/Shu
[  OK  ] Finished Update UTMP about System Boot/Shu
[    6.402844] pfeng 46000000.pfe: PFEng ethernet d
[    6.402866] pfeng 46000000.pfe: Version: 1.2.0 R
[    6.402872] pfeng 46000000.pfe: Driver commit ha
[    6.402877] pfeng 46000000.pfe: Multi instance s
[    6.402882] pfeng 46000000.pfe: Compiled by: 10.
[    6.402927] pfeng 46000000.pfe: Cbus addr 0x4600
[    6.402938] pfeng 46000000.pfe: nxp,fw-class-nam
[    6.402945] pfeng 46000000.pfe: nxp,fw-util-name
[    6.403010] pfeng 46000000.pfe: irq 'hif0' : 73
[    6.403026] pfeng 46000000.pfe: irq 'hif1' : 74
[    6.403040] pfeng 46000000.pfe: irq 'hif2' : 75
[    6.403047] pfeng 46000000.pfe: HIF channels mas
[    6.403061] pfeng 46000000.pfe: netif name: pfe0
[    6.403070] pfeng 46000000.pfe: DT mac addr: 00:
[    6.403079] pfeng 46000000.pfe: netif(pfe0) mode
[    6.403087] pfeng 46000000.pfe: netif(pfe0) EMAC
[    6.403095] pfeng 46000000.pfe: netif(pfe0) HIFs
[    6.403110] pfeng 46000000.pfe: EMAC0 interface
[    6.403287] pfeng 46000000.pfe: netif name: pfe1
[    6.403294] pfeng 46000000.pfe: DT mac addr: 00:
[    6.403301] pfeng 46000000.pfe: netif(pfe1) mode
32m [    6.403308] pfeng 46000000.pfe: netif(pfe1)
 O[    6.403315] pfeng 46000000.pfe: netif(pfe1) HI
K[    6.403326] pfeng 46000000.pfe: EMAC1 interface
 [    6.403422] pfeng 46000000.pfe: netif name: pfe
 [    6.403430] pfeng 46000000.pfe: DT mac addr: 00
 pfeng 46000000.pfe: netif(pfe2) mode: std
[[    6.403444] pfeng 46000000.pfe: netif(pfe2) EMA
0[    6.403451] pfeng 46000000.pfe: netif(pfe2) HIF
m] Started     6.403462] pfeng 46000000.pfe: EMAC2
9[    6.403523] pfeng 46000000.pfe: PFE port cohere
mNetwork Time Sy[    6.403735] pfeng 46000000.pfe:
nchronization.[    6.403758] pfeng 46000000.pfe: In                                                                                                                                                                                          EMAC1: 0x4 EMAC2: 0x9

[    6.422908] pfeng 46000000.pfe: PFE controller r
[    6.423032] pfeng 46000000.pfe: TX clock on EMAC                                                                                                                                                                                          ed
[    6.423084] pfeng 46000000.pfe: RX clock on EMAC                                                                                                                                                                                          ed
[    6.423144] pfeng 46000000.pfe: TX clock on EMAC                                                                                                                                                                                          ed
[    6.423191] pfeng 46000000.pfe: RX clock on EMAC                                                                                                                                                                                          ed
[    6.423312] pfeng 46000000.pfe: TX clock on EMAC                                                                                                                                                                                          alled
[    6.423337] pfeng 46000000.pfe: RX clock on EMAC                                                                                                                                                                                          alled
[    6.423539] pfeng 46000000.pfe: assigned reserve                                                                                                                                                                                          0
[    6.423594] pfeng 46000000.pfe: assigned reserve                                                                                                                                                                                          0
[    6.423667] pfeng 46000000.pfe: assigned reserve                                                                                                                                                                                          0
[    6.423711] pfeng 46000000.pfe: assigned reserve                                                                                                                                                                                          0
[    6.462039] pfeng 46000000.pfe: Firmware: CLASS                                                                                                                                                                                           s]
[    6.462065] pfeng 46000000.pfe: Firmware: UTIL s
[    6.462101] pfeng 46000000.pfe: PFE CBUS p0x4600                                                                                                                                                                                          0000 (0x1000000 bytes)
[    6.462111] pfeng 46000000.pfe: HW version 0x503
[[    6.462120] pfeng 46000000.pfe: Silicon S32G2
 pfeng 46000000.pfe: PFE_ERRORS:Parity instance cre
[[    6.463236] pfeng 46000000.pfe: PFE_ERRORS:Watc
0[    6.463246] pfeng 46000000.pfe: BMU1 buffer bas
;[    6.463349] pfeng 46000000.pfe: BMU2 buffer bas                                                                                                                                                                                          )
3[    6.464708] pfeng 46000000.pfe: register IRQ 77
2[    6.476167] pfeng 46000000.pfe: Firmware .elf d
m[    6.476168] pfeng 46000000.pfe: BMU_EMPTY_INT (                                                                                                                                                                                          ool ready.
 [    6.476189] pfeng 46000000.pfe: BMU_EMPTY_INT (                                                                                                                                                                                          ool ready.
 [    6.476192] pfeng 46000000.pfe: Uploading CLASS
O[    6.476201] pfeng 46000000.pfe: Selected FW loa                                                                                                                                                                                          allel
K[    6.481249] random: systemd: uninitialized uran
 [    6.481331] random: systemd: uninitialized uran
 [    6.481370] random: systemd: uninitialized uran
 pfeng 46000000.pfe: pfe_ct.h file version"92367c0e
[[    6.515843] pfeng 46000000.pfe: [FW VERSION] 1.                                                                                                                                                                                          8:33 (), ID: 0x31454650
0[    6.516294] pfeng 46000000.pfe: Uploading UTIL
m[    6.516302] pfeng 46000000.pfe: Selected FW loa                                                                                                                                                                                          allel
][    6.518734] pfeng 46000000.pfe: pfe_ct.h file v                                                                                                                                                                                          08168ad2c8"
 [    6.526617] pfeng 46000000.pfe: VLAN ID incorre                                                                                                                                                                                          VLAN ID = 0x01.
R[    6.526635] pfeng 46000000.pfe: VLAN stats size                                                                                                                                                                                          default VLAN stats size = 20.
e[    6.526731] pfeng 46000000.pfe: Fall-back bridg
a[    6.526739] pfeng 46000000.pfe: Default bridge
c[    6.527237] pfeng 46000000.pfe: Routing table c                                                                                                                                                                                          000, Pool @ p0x34088000 (65536 bytes)
h[    6.527527] pfeng 46000000.pfe: Feature err0512
e[    6.529112] pfeng 46000000.pfe: MDIO bus 0 disa
d[    6.529124] pfeng 46000000.pfe: MDIO bus 1 disa
 [    6.533327] pfeng 46000000.pfe: MDIO bus 2 enab
t[    6.533744] pfeng 46000000.pfe: HIF0 enabled
a[    6.534036] pfeng 46000000.pfe: HIF1 enabled
r[    6.534309] pfeng 46000000.pfe: HIF2 enabled
g[    6.534316] pfeng 46000000.pfe: HIF3 not config
e[    6.535277] pfeng 46000000.pfe pfe0: registered
t[    6.535292] pfeng 46000000.pfe pfe0: Subscribe
 [    6.535729] pfeng 46000000.pfe pfe0: Enable HIF
 pfeng 46000000.pfe pfe0: setting MAC addr: 00:01:b
[[    6.535981] pfeng 46000000.pfe pfe0: PTP HW add                                                                                                                                                                                          gured to 46566128 ppb
0[    6.535994] pfeng 46000000.pfe: IEEE1588: Input                                                                                                                                                                                          100000000Hz, Accuracy: 10.0ns
;[    6.536640] pfeng 46000000.pfe pfe0: Registered                                                                                                                                                                                           EMAC0
1[    6.537502] pfeng 46000000.pfe pfe1: registered
;[    6.537514] pfeng 46000000.pfe pfe1: Subscribe
3[    6.537947] pfeng 46000000.pfe pfe1: Enable HIF
9[    6.538113] pfeng 46000000.pfe pfe1: setting MA
m[    6.538147] pfeng 46000000.pfe pfe1: PTP HW add                                                                                                                                                                                          gured to 46566128 ppb
S[    6.538159] pfeng 46000000.pfe: IEEE1588: Input                                                                                                                                                                                          100000000Hz, Accuracy: 10.0ns
y[    6.540450] pfeng 46000000.pfe pfe1: Registered                                                                                                                                                                                           EMAC1
s[    6.541248] pfeng 46000000.pfe pfe2: registered
t[    6.541258] pfeng 46000000.pfe pfe2: Subscribe
e[    6.541696] pfeng 46000000.pfe pfe2: Enable HIF
m[    6.541863] pfeng 46000000.pfe pfe2: setting MA
 [    6.541896] pfeng 46000000.pfe pfe2: PTP HW add                                                                                                                                                                                          gured to 46566128 ppb
I[    6.541908] pfeng 46000000.pfe: IEEE1588: Input                                                                                                                                                                                          100000000Hz, Accuracy: 10.0ns
n[    6.547082] pfeng 46000000.pfe pfe2: Registered                                                                                                                                                                                           EMAC2
itialization.
[  OK  ] Started Daily Cleanup of Temporary Directo
[  OK  ] Reached target System Time Set.
[  OK  ] Reached target System Time Synchronized.
[  OK  ] Started Daily rotation of log files.
[  OK  ] Reached target Timers.
[  OK  ] Listening on D-Bus System Message Bus Sock
         Starting sshd.socket.
[  OK  ] Listening on sshd.socket.
[  OK  ] Reached target Sockets.
[  OK  ] Reached target Basic System.
[  OK  ] Started Job spooling tools.
[  OK  ] Started Periodic Command Scheduler.
[  OK  ] Started D-Bus System Message Bus.
         Starting IPv6 Packet Filtering Framework..
         Starting IPv4 Packet Filtering Framework..
[  OK  ] Started irqbalance daemon.
[  OK  ] Started Hardware RNG Entropy Gatherer Daem
[  O[    7.453027] random: crng init done
K      7.453045] random: 134 urandom warning(s) mis
m] Started strongSwan IPsec I…IKEv2 daemon using i
[  OK  ] Started System Logging Service.
         Starting User Login Management...
         Starting OpenSSH Key Generation...
[  OK  ] Finished Load/Save Random Seed.
[  OK  ] Finished IPv6 Packet Filtering Framework.
[  OK  ] Finished IPv4 Packet Filtering Framework.
[  OK  ] Reached target Network (Pre).
         Starting Network Service...
[  OK  ] Finished OpenSSH Key Generation.
[  OK  ] Started User Login Management.
[  OK  ] Started Network Service.
         Starting Network Name Resolution...
[  OK  ] Started Network Name Resolution.
[  OK  ] Reached target Network.
[  OK  ] Reached target Host and Network Name Looku
[  OK  ] Started NFS status monitor for NFSv2/3 loc
[  OK  ] Started Respond to IPv6 Node Information Q
[  OK  ] Started Network Router Discovery Daemon.
         Starting Permit User Sessions...
[  OK  ] Started Xinetd A Powerful Replacement For
[  OK  ] Finished Permit User Sessions.
[  OK  ] Started Getty on tty1.
[  OK  ] Started Serial Getty on ttyLF0.
[  OK  ] Reached target Login Prompts.
[  OK  ] Reached target Multi-User System.
         Starting Update UTMP about System Runlevel
[  OK  ] Finished Update UTMP about System Runlevel

Auto Linux BSP 35.0 s32g274ardb2 ttyLF0

s32g274ardb2 login: root
root@s32g274ardb2:~# ifconfig
eth0: flags=4099<UP,BROADCAST,MULTICAST>  mtu 1500
        ether a2:2a:2a:30:80:35  txqueuelen 1000  (
        RX packets 0  bytes 0 (0.0 B)
        RX errors 0  dropped 0  overruns 0  frame 0
        TX packets 0  bytes 0 (0.0 B)
        TX errors 0  dropped 0 overruns 0  carrier
        device interrupt 63  base 0x2000

lo: flags=73<UP,LOOPBACK,RUNNING>  mtu 65536
        inet 127.0.0.1  netmask 255.0.0.0
        inet6 ::1  prefixlen 128  scopeid 0x10<host
        loop  txqueuelen 1000  (Local Loopback)
        RX packets 82  bytes 6220 (6.0 KiB)
        RX errors 0  dropped 0  overruns 0  frame 0
        TX packets 82  bytes 6220 (6.0 KiB)
        TX errors 0  dropped 0 overruns 0  carrier

root@s32g274ardb2:~# ifconfig -a
can0: flags=128<NOARP>  mtu 16
        unspec 00-00-00-00-00-00-00-00-00-00-00-00-
        RX packets 0  bytes 0 (0.0 B)
        RX errors 0  dropped 0  overruns 0  frame 0
        TX packets 0  bytes 0 (0.0 B)
        TX errors 0  dropped 0 overruns 0  carrier

can1: flags=128<NOARP>  mtu 16
        unspec 00-00-00-00-00-00-00-00-00-00-00-00-
        RX packets 0  bytes 0 (0.0 B)
        RX errors 0  dropped 0  overruns 0  frame 0
        TX packets 0  bytes 0 (0.0 B)
        TX errors 0  dropped 0 overruns 0  carrier

eth0: flags=4099<UP,BROADCAST,MULTICAST>  mtu 1500
        ether a2:2a:2a:30:80:35  txqueuelen 1000  (
        RX packets 0  bytes 0 (0.0 B)
        RX errors 0  dropped 0  overruns 0  frame 0
        TX packets 0  bytes 0 (0.0 B)
        TX errors 0  dropped 0 overruns 0  carrier
        device interrupt 63  base 0x2000

lo: flags=73<UP,LOOPBACK,RUNNING>  mtu 65536
        inet 127.0.0.1  netmask 255.0.0.0
        inet6 ::1  prefixlen 128  scopeid 0x10<host
        loop  txqueuelen 1000  (Local Loopback)
        RX packets 82  bytes 6220 (6.0 KiB)
        RX errors 0  dropped 0  overruns 0  frame 0
        TX packets 82  bytes 6220 (6.0 KiB)
        TX errors 0  dropped 0 overruns 0  carrier

pfe0: flags=4098<BROADCAST,MULTICAST>  mtu 1500
        ether 00:01:be:be:ef:11  txqueuelen 1000  (
        RX packets 0  bytes 0 (0.0 B)
        RX errors 0  dropped 0  overruns 0  frame 0
        TX packets 0  bytes 0 (0.0 B)
        TX errors 0  dropped 0 overruns 0  carrier
        device memory 0x46000000-46ffffff

pfe1: flags=4098<BROADCAST,MULTICAST>  mtu 1500
        ether 00:01:be:be:ef:22  txqueuelen 1000  (
        RX packets 0  bytes 0 (0.0 B)
        RX errors 0  dropped 0  overruns 0  frame 0
        TX packets 0  bytes 0 (0.0 B)
        TX errors 0  dropped 0 overruns 0  carrier
        device memory 0x46000000-46ffffff

pfe2: flags=4098<BROADCAST,MULTICAST>  mtu 1500
        ether 00:01:be:be:ef:33  txqueuelen 1000  (
        RX packets 0  bytes 0 (0.0 B)
        RX errors 0  dropped 0  overruns 0  frame 0
        TX packets 0  bytes 0 (0.0 B)
        TX errors 0  dropped 0 overruns 0  carrier
        device memory 0x46000000-46ffffff

sit0: flags=128<NOARP>  mtu 1480
        unspec 00-00-00-00-00-00-FF-FF-00-00-00-00-
        RX packets 0  bytes 0 (0.0 B)
        RX errors 0  dropped 0  overruns 0  frame 0
        TX packets 0  bytes 0 (0.0 B)
        TX errors 0  dropped 0 overruns 0  carrier

root@s32g274ardb2:~# ifconfig pfe0 up
root@s32g274ardb2:~# ifconfig
eth0: flags=4099<UP,BROADCAST,MULTICAST>  mtu 1500
        ether a2:2a:2a:30:80:35  txqueuelen 1000  (
        RX packets 0  bytes 0 (0.0 B)
        RX errors 0  dropped 0  overruns 0  frame 0
        TX packets 0  bytes 0 (0.0 B)
        TX errors 0  dropped 0 overruns 0  carrier
        device interrupt 63  base 0x2000

lo: flags=73<UP,LOOPBACK,RUNNING>  mtu 65536
        inet 127.0.0.1  netmask 255.0.0.0
        inet6 ::1  prefixlen 128  scopeid 0x10<host
        loop  txqueuelen 1000  (Local Loopback)
        RX packets 82  bytes 6220 (6.0 KiB)
        RX errors 0  dropped 0  overruns 0  frame 0
        TX packets 82  bytes 6220 (6.0 KiB)
        TX errors 0  dropped 0 overruns 0  carrier

pfe0: flags=4163<UP,BROADCAST,RUNNING,MULTICAST>  m
        inet6 fe80::201:beff:febe:ef11  prefixlen 6
        ether 00:01:be:be:ef:11  txqueuelen 1000  (
        RX packets 0  bytes 0 (0.0 B)
        RX errors 0  dropped 0  overruns 0  frame 0
        TX packets 9  bytes 790 (790.0 B)
        TX errors 0  dropped 0 overruns 0  carrier
        device memory 0x46000000-46ffffff

root@s32g274ardb2:~#
root@s32g274ardb2:~#
root@s32g274ardb2:~# NOTICE:  Reset status: Error
NOTICE:  BL2: v2.5(release):bsp35.0_rc8-2.5
NOTICE:  BL2: Built : 13:21:28, Nov 29 2022
NOTICE:  BL2: Booting BL31


U-Boot 2020.04+gf30287c440 (Nov 29 2022 - 16:57:39 +0000)

CPU:   NXP S32G274A rev. 2.1
Model: NXP S32G274A-RDB2
DRAM:  3.5 GiB
Ignore unsupported SCMI protocol 19
MMC:   FSL_SDHC: 0
Loading Environment from MMC... OK
Configuring PCIe0 as RootComplex
PCIe0: Failed to get link up
PCI: Failed autoconfig bar 20
PCI: Failed autoconfig bar 24
In:    serial@401c8000
Out:   serial@401c8000
Err:   serial@401c8000
Board revision: RDB3 Revision E
Net:   EQOS phy: rgmii @ 1

Warning: eth_eqos (eth0) using random MAC address - fe:f5:93:85:c4:83
eth0: eth_eqos PFE: emac0: sgmii emac1: none emac2: rgmii
, eth1: eth_pfeng
Hit any key to stop autoboot:  0
 PFE: emac0: sgmii emac1: none emac2: rgmii
 PFE: emac0: sgmii emac1: none emac2: rgmii
switch to partitions #0, OK
mmc0 is current device
13758472 bytes read in 602 ms (21.8 MiB/s)
Booting from mmc ...
44501 bytes read in 17 ms (2.5 MiB/s)
## Flattened Device Tree blob at 83000000
   Booting using the fdt blob at 0x83000000
   Using Device Tree in place at 0000000083000000, end 000000008300ddd4
   fixup: pfe0 set to 00:01:be:be:ef:11
   fixup: pfe1 set to 00:01:be:be:ef:22
   fixup: pfe2 set to 00:01:be:be:ef:33

Starting kernel ...

[    0.000000] Booting Linux on physical CPU 0x0000000000 [0x410fd034]
[    0.000000] Linux version 5.10.145-rt74+g1594b25154a2 (oe-user@oe-host) (aarch64-fsl-linux-gcc (GC
[    0.000000] Machine model: NXP S32G274A-RDB2
[    0.000000] earlycon: linflex0 at MMIO 0x00000000401c8000 (options '115200n8')
[    0.000000] printk: bootconsole [linflex0] enabled
[    0.000000] Reserved memory: created DMA memory pool at 0x0000000083200000, size 3 MiB
[    0.000000] OF: reserved mem: initialized node pfebufs@83200000, compatible id shared-dma-pool
[    0.000000] Zone ranges:
[    0.000000]   DMA      [mem 0x0000000080000000-0x00000000ffffffff]
[    0.000000]   DMA32    empty
[    0.000000]   Normal   [mem 0x0000000100000000-0x00000008dfffffff]
[    0.000000] Movable zone start for each node
[    0.000000] Early memory node ranges
[    0.000000]   node   0: [mem 0x0000000080000000-0x00000000831fffff]
[    0.000000]   node   0: [mem 0x0000000083200000-0x00000000835dffff]
[    0.000000]   node   0: [mem 0x00000000835e0000-0x0000000083ffffff]
[    0.000000]   node   0: [mem 0x0000000084000000-0x00000000843fffff]
[    0.000000]   node   0: [mem 0x0000000084400000-0x0000000084ffffff]
[    0.000000]   node   0: [mem 0x0000000085000000-0x0000000085000fff]
[    0.000000]   node   0: [mem 0x0000000085001000-0x00000000bfffffff]
[    0.000000]   node   0: [mem 0x00000000c0000000-0x00000000c07fffff]
[    0.000000]   node   0: [mem 0x00000000c0800000-0x00000000cfffffff]
[    0.000000]   node   0: [mem 0x00000000d0000000-0x00000000d03fffff]
[    0.000000]   node   0: [mem 0x00000000d0400000-0x00000000ffffffff]
[    0.000000]   node   0: [mem 0x0000000880000000-0x00000008dfffffff]
[    0.000000] Initmem setup node 0 [mem 0x0000000080000000-0x00000008dfffffff]
[    0.000000] On node 0 totalpages: 917504
[    0.000000]   DMA zone: 7168 pages used for memmap
[    0.000000]   DMA zone: 0 pages reserved
[    0.000000]   DMA zone: 524288 pages, LIFO batch:63
[    0.000000]   Normal zone: 5376 pages used for memmap
[    0.000000]   Normal zone: 393216 pages, LIFO batch:63
[    0.000000] cma: Reserved 256 MiB at 0x00000000ef800000
[    0.000000] psci: probing for conduit method from DT.
[    0.000000] psci: PSCIv1.1 detected in firmware.
[    0.000000] psci: Using standard PSCI v0.2 function IDs
[    0.000000] psci: MIGRATE_INFO_TYPE not supported.
[    0.000000] psci: SMC Calling Convention v1.2
[    0.000000] percpu: Embedded 17 pages/cpu s30936 r8192 d30504 u69632
[    0.000000] pcpu-alloc: s30936 r8192 d30504 u69632 alloc=17*4096
[    0.000000] pcpu-alloc: [0] 0 [0] 1 [0] 2 [0] 3
[    0.000000] Detected VIPT I-cache on CPU0
[    0.000000] CPU features: detected: ARM erratum 845719
[    0.000000] CPU features: detected: GIC system register CPU interface
[    0.000000] CPU features: detected: ARM errata 1165522, 1319367, 1530923, or 1530924
[    0.000000] CPU features: detected: NXP erratum ERR050481 (TLBI handled incorrectly)
[    0.000000] Built 1 zonelists, mobility grouping on.  Total pages: 904960
[    0.000000] Kernel command line: console=ttyLF0,115200 root=/dev/mmcblk0p2 rootwait rw earlycon no
[    0.000000] Dentry cache hash table entries: 524288 (order: 10, 4194304 bytes, linear)
[    0.000000] Inode-cache hash table entries: 262144 (order: 9, 2097152 bytes, linear)
[    0.000000] mem auto-init: stack:off, heap alloc:off, heap free:off
[    0.000000] software IO TLB: mapped [mem 0x00000000eb800000-0x00000000ef800000] (64MB)
[    0.000000] Memory: 3234540K/3670016K available (8638K kernel code, 636K rwdata, 2816K rodata, 128
[    0.000000] rcu: Preemptible hierarchical RCU implementation.
[    0.000000] rcu:     RCU event tracing is enabled.
[    0.000000] rcu:     RCU restricting CPUs from NR_CPUS=8 to nr_cpu_ids=4.
[    0.000000]  Trampoline variant of Tasks RCU enabled.
[    0.000000]  Tracing variant of Tasks RCU enabled.
[    0.000000] rcu: RCU calculated value of scheduler-enlistment delay is 25 jiffies.
[    0.000000] rcu: Adjusting geometry for rcu_fanout_leaf=16, nr_cpu_ids=4
[    0.000000] NR_IRQS: 64, nr_irqs: 64, preallocated irqs: 0
[    0.000000] GICv3: 544 SPIs implemented
[    0.000000] GICv3: 0 Extended SPIs implemented
[    0.000000] GICv3: Distributor has no Range Selector support
[    0.000000] GICv3: MBI range [167:182]
[    0.000000] GICv3: Using MBI frame 0x0000000050800000
[    0.000000] GICv3: 16 PPIs implemented
[    0.000000] GICv3: CPU0: found redistributor 0 region 0:0x0000000050880000
[    0.000000] ITS: No ITS available, not enabling LPIs
[    0.000000] arch_timer: cp15 timer(s) running at 5.00MHz (virt).
[    0.000000] clocksource: arch_sys_counter: mask: 0xffffffffffffff max_cycles: 0x127350b88, max_idl
[    0.000001] sched_clock: 56 bits at 5MHz, resolution 200ns, wraps every 4398046511100ns
[    0.008657] Console: colour dummy device 80x25
[    0.012706] Calibrating delay loop (skipped), value calculated using timer frequency.. 10.00 BogoM
[    0.022913] pid_max: default: 32768 minimum: 301
[    0.027687] Mount-cache hash table entries: 8192 (order: 4, 65536 bytes, linear)
[    0.034912] Mountpoint-cache hash table entries: 8192 (order: 4, 65536 bytes, linear)
[    0.044541] rcu: Hierarchical SRCU implementation.
[    0.049761] smp: Bringing up secondary CPUs ...
[    0.054682] Detected VIPT I-cache on CPU1
[    0.058301] GICv3: CPU1: found redistributor 1 region 0:0x00000000508a0000
[    0.065182] CPU1: Booted secondary processor 0x0000000001 [0x410fd034]
[    0.072413] Detected VIPT I-cache on CPU2
[    0.076019] GICv3: CPU2: found redistributor 100 region 0:0x00000000508c0000
[    0.083060] CPU2: Booted secondary processor 0x0000000100 [0x410fd034]
[    0.090311] Detected VIPT I-cache on CPU3
[    0.093897] GICv3: CPU3: found redistributor 101 region 0:0x00000000508e0000
[    0.100934] CPU3: Booted secondary processor 0x0000000101 [0x410fd034]
[    0.107534] smp: Brought up 1 node, 4 CPUs
[    0.111523] SMP: Total of 4 processors activated.
[    0.116200] CPU features: detected: 32-bit EL0 Support
[    0.121336] CPU features: detected: CRC32 instructions
[    0.138697] CPU: All CPU(s) started at EL1
[    0.142388] alternatives: patching kernel code
[    0.147773] devtmpfs: initialized
[    0.158135] clocksource: jiffies: mask: 0xffffffff max_cycles: 0xffffffff, max_idle_ns: 7645041785
[    0.167469] futex hash table entries: 1024 (order: 4, 65536 bytes, linear)
[    0.185551] pinctrl core: initialized pinctrl subsystem
[    0.191334] NET: Registered protocol family 16
[    0.197165] DMA: preallocated 4096 KiB GFP_KERNEL pool for atomic allocations
[    0.205168] DMA: preallocated 4096 KiB GFP_KERNEL|GFP_DMA pool for atomic allocations
[    0.213855] DMA: preallocated 4096 KiB GFP_KERNEL|GFP_DMA32 pool for atomic allocations
[    0.221946] thermal_sys: Registered thermal governor 'step_wise'
[    0.222436] hw-breakpoint: found 6 breakpoint and 4 watchpoint registers.
[    0.234898] ASID allocator initialised with 65536 entries
[    0.240281] Serial: AMBA PL011 UART driver
[    0.245153] arm-scmi firmware:scmi: SCMI Notifications - Core Enabled.
[    0.251308] arm-scmi firmware:scmi: SCMI Protocol v2.0 'NXP:S32G274A' Firmware version 0x0
[    0.286555] HugeTLB registered 1.00 GiB page size, pre-allocated 0 pages
[    0.292856] HugeTLB registered 32.0 MiB page size, pre-allocated 0 pages
[    0.299534] HugeTLB registered 2.00 MiB page size, pre-allocated 0 pages
[    0.306225] HugeTLB registered 64.0 KiB page size, pre-allocated 0 pages
[    0.322878] vgaarb: loaded
[    0.325362] SCSI subsystem initialized
[    0.329102] usbcore: registered new interface driver usbfs
[    0.334391] usbcore: registered new interface driver hub
[    0.339691] usbcore: registered new device driver usb
[    0.345325] pps_core: LinuxPPS API ver. 1 registered
[    0.349858] pps_core: Software ver. 5.3.6 - Copyright 2005-2007 Rodolfo Giometti <giometti@linux.i
[    0.358978] PTP clock support registered
[    0.363930] clocksource: Switched to clocksource arch_sys_counter
[    0.375716] NET: Registered protocol family 2
[    0.379959] IP idents hash table entries: 65536 (order: 7, 524288 bytes, linear)
[    0.389153] tcp_listen_portaddr_hash hash table entries: 2048 (order: 3, 32768 bytes, linear)
[    0.397319] TCP established hash table entries: 32768 (order: 6, 262144 bytes, linear)
[    0.405393] TCP bind hash table entries: 32768 (order: 7, 524288 bytes, linear)
[    0.413216] TCP: Hash tables configured (established 32768 bind 32768)
[    0.419508] UDP hash table entries: 2048 (order: 4, 65536 bytes, linear)
[    0.426093] UDP-Lite hash table entries: 2048 (order: 4, 65536 bytes, linear)
[    0.433419] NET: Registered protocol family 1
[    0.438027] RPC: Registered named UNIX socket transport module.
[    0.443520] RPC: Registered udp transport module.
[    0.448212] RPC: Registered tcp transport module.
[    0.452889] RPC: Registered tcp NFSv4.1 backchannel transport module.
[    0.459323] PCI: CLS 0 bytes, default 64
[    0.464045] hw perfevents: enabled with armv8_pmuv3 PMU driver, 7 counters available
[    0.472877] workingset: timestamp_bits=62 max_order=20 bucket_order=0
[    0.479833] fuse: init (API version 7.32)
[    0.483595] NET: Registered protocol family 38
[    0.487883] Block layer SCSI generic (bsg) driver version 0.4 loaded (major 248)
[    0.495221] io scheduler mq-deadline registered
[    0.499732] io scheduler kyber registered
[    0.505737] s32g-siul2-pinctrl 4009c240.siul2-pinctrl: initialized s32 pinctrl driver
[    0.514503] gpio-345 (sja1110-rst-phy-t1): hogged as output/low
[    0.520024] gpio-402 (sja1110-rst-core): hogged as output/low
[    0.528790] serial: Freescale linflex driver
[    0.542458] printk: console [ttyLF0] enabled0x401c8000 (irq = 34, base_baud = 7812500) is a FSL_LI
[    0.542458] printk: console [ttyLF0] enabled
[    0.551145] printk: bootconsole [linflex0] disabled
[    0.551145] printk: bootconsole [linflex0] disabled
[    0.561576] 401cc000.serial: ttyLF1 at MMIO 0x401cc000 (irq = 35, base_baud = 7812500) is a FSL_LI
[    0.571592] 402bc000.serial: ttyLF2 at MMIO 0x402bc000 (irq = 56, base_baud = 7812500) is a FSL_LI
[    0.582901] fsl_fccu 4030c000.fccu: FCCU status is 0 (normal)
[    0.594037] spi-nor spi6.0: mx25uw51245g (65536 Kbytes)
[    0.600141] 7 fixed-partitions partitions found on MTD device 0.spi
[    0.606567] Creating 7 MTD partitions on "0.spi":
[    0.611374] 0x000000000000-0x000004000000 : "Flash-Image"
[    0.617279] 0x000000000000-0x0000001e0000 : "FIP"
[    0.622357] 0x0000001e0000-0x0000001f0000 : "U-Boot-Env"
[    0.628048] 0x0000001f0000-0x000000ff0000 : "Kernel"
[    0.633369] 0x000000ff0000-0x0000010f0000 : "DTB"
[    0.638416] 0x0000010f0000-0x000003000000 : "Rootfs"
[    0.643737] 0x000003000000-0x000004000000 : "PFE-Firmware"
[    0.651354] vcan: Virtual CAN interface driver
[    0.655891] slcan: serial line CAN interface driver
[    0.660861] slcan: 10 dynamic interface channels.
[    0.665656] CAN device driver interface
[    0.670749] flexcan 401b4000.flexcan: device registered (reg_base=(____ptrval____), irq(s):
[    0.679269] flexcan 401b4000.flexcan:  26
[    0.683354] flexcan 401b4000.flexcan:  27
[    0.687440] flexcan 401b4000.flexcan:  28
[    0.691524] flexcan 401b4000.flexcan:  29
[    0.695608] flexcan 401b4000.flexcan: )
[    0.700488] flexcan 401be000.flexcan: device registered (reg_base=(____ptrval____), irq(s):
[    0.709006] flexcan 401be000.flexcan:  30
[    0.713091] flexcan 401be000.flexcan:  31
[    0.717176] flexcan 401be000.flexcan:  32
[    0.721260] flexcan 401be000.flexcan:  33
[    0.725346] flexcan 401be000.flexcan: )
[    0.729748] e100: Intel(R) PRO/100 Network Driver
[    0.734557] e100: Copyright(c) 1999-2006 Intel Corporation
[    0.740193] e1000: Intel(R) PRO/1000 Network Driver
[    0.745169] e1000: Copyright (c) 1999-2006 Intel Corporation.
[    0.751059] e1000e: Intel(R) PRO/1000 Network Driver
[    0.756115] e1000e: Copyright(c) 1999 - 2015 Intel Corporation.
[    0.762179] igb: Intel(R) Gigabit Ethernet Network Driver
[    0.767677] igb: Copyright (c) 2007-2014 Intel Corporation.
[    0.774017] s32cc-dwmac 4033c000.ethernet: IRQ eth_wake_irq not found
[    0.780582] s32cc-dwmac 4033c000.ethernet: IRQ eth_lpi not found
[    0.786913] s32cc-dwmac 4033c000.ethernet: no reset control found
[    0.793278] s32cc-dwmac 4033c000.ethernet: phy mode set to RGMII
[    0.799699] s32cc-dwmac 4033c000.ethernet: User ID: 0x10, Synopsys ID: 0x51
[    0.806802] s32cc-dwmac 4033c000.ethernet:   DWMAC4/5
[    0.811866] s32cc-dwmac 4033c000.ethernet: DMA HW capability register supported
[    0.819314] s32cc-dwmac 4033c000.ethernet: RX Checksum Offload Engine supported
[    0.826762] s32cc-dwmac 4033c000.ethernet: TX Checksum insertion supported
[    0.833766] s32cc-dwmac 4033c000.ethernet: Wake-Up On Lan supported
[    0.840213] s32cc-dwmac 4033c000.ethernet: Enabled workarounds for s32g274a platform
[    0.848101] s32cc-dwmac 4033c000.ethernet: Enable RX Mitigation via HW Watchdog Timer
[    0.856088] s32cc-dwmac 4033c000.ethernet: device MAC address 86:6a:51:d2:47:c0
[    0.863561] s32cc-dwmac 4033c000.ethernet: Enabled Flow TC (entries=8)
[    0.870223] s32cc-dwmac 4033c000.ethernet: Enabling HW TC (entries=256, max_off=256)
[    0.878115] s32cc-dwmac 4033c000.ethernet: Using 32 bits DMA width
[    0.897503] hse-uio 40210000.mu0b: firmware not found
[    0.903021] ehci_hcd: USB 2.0 'Enhanced' Host Controller (EHCI) Driver
[    0.909744] ehci-pci: EHCI PCI platform driver
[    0.914587] usbcore: registered new interface driver uas
[    0.920051] usbcore: registered new interface driver usb-storage
[    0.928552] s32gen1-rtc 40060000.rtc: registered as rtc0
[    0.934010] s32gen1-rtc 40060000.rtc: setting system clock to 1970-01-01T00:00:00 UTC (0)
[    0.942600] i2c /dev entries driver
[    0.946711] sac58r-wdt 4010c000.watchdog: SAC58R/S32GEN1 Watchdog Timer Registered. timeout=30s (n
[    0.956997] sac58r-wdt 40200000.watchdog: SAC58R/S32GEN1 Watchdog Timer Registered. timeout=30s (n
[    0.967242] sac58r-wdt 40204000.watchdog: SAC58R/S32GEN1 Watchdog Timer Registered. timeout=30s (n
[    0.977481] sac58r-wdt 40208000.watchdog: SAC58R/S32GEN1 Watchdog Timer Registered. timeout=30s (n
[    0.987857] sdhci: Secure Digital Host Controller Interface driver
[    0.994153] sdhci: Copyright(c) Pierre Ossman
[    0.998589] sdhci-pltfm: SDHCI platform and OF driver helper
[    1.004682] SMCCC: SOC_ID: ARCH_SOC_ID not implemented, skipping ....
[    1.004935] mmc0: CQHCI version 5.10
[    1.011845] hse 40211000.mu1b: MU interface not active
[    1.020476] usbcore: registered new interface driver usbhid
[    1.026159] usbhid: USB HID core driver
[    1.042408] s32-adc 401f8000.adc: Device initialized successfully.
[    1.043933] mmc0: SDHCI controller on 402f0000.mmc [402f0000.mmc] using ADMA
[    1.060343] s32-adc 402e8000.adc: Device initialized successfully.
[    1.067079] nxp_s32_ddr_perf 403e0000.ddr-perf: probing device
[    1.073451] nxp_s32_ddr_perf 403e0000.ddr-perf: device initialized successfully
[    1.081056] s32-siul2-nvmem 4009c000.nvram: initialize s32 siul2 nvmem driver
[    1.088497] s32-siul2-nvmem 44010000.nvram: initialize s32 siul2 nvmem driver
[    1.089331] mmc0: new high speed SDHC card at address 0001
[    1.096514] NET: Registered protocol family 10
[    1.102072] mmcblk0: mmc0:0001 SD32G 28.8 GiB
[    1.106929] Segment Routing with IPv6
[    1.114243]  mmcblk0: p1 p2
[    1.114249] sit: IPv6, IPv4 and MPLS over IPv4 tunneling driver
[    1.123688] NET: Registered protocol family 17
[    1.128456] can: controller area network core
[    1.132964] NET: Registered protocol family 29
[    1.137489] can: raw protocol
[    1.140515] can: broadcast manager protocol
[    1.144780] can: netlink gateway - max_hops=1
[    1.149261] 8021q: 802.1Q VLAN Support v1.8
[    1.153768] printk: console [ttyLF0]: printing thread started
[    1.161134] i2c i2c-0: using pinctrl states for GPIO recovery
[    1.161246] i2c i2c-0: using generic GPIOs for recovery
[    1.161515] pca953x 0-0022: using AI
[    1.168400] rtc-pcf85063 0-0051: registered as rtc1
[    1.168444] i2c i2c-0: IMX I2C adapter registered
[    1.168504] i2c i2c-0: using dma0chan4 (tx) and dma0chan5 (rx) for DMA transfers
[    1.169390] i2c i2c-2: using pinctrl states for GPIO recovery
[    1.169459] i2c i2c-2: using generic GPIOs for recovery
[    1.169540] i2c i2c-2: IMX I2C adapter registered
[    1.169593] i2c i2c-2: using dma1chan18 (tx) and dma1chan19 (rx) for DMA transfers
[    1.170296] i2c i2c-4: using pinctrl states for GPIO recovery
[    1.170346] i2c i2c-4: using generic GPIOs for recovery
[    1.170420] i2c i2c-4: IMX I2C adapter registered
[    1.170466] i2c i2c-4: using dma1chan20 (tx) and dma1chan21 (rx) for DMA transfers
[    1.171160] phy-s32gen1-serdes 40480000.serdes: Using mode 0 for SerDes subsystem
[    1.171576] phy-s32gen1-serdes 44180000.serdes: Using mode 3 for SerDes subsystem
[    1.300492] phy-s32gen1-serdes 44180000.serdes: Unstable RX detected on XPCS1
[    1.300514] phy-s32gen1-serdes 44180000.serdes: Unstable RX detected on XPCS0
[    1.300787] s32gen1-pcie 40400000.pcie: Configured as RootComplex
[    2.301850] s32gen1-pcie 40400000.pcie: Failed to stabilize PHY link
[    2.301865] s32gen1-pcie 40400000.pcie: Configuring as RootComplex
[    2.301882] s32gen1-pcie 40400000.pcie: host bridge /soc/pcie@40400000 ranges:
[    2.301933] s32gen1-pcie 40400000.pcie:       IO 0x5ffffe0000..0x5ffffeffff -> 0x0000000000
[    2.301955] s32gen1-pcie 40400000.pcie:      MEM 0x5800000000..0x5ffffdffff -> 0x0000000000
[    3.299921] s32gen1-pcie 40400000.pcie: Phy link never came up
[    3.300067] s32gen1-pcie 40400000.pcie: PCI host bridge to bus 0000:00
[    3.300077] pci_bus 0000:00: root bus resource [bus 00-ff]
[    3.300086] pci_bus 0000:00: root bus resource [io  0x0000-0xffff]
[    3.300096] pci_bus 0000:00: root bus resource [mem 0x5800000000-0x5ffffdffff] (bus address [0x000
[    3.300144] pci 0000:00:00.0: [1957:4002] type 01 class 0x060400
[    3.300169] pci 0000:00:00.0: reg 0x10: [mem 0x5800000000-0x58000fffff]
[    3.300190] pci 0000:00:00.0: reg 0x38: [mem 0x5800000000-0x580000ffff pref]
[    3.300297] pci 0000:00:00.0: supports D1
[    3.300304] pci 0000:00:00.0: PME# supported from D0 D1 D3hot D3cold
[    3.305688] pci 0000:00:00.0: BAR 6: assigned [mem 0x5800100000-0x580010ffff pref]
[    3.305701] pci 0000:00:00.0: PCI bridge to [bus 01-ff]
[    3.306060] pcieport 0000:00:00.0: PME: Signaling with IRQ 82
[    3.307175] imx_usb 44064000.usb: No over current polarity defined
[    3.307942] ci_hdrc ci_hdrc.0: EHCI Host Controller
[    3.308132] ci_hdrc ci_hdrc.0: new USB bus registered, assigned bus number 1
[    3.323940] ci_hdrc ci_hdrc.0: USB 2.0 started, EHCI 1.00
[    3.324144] usb usb1: New USB device found, idVendor=1d6b, idProduct=0002, bcdDevice= 5.10
[    3.324155] usb usb1: New USB device strings: Mfr=3, Product=2, SerialNumber=1
[    3.324162] usb usb1: Product: EHCI Host Controller
[    3.324167] usb usb1: Manufacturer: Linux 5.10.145-rt74+g1594b25154a2 ehci_hcd
[    3.324174] usb usb1: SerialNumber: ci_hdrc.0
[    3.324583] hub 1-0:1.0: USB hub found
[    3.324617] hub 1-0:1.0: 1 port detected
[    3.469117] EXT4-fs (mmcblk0p2): recovery complete
[    3.470128] EXT4-fs (mmcblk0p2): mounted filesystem with ordered data mode. Opts: (null)
[    3.470204] VFS: Mounted root (ext4 filesystem) on device 179:2.
[    3.471199] devtmpfs: mounted
[    3.471812] Freeing unused kernel memory: 1280K
[    3.472159] Run /sbin/init as init process
[    3.837627] systemd[1]: System time before build time, advancing clock.
[    3.898608] systemd[1]: systemd 246 running in system mode. (+PAM -AUDIT -SELINUX +IMA -APPARMOR -                                                                                                                                        rchy=hybrid)
[    3.899121] systemd[1]: Detected architecture arm64.

Welcome to Auto Linux BSP 35.0 (gatesgarth)!

[    3.953144] systemd[1]: Set hostname to <s32g274ardb2>.
[    4.030099] systemd-sysv-generator[117]: SysV service '/etc/init.d/netperf' lacks a native systemd                                                                                                                                        r to make it more safe and robust.
[    4.430149] systemd[1]: Queued start job for default target Multi-User System.
[    4.431496] random: systemd: uninitialized urandom read (16 bytes read)
[    4.432949] systemd[1]: Created slice system-getty.slice.
[  OK  ] Created slice system-getty.slice.
[  OK  ] Created slice     4.468110] random: systemd: uninitialized urandom read (16 bytes read)
3[    4.468731] systemd[1]: Created slice system-modprobe.slice.
9msystem-modprobe.slice.
[  OK  ] Created slice     4.500049] random: systemd: uninitialized urandom read (16 bytes read)
9[    4.500629] systemd[1]: Created slice system-serial\x2dgetty.slice.
msystem-serial\x2dgetty.slice.
[  OK  ] Created slice [    4.536474] systemd[1]: Created slice User and Session Slice.
User and Session Slice.
[  OK  ] Started Dispatc[    4.560333] systemd[1]: Started Dispatch Password Requests to Console Dire
h Password …ts to Console Directory Watch.
[  OK  ] Started Forward P[    4.592211] systemd[1]: Started Forward Password Requests to Wall Direct
assword R…uests to Wall Directory Watch.
[  OK  ] Reached target P[    4.616295] systemd[1]: Reached target Paths.
aths.
[  OK  ] Reached target Remo[    4.640084] systemd[1]: Reached target Remote File Systems.
te File Systems.
[  OK  ] Reached target Slic[    4.664065] systemd[1]: Reached target Slices.
es.
[  OK  ] Reached target Swap[    4.684089] systemd[1]: Reached target Swap.
.
